Microchip MPLAB XC8 Compiler V1.45 ()

Linker command line:

-W-3 --edf=C:\Program Files (x86)\Microchip\xc8\v1.45\dat\en_msgs.txt -cs \
  -h+dist/default/debug\flappy-box-v3.X.debug.sym \
  --cmf=dist/default/debug\flappy-box-v3.X.debug.cmf -z -Q16F1619 \
  -oC:\Users\Zach\AppData\Local\Temp\shhg.2 \
  -Mdist/default/debug/flappy-box-v3.X.debug.map -E1 -ver=XC8 \
  -ASTACK=0209Dh-023efh -pstack=STACK -ACODE=00h-07FFhx4 \
  -ASTRCODE=00h-01FFFh -ASTRING=00h-0FFhx32 -ACONST=00h-0FFhx32 \
  -AENTRY=00h-0FFhx32 -ACOMMON=070h-07Fh -ABANK0=020h-06Fh \
  -ABANK1=0A0h-0EFh -ABANK2=0120h-016Fh -ABANK3=01A0h-01EFh \
  -ABANK4=0220h-026Fh -ABANK5=02A0h-02EFh -ABANK6=0320h-036Fh \
  -ABANK7=03A0h-03EFh -ABANK8=0420h-046Fh -ABANK9=04A0h-04EFh \
  -ABANK10=0520h-056Fh -ABANK11=05A0h-05EFh -ABANK12=0620h-064Fh \
  -ABIGRAM=02000h-023EFh \
  -ARAM=020h-06Fh,0A0h-0EFh,0120h-016Fh,01A0h-01EFh,0220h-026Fh,02A0h-02EFh,0320h-036Fh,03A0h-03EFh,0420h-046Fh,04A0h-04EFh,0520h-056Fh,05A0h-05EFh,0620h-064Fh \
  -AABS1=020h-07Fh,0A0h-0EFh,0120h-016Fh,01A0h-01EFh,0220h-026Fh,02A0h-02EFh,0320h-036Fh,03A0h-03EFh,0420h-046Fh,04A0h-04EFh,0520h-056Fh,05A0h-05EFh,0620h-064Fh \
  -ASFR0=00h-01Fh -ASFR1=080h-09Fh -ASFR2=0100h-011Fh -ASFR3=0180h-019Fh \
  -ASFR4=0200h-021Fh -ASFR5=0280h-029Fh -ASFR6=0300h-031Fh \
  -ASFR7=0380h-039Fh -ASFR8=0400h-041Fh -ASFR9=0480h-049Fh \
  -ASFR10=0500h-051Fh -ASFR11=0580h-059Fh -ASFR12=0600h-061Fh \
  -ASFR13=0680h-06EFh -ASFR14=0700h-076Fh -ASFR15=0780h-07EFh \
  -ASFR16=0800h-086Fh -ASFR17=0880h-08EFh -ASFR18=0900h-096Fh \
  -ASFR19=0980h-09EFh -ASFR20=0A00h-0A6Fh -ASFR21=0A80h-0AEFh \
  -ASFR22=0B00h-0B6Fh -ASFR23=0B80h-0BEFh -ASFR24=0C00h-0C6Fh \
  -ASFR25=0C80h-0CEFh -ASFR26=0D00h-0D6Fh -ASFR27=0D80h-0DEFh \
  -ASFR28=0E00h-0E6Fh -ASFR29=0E80h-0EEFh -ASFR30=0F00h-0F6Fh \
  -ASFR31=0F80h-0FEFh -preset_vec=00h,intentry=04h,init,end_init \
  -ppowerup=CODE -pcinit=CODE -pfunctab=ENTRY -ACONFIG=08007h-08009h \
  -pconfig=CONFIG -DCONFIG=2 -AIDLOC=08000h-08003h -pidloc=IDLOC -DIDLOC=2 \
  -DCODE=2 -DSTRCODE=2 -DSTRING=2 -DCONST=2 -DENTRY=2 -k \
  C:\Users\Zach\AppData\Local\Temp\shhg.obj \
  dist/default/debug\flappy-box-v3.X.debug.obj 

Object code version is 3.11

Machine type is 16F1619



                Name                               Link     Load   Length Selector   Space Scale
C:\Users\Zach\AppData\Local\Temp\shhg.obj
                end_init                             27       27        2        8       0
                reset_vec                             0        0        3        0       0
                config                             8007     8007        3    1000E       0
dist/default/debug\flappy-box-v3.X.debug.obj
                cinit                                29       29       23        8       0
                intentry                              4        4       23        8       0
                text107                             F08      F08        3     1E10       0
                text106                             F0B      F0B        3     1E16       0
                text105                             F38      F38        4     1E70       0
                text104                             F0E      F0E        3     1E1C       0
                text103                             F11      F11        3     1E22       0
                text102                             74A      74A        E        8       0
                text101                             561      561       24        8       0
                text100                             797      797        C        8       0
                text99                              72C      72C       10        8       0
                text98                              71C      71C       10        8       0
                text97                              70C      70C       10        8       0
                text96                              6FC      6FC       10        8       0
                text95                              665      665       17        8       0
                text94                              F02      F02        2     1E04       0
                text93                              F04      F04        2     1E08       0
                text92                              F06      F06        2     1E0C       0
                text91                              F14      F14        3     1E28       0
                text90                              F00      F00        1     1E00       0
                text89                              F3C      F3C        4     1E78       0
                text88                              F17      F17        3     1E2E       0
                text87                              F6C      F6C        5     1ED8       0
                text86                              78B      78B        C        8       0
                text85                              F1A      F1A        3     1E34       0
                text84                              49F      49F       29        8       0
                text83                              FB2      FB2        7     1F64       0
                text82                              F71      F71        5     1EE2       0
                text81                              F40      F40        4     1E80       0
                text80                              F44      F44        4     1E88       0
                text79                              F48      F48        4     1E90       0
                text78                              F4C      F4C        4     1E98       0
                text77                              FC0      FC0        8     1F80       0
                text76                              FB9      FB9        7     1F72       0
                text75                              F76      F76        6     1EEC       0
                text74                              F50      F50        4     1EA0       0
                text73                              F54      F54        4     1EA8       0
                text72                              F58      F58        4     1EB0       0
                text71                              5A8      5A8       23        8       0
                text70                              329      329       4A        8       0
                text69                              3FD      3FD       3E        8       0
                text68                              F1D      F1D        3     1E3A       0
                text67                              629      629       1F        8       0
                text65                              7ED      7ED        A        8       0
                text64                              4EF      4EF       27        8       0
                text63                              F7C      F7C        6     1EF8       0
                text62                              6EA      6EA       12        8       0
                text61                               4C       4C       B6        8       0
                text60                              43B      43B       37        8       0
                text59                              60A      60A       1F        8       0
                text58                              F20      F20        3     1E40       0
                text57                              F23      F23        3     1E46       0
                text56                              6D4      6D4       16        8       0
                text55                              F26      F26        3     1E4C       0
                text54                              F5C      F5C        4     1EB8       0
                text53                              F29      F29        3     1E52       0
                text52                              F2C      F2C        3     1E58       0
                text51                              73C      73C        E        8       0
                text50                              53C      53C       25        8       0
                text49                              772      772        D        8       0
                text48                              6BE      6BE       16        8       0
                text47                              F82      F82        6     1F04       0
                text46                              6A8      6A8       16        8       0
                text45                              692      692       16        8       0
                text44                              67C      67C       16        8       0
                text43                              648      648       1D        8       0
                text42                              F88      F88        6     1F10       0
                text41                              F8E      F8E        6     1F1C       0
                text40                              F2F      F2F        3     1E5E       0
                text39                              F01      F01        1     1E02       0
                text38                              F60      F60        4     1EC0       0
                text37                              F32      F32        3     1E64       0
                text36                              F94      F94        6     1F28       0
                text35                              765      765        D        8       0
                text34                              F35      F35        3     1E6A       0
                text33                              472      472       2D        8       0
                text32                              7C4      7C4        B        8       0
                text31                              7F7      7F7        9        8       0
                text30                              FC8      FC8        8     1F90       0
                text29                              FD0      FD0        8     1FA0       0
                text28                              FD8      FD8        8     1FB0       0
                text27                              FE0      FE0        8     1FC0       0
                text26                              77F      77F        C        8       0
                text25                              7B9      7B9        B        8       0
                text24                              7E3      7E3        A        8       0
                text23                              FE8      FE8        8     1FD0       0
                text22                              FF0      FF0        8     1FE0       0
                text21                              FF8      FF8        8     1FF0       0
                text20                              4C8      4C8       27        8       0
                text19                              28F      28F       4E        8       0
                text18                              3BB      3BB       42        8       0
                text17                              585      585       23        8       0
                text16                              7AE      7AE        B        8       0
                text15                              7A3      7A3        B        8       0
                text14                              7D9      7D9        A        8       0
                text13                              5EB      5EB       1F        8       0
                text12                              F64      F64        4     1EC8       0
                text11                              7CF      7CF        A        8       0
                text10                              F9A      F9A        6     1F34       0
                text9                               FA0      FA0        6     1F40       0
                text8                               373      373       48        8       0
                text7                               758      758        D        8       0
                text6                               516      516       26        8       0
                text5                               185      185       5E        8       0
                text4                               F68      F68        4     1ED0       0
                text3                               102      102       83        8       0
                text2                               23D      23D       52        8       0
                text1                               1E3      1E3       5A        8       0
                maintext                            2DD      2DD       4C        8       0
                cstackBANK0                          4A       4A       1D       20       1
                cstackCOMMON                         70       70        E       70       1
                clrtext                             FA6      FA6        6     1F4C       0
                inittext                            FAC      FAC        6     1F58       0
                dataBANK1                            CD       CD       20       A0       1
                bssBANK1                             A0       A0       2D       A0       1
                dataBANK0                            67       67        1       20       1
                bssBANK0                             20       20       2A       20       1
                idataBANK1                          5CB      5CB       20        8       0
                idataBANK0                            3        3        1        0       0

TOTAL           Name                               Link     Load   Length     Space
        CLASS   STACK          

        CLASS   CODE           
                end_init                             27       27        2         0
                cinit                                29       29       23         0
                intentry                              4        4       23         0
                reset_vec                             0        0        3         0
                text107                             F08      F08        3         0
                text106                             F0B      F0B        3         0
                text105                             F38      F38        4         0
                text104                             F0E      F0E        3         0
                text103                             F11      F11        3         0
                text102                             74A      74A        E         0
                text101                             561      561       24         0
                text100                             797      797        C         0
                text99                              72C      72C       10         0
                text98                              71C      71C       10         0
                text97                              70C      70C       10         0
                text96                              6FC      6FC       10         0
                text95                              665      665       17         0
                text94                              F02      F02        2         0
                text93                              F04      F04        2         0
                text92                              F06      F06        2         0
                text91                              F14      F14        3         0
                text90                              F00      F00        1         0
                text89                              F3C      F3C        4         0
                text88                              F17      F17        3         0
                text87                              F6C      F6C        5         0
                text86                              78B      78B        C         0
                text85                              F1A      F1A        3         0
                text84                              49F      49F       29         0
                text83                              FB2      FB2        7         0
                text82                              F71      F71        5         0
                text81                              F40      F40        4         0
                text80                              F44      F44        4         0
                text79                              F48      F48        4         0
                text78                              F4C      F4C        4         0
                text77                              FC0      FC0        8         0
                text76                              FB9      FB9        7         0
                text75                              F76      F76        6         0
                text74                              F50      F50        4         0
                text73                              F54      F54        4         0
                text72                              F58      F58        4         0
                text71                              5A8      5A8       23         0
                text70                              329      329       4A         0
                text69                              3FD      3FD       3E         0
                text68                              F1D      F1D        3         0
                text67                              629      629       1F         0
                text65                              7ED      7ED        A         0
                text64                              4EF      4EF       27         0
                text63                              F7C      F7C        6         0
                text62                              6EA      6EA       12         0
                text61                               4C       4C       B6         0
                text60                              43B      43B       37         0
                text59                              60A      60A       1F         0
                text58                              F20      F20        3         0
                text57                              F23      F23        3         0
                text56                              6D4      6D4       16         0
                text55                              F26      F26        3         0
                text54                              F5C      F5C        4         0
                text53                              F29      F29        3         0
                text52                              F2C      F2C        3         0
                text51                              73C      73C        E         0
                text50                              53C      53C       25         0
                text49                              772      772        D         0
                text48                              6BE      6BE       16         0
                text47                              F82      F82        6         0
                text46                              6A8      6A8       16         0
                text45                              692      692       16         0
                text44                              67C      67C       16         0
                text43                              648      648       1D         0
                text42                              F88      F88        6         0
                text41                              F8E      F8E        6         0
                text40                              F2F      F2F        3         0
                text39                              F01      F01        1         0
                text38                              F60      F60        4         0
                text37                              F32      F32        3         0
                text36                              F94      F94        6         0
                text35                              765      765        D         0
                text34                              F35      F35        3         0
                text33                              472      472       2D         0
                text32                              7C4      7C4        B         0
                text31                              7F7      7F7        9         0
                text30                              FC8      FC8        8         0
                text29                              FD0      FD0        8         0
                text28                              FD8      FD8        8         0
                text27                              FE0      FE0        8         0
                text26                              77F      77F        C         0
                text25                              7B9      7B9        B         0
                text24                              7E3      7E3        A         0
                text23                              FE8      FE8        8         0
                text22                              FF0      FF0        8         0
                text21                              FF8      FF8        8         0
                text20                              4C8      4C8       27         0
                text19                              28F      28F       4E         0
                text18                              3BB      3BB       42         0
                text17                              585      585       23         0
                text16                              7AE      7AE        B         0
                text15                              7A3      7A3        B         0
                text14                              7D9      7D9        A         0
                text13                              5EB      5EB       1F         0
                text12                              F64      F64        4         0
                text11                              7CF      7CF        A         0
                text10                              F9A      F9A        6         0
                text9                               FA0      FA0        6         0
                text8                               373      373       48         0
                text7                               758      758        D         0
                text6                               516      516       26         0
                text5                               185      185       5E         0
                text4                               F68      F68        4         0
                text3                               102      102       83         0
                text2                               23D      23D       52         0
                text1                               1E3      1E3       5A         0
                maintext                            2DD      2DD       4C         0
                clrtext                             FA6      FA6        6         0
                inittext                            FAC      FAC        6         0
                idataBANK1                          5CB      5CB       20         0
                idataBANK0                            3        3        1         0

        CLASS   STRCODE        

        CLASS   STRING         

        CLASS   CONST          

        CLASS   ENTRY          

        CLASS   COMMON         
                cstackCOMMON                         70       70        E         1

        CLASS   BANK0          
                cstackBANK0                          4A       4A       1D         1
                dataBANK0                            67       67        1         1
                bssBANK0                             20       20       2A         1

        CLASS   BANK1          
                dataBANK1                            CD       CD       20         1
                bssBANK1                             A0       A0       2D         1

        CLASS   BANK2          

        CLASS   BANK3          

        CLASS   BANK4          

        CLASS   BANK5          

        CLASS   BANK6          

        CLASS   BANK7          

        CLASS   BANK8          

        CLASS   BANK9          

        CLASS   BANK10         

        CLASS   BANK11         

        CLASS   BANK12         

        CLASS   BIGRAM         

        CLASS   RAM            

        CLASS   ABS1           
                abs_s1                               7E       7E        2         1

        CLASS   SFR0           

        CLASS   SFR1           

        CLASS   SFR2           

        CLASS   SFR3           

        CLASS   SFR4           

        CLASS   SFR5           

        CLASS   SFR6           

        CLASS   SFR7           

        CLASS   SFR8           

        CLASS   SFR9           

        CLASS   SFR10          

        CLASS   SFR11          

        CLASS   SFR12          

        CLASS   SFR13          

        CLASS   SFR14          

        CLASS   SFR15          

        CLASS   SFR16          

        CLASS   SFR17          

        CLASS   SFR18          

        CLASS   SFR19          

        CLASS   SFR20          

        CLASS   SFR21          

        CLASS   SFR22          

        CLASS   SFR23          

        CLASS   SFR24          

        CLASS   SFR25          

        CLASS   SFR26          

        CLASS   SFR27          

        CLASS   SFR28          

        CLASS   SFR29          

        CLASS   SFR30          

        CLASS   SFR31          

        CLASS   CONFIG         
                config                             8007     8007        3         0

        CLASS   IDLOC          

        CLASS   BANK31         

        CLASS   BANK30         

        CLASS   BANK29         

        CLASS   BANK28         

        CLASS   BANK27         

        CLASS   BANK26         

        CLASS   BANK25         

        CLASS   BANK24         

        CLASS   BANK23         

        CLASS   BANK22         

        CLASS   BANK21         

        CLASS   BANK20         

        CLASS   BANK19         

        CLASS   BANK18         

        CLASS   BANK17         

        CLASS   BANK16         

        CLASS   BANK15         

        CLASS   BANK14         

        CLASS   BANK13         

        CLASS   EEDATA         



SEGMENTS        Name                           Load    Length   Top    Selector   Space  Class     Delta

                reset_vec                      000000  000004  000004         0       0  CODE        2
                intentry                       000004  0007FC  000800         8       0  CODE        2
                bssBANK0                       000020  000048  000068        20       1  BANK0       1
                cstackCOMMON                   000070  00000E  00007E        70       1  COMMON      1
                bssBANK1                       0000A0  00004D  0000ED        A0       1  BANK1       1
                text90                         000F00  000001  000F01      1E00       0  CODE        2
                text39                         000F01  000001  000F02      1E02       0  CODE        2
                text94                         000F02  000002  000F04      1E04       0  CODE        2
                text93                         000F04  000002  000F06      1E08       0  CODE        2
                text92                         000F06  000002  000F08      1E0C       0  CODE        2
                text107                        000F08  000003  000F0B      1E10       0  CODE        2
                text106                        000F0B  000003  000F0E      1E16       0  CODE        2
                text104                        000F0E  000003  000F11      1E1C       0  CODE        2
                text103                        000F11  000003  000F14      1E22       0  CODE        2
                text91                         000F14  000003  000F17      1E28       0  CODE        2
                text88                         000F17  000003  000F1A      1E2E       0  CODE        2
                text85                         000F1A  000003  000F1D      1E34       0  CODE        2
                text68                         000F1D  000003  000F20      1E3A       0  CODE        2
                text58                         000F20  000003  000F23      1E40       0  CODE        2
                text57                         000F23  000003  000F26      1E46       0  CODE        2
                text55                         000F26  000003  000F29      1E4C       0  CODE        2
                text53                         000F29  000003  000F2C      1E52       0  CODE        2
                text52                         000F2C  000003  000F2F      1E58       0  CODE        2
                text40                         000F2F  000003  000F32      1E5E       0  CODE        2
                text37                         000F32  000003  000F35      1E64       0  CODE        2
                text34                         000F35  000003  000F38      1E6A       0  CODE        2
                text105                        000F38  000004  000F3C      1E70       0  CODE        2
                text89                         000F3C  000004  000F40      1E78       0  CODE        2
                text81                         000F40  000004  000F44      1E80       0  CODE        2
                text80                         000F44  000004  000F48      1E88       0  CODE        2
                text79                         000F48  000004  000F4C      1E90       0  CODE        2
                text78                         000F4C  000004  000F50      1E98       0  CODE        2
                text74                         000F50  000004  000F54      1EA0       0  CODE        2
                text73                         000F54  000004  000F58      1EA8       0  CODE        2
                text72                         000F58  000004  000F5C      1EB0       0  CODE        2
                text54                         000F5C  000004  000F60      1EB8       0  CODE        2
                text38                         000F60  000004  000F64      1EC0       0  CODE        2
                text12                         000F64  000004  000F68      1EC8       0  CODE        2
                text4                          000F68  000004  000F6C      1ED0       0  CODE        2
                text87                         000F6C  000005  000F71      1ED8       0  CODE        2
                text82                         000F71  000005  000F76      1EE2       0  CODE        2
                text75                         000F76  000006  000F7C      1EEC       0  CODE        2
                text63                         000F7C  000006  000F82      1EF8       0  CODE        2
                text47                         000F82  000006  000F88      1F04       0  CODE        2
                text42                         000F88  000006  000F8E      1F10       0  CODE        2
                text41                         000F8E  000006  000F94      1F1C       0  CODE        2
                text36                         000F94  000006  000F9A      1F28       0  CODE        2
                text10                         000F9A  000006  000FA0      1F34       0  CODE        2
                text9                          000FA0  000006  000FA6      1F40       0  CODE        2
                clrtext                        000FA6  000006  000FAC      1F4C       0  CODE        2
                inittext                       000FAC  000006  000FB2      1F58       0  CODE        2
                text83                         000FB2  000007  000FB9      1F64       0  CODE        2
                text76                         000FB9  000007  000FC0      1F72       0  CODE        2
                text77                         000FC0  000008  000FC8      1F80       0  CODE        2
                text30                         000FC8  000008  000FD0      1F90       0  CODE        2
                text29                         000FD0  000008  000FD8      1FA0       0  CODE        2
                text28                         000FD8  000008  000FE0      1FB0       0  CODE        2
                text27                         000FE0  000008  000FE8      1FC0       0  CODE        2
                text23                         000FE8  000008  000FF0      1FD0       0  CODE        2
                text22                         000FF0  000008  000FF8      1FE0       0  CODE        2
                text21                         000FF8  000008  001000      1FF0       0  CODE        2
                config                         008007  000003  00800A     1000E       0  CONFIG      2


UNUSED ADDRESS RANGES

        Name                Unused          Largest block    Delta
        BANK0            00068-0006F               8           1
        BANK1            000ED-000EF               3           1
        BANK10           00520-0056F              50           1
        BANK11           005A0-005EF              50           1
        BANK12           00620-0064F              30           1
        BANK2            00120-0016F              50           1
        BANK3            001A0-001EF              50           1
        BANK4            00220-0026F              50           1
        BANK5            002A0-002EF              50           1
        BANK6            00320-0036F              50           1
        BANK7            003A0-003EF              50           1
        BANK8            00420-0046F              50           1
        BANK9            004A0-004EF              50           1
        BIGRAM           02000-023EF             3F0           1
        CODE             00800-00EFF             700           2
                         01000-01FFF             800
        CONST            00800-00EFF             100           2
                         01000-01FFF             100
        ENTRY            00800-00EFF             100           2
                         01000-01FFF             100
        IDLOC            08000-08003               4           2
        RAM              00068-0006F               8           1
                         000ED-000EF               3
                         00120-0016F              50
                         001A0-001EF              50
                         00220-0026F              50
                         002A0-002EF              50
                         00320-0036F              50
                         003A0-003EF              50
                         00420-0046F              50
                         004A0-004EF              50
                         00520-0056F              50
                         005A0-005EF              50
                         00620-0064F              30
        SFR0             00000-0001F              20           1
        SFR1             00080-0009F              20           1
        SFR10            00500-0051F              20           1
        SFR11            00580-0059F              20           1
        SFR12            00600-0061F              20           1
        SFR13            00680-006EF              70           1
        SFR14            00700-0076F              70           1
        SFR15            00780-007EF              70           1
        SFR16            00800-0086F              70           1
        SFR17            00880-008EF              70           1
        SFR18            00900-0096F              70           1
        SFR19            00980-009EF              70           1
        SFR2             00100-0011F              20           1
        SFR20            00A00-00A6F              70           1
        SFR21            00A80-00AEF              70           1
        SFR22            00B00-00B6F              70           1
        SFR23            00B80-00BEF              70           1
        SFR24            00C00-00C6F              70           1
        SFR25            00C80-00CEF              70           1
        SFR26            00D00-00D6F              70           1
        SFR27            00D80-00DEF              70           1
        SFR28            00E00-00E6F              70           1
        SFR29            00E80-00EEF              70           1
        SFR3             00180-0019F              20           1
        SFR30            00F00-00F6F              70           1
        SFR31            00F80-00FEF              70           1
        SFR4             00200-0021F              20           1
        SFR5             00280-0029F              20           1
        SFR6             00300-0031F              20           1
        SFR7             00380-0039F              20           1
        SFR8             00400-0041F              20           1
        SFR9             00480-0049F              20           1
        STACK            0209D-023EF             353           1
        STRCODE          00800-00EFF             700           2
                         01000-01FFF            1000
        STRING           00800-00EFF             100           2
                         01000-01FFF             100

                                  Symbol Table

?___awdiv                               cstackBANK0  0004B
_ANSELA                                 (abs)        0018C
_ANSELB                                 (abs)        0018D
_ANSELC                                 (abs)        0018E
_BORCON                                 (abs)        00116
_INTCONbits                             (abs)        0000B
_INTERRUPT_InterruptManager             intentry     00004
_LATA                                   (abs)        0010C
_LATB                                   (abs)        0010D
_LATC                                   (abs)        0010E
_ODCONA                                 (abs)        0028C
_ODCONB                                 (abs)        0028D
_ODCONC                                 (abs)        0028E
_OPTION_REGbits                         (abs)        00095
_OSCCON                                 (abs)        00099
_OSCILLATOR_Initialize                  text65       007ED
_OSCTUNE                                (abs)        00098
_PIE1bits                               (abs)        00090
_PIE2bits                               (abs)        00091
_PIN_MANAGER_Initialize                 text64       004EF
_PIR1bits                               (abs)        00010
_PIR2bits                               (abs)        00011
_PLLR                                   (abs)        004D6
_RB4PPS                                 (abs)        00E9C
_RB6PPS                                 (abs)        00E9E
_SSP1ADD                                (abs)        00212
_SSP1BUF                                (abs)        00211
_SSP1CON1                               (abs)        00215
_SSP1CON1bits                           (abs)        00215
_SSP1CON2                               (abs)        00216
_SSP1CON2bits                           (abs)        00216
_SSP1MSK                                (abs)        00213
_SSP1STAT                               (abs)        00214
_SSP1STATbits                           (abs)        00214
_SSPCLKPPS                              (abs)        00E20
_SSPDATPPS                              (abs)        00E21
_SYSTEM_Initialize                      text63       00F7C
_TRISA                                  (abs)        0008C
_TRISB                                  (abs)        0008D
_TRISC                                  (abs)        0008E
_WPUA                                   (abs)        0020C
_WPUB                                   (abs)        0020D
_WPUC                                   (abs)        0020E
__CFG_BOREN$ON                          (abs)        00000
__CFG_BORV$LO                           (abs)        00000
__CFG_CLKOUTEN$OFF                      (abs)        00000
__CFG_CP$OFF                            (abs)        00000
__CFG_FCMEN$ON                          (abs)        00000
__CFG_FOSC$INTOSC                       (abs)        00000
__CFG_IESO$ON                           (abs)        00000
__CFG_LPBOR$OFF                         (abs)        00000
__CFG_LVP$ON                            (abs)        00000
__CFG_MCLRE$ON                          (abs)        00000
__CFG_PLLEN$ON                          (abs)        00000
__CFG_PPS1WAY$ON                        (abs)        00000
__CFG_PWRTE$OFF                         (abs)        00000
__CFG_STVREN$ON                         (abs)        00000
__CFG_WDTCCS$SWC                        (abs)        00000
__CFG_WDTCPS$WDTCPS1F                   (abs)        00000
__CFG_WDTCWS$WDTCWSSW                   (abs)        00000
__CFG_WDTE$OFF                          (abs)        00000
__CFG_WRT$OFF                           (abs)        00000
__CFG_ZCD$OFF                           (abs)        00000
__Habs1                                 abs1         00000
__Hbank0                                bank0        00000
__Hbank1                                bank1        00000
__Hbank10                               bank10       00000
__Hbank11                               bank11       00000
__Hbank12                               bank12       00000
__Hbank13                               bank13       00000
__Hbank14                               bank14       00000
__Hbank15                               bank15       00000
__Hbank16                               bank16       00000
__Hbank17                               bank17       00000
__Hbank18                               bank18       00000
__Hbank19                               bank19       00000
__Hbank2                                bank2        00000
__Hbank20                               bank20       00000
__Hbank21                               bank21       00000
__Hbank22                               bank22       00000
__Hbank23                               bank23       00000
__Hbank24                               bank24       00000
__Hbank25                               bank25       00000
__Hbank26                               bank26       00000
__Hbank27                               bank27       00000
__Hbank28                               bank28       00000
__Hbank29                               bank29       00000
__Hbank3                                bank3        00000
__Hbank30                               bank30       00000
__Hbank31                               bank31       00000
__Hbank4                                bank4        00000
__Hbank5                                bank5        00000
__Hbank6                                bank6        00000
__Hbank7                                bank7        00000
__Hbank8                                bank8        00000
__Hbank9                                bank9        00000
__Hbigram                               bigram       00000
__HbssBANK0                             bssBANK0     00000
__HbssBANK1                             bssBANK1     00000
__Hcinit                                cinit        0004C
__Hclrtext                              clrtext      00000
__Hcode                                 code         00000
__Hcommon                               common       00000
__Hconfig                               config       0800A
__HcstackBANK0                          cstackBANK0  00000
__HcstackCOMMON                         cstackCOMMON 00000
__HdataBANK0                            dataBANK0    00000
__HdataBANK1                            dataBANK1    00000
__Heeprom_data                          eeprom_data  00000
__Hend_init                             end_init     00029
__Hfunctab                              functab      00000
__HidataBANK0                           idataBANK0   00000
__HidataBANK1                           idataBANK1   00000
__Hidloc                                idloc        00000
__Hinit                                 init         00027
__Hinittext                             inittext     00000
__Hintentry                             intentry     00027
__Hmaintext                             maintext     00000
__Hpowerup                              powerup      00000
__Hram                                  ram          00000
__Hreset_vec                            reset_vec    00003
__Hsfr0                                 sfr0         00000
__Hsfr1                                 sfr1         00000
__Hsfr10                                sfr10        00000
__Hsfr11                                sfr11        00000
__Hsfr12                                sfr12        00000
__Hsfr13                                sfr13        00000
__Hsfr14                                sfr14        00000
__Hsfr15                                sfr15        00000
__Hsfr16                                sfr16        00000
__Hsfr17                                sfr17        00000
__Hsfr18                                sfr18        00000
__Hsfr19                                sfr19        00000
__Hsfr2                                 sfr2         00000
__Hsfr20                                sfr20        00000
__Hsfr21                                sfr21        00000
__Hsfr22                                sfr22        00000
__Hsfr23                                sfr23        00000
__Hsfr24                                sfr24        00000
__Hsfr25                                sfr25        00000
__Hsfr26                                sfr26        00000
__Hsfr27                                sfr27        00000
__Hsfr28                                sfr28        00000
__Hsfr29                                sfr29        00000
__Hsfr3                                 sfr3         00000
__Hsfr30                                sfr30        00000
__Hsfr31                                sfr31        00000
__Hsfr4                                 sfr4         00000
__Hsfr5                                 sfr5         00000
__Hsfr6                                 sfr6         00000
__Hsfr7                                 sfr7         00000
__Hsfr8                                 sfr8         00000
__Hsfr9                                 sfr9         00000
__Hspace_0                              (abs)        0800A
__Hspace_1                              (abs)        000ED
__Hspace_2                              (abs)        00000
__Hspace_3                              (abs)        00000
__Hstack                                stack        00000
__Hstrings                              strings      00000
__Htext                                 text         00000
__Labs1                                 abs1         00000
__Lbank0                                bank0        00000
__Lbank1                                bank1        00000
__Lbank10                               bank10       00000
__Lbank11                               bank11       00000
__Lbank12                               bank12       00000
__Lbank13                               bank13       00000
__Lbank14                               bank14       00000
__Lbank15                               bank15       00000
__Lbank16                               bank16       00000
__Lbank17                               bank17       00000
__Lbank18                               bank18       00000
__Lbank19                               bank19       00000
__Lbank2                                bank2        00000
__Lbank20                               bank20       00000
__Lbank21                               bank21       00000
__Lbank22                               bank22       00000
__Lbank23                               bank23       00000
__Lbank24                               bank24       00000
__Lbank25                               bank25       00000
__Lbank26                               bank26       00000
__Lbank27                               bank27       00000
__Lbank28                               bank28       00000
__Lbank29                               bank29       00000
__Lbank3                                bank3        00000
__Lbank30                               bank30       00000
__Lbank31                               bank31       00000
__Lbank4                                bank4        00000
__Lbank5                                bank5        00000
__Lbank6                                bank6        00000
__Lbank7                                bank7        00000
__Lbank8                                bank8        00000
__Lbank9                                bank9        00000
__Lbigram                               bigram       00000
__LbssBANK0                             bssBANK0     00000
__LbssBANK1                             bssBANK1     00000
__Lcinit                                cinit        00029
__Lclrtext                              clrtext      00000
__Lcode                                 code         00000
__Lcommon                               common       00000
__Lconfig                               config       08007
__LcstackBANK0                          cstackBANK0  00000
__LcstackCOMMON                         cstackCOMMON 00000
__LdataBANK0                            dataBANK0    00000
__LdataBANK1                            dataBANK1    00000
__Leeprom_data                          eeprom_data  00000
__Lend_init                             end_init     00027
__Lfunctab                              functab      00000
__LidataBANK0                           idataBANK0   00000
__LidataBANK1                           idataBANK1   00000
__Lidloc                                idloc        00000
__Linit                                 init         00027
__Linittext                             inittext     00000
__Lintentry                             intentry     00004
__Lmaintext                             maintext     00000
__Lpowerup                              powerup      00000
__Lram                                  ram          00000
__Lreset_vec                            reset_vec    00000
__Lsfr0                                 sfr0         00000
__Lsfr1                                 sfr1         00000
__Lsfr10                                sfr10        00000
__Lsfr11                                sfr11        00000
__Lsfr12                                sfr12        00000
__Lsfr13                                sfr13        00000
__Lsfr14                                sfr14        00000
__Lsfr15                                sfr15        00000
__Lsfr16                                sfr16        00000
__Lsfr17                                sfr17        00000
__Lsfr18                                sfr18        00000
__Lsfr19                                sfr19        00000
__Lsfr2                                 sfr2         00000
__Lsfr20                                sfr20        00000
__Lsfr21                                sfr21        00000
__Lsfr22                                sfr22        00000
__Lsfr23                                sfr23        00000
__Lsfr24                                sfr24        00000
__Lsfr25                                sfr25        00000
__Lsfr26                                sfr26        00000
__Lsfr27                                sfr27        00000
__Lsfr28                                sfr28        00000
__Lsfr29                                sfr29        00000
__Lsfr3                                 sfr3         00000
__Lsfr30                                sfr30        00000
__Lsfr31                                sfr31        00000
__Lsfr4                                 sfr4         00000
__Lsfr5                                 sfr5         00000
__Lsfr6                                 sfr6         00000
__Lsfr7                                 sfr7         00000
__Lsfr8                                 sfr8         00000
__Lsfr9                                 sfr9         00000
__Lspace_0                              (abs)        00000
__Lspace_1                              (abs)        00000
__Lspace_2                              (abs)        00000
__Lspace_3                              (abs)        00000
__Lstack                                stack        00000
__Lstrings                              strings      00000
__Ltext                                 text         00000
__S0                                    (abs)        0800A
__S1                                    (abs)        000ED
__S2                                    (abs)        00000
___awdiv                                text2        0023D
___awdiv@counter                        cstackBANK0  00050
___awdiv@dividend                       cstackBANK0  0004D
___awdiv@divisor                        cstackBANK0  0004B
___awdiv@quotient                       cstackBANK0  00052
___awdiv@sign                           cstackBANK0  00051
___int_sp                               stack        00000
___latbits                              (abs)        00002
___sp                                   stack        00000
__end_of_INTERRUPT_InterruptManager     intentry     00027
__end_of_OSCILLATOR_Initialize          text65       007F7
__end_of_PIN_MANAGER_Initialize         text64       00516
__end_of_SYSTEM_Initialize              text63       00F82
__end_of___awdiv                        text2        0028F
__end_of__initialization                cinit        00048
__end_of_clearPixels                    text62       006FC
__end_of_do_I2C_DO_ACK                  text23       00FF0
__end_of_do_I2C_DO_ADDRESS_NACK         text20       004EF
__end_of_do_I2C_DO_NACK_RESTART         text21       01000
__end_of_do_I2C_DO_NACK_STOP            text22       00FF8
__end_of_do_I2C_IDLE                    text31       00800
__end_of_do_I2C_RCEN                    text24       007ED
__end_of_do_I2C_RESET                   text32       007CF
__end_of_do_I2C_RX                      text18       003FD
__end_of_do_I2C_SEND_ADR_READ           text26       0078B
__end_of_do_I2C_SEND_ADR_WRITE          text25       007C4
__end_of_do_I2C_SEND_RESTART            text28       00FE0
__end_of_do_I2C_SEND_RESTART_READ       text30       00FD0
__end_of_do_I2C_SEND_RESTART_WRITE      text29       00FD8
__end_of_do_I2C_SEND_STOP               text27       00FE8
__end_of_do_I2C_TX                      text19       002DD
__end_of_do_I2C_TX_EMPTY                text33       0049F
__end_of_drawPixel                      text61       00102
__end_of_drawWalls                      text59       00629
__end_of_i2c_ISR                        text17       005A8
__end_of_i2c_busCollisionISR            text106      00F0E
__end_of_i2c_close                      text56       006EA
__end_of_i2c_driver_TXData              text36       00F9A
__end_of_i2c_driver_clearBusCollision   text107      00F0B
__end_of_i2c_driver_getRXData           text37       00F35
__end_of_i2c_driver_isNACK              text35       00772
__end_of_i2c_driver_open                text11       007D9
__end_of_i2c_driver_resetBus            text39       00F02
__end_of_i2c_driver_restart             text53       00F2C
__end_of_i2c_driver_sendACK             text54       00F60
__end_of_i2c_driver_sendNACK            text38       00F64
__end_of_i2c_driver_setBusCollisionISR  text10       00FA0
__end_of_i2c_driver_setI2cISR           text9        00FA6
__end_of_i2c_driver_start               text55       00F29
__end_of_i2c_driver_startRX             text40       00F32
__end_of_i2c_driver_stop                text52       00F2F
__end_of_i2c_masterOperation            text13       0060A
__end_of_i2c_masterWrite                text12       00F68
__end_of_i2c_open                       text8        003BB
__end_of_i2c_poller                     text15       007AE
__end_of_i2c_restartWrite               text47       00F88
__end_of_i2c_setAddressNACKCallback     text7        00765
__end_of_i2c_setBuffer                  text51       0074A
__end_of_i2c_setDataCompleteCallback    text49       0077F
__end_of_i2c_writeNBytes                text6        0053C
__end_of_initializeDisplay              text5        001E3
__end_of_main                           maintext     00329
__end_of_mssp_IRQisEnabled              text14       007E3
__end_of_mssp_clearIRQ                  text58       00F23
__end_of_mssp_disableIRQ                text57       00F26
__end_of_mssp_setIRQ                    text34       00F38
__end_of_mssp_waitForEvent              text16       007B9
__end_of_random                         text4        00F6C
__end_of_rd1RegCompleteHandler          text45       006A8
__end_of_rd2RegCompleteHandler          text44       00692
__end_of_rdBlkRegCompleteHandler        text43       00665
__end_of_returnReset                    text41       00F94
__end_of_returnStop                     text42       00F8E
__end_of_reverse                        text60       00472
__end_of_setCallBack                    text50       00561
__end_of_shiftWalls                     text3        00185
__end_of_wr1RegCompleteHandler          text46       006BE
__end_of_wr2RegCompleteHandler          text48       006D4
__end_of_writeDisplay                   text1        0023D
__end_ofi1_do_I2C_DO_ACK                text74       00F54
__end_ofi1_do_I2C_DO_ADDRESS_NACK       text71       005CB
__end_ofi1_do_I2C_DO_NACK_RESTART       text72       00F5C
__end_ofi1_do_I2C_DO_NACK_STOP          text73       00F58
__end_ofi1_do_I2C_IDLE                  text82       00F76
__end_ofi1_do_I2C_RCEN                  text75       00F7C
__end_ofi1_do_I2C_RESET                 text83       00FB9
__end_ofi1_do_I2C_RX                    text69       0043B
__end_ofi1_do_I2C_SEND_ADR_READ         text77       00FC8
__end_ofi1_do_I2C_SEND_ADR_WRITE        text76       00FC0
__end_ofi1_do_I2C_SEND_RESTART          text79       00F4C
__end_ofi1_do_I2C_SEND_RESTART_READ     text81       00F44
__end_ofi1_do_I2C_SEND_RESTART_WRITE    text80       00F48
__end_ofi1_do_I2C_SEND_STOP             text78       00F50
__end_ofi1_do_I2C_TX                    text70       00373
__end_ofi1_do_I2C_TX_EMPTY              text84       004C8
__end_ofi1_i2c_ISR                      text67       00648
__end_ofi1_i2c_driver_TXData            text87       00F71
__end_ofi1_i2c_driver_getRXData         text88       00F1A
__end_ofi1_i2c_driver_isNACK            text86       00797
__end_ofi1_i2c_driver_resetBus          text90       00F01
__end_ofi1_i2c_driver_restart           text104      00F11
__end_ofi1_i2c_driver_sendACK           text105      00F3C
__end_ofi1_i2c_driver_sendNACK          text89       00F40
__end_ofi1_i2c_driver_startRX           text91       00F17
__end_ofi1_i2c_driver_stop              text103      00F14
__end_ofi1_i2c_restartWrite             text92       00F08
__end_ofi1_i2c_setBuffer                text102      00758
__end_ofi1_i2c_setDataCompleteCallback  text100      007A3
__end_ofi1_mssp_clearIRQ                text68       00F20
__end_ofi1_mssp_setIRQ                  text85       00F1D
__end_ofi1_rd1RegCompleteHandler        text97       0071C
__end_ofi1_rd2RegCompleteHandler        text96       0070C
__end_ofi1_rdBlkRegCompleteHandler      text95       0067C
__end_ofi1_returnReset                  text93       00F06
__end_ofi1_returnStop                   text94       00F04
__end_ofi1_setCallBack                  text101      00585
__end_ofi1_wr1RegCompleteHandler        text98       0072C
__end_ofi1_wr2RegCompleteHandler        text99       0073C
__initialization                        cinit        00029
__pbssBANK0                             bssBANK0     00020
__pbssBANK1                             bssBANK1     000A0
__pcstackBANK0                          cstackBANK0  0004A
__pcstackCOMMON                         cstackCOMMON 00070
__pdataBANK0                            dataBANK0    00067
__pdataBANK1                            dataBANK1    000CD
__pidataBANK0                           idataBANK0   00003
__pidataBANK1                           idataBANK1   005CB
__pintentry                             intentry     00004
__pmaintext                             maintext     002DD
__ptext1                                text1        001E3
__ptext10                               text10       00F9A
__ptext100                              text100      00797
__ptext101                              text101      00561
__ptext102                              text102      0074A
__ptext103                              text103      00F11
__ptext104                              text104      00F0E
__ptext105                              text105      00F38
__ptext106                              text106      00F0B
__ptext107                              text107      00F08
__ptext11                               text11       007CF
__ptext12                               text12       00F64
__ptext13                               text13       005EB
__ptext14                               text14       007D9
__ptext15                               text15       007A3
__ptext16                               text16       007AE
__ptext17                               text17       00585
__ptext18                               text18       003BB
__ptext19                               text19       0028F
__ptext2                                text2        0023D
__ptext20                               text20       004C8
__ptext21                               text21       00FF8
__ptext22                               text22       00FF0
__ptext23                               text23       00FE8
__ptext24                               text24       007E3
__ptext25                               text25       007B9
__ptext26                               text26       0077F
__ptext27                               text27       00FE0
__ptext28                               text28       00FD8
__ptext29                               text29       00FD0
__ptext3                                text3        00102
__ptext30                               text30       00FC8
__ptext31                               text31       007F7
__ptext32                               text32       007C4
__ptext33                               text33       00472
__ptext34                               text34       00F35
__ptext35                               text35       00765
__ptext36                               text36       00F94
__ptext37                               text37       00F32
__ptext38                               text38       00F60
__ptext39                               text39       00F01
__ptext4                                text4        00F68
__ptext40                               text40       00F2F
__ptext41                               text41       00F8E
__ptext42                               text42       00F88
__ptext43                               text43       00648
__ptext44                               text44       0067C
__ptext45                               text45       00692
__ptext46                               text46       006A8
__ptext47                               text47       00F82
__ptext48                               text48       006BE
__ptext49                               text49       00772
__ptext5                                text5        00185
__ptext50                               text50       0053C
__ptext51                               text51       0073C
__ptext52                               text52       00F2C
__ptext53                               text53       00F29
__ptext54                               text54       00F5C
__ptext55                               text55       00F26
__ptext56                               text56       006D4
__ptext57                               text57       00F23
__ptext58                               text58       00F20
__ptext59                               text59       0060A
__ptext6                                text6        00516
__ptext60                               text60       0043B
__ptext61                               text61       0004C
__ptext62                               text62       006EA
__ptext63                               text63       00F7C
__ptext64                               text64       004EF
__ptext65                               text65       007ED
__ptext67                               text67       00629
__ptext68                               text68       00F1D
__ptext69                               text69       003FD
__ptext7                                text7        00758
__ptext70                               text70       00329
__ptext71                               text71       005A8
__ptext72                               text72       00F58
__ptext73                               text73       00F54
__ptext74                               text74       00F50
__ptext75                               text75       00F76
__ptext76                               text76       00FB9
__ptext77                               text77       00FC0
__ptext78                               text78       00F4C
__ptext79                               text79       00F48
__ptext8                                text8        00373
__ptext80                               text80       00F44
__ptext81                               text81       00F40
__ptext82                               text82       00F71
__ptext83                               text83       00FB2
__ptext84                               text84       0049F
__ptext85                               text85       00F1A
__ptext86                               text86       0078B
__ptext87                               text87       00F6C
__ptext88                               text88       00F17
__ptext89                               text89       00F3C
__ptext9                                text9        00FA0
__ptext90                               text90       00F00
__ptext91                               text91       00F14
__ptext92                               text92       00F06
__ptext93                               text93       00F04
__ptext94                               text94       00F02
__ptext95                               text95       00665
__ptext96                               text96       006FC
__ptext97                               text97       0070C
__ptext98                               text98       0071C
__ptext99                               text99       0072C
__size_of_INTERRUPT_InterruptManager    (abs)        00000
__size_of_OSCILLATOR_Initialize         (abs)        00000
__size_of_PIN_MANAGER_Initialize        (abs)        00000
__size_of_SYSTEM_Initialize             (abs)        00000
__size_of___awdiv                       (abs)        00000
__size_of_clearPixels                   (abs)        00000
__size_of_do_I2C_DO_ACK                 (abs)        00000
__size_of_do_I2C_DO_ADDRESS_NACK        (abs)        00000
__size_of_do_I2C_DO_NACK_RESTART        (abs)        00000
__size_of_do_I2C_DO_NACK_STOP           (abs)        00000
__size_of_do_I2C_IDLE                   (abs)        00000
__size_of_do_I2C_RCEN                   (abs)        00000
__size_of_do_I2C_RESET                  (abs)        00000
__size_of_do_I2C_RX                     (abs)        00000
__size_of_do_I2C_SEND_ADR_READ          (abs)        00000
__size_of_do_I2C_SEND_ADR_WRITE         (abs)        00000
__size_of_do_I2C_SEND_RESTART           (abs)        00000
__size_of_do_I2C_SEND_RESTART_READ      (abs)        00000
__size_of_do_I2C_SEND_RESTART_WRITE     (abs)        00000
__size_of_do_I2C_SEND_STOP              (abs)        00000
__size_of_do_I2C_TX                     (abs)        00000
__size_of_do_I2C_TX_EMPTY               (abs)        00000
__size_of_drawPixel                     (abs)        00000
__size_of_drawWalls                     (abs)        00000
__size_of_i2c_ISR                       (abs)        00000
__size_of_i2c_busCollisionISR           (abs)        00000
__size_of_i2c_close                     (abs)        00000
__size_of_i2c_driver_TXData             (abs)        00000
__size_of_i2c_driver_clearBusCollision  (abs)        00000
__size_of_i2c_driver_getRXData          (abs)        00000
__size_of_i2c_driver_isNACK             (abs)        00000
__size_of_i2c_driver_open               (abs)        00000
__size_of_i2c_driver_resetBus           (abs)        00000
__size_of_i2c_driver_restart            (abs)        00000
__size_of_i2c_driver_sendACK            (abs)        00000
__size_of_i2c_driver_sendNACK           (abs)        00000
__size_of_i2c_driver_setBusCollisionISR (abs)        00000
__size_of_i2c_driver_setI2cISR          (abs)        00000
__size_of_i2c_driver_start              (abs)        00000
__size_of_i2c_driver_startRX            (abs)        00000
__size_of_i2c_driver_stop               (abs)        00000
__size_of_i2c_masterOperation           (abs)        00000
__size_of_i2c_masterWrite               (abs)        00000
__size_of_i2c_open                      (abs)        00000
__size_of_i2c_poller                    (abs)        00000
__size_of_i2c_restartWrite              (abs)        00000
__size_of_i2c_setAddressNACKCallback    (abs)        00000
__size_of_i2c_setBuffer                 (abs)        00000
__size_of_i2c_setDataCompleteCallback   (abs)        00000
__size_of_i2c_writeNBytes               (abs)        00000
__size_of_initializeDisplay             (abs)        00000
__size_of_main                          (abs)        00000
__size_of_mssp_IRQisEnabled             (abs)        00000
__size_of_mssp_clearIRQ                 (abs)        00000
__size_of_mssp_disableIRQ               (abs)        00000
__size_of_mssp_setIRQ                   (abs)        00000
__size_of_mssp_waitForEvent             (abs)        00000
__size_of_random                        (abs)        00000
__size_of_rd1RegCompleteHandler         (abs)        00000
__size_of_rd2RegCompleteHandler         (abs)        00000
__size_of_rdBlkRegCompleteHandler       (abs)        00000
__size_of_returnReset                   (abs)        00000
__size_of_returnStop                    (abs)        00000
__size_of_reverse                       (abs)        00000
__size_of_setCallBack                   (abs)        00000
__size_of_shiftWalls                    (abs)        00000
__size_of_wr1RegCompleteHandler         (abs)        00000
__size_of_wr2RegCompleteHandler         (abs)        00000
__size_of_writeDisplay                  (abs)        00000
__size_ofi1_do_I2C_DO_ACK               (abs)        00000
__size_ofi1_do_I2C_DO_ADDRESS_NACK      (abs)        00000
__size_ofi1_do_I2C_DO_NACK_RESTART      (abs)        00000
__size_ofi1_do_I2C_DO_NACK_STOP         (abs)        00000
__size_ofi1_do_I2C_IDLE                 (abs)        00000
__size_ofi1_do_I2C_RCEN                 (abs)        00000
__size_ofi1_do_I2C_RESET                (abs)        00000
__size_ofi1_do_I2C_RX                   (abs)        00000
__size_ofi1_do_I2C_SEND_ADR_READ        (abs)        00000
__size_ofi1_do_I2C_SEND_ADR_WRITE       (abs)        00000
__size_ofi1_do_I2C_SEND_RESTART         (abs)        00000
__size_ofi1_do_I2C_SEND_RESTART_READ    (abs)        00000
__size_ofi1_do_I2C_SEND_RESTART_WRITE   (abs)        00000
__size_ofi1_do_I2C_SEND_STOP            (abs)        00000
__size_ofi1_do_I2C_TX                   (abs)        00000
__size_ofi1_do_I2C_TX_EMPTY             (abs)        00000
__size_ofi1_i2c_ISR                     (abs)        00000
__size_ofi1_i2c_driver_TXData           (abs)        00000
__size_ofi1_i2c_driver_getRXData        (abs)        00000
__size_ofi1_i2c_driver_isNACK           (abs)        00000
__size_ofi1_i2c_driver_resetBus         (abs)        00000
__size_ofi1_i2c_driver_restart          (abs)        00000
__size_ofi1_i2c_driver_sendACK          (abs)        00000
__size_ofi1_i2c_driver_sendNACK         (abs)        00000
__size_ofi1_i2c_driver_startRX          (abs)        00000
__size_ofi1_i2c_driver_stop             (abs)        00000
__size_ofi1_i2c_restartWrite            (abs)        00000
__size_ofi1_i2c_setBuffer               (abs)        00000
__size_ofi1_i2c_setDataCompleteCallback (abs)        00000
__size_ofi1_mssp_clearIRQ               (abs)        00000
__size_ofi1_mssp_setIRQ                 (abs)        00000
__size_ofi1_rd1RegCompleteHandler       (abs)        00000
__size_ofi1_rd2RegCompleteHandler       (abs)        00000
__size_ofi1_rdBlkRegCompleteHandler     (abs)        00000
__size_ofi1_returnReset                 (abs)        00000
__size_ofi1_returnStop                  (abs)        00000
__size_ofi1_setCallBack                 (abs)        00000
__size_ofi1_wr1RegCompleteHandler       (abs)        00000
__size_ofi1_wr2RegCompleteHandler       (abs)        00000
_clearPixels                            text62       006EA
_createWall                             bssBANK0     00049
_do_I2C_DO_ACK                          text23       00FE8
_do_I2C_DO_ACK$intlevel0                text23       00FEC
_do_I2C_DO_ADDRESS_NACK                 text20       004C8
_do_I2C_DO_ADDRESS_NACK$intlevel0       text20       004CC
_do_I2C_DO_NACK_RESTART                 text21       00FF8
_do_I2C_DO_NACK_RESTART$intlevel0       text21       00FFC
_do_I2C_DO_NACK_STOP                    text22       00FF0
_do_I2C_DO_NACK_STOP$intlevel0          text22       00FF4
_do_I2C_IDLE                            text31       007F7
_do_I2C_IDLE$intlevel0                  text31       007FB
_do_I2C_RCEN                            text24       007E3
_do_I2C_RCEN$intlevel0                  text24       007E7
_do_I2C_RESET                           text32       007C4
_do_I2C_RESET$intlevel0                 text32       007C8
_do_I2C_RX                              text18       003BB
_do_I2C_RX$intlevel0                    text18       003BF
_do_I2C_SEND_ADR_READ                   text26       0077F
_do_I2C_SEND_ADR_READ$intlevel0         text26       00783
_do_I2C_SEND_ADR_WRITE                  text25       007B9
_do_I2C_SEND_ADR_WRITE$intlevel0        text25       007BD
_do_I2C_SEND_RESTART                    text28       00FD8
_do_I2C_SEND_RESTART$intlevel0          text28       00FDC
_do_I2C_SEND_RESTART_READ               text30       00FC8
_do_I2C_SEND_RESTART_READ$intlevel0     text30       00FCC
_do_I2C_SEND_RESTART_WRITE              text29       00FD0
_do_I2C_SEND_RESTART_WRITE$intlevel0    text29       00FD4
_do_I2C_SEND_STOP                       text27       00FE0
_do_I2C_SEND_STOP$intlevel0             text27       00FE4
_do_I2C_TX                              text19       0028F
_do_I2C_TX$887                          cstackBANK0  00056
_do_I2C_TX$intlevel0                    text19       00293
_do_I2C_TX_EMPTY                        text33       00472
_do_I2C_TX_EMPTY$intlevel0              text33       00476
_drawPixel                              text61       0004C
_drawWalls                              text59       0060A
_elevation                              bssBANK0     00048
_fall                                   dataBANK0    00067
_fsmStateTable                          dataBANK1    000CD
_gravityCounter                         bssBANK0     00046
_i                                      bssBANK0     00045
_i2c_ISR                                text17       00585
_i2c_ISR$intlevel0                      text17       00589
_i2c_busCollisionISR                    text106      00F0B
_i2c_close                              text56       006D4
_i2c_driver_TXData                      text36       00F94
_i2c_driver_busCollisionISR             bssBANK0     00041
_i2c_driver_clearBusCollision           text107      00F08
_i2c_driver_getRXData                   text37       00F32
_i2c_driver_i2cISR                      bssBANK0     0003F
_i2c_driver_isNACK                      text35       00765
_i2c_driver_open                        text11       007CF
_i2c_driver_resetBus                    text39       00F01
_i2c_driver_restart                     text53       00F29
_i2c_driver_sendACK                     text54       00F5C
_i2c_driver_sendNACK                    text38       00F60
_i2c_driver_setBusCollisionISR          text10       00F9A
_i2c_driver_setI2cISR                   text9        00FA0
_i2c_driver_start                       text55       00F26
_i2c_driver_startRX                     text40       00F2F
_i2c_driver_stop                        text52       00F2C
_i2c_masterOperation                    text13       005EB
_i2c_masterWrite                        text12       00F64
_i2c_open                               text8        00373
_i2c_poller                             text15       007A3
_i2c_restartWrite                       text47       00F82
_i2c_restartWrite$intlevel0             text47       00F86
_i2c_setAddressNACKCallback             text7        00758
_i2c_setBuffer                          text51       0073C
_i2c_setDataCompleteCallback            text49       00772
_i2c_status                             bssBANK0     00020
_i2c_writeNBytes                        text6        00516
_initializeDisplay                      text5        00185
_main                                   maintext     002DD
_mssp_IRQisEnabled                      text14       007D9
_mssp_clearIRQ                          text58       00F20
_mssp_disableIRQ                        text57       00F23
_mssp_setIRQ                            text34       00F35
_mssp_waitForEvent                      text16       007AE
_pixelbuffer                            bssBANK1     000A0
_random                                 text4        00F68
_rd1RegCompleteHandler                  text45       00692
_rd1RegCompleteHandler$intlevel0        text45       00696
_rd2RegCompleteHandler                  text44       0067C
_rd2RegCompleteHandler$intlevel0        text44       00680
_rdBlkRegCompleteHandler                text43       00648
_rdBlkRegCompleteHandler$intlevel0      text43       0064C
_returnReset                            text41       00F8E
_returnReset$intlevel0                  text41       00F92
_returnStop                             text42       00F88
_returnStop$intlevel0                   text42       00F8C
_reverse                                text60       0043B
_score                                  bssBANK1     000BA
_setCallBack                            text50       0053C
_shiftCounter                           bssBANK0     0003D
_shiftWalls                             text3        00102
_topHalf                                bssBANK0     00043
_wallHeight                             bssBANK0     00044
_walls                                  bssBANK1     000B0
_wr1RegCompleteHandler                  text46       006A8
_wr1RegCompleteHandler$intlevel0        text46       006AC
_wr2RegCompleteHandler                  text48       006BE
_wr2RegCompleteHandler$intlevel0        text48       006C2
_writeDisplay                           text1        001E3
_writebuffer                            bssBANK1     000BC
btemp                                   (abs)        0007E
clear_ram0                              clrtext      00FA6
drawPixel@color                         cstackBANK0  0004C
drawPixel@x                             cstackBANK0  00053
drawPixel@y                             cstackBANK0  0004B
end_of_initialization                   cinit        00048
i1_do_I2C_DO_ACK                        text74       00F50
i1_do_I2C_DO_ADDRESS_NACK               text71       005A8
i1_do_I2C_DO_NACK_RESTART               text72       00F58
i1_do_I2C_DO_NACK_STOP                  text73       00F54
[...]
		 -> i2c_write1ByteRegister@data(1), NULL(0), 
 Auto vars:     Size  Location     Type
		None
 Return value:  Size  Location     Type
                  1    wreg      enum E97
 Registers used:
		wreg, fsr1l, fsr1h, status,2, status,0, pclath, cstack
 Tracked objects:
		On entry : 
		On exit  : 
		Unchanged: 
 Data sizes:     COMMON   BANK0   BANK1   BANK2   BANK3   BANK4   BANK5   BANK6   BANK7   BANK8   BANK9  BANK10  BANK11  BANK12
      Params:         1       0       0       0       0       0       0       0       0       0       0       0       0       0
      Locals:         0       0       0       0       0       0       0       0       0       0       0       0       0       0
      Temps:          0       0       0       0       0       0       0       0       0       0       0       0       0       0
      Totals:         1       0       0       0       0       0       0       0       0       0       0       0       0       0
Total ram usage:        1 bytes
 Hardware stack levels used:    1
 Hardware stack levels required when called:    2
 This function calls:
		i1_i2c_setBuffer
		i1_i2c_setDataCompleteCallback
 This function is called by:
 This function uses a non-reentrant model


 *************** function i1_i2c_setDataCompleteCallback *****************
 Defined at:
		line 89 in file "mcc_generated_files/drivers/i2c_master.c"
 Parameters:    Size  Location     Type
  cb              2    5[COMMON] PTR FTN(PTR void ,)enum 
		 -> rdBlkRegCompleteHandler(1), wr2RegCompleteHandler(1), rd2RegCompleteHandler(1), rd1RegCompleteHandler(1), 
		 -> Absolute function(1), wr1RegCompleteHandler(1), 
  p               1    7[COMMON] PTR void 
		 -> i2c_readDataBlock@d(3), i2c_write2ByteRegister@data(2), i2c_read2ByteRegister@result(2), i2c_read1ByteRegister@d2(1), 
		 -> i2c_write1ByteRegister@data(1), NULL(0), 
 Auto vars:     Size  Location     Type
		None
 Return value:  Size  Location     Type
                  1    wreg      void 
 Registers used:
		wreg, fsr1l, fsr1h, status,2, status,0, pclath, cstack
 Tracked objects:
		On entry : 
		On exit  : 
		Unchanged: 
 Data sizes:     COMMON   BANK0   BANK1   BANK2   BANK3   BANK4   BANK5   BANK6   BANK7   BANK8   BANK9  BANK10  BANK11  BANK12
      Params:         3       0       0       0       0       0       0       0       0       0       0       0       0       0
      Locals:         0       0       0       0       0       0       0       0       0       0       0       0       0       0
      Temps:          1       0       0       0       0       0       0       0       0       0       0       0       0       0
      Totals:         4       0       0       0       0       0       0       0       0       0       0       0       0       0
Total ram usage:        4 bytes
 Hardware stack levels used:    1
 Hardware stack levels required when called:    1
 This function calls:
		i1_setCallBack
 This function is called by:
		i1_wr1RegCompleteHandler
		i1_rd1RegCompleteHandler
		i1_rd2RegCompleteHandler
		i1_wr2RegCompleteHandler
		i1_rdBlkRegCompleteHandler
 This function uses a non-reentrant model


 *************** function i1_setCallBack *****************
 Defined at:
		line 453 in file "mcc_generated_files/drivers/i2c_master.c"
 Parameters:    Size  Location     Type
  idx             1    wreg     enum E12355
  cb              2    0[COMMON] PTR FTN(PTR void ,)enum 
		 -> rdBlkRegCompleteHandler(1), wr2RegCompleteHandler(1), rd2RegCompleteHandler(1), rd1RegCompleteHandler(1), 
		 -> i2c_restartWrite(1), Absolute function(1), wr1RegCompleteHandler(1), 
  p               1    2[COMMON] PTR void 
		 -> i2c_readDataBlock@d(3), i2c_write2ByteRegister@data(2), i2c_read2ByteRegister@result(2), i2c_read1ByteRegister@d2(1), 
		 -> i2c_write1ByteRegister@data(1), NULL(0), 
 Auto vars:     Size  Location     Type
  idx             1    4[COMMON] enum E12355
 Return value:  Size  Location     Type
                  1    wreg      void 
 Registers used:
		wreg, fsr1l, fsr1h, status,2, status,0
 Tracked objects:
		On entry : 
		On exit  : 
		Unchanged: 
 Data sizes:     COMMON   BANK0   BANK1   BANK2   BANK3   BANK4   BANK5   BANK6   BANK7   BANK8   BANK9  BANK10  BANK11  BANK12
      Params:         3       0       0       0       0       0       0       0       0       0       0       0       0       0
      Locals:         1       0       0       0       0       0       0       0       0       0       0       0       0       0
      Temps:          1       0       0       0       0       0       0       0       0       0       0       0       0       0
      Totals:         5       0       0       0       0       0       0       0       0       0       0       0       0       0
Total ram usage:        5 bytes
 Hardware stack levels used:    1
 This function calls:
		Nothing
 This function is called by:
		i1_i2c_setDataCompleteCallback
 This function uses a non-reentrant model


 *************** function i1_i2c_setBuffer *****************
 Defined at:
		line 184 in file "mcc_generated_files/drivers/i2c_master.c"
 Parameters:    Size  Location     Type
  buffer          1    wreg     PTR void 
		 -> i2c_readDataBlock@reg(1), i2c_readDataBlock@d(3), i2c_write2ByteRegister@reg(1), i2c_write2ByteRegister@data(2), 
		 -> i2c_read2ByteRegister@reg(1), i2c_read2ByteRegister@result(2), i2c_read1ByteRegister@reg(1), i2c_read1ByteRegister@d2(1), 
		 -> i2c_write1ByteRegister@reg(1), i2c_write1ByteRegister@data(1), NULL(0), writebuffer(17), 
  bufferSize      2    0[COMMON] unsigned int 
 Auto vars:     Size  Location     Type
  buffer          1    3[COMMON] PTR void 
		 -> i2c_readDataBlock@reg(1), i2c_readDataBlock@d(3), i2c_write2ByteRegister@reg(1), i2c_write2ByteRegister@data(2), 
		 -> i2c_read2ByteRegister@reg(1), i2c_read2ByteRegister@result(2), i2c_read1ByteRegister@reg(1), i2c_read1ByteRegister@d2(1), 
		 -> i2c_write1ByteRegister@reg(1), i2c_write1ByteRegister@data(1), NULL(0), writebuffer(17), 
 Return value:  Size  Location     Type
                  1    wreg      void 
 Registers used:
		wreg
 Tracked objects:
		On entry : 
		On exit  : 
		Unchanged: 
 Data sizes:     COMMON   BANK0   BANK1   BANK2   BANK3   BANK4   BANK5   BANK6   BANK7   BANK8   BANK9  BANK10  BANK11  BANK12
      Params:         2       0       0       0       0       0       0       0       0       0       0       0       0       0
      Locals:         1       0       0       0       0       0       0       0       0       0       0       0       0       0
      Temps:          1       0       0       0       0       0       0       0       0       0       0       0       0       0
      Totals:         4       0       0       0       0       0       0       0       0       0       0       0       0       0
Total ram usage:        4 bytes
 Hardware stack levels used:    1
 This function calls:
		Nothing
 This function is called by:
		i1_wr1RegCompleteHandler
		i1_rd1RegCompleteHandler
		i1_rd2RegCompleteHandler
		i1_wr2RegCompleteHandler
		i1_rdBlkRegCompleteHandler
 This function uses a non-reentrant model


 *************** function i1_i2c_driver_stop *****************
 Defined at:
		line 156 in file "mcc_generated_files/i2c_driver.c"
 Parameters:    Size  Location     Type
		None
 Auto vars:     Size  Location     Type
		None
 Return value:  Size  Location     Type
                  1    wreg      void 
 Registers used:
		None
 Tracked objects:
		On entry : 
		On exit  : 
		Unchanged: 
 Data sizes:     COMMON   BANK0   BANK1   BANK2   BANK3   BANK4   BANK5   BANK6   BANK7   BANK8   BANK9  BANK10  BANK11  BANK12
      Params:         0       0       0       0       0       0       0       0       0       0       0       0       0       0
      Locals:         0       0       0       0       0       0       0       0       0       0       0       0       0       0
      Temps:          0       0       0       0       0       0       0       0       0       0       0       0       0       0
      Totals:         0       0       0       0       0       0       0       0       0       0       0       0       0       0
Total ram usage:        0 bytes
 Hardware stack levels used:    1
 This function calls:
		Nothing
 This function is called by:
		i1_do_I2C_SEND_STOP
 This function uses a non-reentrant model


 *************** function i1_i2c_driver_restart *****************
 Defined at:
		line 151 in file "mcc_generated_files/i2c_driver.c"
 Parameters:    Size  Location     Type
		None
 Auto vars:     Size  Location     Type
		None
 Return value:  Size  Location     Type
                  1    wreg      void 
 Registers used:
		None
 Tracked objects:
		On entry : 
		On exit  : 
		Unchanged: 
 Data sizes:     COMMON   BANK0   BANK1   BANK2   BANK3   BANK4   BANK5   BANK6   BANK7   BANK8   BANK9  BANK10  BANK11  BANK12
      Params:         0       0       0       0       0       0       0       0       0       0       0       0       0       0
      Locals:         0       0       0       0       0       0       0       0       0       0       0       0       0       0
      Temps:          0       0       0       0       0       0       0       0       0       0       0       0       0       0
      Totals:         0       0       0       0       0       0       0       0       0       0       0       0       0       0
Total ram usage:        0 bytes
 Hardware stack levels used:    1
 This function calls:
		Nothing
 This function is called by:
		i1_do_I2C_SEND_RESTART_READ
		i1_do_I2C_SEND_RESTART_WRITE
		i1_do_I2C_SEND_RESTART
 This function uses a non-reentrant model


 *************** function i1_i2c_driver_sendACK *****************
 Defined at:
		line 196 in file "mcc_generated_files/i2c_driver.c"
 Parameters:    Size  Location     Type
		None
 Auto vars:     Size  Location     Type
		None
 Return value:  Size  Location     Type
                  1    wreg      void 
 Registers used:
		None
 Tracked objects:
		On entry : 
		On exit  : 
		Unchanged: 
 Data sizes:     COMMON   BANK0   BANK1   BANK2   BANK3   BANK4   BANK5   BANK6   BANK7   BANK8   BANK9  BANK10  BANK11  BANK12
      Params:         0       0       0       0       0       0       0       0       0       0       0       0       0       0
      Locals:         0       0       0       0       0       0       0       0       0       0       0       0       0       0
      Temps:          0       0       0       0       0       0       0       0       0       0       0       0       0       0
      Totals:         0       0       0       0       0       0       0       0       0       0       0       0       0       0
Total ram usage:        0 bytes
 Hardware stack levels used:    1
 This function calls:
		Nothing
 This function is called by:
		i1_do_I2C_DO_ACK
		i1_do_I2C_RX
 This function uses a non-reentrant model


 *************** function _i2c_busCollisionISR *****************
 Defined at:
		line 435 in file "mcc_generated_files/drivers/i2c_master.c"
 Parameters:    Size  Location     Type
		None
 Auto vars:     Size  Location     Type
		None
 Return value:  Size  Location     Type
                  1    wreg      void 
 Registers used:
		status,2, status,0, pclath, cstack
 Tracked objects:
		On entry : 
		On exit  : 
		Unchanged: 
 Data sizes:     COMMON   BANK0   BANK1   BANK2   BANK3   BANK4   BANK5   BANK6   BANK7   BANK8   BANK9  BANK10  BANK11  BANK12
      Params:         0       0       0       0       0       0       0       0       0       0       0       0       0       0
      Locals:         0       0       0       0       0       0       0       0       0       0       0       0       0       0
      Temps:          0       0       0       0       0       0       0       0       0       0       0       0       0       0
      Totals:         0       0       0       0       0       0       0       0       0       0       0       0       0       0
Total ram usage:        0 bytes
 Hardware stack levels used:    1
 Hardware stack levels required when called:    1
 This function calls:
		_i2c_driver_clearBusCollision
 This function is called by:
		_i2c_open
		_INTERRUPT_InterruptManager
 This function uses a non-reentrant model


 *************** function _i2c_driver_clearBusCollision *****************
 Defined at:
		line 253 in file "mcc_generated_files/i2c_driver.c"
 Parameters:    Size  Location     Type
		None
 Auto vars:     Size  Location     Type
		None
 Return value:  Size  Location     Type
                  1    wreg      void 
 Registers used:
		None
 Tracked objects:
		On entry : 
		On exit  : 
		Unchanged: 
 Data sizes:     COMMON   BANK0   BANK1   BANK2   BANK3   BANK4   BANK5   BANK6   BANK7   BANK8   BANK9  BANK10  BANK11  BANK12
      Params:         0       0       0       0       0       0       0       0       0       0       0       0       0       0
      Locals:         0       0       0       0       0       0       0       0       0       0       0       0       0       0
      Temps:          0       0       0       0       0       0       0       0       0       0       0       0       0       0
      Totals:         0       0       0       0       0       0       0       0       0       0       0       0       0       0
Total ram usage:        0 bytes
 Hardware stack levels used:    1
 This function calls:
		Nothing
 This function is called by:
		_i2c_busCollisionISR
 This function uses a non-reentrant model



MODULE INFORMATION

Module		Function		Class		Link	Load	Size
mcc_generated_files/interrupt_manager.c
		_INTERRUPT_InterruptManager		CODE           	0004	0000	36

mcc_generated_files/interrupt_manager.c estimated size: 36

mcc_generated_files/pin_manager.c
		_PIN_MANAGER_Initialize		CODE           	04EF	0000	40

mcc_generated_files/pin_manager.c estimated size: 40

mcc_generated_files/i2c_driver.c
		_i2c_driver_clearBusCollision		CODE           	0F08	0000	4
		_mssp_clearIRQ 		CODE           	0F20	0000	4
		_i2c_driver_setBusCollisionISR		CODE           	0F9A	0000	7
		_i2c_driver_restart		CODE           	0F29	0000	4
		_mssp_IRQisEnabled		CODE           	07D9	0000	11
		_i2c_driver_startRX		CODE           	0F2F	0000	4
		_i2c_driver_setI2cISR		CODE           	0FA0	0000	7
		_i2c_driver_getRXData		CODE           	0F32	0000	4
		_i2c_driver_TXData		CODE           	0F94	0000	7
		_i2c_driver_start		CODE           	0F26	0000	4
		_i2c_driver_sendACK		CODE           	0F5C	0000	5
		_mssp_waitForEvent		CODE           	07AE	0000	12
		_i2c_driver_sendNACK		CODE           	0F60	0000	5
		_mssp_setIRQ   		CODE           	0F35	0000	4
		_i2c_driver_resetBus		CODE           	0F01	0000	2
		_mssp_disableIRQ		CODE           	0F23	0000	4
		_i2c_driver_open		CODE           	07CF	0000	11
		_i2c_driver_isNACK		CODE           	0765	0000	14
		_i2c_driver_stop		CODE           	0F2C	0000	4

mcc_generated_files/i2c_driver.c estimated size: 117

mcc_generated_files/drivers/i2c_simple_master.c
		_wr1RegCompleteHandler		CODE           	06A8	0000	23
		_wr2RegCompleteHandler		CODE           	06BE	0000	23
		_i2c_writeNBytes		CODE           	0516	0000	39
		_rdBlkRegCompleteHandler		CODE           	0648	0000	30
		_rd1RegCompleteHandler		CODE           	0692	0000	23
		_rd2RegCompleteHandler		CODE           	067C	0000	23

mcc_generated_files/drivers/i2c_simple_master.c estimated size: 161

shared
		i1_mssp_setIRQ 		CODE           	0F1A	0000	4
		i1_returnReset 		CODE           	0F04	0000	3
		i1_do_I2C_SEND_ADR_READ		CODE           	0FC0	0000	9
		i1_do_I2C_DO_NACK_STOP		CODE           	0F54	0000	5
		i1_setCallBack 		CODE           	0561	0000	37
		i1_do_I2C_SEND_RESTART		CODE           	0F48	0000	5
		i1_i2c_restartWrite		CODE           	0F06	0000	3
		i1_do_I2C_TX_EMPTY		CODE           	049F	0000	42
		i1_do_I2C_DO_NACK_RESTART		CODE           	0F58	0000	5
		i1_do_I2C_SEND_RESTART_READ		CODE           	0F40	0000	5
		i1_do_I2C_DO_ADDRESS_NACK		CODE           	05A8	0000	36
		i1_i2c_driver_sendNACK		CODE           	0F3C	0000	5
		i1_mssp_clearIRQ		CODE           	0F1D	0000	4
		i1_i2c_driver_isNACK		CODE           	078B	0000	13
		i1_rd1RegCompleteHandler		CODE           	070C	0000	17
		i1_i2c_driver_restart		CODE           	0F0E	0000	4
		i1_i2c_driver_stop		CODE           	0F11	0000	4
		i1_do_I2C_RX   		CODE           	03FD	0000	63
		i1_do_I2C_TX   		CODE           	0329	0000	75
		i1_i2c_ISR     		CODE           	0629	0000	32
		i1_i2c_driver_resetBus		CODE           	0F00	0000	2
		i1_do_I2C_IDLE 		CODE           	0F71	0000	6
		i1_do_I2C_RCEN 		CODE           	0F76	0000	7
		__initialization		CODE           	0029	0000	32
		i1_i2c_driver_getRXData		CODE           	0F17	0000	4
		i1_rd2RegCompleteHandler		CODE           	06FC	0000	17
		i1_i2c_driver_TXData		CODE           	0F6C	0000	6
		i1_i2c_setDataCompleteCallback		CODE           	0797	0000	13
		i1_do_I2C_RESET		CODE           	0FB2	0000	8
		i1_do_I2C_SEND_RESTART_WRITE		CODE           	0F44	0000	5
		i1_do_I2C_DO_ACK		CODE           	0F50	0000	5
		i1_do_I2C_SEND_ADR_WRITE		CODE           	0FB9	0000	8
		i1_wr1RegCompleteHandler		CODE           	071C	0000	17
		i1_do_I2C_SEND_STOP		CODE           	0F4C	0000	5
		i1_i2c_setBuffer		CODE           	074A	0000	15
		i1_rdBlkRegCompleteHandler		CODE           	0665	0000	24
		i1_i2c_driver_startRX		CODE           	0F14	0000	4
		i1_i2c_driver_sendACK		CODE           	0F38	0000	5
		i1_wr2RegCompleteHandler		CODE           	072C	0000	17
		i1_returnStop  		CODE           	0F02	0000	3

shared estimated size: 574

mcc_generated_files/mcc.c
		_OSCILLATOR_Initialize		CODE           	07ED	0000	11
		_SYSTEM_Initialize		CODE           	0F7C	0000	7

mcc_generated_files/mcc.c estimated size: 18

mcc_generated_files/drivers/i2c_master.c
		_i2c_setDataCompleteCallback		CODE           	0772	0000	14
		_returnStop    		CODE           	0F88	0000	7
		_i2c_setBuffer 		CODE           	073C	0000	15
		_i2c_busCollisionISR		CODE           	0F0B	0000	4
		_i2c_ISR       		CODE           	0585	0000	36
		_i2c_close     		CODE           	06D4	0000	23
		_i2c_masterOperation		CODE           	05EB	0000	32
		_do_I2C_TX_EMPTY		CODE           	0472	0000	46
		_setCallBack   		CODE           	053C	0000	38
		_returnReset   		CODE           	0F8E	0000	7
		_do_I2C_SEND_RESTART_WRITE		CODE           	0FD0	0000	9
		_i2c_poller    		CODE           	07A3	0000	12
		_i2c_masterWrite		CODE           	0F64	0000	5
		_do_I2C_DO_NACK_RESTART		CODE           	0FF8	0000	9
		_do_I2C_SEND_RESTART_READ		CODE           	0FC8	0000	9
		_i2c_setAddressNACKCallback		CODE           	0758	0000	14
		_do_I2C_SEND_ADR_WRITE		CODE           	07B9	0000	12
		_do_I2C_SEND_STOP		CODE           	0FE0	0000	9
		_i2c_open      		CODE           	0373	0000	73
		_do_I2C_SEND_ADR_READ		CODE           	077F	0000	13
		_do_I2C_DO_NACK_STOP		CODE           	0FF0	0000	9
		_do_I2C_SEND_RESTART		CODE           	0FD8	0000	9
		_do_I2C_RX     		CODE           	03BB	0000	67
		_do_I2C_TX     		CODE           	028F	0000	79
		_do_I2C_IDLE   		CODE           	07F7	0000	10
		_do_I2C_RCEN   		CODE           	07E3	0000	11
		_do_I2C_DO_ADDRESS_NACK		CODE           	04C8	0000	40
		_do_I2C_RESET  		CODE           	07C4	0000	12
		_do_I2C_DO_ACK 		CODE           	0FE8	0000	9

mcc_generated_files/drivers/i2c_master.c estimated size: 633

C:\Program Files (x86)\Microchip\xc8\v1.45\sources\common\awdiv.c
		___awdiv       		CODE           	023D	0000	83

C:\Program Files (x86)\Microchip\xc8\v1.45\sources\common\awdiv.c estimated size: 83

mcc_generated_files/drivers/i2c_types.c
		_i2c_restartWrite		CODE           	0F82	0000	7

mcc_generated_files/drivers/i2c_types.c estimated size: 7

main.c
		_initializeDisplay		CODE           	0185	0000	95
		_random        		CODE           	0F68	0000	5
		_main          		CODE           	02DD	0000	77
		_writeDisplay  		CODE           	01E3	0000	91
		_drawPixel     		CODE           	004C	0000	183
		_shiftWalls    		CODE           	0102	0000	132
		_clearPixels   		CODE           	06EA	0000	19
		_drawWalls     		CODE           	060A	0000	32
		_reverse       		CODE           	043B	0000	56

main.c estimated size: 690

