Microchip MPLAB XC8 Compiler V1.45 ()

Linker command line:

-W-3 --edf=C:\Program Files (x86)\Microchip\xc8\v1.45\dat\en_msgs.txt -cs \
  -h+dist/default/production\flappy-box-v2.X.production.sym \
  --cmf=dist/default/production\flappy-box-v2.X.production.cmf -z -Q16F1619 \
  -oC:\Users\Zach\AppData\Local\Temp\s4gc.2 \
  -Mdist/default/production/flappy-box-v2.X.production.map -E1 -ver=XC8 \
  -ASTACK=02081h-023efh -pstack=STACK -ACODE=00h-07FFhx4 \
  -ASTRCODE=00h-01FFFh -ASTRING=00h-0FFhx32 -ACONST=00h-0FFhx32 \
  -AENTRY=00h-0FFhx32 -ACOMMON=070h-07Fh -ABANK0=020h-06Fh \
  -ABANK1=0A0h-0EFh -ABANK2=0120h-016Fh -ABANK3=01A0h-01EFh \
  -ABANK4=0220h-026Fh -ABANK5=02A0h-02EFh -ABANK6=0320h-036Fh \
  -ABANK7=03A0h-03EFh -ABANK8=0420h-046Fh -ABANK9=04A0h-04EFh \
  -ABANK10=0520h-056Fh -ABANK11=05A0h-05EFh -ABANK12=0620h-064Fh \
  -ABIGRAM=02000h-023EFh \
  -ARAM=020h-06Fh,0A0h-0EFh,0120h-016Fh,01A0h-01EFh,0220h-026Fh,02A0h-02EFh,0320h-036Fh,03A0h-03EFh,0420h-046Fh,04A0h-04EFh,0520h-056Fh,05A0h-05EFh,0620h-064Fh \
  -AABS1=020h-07Fh,0A0h-0EFh,0120h-016Fh,01A0h-01EFh,0220h-026Fh,02A0h-02EFh,0320h-036Fh,03A0h-03EFh,0420h-046Fh,04A0h-04EFh,0520h-056Fh,05A0h-05EFh,0620h-064Fh \
  -ASFR0=00h-01Fh -ASFR1=080h-09Fh -ASFR2=0100h-011Fh -ASFR3=0180h-019Fh \
  -ASFR4=0200h-021Fh -ASFR5=0280h-029Fh -ASFR6=0300h-031Fh \
  -ASFR7=0380h-039Fh -ASFR8=0400h-041Fh -ASFR9=0480h-049Fh \
  -ASFR10=0500h-051Fh -ASFR11=0580h-059Fh -ASFR12=0600h-061Fh \
  -ASFR13=0680h-06EFh -ASFR14=0700h-076Fh -ASFR15=0780h-07EFh \
  -ASFR16=0800h-086Fh -ASFR17=0880h-08EFh -ASFR18=0900h-096Fh \
  -ASFR19=0980h-09EFh -ASFR20=0A00h-0A6Fh -ASFR21=0A80h-0AEFh \
  -ASFR22=0B00h-0B6Fh -ASFR23=0B80h-0BEFh -ASFR24=0C00h-0C6Fh \
  -ASFR25=0C80h-0CEFh -ASFR26=0D00h-0D6Fh -ASFR27=0D80h-0DEFh \
  -ASFR28=0E00h-0E6Fh -ASFR29=0E80h-0EEFh -ASFR30=0F00h-0F6Fh \
  -ASFR31=0F80h-0FEFh -preset_vec=00h,intentry=04h,init,end_init \
  -ppowerup=CODE -pcinit=CODE -pfunctab=ENTRY -ACONFIG=08007h-08009h \
  -pconfig=CONFIG -DCONFIG=2 -AIDLOC=08000h-08003h -pidloc=IDLOC -DIDLOC=2 \
  -DCODE=2 -DSTRCODE=2 -DSTRING=2 -DCONST=2 -DENTRY=2 -k \
  C:\Users\Zach\AppData\Local\Temp\s4gc.obj \
  dist/default/production\flappy-box-v2.X.production.obj 

Object code version is 3.11

Machine type is 16F1619



                Name                               Link     Load   Length Selector   Space Scale
C:\Users\Zach\AppData\Local\Temp\s4gc.obj
                end_init                             27       27        2        8       0
                reset_vec                             0        0        2        0       0
                config                             8007     8007        3    1000E       0
dist/default/production\flappy-box-v2.X.production.obj
                cinit                                29       29       23        8       0
                intentry                              4        4       23        8       0
                text101                             7DB      7DB        3        8       0
                text100                             7D8      7D8        3        8       0
                text99                              7AA      7AA        4        8       0
                text98                              7D5      7D5        3        8       0
                text97                              7D2      7D2        3        8       0
                text96                              637      637        E        8       0
                text95                              47F      47F       24        8       0
                text94                              684      684        C        8       0
                text93                              619      619       10        8       0
                text92                              7E2      7E2        2        8       0
                text91                              7E0      7E0        2        8       0
                text90                              7DE      7DE        2        8       0
                text89                              609      609       10        8       0
                text88                              5F9      5F9       10        8       0
                text87                              5E9      5E9       10        8       0
                text86                              564      564       17        8       0
                text85                              7CF      7CF        3        8       0
                text84                              7E5      7E5        1        8       0
                text83                              7A6      7A6        4        8       0
                text82                              7CC      7CC        3        8       0
                text81                              779      779        5        8       0
                text80                              678      678        C        8       0
                text79                              7C9      7C9        3        8       0
                text78                              3BD      3BD       29        8       0
                text77                              731      731        7        8       0
                text76                              774      774        5        8       0
                text75                              7A2      7A2        4        8       0
                text74                              79E      79E        4        8       0
                text73                              79A      79A        4        8       0
                text72                              796      796        4        8       0
                text71                              71B      71B        8        8       0
                text70                              72A      72A        7        8       0
                text69                              76E      76E        6        8       0
                text68                              792      792        4        8       0
                text67                              78E      78E        4        8       0
                text66                              78A      78A        4        8       0
                text65                              4C6      4C6       23        8       0
                text64                              27E      27E       4A        8       0
                text63                              352      352       3E        8       0
                text62                              7C6      7C6        3        8       0
                text61                              528      528       1F        8       0
                text59                              723      723        7        8       0
                text58                              40D      40D       27        8       0
                text57                              768      768        6        8       0
                text56                               4C       4C       B6        8       0
                text55                              1DE      1DE       52        8       0
                text54                              7C3      7C3        3        8       0
                text53                              7C0      7C0        3        8       0
                text52                              5D3      5D3       16        8       0
                text51                              7BD      7BD        3        8       0
                text50                              786      786        4        8       0
                text49                              7BA      7BA        3        8       0
                text48                              7B7      7B7        3        8       0
                text47                              629      629        E        8       0
                text46                              45A      45A       25        8       0
                text45                              65F      65F        D        8       0
                text44                              5BD      5BD       16        8       0
                text43                              762      762        6        8       0
                text42                              75C      75C        6        8       0
                text41                              756      756        6        8       0
                text40                              5A7      5A7       16        8       0
                text39                              591      591       16        8       0
                text38                              57B      57B       16        8       0
                text37                              547      547       1D        8       0
                text36                              7B4      7B4        3        8       0
                text35                              7E4      7E4        1        8       0
                text34                              782      782        4        8       0
                text33                              7B1      7B1        3        8       0
                text32                              750      750        6        8       0
                text31                              652      652        D        8       0
                text30                              7AE      7AE        3        8       0
                text29                              390      390       2D        8       0
                text28                              6B1      6B1        B        8       0
                text27                              6DA      6DA        9        8       0
                text26                              713      713        8        8       0
                text25                              70B      70B        8        8       0
                text24                              703      703        8        8       0
                text23                              6FB      6FB        8        8       0
                text22                              66C      66C        C        8       0
                text21                              6A6      6A6        B        8       0
                text20                              6D0      6D0        A        8       0
                text19                              6F3      6F3        8        8       0
                text18                              6EB      6EB        8        8       0
                text17                              6E3      6E3        8        8       0
                text16                              3E6      3E6       27        8       0
                text15                              230      230       4E        8       0
                text14                              310      310       42        8       0
                text13                              4A3      4A3       23        8       0
                text12                              69B      69B        B        8       0
                text11                              690      690        B        8       0
                text10                              6C6      6C6        A        8       0
                text9                               509      509       1F        8       0
                text8                               77E      77E        4        8       0
                text7                               6BC      6BC        A        8       0
                text6                               74A      74A        6        8       0
                text5                               744      744        6        8       0
                text4                               2C8      2C8       48        8       0
                text3                               645      645        D        8       0
                text2                               434      434       26        8       0
                text1                               184      184       5A        8       0
                maintext                            102      102       82        8       0
                cstackBANK0                          4D       4D       1B       20       1
                cstackCOMMON                         70       70        A       70       1
                clrtext                             73E      73E        6        8       0
                inittext                            738      738        6        8       0
                dataBANK1                            A0       A0       20       A0       1
                bssBANK1                             C0       C0       11       A0       1
                bssBANK0                             20       20       2D       20       1
                bssCOMMON                            7A       7A        4       70       1
                idataBANK1                          4E9      4E9       20        8       0

TOTAL           Name                               Link     Load   Length     Space
        CLASS   STACK          

        CLASS   CODE           
                end_init                             27       27        2         0
                cinit                                29       29       23         0
                intentry                              4        4       23         0
                reset_vec                             0        0        2         0
                text101                             7DB      7DB        3         0
                text100                             7D8      7D8        3         0
                text99                              7AA      7AA        4         0
                text98                              7D5      7D5        3         0
                text97                              7D2      7D2        3         0
                text96                              637      637        E         0
                text95                              47F      47F       24         0
                text94                              684      684        C         0
                text93                              619      619       10         0
                text92                              7E2      7E2        2         0
                text91                              7E0      7E0        2         0
                text90                              7DE      7DE        2         0
                text89                              609      609       10         0
                text88                              5F9      5F9       10         0
                text87                              5E9      5E9       10         0
                text86                              564      564       17         0
                text85                              7CF      7CF        3         0
                text84                              7E5      7E5        1         0
                text83                              7A6      7A6        4         0
                text82                              7CC      7CC        3         0
                text81                              779      779        5         0
                text80                              678      678        C         0
                text79                              7C9      7C9        3         0
                text78                              3BD      3BD       29         0
                text77                              731      731        7         0
                text76                              774      774        5         0
                text75                              7A2      7A2        4         0
                text74                              79E      79E        4         0
                text73                              79A      79A        4         0
                text72                              796      796        4         0
                text71                              71B      71B        8         0
                text70                              72A      72A        7         0
                text69                              76E      76E        6         0
                text68                              792      792        4         0
                text67                              78E      78E        4         0
                text66                              78A      78A        4         0
                text65                              4C6      4C6       23         0
                text64                              27E      27E       4A         0
                text63                              352      352       3E         0
                text62                              7C6      7C6        3         0
                text61                              528      528       1F         0
                text59                              723      723        7         0
                text58                              40D      40D       27         0
                text57                              768      768        6         0
                text56                               4C       4C       B6         0
                text55                              1DE      1DE       52         0
                text54                              7C3      7C3        3         0
                text53                              7C0      7C0        3         0
                text52                              5D3      5D3       16         0
                text51                              7BD      7BD        3         0
                text50                              786      786        4         0
                text49                              7BA      7BA        3         0
                text48                              7B7      7B7        3         0
                text47                              629      629        E         0
                text46                              45A      45A       25         0
                text45                              65F      65F        D         0
                text44                              5BD      5BD       16         0
                text43                              762      762        6         0
                text42                              75C      75C        6         0
                text41                              756      756        6         0
                text40                              5A7      5A7       16         0
                text39                              591      591       16         0
                text38                              57B      57B       16         0
                text37                              547      547       1D         0
                text36                              7B4      7B4        3         0
                text35                              7E4      7E4        1         0
                text34                              782      782        4         0
                text33                              7B1      7B1        3         0
                text32                              750      750        6         0
                text31                              652      652        D         0
                text30                              7AE      7AE        3         0
                text29                              390      390       2D         0
                text28                              6B1      6B1        B         0
                text27                              6DA      6DA        9         0
                text26                              713      713        8         0
                text25                              70B      70B        8         0
                text24                              703      703        8         0
                text23                              6FB      6FB        8         0
                text22                              66C      66C        C         0
                text21                              6A6      6A6        B         0
                text20                              6D0      6D0        A         0
                text19                              6F3      6F3        8         0
                text18                              6EB      6EB        8         0
                text17                              6E3      6E3        8         0
                text16                              3E6      3E6       27         0
                text15                              230      230       4E         0
                text14                              310      310       42         0
                text13                              4A3      4A3       23         0
                text12                              69B      69B        B         0
                text11                              690      690        B         0
                text10                              6C6      6C6        A         0
                text9                               509      509       1F         0
                text8                               77E      77E        4         0
                text7                               6BC      6BC        A         0
                text6                               74A      74A        6         0
                text5                               744      744        6         0
                text4                               2C8      2C8       48         0
                text3                               645      645        D         0
                text2                               434      434       26         0
                text1                               184      184       5A         0
                maintext                            102      102       82         0
                clrtext                             73E      73E        6         0
                inittext                            738      738        6         0
                idataBANK1                          4E9      4E9       20         0

        CLASS   STRCODE        

        CLASS   STRING         

        CLASS   CONST          

        CLASS   ENTRY          

        CLASS   COMMON         
                cstackCOMMON                         70       70        A         1
                bssCOMMON                            7A       7A        4         1

        CLASS   BANK0          
                cstackBANK0                          4D       4D       1B         1
                bssBANK0                             20       20       2D         1

        CLASS   BANK1          
                dataBANK1                            A0       A0       20         1
                bssBANK1                             C0       C0       11         1

        CLASS   BANK2          

        CLASS   BANK3          

        CLASS   BANK4          

        CLASS   BANK5          

        CLASS   BANK6          

        CLASS   BANK7          

        CLASS   BANK8          

        CLASS   BANK9          

        CLASS   BANK10         

        CLASS   BANK11         

        CLASS   BANK12         

        CLASS   BIGRAM         

        CLASS   RAM            

        CLASS   ABS1           
                abs_s1                               7E       7E        2         1

        CLASS   SFR0           

        CLASS   SFR1           

        CLASS   SFR2           

        CLASS   SFR3           

        CLASS   SFR4           

        CLASS   SFR5           

        CLASS   SFR6           

        CLASS   SFR7           

        CLASS   SFR8           

        CLASS   SFR9           

        CLASS   SFR10          

        CLASS   SFR11          

        CLASS   SFR12          

        CLASS   SFR13          

        CLASS   SFR14          

        CLASS   SFR15          

        CLASS   SFR16          

        CLASS   SFR17          

        CLASS   SFR18          

        CLASS   SFR19          

        CLASS   SFR20          

        CLASS   SFR21          

        CLASS   SFR22          

        CLASS   SFR23          

        CLASS   SFR24          

        CLASS   SFR25          

        CLASS   SFR26          

        CLASS   SFR27          

        CLASS   SFR28          

        CLASS   SFR29          

        CLASS   SFR30          

        CLASS   SFR31          

        CLASS   CONFIG         
                config                             8007     8007        3         0

        CLASS   IDLOC          

        CLASS   BANK31         

        CLASS   BANK30         

        CLASS   BANK29         

        CLASS   BANK28         

        CLASS   BANK27         

        CLASS   BANK26         

        CLASS   BANK25         

        CLASS   BANK24         

        CLASS   BANK23         

        CLASS   BANK22         

        CLASS   BANK21         

        CLASS   BANK20         

        CLASS   BANK19         

        CLASS   BANK18         

        CLASS   BANK17         

        CLASS   BANK16         

        CLASS   BANK15         

        CLASS   BANK14         

        CLASS   BANK13         

        CLASS   EEDATA         



SEGMENTS        Name                           Load    Length   Top    Selector   Space  Class     Delta

                reset_vec                      000000  000002  000002         0       0  CODE        2
                intentry                       000004  0007E2  0007E6         8       0  CODE        2
                bssBANK0                       000020  000048  000068        20       1  BANK0       1
                cstackCOMMON                   000070  00000E  00007E        70       1  COMMON      1
                dataBANK1                      0000A0  000031  0000D1        A0       1  BANK1       1
                config                         008007  000003  00800A     1000E       0  CONFIG      2


UNUSED ADDRESS RANGES

        Name                Unused          Largest block    Delta
        BANK0            00068-0006F               8           1
        BANK1            000D1-000EF              1F           1
        BANK10           00520-0056F              50           1
        BANK11           005A0-005EF              50           1
        BANK12           00620-0064F              30           1
        BANK2            00120-0016F              50           1
        BANK3            001A0-001EF              50           1
        BANK4            00220-0026F              50           1
        BANK5            002A0-002EF              50           1
        BANK6            00320-0036F              50           1
        BANK7            003A0-003EF              50           1
        BANK8            00420-0046F              50           1
        BANK9            004A0-004EF              50           1
        BIGRAM           02000-023EF             3F0           1
        CODE             00002-00003               2           2
                         007E6-01FFF             800
        CONST            00002-00003               2           2
                         007E6-01FFF             100
        ENTRY            00002-00003               2           2
                         007E6-01FFF             100
        IDLOC            08000-08003               4           2
        RAM              00068-0006F               8           1
                         000D1-000EF              1F
                         00120-0016F              50
                         001A0-001EF              50
                         00220-0026F              50
                         002A0-002EF              50
                         00320-0036F              50
                         003A0-003EF              50
                         00420-0046F              50
                         004A0-004EF              50
                         00520-0056F              50
                         005A0-005EF              50
                         00620-0064F              30
        SFR0             00000-0001F              20           1
        SFR1             00080-0009F              20           1
        SFR10            00500-0051F              20           1
        SFR11            00580-0059F              20           1
        SFR12            00600-0061F              20           1
        SFR13            00680-006EF              70           1
        SFR14            00700-0076F              70           1
        SFR15            00780-007EF              70           1
        SFR16            00800-0086F              70           1
        SFR17            00880-008EF              70           1
        SFR18            00900-0096F              70           1
        SFR19            00980-009EF              70           1
        SFR2             00100-0011F              20           1
        SFR20            00A00-00A6F              70           1
        SFR21            00A80-00AEF              70           1
        SFR22            00B00-00B6F              70           1
        SFR23            00B80-00BEF              70           1
        SFR24            00C00-00C6F              70           1
        SFR25            00C80-00CEF              70           1
        SFR26            00D00-00D6F              70           1
        SFR27            00D80-00DEF              70           1
        SFR28            00E00-00E6F              70           1
        SFR29            00E80-00EEF              70           1
        SFR3             00180-0019F              20           1
        SFR30            00F00-00F6F              70           1
        SFR31            00F80-00FEF              70           1
        SFR4             00200-0021F              20           1
        SFR5             00280-0029F              20           1
        SFR6             00300-0031F              20           1
        SFR7             00380-0039F              20           1
        SFR8             00400-0041F              20           1
        SFR9             00480-0049F              20           1
        STACK            02081-023EF             36F           1
        STRCODE          00002-00003               2           2
                         007E6-01FFF            181A
        STRING           00002-00003               2           2
                         007E6-01FFF             100

                                  Symbol Table

?___awdiv                               cstackBANK0  0004D
_ANSELA                                 (abs)        0018C
_ANSELB                                 (abs)        0018D
_ANSELC                                 (abs)        0018E
_BORCON                                 (abs)        00116
_INTCONbits                             (abs)        0000B
_INTERRUPT_InterruptManager             intentry     00004
_LATA                                   (abs)        0010C
_LATB                                   (abs)        0010D
_LATC                                   (abs)        0010E
_ODCONA                                 (abs)        0028C
_ODCONB                                 (abs)        0028D
_ODCONC                                 (abs)        0028E
_OPTION_REGbits                         (abs)        00095
_OSCCON                                 (abs)        00099
_OSCILLATOR_Initialize                  text59       00723
_OSCTUNE                                (abs)        00098
_PIE1bits                               (abs)        00090
_PIE2bits                               (abs)        00091
_PIN_MANAGER_Initialize                 text58       0040D
_PIR1bits                               (abs)        00010
_PIR2bits                               (abs)        00011
_RB4PPS                                 (abs)        00E9C
_RB6PPS                                 (abs)        00E9E
_SSP1ADD                                (abs)        00212
_SSP1BUF                                (abs)        00211
_SSP1CON1                               (abs)        00215
_SSP1CON1bits                           (abs)        00215
_SSP1CON2                               (abs)        00216
_SSP1CON2bits                           (abs)        00216
_SSP1MSK                                (abs)        00213
_SSP1STAT                               (abs)        00214
_SSP1STATbits                           (abs)        00214
_SSPCLKPPS                              (abs)        00E20
_SSPDATPPS                              (abs)        00E21
_SYSTEM_Initialize                      text57       00768
_TRISA                                  (abs)        0008C
_TRISB                                  (abs)        0008D
_TRISC                                  (abs)        0008E
_WPUA                                   (abs)        0020C
_WPUB                                   (abs)        0020D
_WPUC                                   (abs)        0020E
__CFG_BOREN$ON                          (abs)        00000
__CFG_BORV$LO                           (abs)        00000
__CFG_CLKOUTEN$OFF                      (abs)        00000
__CFG_CP$OFF                            (abs)        00000
__CFG_FCMEN$ON                          (abs)        00000
__CFG_FOSC$INTOSC                       (abs)        00000
__CFG_IESO$ON                           (abs)        00000
__CFG_LPBOR$OFF                         (abs)        00000
__CFG_LVP$ON                            (abs)        00000
__CFG_MCLRE$ON                          (abs)        00000
__CFG_PLLEN$ON                          (abs)        00000
__CFG_PPS1WAY$ON                        (abs)        00000
__CFG_PWRTE$OFF                         (abs)        00000
__CFG_STVREN$ON                         (abs)        00000
__CFG_WDTCCS$SWC                        (abs)        00000
__CFG_WDTCPS$WDTCPS1F                   (abs)        00000
__CFG_WDTCWS$WDTCWSSW                   (abs)        00000
__CFG_WDTE$OFF                          (abs)        00000
__CFG_WRT$OFF                           (abs)        00000
__CFG_ZCD$OFF                           (abs)        00000
__Habs1                                 abs1         00000
__Hbank0                                bank0        00000
__Hbank1                                bank1        00000
__Hbank10                               bank10       00000
__Hbank11                               bank11       00000
__Hbank12                               bank12       00000
__Hbank13                               bank13       00000
__Hbank14                               bank14       00000
__Hbank15                               bank15       00000
__Hbank16                               bank16       00000
__Hbank17                               bank17       00000
__Hbank18                               bank18       00000
__Hbank19                               bank19       00000
__Hbank2                                bank2        00000
__Hbank20                               bank20       00000
__Hbank21                               bank21       00000
__Hbank22                               bank22       00000
__Hbank23                               bank23       00000
__Hbank24                               bank24       00000
__Hbank25                               bank25       00000
__Hbank26                               bank26       00000
__Hbank27                               bank27       00000
__Hbank28                               bank28       00000
__Hbank29                               bank29       00000
__Hbank3                                bank3        00000
__Hbank30                               bank30       00000
__Hbank31                               bank31       00000
__Hbank4                                bank4        00000
__Hbank5                                bank5        00000
__Hbank6                                bank6        00000
__Hbank7                                bank7        00000
__Hbank8                                bank8        00000
__Hbank9                                bank9        00000
__Hbigram                               bigram       00000
__HbssBANK0                             bssBANK0     00000
__HbssBANK1                             bssBANK1     00000
__HbssCOMMON                            bssCOMMON    00000
__Hcinit                                cinit        0004C
__Hclrtext                              clrtext      00000
__Hcode                                 code         00000
__Hcommon                               common       00000
__Hconfig                               config       0800A
__HcstackBANK0                          cstackBANK0  00000
__HcstackCOMMON                         cstackCOMMON 00000
__HdataBANK1                            dataBANK1    00000
__Heeprom_data                          eeprom_data  00000
__Hend_init                             end_init     00029
__Hfunctab                              functab      00000
__HidataBANK1                           idataBANK1   00000
__Hidloc                                idloc        00000
__Hinit                                 init         00027
__Hinittext                             inittext     00000
__Hintentry                             intentry     00027
__Hmaintext                             maintext     00000
__Hpowerup                              powerup      00000
__Hram                                  ram          00000
__Hreset_vec                            reset_vec    00002
__Hsfr0                                 sfr0         00000
__Hsfr1                                 sfr1         00000
__Hsfr10                                sfr10        00000
__Hsfr11                                sfr11        00000
__Hsfr12                                sfr12        00000
__Hsfr13                                sfr13        00000
__Hsfr14                                sfr14        00000
__Hsfr15                                sfr15        00000
__Hsfr16                                sfr16        00000
__Hsfr17                                sfr17        00000
__Hsfr18                                sfr18        00000
__Hsfr19                                sfr19        00000
__Hsfr2                                 sfr2         00000
__Hsfr20                                sfr20        00000
__Hsfr21                                sfr21        00000
__Hsfr22                                sfr22        00000
__Hsfr23                                sfr23        00000
__Hsfr24                                sfr24        00000
__Hsfr25                                sfr25        00000
__Hsfr26                                sfr26        00000
__Hsfr27                                sfr27        00000
__Hsfr28                                sfr28        00000
__Hsfr29                                sfr29        00000
__Hsfr3                                 sfr3         00000
__Hsfr30                                sfr30        00000
__Hsfr31                                sfr31        00000
__Hsfr4                                 sfr4         00000
__Hsfr5                                 sfr5         00000
__Hsfr6                                 sfr6         00000
__Hsfr7                                 sfr7         00000
__Hsfr8                                 sfr8         00000
__Hsfr9                                 sfr9         00000
__Hspace_0                              (abs)        0800A
__Hspace_1                              (abs)        000D1
__Hspace_2                              (abs)        00000
__Hspace_3                              (abs)        00000
__Hstack                                stack        00000
__Hstrings                              strings      00000
__Htext                                 text         00000
__Labs1                                 abs1         00000
__Lbank0                                bank0        00000
__Lbank1                                bank1        00000
__Lbank10                               bank10       00000
__Lbank11                               bank11       00000
__Lbank12                               bank12       00000
__Lbank13                               bank13       00000
__Lbank14                               bank14       00000
__Lbank15                               bank15       00000
__Lbank16                               bank16       00000
__Lbank17                               bank17       00000
__Lbank18                               bank18       00000
__Lbank19                               bank19       00000
__Lbank2                                bank2        00000
__Lbank20                               bank20       00000
__Lbank21                               bank21       00000
__Lbank22                               bank22       00000
__Lbank23                               bank23       00000
__Lbank24                               bank24       00000
__Lbank25                               bank25       00000
__Lbank26                               bank26       00000
__Lbank27                               bank27       00000
__Lbank28                               bank28       00000
__Lbank29                               bank29       00000
__Lbank3                                bank3        00000
__Lbank30                               bank30       00000
__Lbank31                               bank31       00000
__Lbank4                                bank4        00000
__Lbank5                                bank5        00000
__Lbank6                                bank6        00000
__Lbank7                                bank7        00000
__Lbank8                                bank8        00000
__Lbank9                                bank9        00000
__Lbigram                               bigram       00000
__LbssBANK0                             bssBANK0     00000
__LbssBANK1                             bssBANK1     00000
__LbssCOMMON                            bssCOMMON    00000
__Lcinit                                cinit        00029
__Lclrtext                              clrtext      00000
__Lcode                                 code         00000
__Lcommon                               common       00000
__Lconfig                               config       08007
__LcstackBANK0                          cstackBANK0  00000
__LcstackCOMMON                         cstackCOMMON 00000
__LdataBANK1                            dataBANK1    00000
__Leeprom_data                          eeprom_data  00000
__Lend_init                             end_init     00027
__Lfunctab                              functab      00000
__LidataBANK1                           idataBANK1   00000
__Lidloc                                idloc        00000
__Linit                                 init         00027
__Linittext                             inittext     00000
__Lintentry                             intentry     00004
__Lmaintext                             maintext     00000
__Lpowerup                              powerup      00000
__Lram                                  ram          00000
__Lreset_vec                            reset_vec    00000
__Lsfr0                                 sfr0         00000
__Lsfr1                                 sfr1         00000
__Lsfr10                                sfr10        00000
__Lsfr11                                sfr11        00000
__Lsfr12                                sfr12        00000
__Lsfr13                                sfr13        00000
__Lsfr14                                sfr14        00000
__Lsfr15                                sfr15        00000
__Lsfr16                                sfr16        00000
__Lsfr17                                sfr17        00000
__Lsfr18                                sfr18        00000
__Lsfr19                                sfr19        00000
__Lsfr2                                 sfr2         00000
__Lsfr20                                sfr20        00000
__Lsfr21                                sfr21        00000
__Lsfr22                                sfr22        00000
__Lsfr23                                sfr23        00000
__Lsfr24                                sfr24        00000
__Lsfr25                                sfr25        00000
__Lsfr26                                sfr26        00000
__Lsfr27                                sfr27        00000
__Lsfr28                                sfr28        00000
__Lsfr29                                sfr29        00000
__Lsfr3                                 sfr3         00000
__Lsfr30                                sfr30        00000
__Lsfr31                                sfr31        00000
__Lsfr4                                 sfr4         00000
__Lsfr5                                 sfr5         00000
__Lsfr6                                 sfr6         00000
__Lsfr7                                 sfr7         00000
__Lsfr8                                 sfr8         00000
__Lsfr9                                 sfr9         00000
__Lspace_0                              (abs)        00000
__Lspace_1                              (abs)        00000
__Lspace_2                              (abs)        00000
__Lspace_3                              (abs)        00000
__Lstack                                stack        00000
__Lstrings                              strings      00000
__Ltext                                 text         00000
__S0                                    (abs)        0800A
__S1                                    (abs)        000D1
__S2                                    (abs)        00000
___awdiv                                text55       001DE
___awdiv@counter                        cstackBANK0  00052
___awdiv@dividend                       cstackBANK0  0004F
___awdiv@divisor                        cstackBANK0  0004D
___awdiv@quotient                       cstackBANK0  00054
___awdiv@sign                           cstackBANK0  00053
___int_sp                               stack        00000
___latbits                              (abs)        00002
___sp                                   stack        00000
__end_of_INTERRUPT_InterruptManager     intentry     00027
__end_of_OSCILLATOR_Initialize          text59       0072A
__end_of_PIN_MANAGER_Initialize         text58       00434
__end_of_SYSTEM_Initialize              text57       0076E
__end_of___awdiv                        text55       00230
__end_of__initialization                cinit        00048
__end_of_do_I2C_DO_ACK                  text19       006FB
__end_of_do_I2C_DO_ADDRESS_NACK         text16       0040D
__end_of_do_I2C_DO_NACK_RESTART         text17       006EB
__end_of_do_I2C_DO_NACK_STOP            text18       006F3
__end_of_do_I2C_IDLE                    text27       006E3
__end_of_do_I2C_RCEN                    text20       006DA
__end_of_do_I2C_RESET                   text28       006BC
__end_of_do_I2C_RX                      text14       00352
__end_of_do_I2C_SEND_ADR_READ           text22       00678
__end_of_do_I2C_SEND_ADR_WRITE          text21       006B1
__end_of_do_I2C_SEND_RESTART            text24       0070B
__end_of_do_I2C_SEND_RESTART_READ       text26       0071B
__end_of_do_I2C_SEND_RESTART_WRITE      text25       00713
__end_of_do_I2C_SEND_STOP               text23       00703
__end_of_do_I2C_TX                      text15       0027E
__end_of_do_I2C_TX_EMPTY                text29       003BD
__end_of_drawPixel                      text56       00102
__end_of_i2c_ISR                        text13       004C6
__end_of_i2c_busCollisionISR            text100      007DB
__end_of_i2c_close                      text52       005E9
__end_of_i2c_driver_TXData              text32       00756
__end_of_i2c_driver_clearBusCollision   text101      007DE
__end_of_i2c_driver_getRXData           text33       007B4
__end_of_i2c_driver_isNACK              text31       0065F
__end_of_i2c_driver_open                text7        006C6
__end_of_i2c_driver_resetBus            text35       007E5
__end_of_i2c_driver_restart             text49       007BD
__end_of_i2c_driver_sendACK             text50       0078A
__end_of_i2c_driver_sendNACK            text34       00786
__end_of_i2c_driver_setBusCollisionISR  text6        00750
__end_of_i2c_driver_setI2cISR           text5        0074A
__end_of_i2c_driver_start               text51       007C0
__end_of_i2c_driver_startRX             text36       007B7
__end_of_i2c_driver_stop                text48       007BA
__end_of_i2c_masterOperation            text9        00528
__end_of_i2c_masterWrite                text8        00782
__end_of_i2c_open                       text4        00310
__end_of_i2c_poller                     text11       0069B
__end_of_i2c_restartWrite               text41       0075C
__end_of_i2c_setAddressNACKCallback     text3        00652
__end_of_i2c_setBuffer                  text47       00637
__end_of_i2c_setDataCompleteCallback    text45       0066C
__end_of_i2c_writeNBytes                text2        0045A
__end_of_main                           maintext     00184
__end_of_mssp_IRQisEnabled              text10       006D0
__end_of_mssp_clearIRQ                  text54       007C6
__end_of_mssp_disableIRQ                text53       007C3
__end_of_mssp_setIRQ                    text30       007B1
__end_of_mssp_waitForEvent              text12       006A6
__end_of_rd1RegCompleteHandler          text39       005A7
__end_of_rd2RegCompleteHandler          text38       00591
__end_of_rdBlkRegCompleteHandler        text37       00564
__end_of_returnReset                    text42       00762
__end_of_returnStop                     text43       00768
__end_of_setCallBack                    text46       0047F
__end_of_wr1RegCompleteHandler          text40       005BD
__end_of_wr2RegCompleteHandler          text44       005D3
__end_of_writeDisplay                   text1        001DE
__end_ofi1_do_I2C_DO_ACK                text68       00796
__end_ofi1_do_I2C_DO_ADDRESS_NACK       text65       004E9
__end_ofi1_do_I2C_DO_NACK_RESTART       text66       0078E
__end_ofi1_do_I2C_DO_NACK_STOP          text67       00792
__end_ofi1_do_I2C_IDLE                  text76       00779
__end_ofi1_do_I2C_RCEN                  text69       00774
__end_ofi1_do_I2C_RESET                 text77       00738
__end_ofi1_do_I2C_RX                    text63       00390
__end_ofi1_do_I2C_SEND_ADR_READ         text71       00723
__end_ofi1_do_I2C_SEND_ADR_WRITE        text70       00731
__end_ofi1_do_I2C_SEND_RESTART          text73       0079E
__end_ofi1_do_I2C_SEND_RESTART_READ     text75       007A6
__end_ofi1_do_I2C_SEND_RESTART_WRITE    text74       007A2
__end_ofi1_do_I2C_SEND_STOP             text72       0079A
__end_ofi1_do_I2C_TX                    text64       002C8
__end_ofi1_do_I2C_TX_EMPTY              text78       003E6
__end_ofi1_i2c_ISR                      text61       00547
__end_ofi1_i2c_driver_TXData            text81       0077E
__end_ofi1_i2c_driver_getRXData         text82       007CF
__end_ofi1_i2c_driver_isNACK            text80       00684
__end_ofi1_i2c_driver_resetBus          text84       007E6
__end_ofi1_i2c_driver_restart           text98       007D8
__end_ofi1_i2c_driver_sendACK           text99       007AE
__end_ofi1_i2c_driver_sendNACK          text83       007AA
__end_ofi1_i2c_driver_startRX           text85       007D2
__end_ofi1_i2c_driver_stop              text97       007D5
__end_ofi1_i2c_restartWrite             text90       007E0
__end_ofi1_i2c_setBuffer                text96       00645
__end_ofi1_i2c_setDataCompleteCallback  text94       00690
__end_ofi1_mssp_clearIRQ                text62       007C9
__end_ofi1_mssp_setIRQ                  text79       007CC
__end_ofi1_rd1RegCompleteHandler        text88       00609
__end_ofi1_rd2RegCompleteHandler        text87       005F9
__end_ofi1_rdBlkRegCompleteHandler      text86       0057B
__end_ofi1_returnReset                  text91       007E2
__end_ofi1_returnStop                   text92       007E4
__end_ofi1_setCallBack                  text95       004A3
__end_ofi1_wr1RegCompleteHandler        text89       00619
__end_ofi1_wr2RegCompleteHandler        text93       00629
__initialization                        cinit        00029
__pbssBANK0                             bssBANK0     00020
__pbssBANK1                             bssBANK1     000C0
__pbssCOMMON                            bssCOMMON    0007A
__pcstackBANK0                          cstackBANK0  0004D
__pcstackCOMMON                         cstackCOMMON 00070
__pdataBANK1                            dataBANK1    000A0
__pidataBANK1                           idataBANK1   004E9
__pintentry                             intentry     00004
__pmaintext                             maintext     00102
__ptext1                                text1        00184
__ptext10                               text10       006C6
__ptext100                              text100      007D8
__ptext101                              text101      007DB
__ptext11                               text11       00690
__ptext12                               text12       0069B
__ptext13                               text13       004A3
__ptext14                               text14       00310
__ptext15                               text15       00230
__ptext16                               text16       003E6
__ptext17                               text17       006E3
__ptext18                               text18       006EB
__ptext19                               text19       006F3
__ptext2                                text2        00434
__ptext20                               text20       006D0
__ptext21                               text21       006A6
__ptext22                               text22       0066C
__ptext23                               text23       006FB
__ptext24                               text24       00703
__ptext25                               text25       0070B
__ptext26                               text26       00713
__ptext27                               text27       006DA
__ptext28                               text28       006B1
__ptext29                               text29       00390
__ptext3                                text3        00645
__ptext30                               text30       007AE
__ptext31                               text31       00652
__ptext32                               text32       00750
__ptext33                               text33       007B1
__ptext34                               text34       00782
__ptext35                               text35       007E4
__ptext36                               text36       007B4
__ptext37                               text37       00547
__ptext38                               text38       0057B
__ptext39                               text39       00591
__ptext4                                text4        002C8
__ptext40                               text40       005A7
__ptext41                               text41       00756
__ptext42                               text42       0075C
__ptext43                               text43       00762
__ptext44                               text44       005BD
__ptext45                               text45       0065F
__ptext46                               text46       0045A
__ptext47                               text47       00629
__ptext48                               text48       007B7
__ptext49                               text49       007BA
__ptext5                                text5        00744
__ptext50                               text50       00786
__ptext51                               text51       007BD
__ptext52                               text52       005D3
__ptext53                               text53       007C0
__ptext54                               text54       007C3
__ptext55                               text55       001DE
__ptext56                               text56       0004C
__ptext57                               text57       00768
__ptext58                               text58       0040D
__ptext59                               text59       00723
__ptext6                                text6        0074A
__ptext61                               text61       00528
__ptext62                               text62       007C6
__ptext63                               text63       00352
__ptext64                               text64       0027E
__ptext65                               text65       004C6
__ptext66                               text66       0078A
__ptext67                               text67       0078E
__ptext68                               text68       00792
__ptext69                               text69       0076E
__ptext7                                text7        006BC
__ptext70                               text70       0072A
__ptext71                               text71       0071B
__ptext72                               text72       00796
__ptext73                               text73       0079A
__ptext74                               text74       0079E
__ptext75                               text75       007A2
__ptext76                               text76       00774
__ptext77                               text77       00731
__ptext78                               text78       003BD
__ptext79                               text79       007C9
__ptext8                                text8        0077E
__ptext80                               text80       00678
__ptext81                               text81       00779
__ptext82                               text82       007CC
__ptext83                               text83       007A6
__ptext84                               text84       007E5
__ptext85                               text85       007CF
__ptext86                               text86       00564
__ptext87                               text87       005E9
__ptext88                               text88       005F9
__ptext89                               text89       00609
__ptext9                                text9        00509
__ptext90                               text90       007DE
__ptext91                               text91       007E0
__ptext92                               text92       007E2
__ptext93                               text93       00619
__ptext94                               text94       00684
__ptext95                               text95       0047F
__ptext96                               text96       00637
__ptext97                               text97       007D2
__ptext98                               text98       007D5
__ptext99                               text99       007AA
__size_of_INTERRUPT_InterruptManager    (abs)        00000
__size_of_OSCILLATOR_Initialize         (abs)        00000
__size_of_PIN_MANAGER_Initialize        (abs)        00000
__size_of_SYSTEM_Initialize             (abs)        00000
__size_of___awdiv                       (abs)        00000
__size_of_do_I2C_DO_ACK                 (abs)        00000
__size_of_do_I2C_DO_ADDRESS_NACK        (abs)        00000
__size_of_do_I2C_DO_NACK_RESTART        (abs)        00000
__size_of_do_I2C_DO_NACK_STOP           (abs)        00000
__size_of_do_I2C_IDLE                   (abs)        00000
__size_of_do_I2C_RCEN                   (abs)        00000
__size_of_do_I2C_RESET                  (abs)        00000
__size_of_do_I2C_RX                     (abs)        00000
__size_of_do_I2C_SEND_ADR_READ          (abs)        00000
__size_of_do_I2C_SEND_ADR_WRITE         (abs)        00000
__size_of_do_I2C_SEND_RESTART           (abs)        00000
__size_of_do_I2C_SEND_RESTART_READ      (abs)        00000
__size_of_do_I2C_SEND_RESTART_WRITE     (abs)        00000
__size_of_do_I2C_SEND_STOP              (abs)        00000
__size_of_do_I2C_TX                     (abs)        00000
__size_of_do_I2C_TX_EMPTY               (abs)        00000
__size_of_drawPixel                     (abs)        00000
__size_of_i2c_ISR                       (abs)        00000
__size_of_i2c_busCollisionISR           (abs)        00000
__size_of_i2c_close                     (abs)        00000
__size_of_i2c_driver_TXData             (abs)        00000
__size_of_i2c_driver_clearBusCollision  (abs)        00000
__size_of_i2c_driver_getRXData          (abs)        00000
__size_of_i2c_driver_isNACK             (abs)        00000
__size_of_i2c_driver_open               (abs)        00000
__size_of_i2c_driver_resetBus           (abs)        00000
__size_of_i2c_driver_restart            (abs)        00000
__size_of_i2c_driver_sendACK            (abs)        00000
__size_of_i2c_driver_sendNACK           (abs)        00000
__size_of_i2c_driver_setBusCollisionISR (abs)        00000
__size_of_i2c_driver_setI2cISR          (abs)        00000
__size_of_i2c_driver_start              (abs)        00000
__size_of_i2c_driver_startRX            (abs)        00000
__size_of_i2c_driver_stop               (abs)        00000
__size_of_i2c_masterOperation           (abs)        00000
__size_of_i2c_masterWrite               (abs)        00000
__size_of_i2c_open                      (abs)        00000
__size_of_i2c_poller                    (abs)        00000
__size_of_i2c_restartWrite              (abs)        00000
__size_of_i2c_setAddressNACKCallback    (abs)        00000
__size_of_i2c_setBuffer                 (abs)        00000
__size_of_i2c_setDataCompleteCallback   (abs)        00000
__size_of_i2c_writeNBytes               (abs)        00000
__size_of_main                          (abs)        00000
__size_of_mssp_IRQisEnabled             (abs)        00000
__size_of_mssp_clearIRQ                 (abs)        00000
__size_of_mssp_disableIRQ               (abs)        00000
__size_of_mssp_setIRQ                   (abs)        00000
__size_of_mssp_waitForEvent             (abs)        00000
__size_of_rd1RegCompleteHandler         (abs)        00000
__size_of_rd2RegCompleteHandler         (abs)        00000
__size_of_rdBlkRegCompleteHandler       (abs)        00000
__size_of_returnReset                   (abs)        00000
__size_of_returnStop                    (abs)        00000
__size_of_setCallBack                   (abs)        00000
__size_of_wr1RegCompleteHandler         (abs)        00000
__size_of_wr2RegCompleteHandler         (abs)        00000
__size_of_writeDisplay                  (abs)        00000
__size_ofi1_do_I2C_DO_ACK               (abs)        00000
__size_ofi1_do_I2C_DO_ADDRESS_NACK      (abs)        00000
__size_ofi1_do_I2C_DO_NACK_RESTART      (abs)        00000
__size_ofi1_do_I2C_DO_NACK_STOP         (abs)        00000
__size_ofi1_do_I2C_IDLE                 (abs)        00000
__size_ofi1_do_I2C_RCEN                 (abs)        00000
__size_ofi1_do_I2C_RESET                (abs)        00000
__size_ofi1_do_I2C_RX                   (abs)        00000
__size_ofi1_do_I2C_SEND_ADR_READ        (abs)        00000
__size_ofi1_do_I2C_SEND_ADR_WRITE       (abs)        00000
__size_ofi1_do_I2C_SEND_RESTART         (abs)        00000
__size_ofi1_do_I2C_SEND_RESTART_READ    (abs)        00000
__size_ofi1_do_I2C_SEND_RESTART_WRITE   (abs)        00000
__size_ofi1_do_I2C_SEND_STOP            (abs)        00000
__size_ofi1_do_I2C_TX                   (abs)        00000
__size_ofi1_do_I2C_TX_EMPTY             (abs)        00000
__size_ofi1_i2c_ISR                     (abs)        00000
__size_ofi1_i2c_driver_TXData           (abs)        00000
__size_ofi1_i2c_driver_getRXData        (abs)        00000
__size_ofi1_i2c_driver_isNACK           (abs)        00000
__size_ofi1_i2c_driver_resetBus         (abs)        00000
__size_ofi1_i2c_driver_restart          (abs)        00000
__size_ofi1_i2c_driver_sendACK          (abs)        00000
__size_ofi1_i2c_driver_sendNACK         (abs)        00000
__size_ofi1_i2c_driver_startRX          (abs)        00000
__size_ofi1_i2c_driver_stop             (abs)        00000
__size_ofi1_i2c_restartWrite            (abs)        00000
__size_ofi1_i2c_setBuffer               (abs)        00000
__size_ofi1_i2c_setDataCompleteCallback (abs)        00000
__size_ofi1_mssp_clearIRQ               (abs)        00000
__size_ofi1_mssp_setIRQ                 (abs)        00000
__size_ofi1_rd1RegCompleteHandler       (abs)        00000
__size_ofi1_rd2RegCompleteHandler       (abs)        00000
__size_ofi1_rdBlkRegCompleteHandler     (abs)        00000
__size_ofi1_returnReset                 (abs)        00000
__size_ofi1_returnStop                  (abs)        00000
__size_ofi1_setCallBack                 (abs)        00000
__size_ofi1_wr1RegCompleteHandler       (abs)        00000
__size_ofi1_wr2RegCompleteHandler       (abs)        00000
_displaybuffer                          bssBANK0     0003D
_do_I2C_DO_ACK                          text19       006F3
_do_I2C_DO_ACK$intlevel0                text19       006F7
_do_I2C_DO_ADDRESS_NACK                 text16       003E6
_do_I2C_DO_ADDRESS_NACK$intlevel0       text16       003EA
_do_I2C_DO_NACK_RESTART                 text17       006E3
_do_I2C_DO_NACK_RESTART$intlevel0       text17       006E7
_do_I2C_DO_NACK_STOP                    text18       006EB
_do_I2C_DO_NACK_STOP$intlevel0          text18       006EF
_do_I2C_IDLE                            text27       006DA
_do_I2C_IDLE$intlevel0                  text27       006DE
_do_I2C_RCEN                            text20       006D0
_do_I2C_RCEN$intlevel0                  text20       006D4
_do_I2C_RESET                           text28       006B1
_do_I2C_RESET$intlevel0                 text28       006B5
_do_I2C_RX                              text14       00310
_do_I2C_RX$intlevel0                    text14       00314
_do_I2C_SEND_ADR_READ                   text22       0066C
_do_I2C_SEND_ADR_READ$intlevel0         text22       00670
_do_I2C_SEND_ADR_WRITE                  text21       006A6
_do_I2C_SEND_ADR_WRITE$intlevel0        text21       006AA
_do_I2C_SEND_RESTART                    text24       00703
_do_I2C_SEND_RESTART$intlevel0          text24       00707
_do_I2C_SEND_RESTART_READ               text26       00713
_do_I2C_SEND_RESTART_READ$intlevel0     text26       00717
_do_I2C_SEND_RESTART_WRITE              text25       0070B
_do_I2C_SEND_RESTART_WRITE$intlevel0    text25       0070F
_do_I2C_SEND_STOP                       text23       006FB
_do_I2C_SEND_STOP$intlevel0             text23       006FF
_do_I2C_TX                              text15       00230
_do_I2C_TX$763                          cstackBANK0  0004F
_do_I2C_TX$intlevel0                    text15       00234
_do_I2C_TX_EMPTY                        text29       00390
_do_I2C_TX_EMPTY$intlevel0              text29       00394
_drawPixel                              text56       0004C
_fsmStateTable                          dataBANK1    000A0
_i2c_ISR                                text13       004A3
_i2c_ISR$intlevel0                      text13       004A7
_i2c_busCollisionISR                    text100      007D8
_i2c_close                              text52       005D3
_i2c_driver_TXData                      text32       00750
_i2c_driver_busCollisionISR             bssCOMMON    0007C
_i2c_driver_clearBusCollision           text101      007DB
_i2c_driver_getRXData                   text33       007B1
_i2c_driver_i2cISR                      bssCOMMON    0007A
_i2c_driver_isNACK                      text31       00652
_i2c_driver_open                        text7        006BC
_i2c_driver_resetBus                    text35       007E4
_i2c_driver_restart                     text49       007BA
_i2c_driver_sendACK                     text50       00786
_i2c_driver_sendNACK                    text34       00782
_i2c_driver_setBusCollisionISR          text6        0074A
_i2c_driver_setI2cISR                   text5        00744
_i2c_driver_start                       text51       007BD
_i2c_driver_startRX                     text36       007B4
_i2c_driver_stop                        text48       007B7
_i2c_masterOperation                    text9        00509
_i2c_masterWrite                        text8        0077E
_i2c_open                               text4        002C8
_i2c_poller                             text11       00690
_i2c_restartWrite                       text41       00756
_i2c_restartWrite$intlevel0             text41       0075A
_i2c_setAddressNACKCallback             text3        00645
_i2c_setBuffer                          text47       00629
_i2c_setDataCompleteCallback            text45       0065F
_i2c_status                             bssBANK0     00020
_i2c_writeNBytes                        text2        00434
_main                                   maintext     00102
_mssp_IRQisEnabled                      text10       006C6
_mssp_clearIRQ                          text54       007C3
_mssp_disableIRQ                        text53       007C0
_mssp_setIRQ                            text30       007AE
_mssp_waitForEvent                      text12       0069B
_rd1RegCompleteHandler                  text39       00591
_rd1RegCompleteHandler$intlevel0        text39       00595
_rd2RegCompleteHandler                  text38       0057B
_rd2RegCompleteHandler$intlevel0        text38       0057F
_rdBlkRegCompleteHandler                text37       00547
_rdBlkRegCompleteHandler$intlevel0      text37       0054B
_returnReset                            text42       0075C
_returnReset$intlevel0                  text42       00760
_returnStop                             text43       00762
_returnStop$intlevel0                   text43       00766
_setCallBack                            text46       0045A
_wr1RegCompleteHandler                  text40       005A7
_wr1RegCompleteHandler$intlevel0        text40       005AB
_wr2RegCompleteHandler                  text44       005BD
_wr2RegCompleteHandler$intlevel0        text44       005C1
_writeDisplay                           text1        00184
_writebuffer                            bssBANK1     000C0
btemp                                   (abs)        0007E
clear_ram0                              clrtext      0073E
drawPixel@color                         cstackBANK0  0004E
drawPixel@x                             cstackBANK0  00055
drawPixel@y                             cstackBANK0  0004D
end_of_initialization                   cinit        00048
i1_do_I2C_DO_ACK                        text68       00792
i1_do_I2C_DO_ADDRESS_NACK               text65       004C6
i1_do_I2C_DO_NACK_RESTART               text66       0078A
i1_do_I2C_DO_NACK_STOP                  text67       0078E
i1_do_I2C_IDLE                          text76       00774
i1_do_I2C_RCEN                          text69       0076E
i1_do_I2C_RESET                         text77       00731
i1_do_I2C_RX                            text63       00352
i1_do_I2C_SEND_ADR_READ                 text71       0071B
i1_do_I2C_SEND_ADR_WRITE                text70       0072A
i1_do_I2C_SEND_RESTART                  text73       0079A
i1_do_I2C_SEND_RESTART_READ             text75       007A2
i1_do_I2C_SEND_RESTART_WRITE            text74       0079E
i1_do_I2C_SEND_STOP                     text72       00796
i1_do_I2C_TX                            text64       0027E
i1_do_I2C_TX$763                        cstackCOMMON 00072
i1_do_I2C_TX_EMPTY                      text78       003BD
i1_i2c_ISR                              text61       00528
i1_i2c_driver_TXData                    text81       00779
i1_i2c_driver_getRXData                 text82       007CC
i1_i2c_driver_isNACK                    text80       00678
i1_i2c_driver_resetBus                  text84       007E5
i1_i2c_driver_restart                   text98       007D5
i1_i2c_driver_sendACK                   text99       007AA
i1_i2c_driver_sendNACK                  text83       007A6
i1_i2c_driver_startRX                   text85       007CF
i1_i2c_driver_stop                      text97       007D2
i1_i2c_restartWrite                     text90       007DE
i1_i2c_setBuffer                        text96       00637
i1_i2c_setDataCompleteCallback          text94       00684
i1_mssp_clearIRQ                        text62       007C6
i1_mssp_setIRQ                          text79       007C9
i1_rd1RegCompleteHandler                text88       005F9
i1_rd2RegCompleteHandler                text87       005E9
i1_rdBlkRegCompleteHandler              text86       00564
i1_returnReset                          text91       007E0
i1_returnStop                           text92       007E2
i1_setCallBack                          text95       0047F
i1_wr1RegCompleteHandler                text89       00609
i1_wr2RegCompleteHandler                text93       00619
i1i2c_driver_TXData@d                   cstackCOMMON 00070
i1i2c_setBuffer@buffer                  cstackCOMMON 00073
i1i2c_setBuffer@bufferSize              cstackCOMMON 00070
i1i2c_setDataCompleteCallback@cb        cstackCOMMON 00075
i1i2c_setDataCompleteCallback@p         cstackCOMMON 00077
i1rd1RegCompleteHandler@p               cstackCOMMON 00079
i1rd2RegCompleteHandler@p               cstackCOMMON 00079
i1rdBlkRegCompleteHandler@p             cstackCOMMON 00079
i1returnStop@p                          cstackCOMMON 00079
i1setCallBack@cb                        cstackCOMMON 00070
i1setCallBack@idx                       cstackCOMMON 00074
i1setCallBack@p                         cstackCOMMON 00072
i1wr1RegCompleteHandler@p               cstackCOMMON 00079
i1wr2RegCompleteHandler@p               cstackCOMMON 00079
i2c_close@ret                           cstackBANK0  0004E
i2c_driver_TXData@d                     cstackBANK0  0004D
i2c_driver_setBusCollisionISR@f         cstackBANK0  0004D
i2c_driver_setI2cISR@f                  cstackBANK0  0004D
i2c_masterOperation@read                cstackBANK0  00053
i2c_masterOperation@ret                 cstackBANK0  00054
i2c_open@address                        cstackBANK0  00050
i2c_open@ret                            cstackBANK0  00051
i2c_setAddressNACKCallback@cb           cstackBANK0  00052
i2c_setAddressNACKCallback@p            cstackBANK0  00054
i2c_setBuffer@buffer                    cstackBANK0  00050
i2c_setBuffer@bufferSize                cstackBANK0  0004D
i2c_setDataCompleteCallback@cb          cstackBANK0  00052
i2c_setDataCompleteCallback@p           cstackBANK0  00054
i2c_writeNBytes@address                 cstackBANK0  00059
i2c_writeNBytes@data                    cstackBANK0  00056
i2c_writeNBytes@len                     cstackBANK0  00057
init_ram                                inittext     00738
int$flags                               (abs)        0007E
intlevel0                               functab      00000
intlevel1                               functab      00000
intlevel2                               functab      00000
intlevel3                               functab      00000
intlevel4                               functab      00000
intlevel5                               functab      00000
main@i                                  cstackBANK0  00064
main@i_466                              cstackBANK0  00065
main@x                                  cstackBANK0  00066
main@y                                  cstackBANK0  00062
mssp_waitForEvent@timeout               cstackBANK0  0004D
rd1RegCompleteHandler@p                 cstackBANK0  00056
rd2RegCompleteHandler@p                 cstackBANK0  00056
rdBlkRegCompleteHandler@p               cstackBANK0  00056
reset_vec                               reset_vec    00000
returnStop@p                            cstackBANK0  00056
setCallBack@cb                          cstackBANK0  0004D
setCallBack@idx                         cstackBANK0  00051
setCallBack@p                           cstackBANK0  0004F
stackhi                                 (abs)        023EF
stacklo                                 (abs)        02081
start                                   init         00027
start_initialization                    cinit        00029
wr1RegCompleteHandler@p                 cstackBANK0  00056
wr2RegCompleteHandler@p                 cstackBANK0  00056
writeDisplay@i                          cstackBANK0  0005F
wtemp0                                  (abs)        0007E


FUNCTION INFORMATION:

 *************** function _main *****************
 Defined at:
		line 80 in file "main.c"
 Parameters:    Size  Location     Type
		None
 Auto vars:     Size  Location     Type
  i               1   24[BANK0 ] unsigned char 
  i               1   23[BANK0 ] unsigned char 
  x               2   25[BANK0 ] unsigned int 
  y               2   21[BANK0 ] unsigned int 
 Return value:  Size  Location     Type
                  1    wreg      void 
 Registers used:
		wreg, fsr0l, fsr0h, fsr1l, fsr1h, status,2, status,0, pclath, cstack
 Tracked objects:
		On entry : 
		On exit  : 
		Unchanged: 
 Data sizes:     COMMON   BANK0   BANK1   BANK2   BANK3   BANK4   BANK5   BANK6   BANK7   BANK8   BANK9  BANK10  BANK11  BANK12
      Params:         0       0       0       0       0       0       0       0       0       0       0       0       0       0
      Locals:         0       6       0       0       0       0       0       0       0       0       0       0       0       0
      Temps:          0       2       0       0       0       0       0       0       0       0       0       0       0       0
      Totals:         0       8       0       0       0       0       0       0       0       0       0       0       0       0
Total ram usage:        8 bytes
 Hardware stack levels required when called:   16
 This function calls:
		_SYSTEM_Initialize
		_drawPixel
		_i2c_writeNBytes
		_writeDisplay
 This function is called by:
		Startup code after reset
 This function uses a non-reentrant model


 *************** function _writeDisplay *****************
 Defined at:
		line 57 in file "main.c"
 Parameters:    Size  Location     Type
		None
 Auto vars:     Size  Location     Type
  i               1   18[BANK0 ] unsigned char 
 Return value:  Size  Location     Type
                  1    wreg      void 
 Registers used:
		wreg, fsr0l, fsr0h, fsr1l, fsr1h, status,2, status,0, pclath, cstack
 Tracked objects:
		On entry : 
		On exit  : 
		Unchanged: 
 Data sizes:     COMMON   BANK0   BANK1   BANK2   BANK3   BANK4   BANK5   BANK6   BANK7   BANK8   BANK9  BANK10  BANK11  BANK12
      Params:         0       0       0       0       0       0       0       0       0       0       0       0       0       0
      Locals:         0       1       0       0       0       0       0       0       0       0       0       0       0       0
      Temps:          0       5       0       0       0       0       0       0       0       0       0       0       0       0
      Totals:         0       6       0       0       0       0       0       0       0       0       0       0       0       0
Total ram usage:        6 bytes
 Hardware stack levels used:    1
 Hardware stack levels required when called:   15
 This function calls:
		___awdiv
		_i2c_writeNBytes
 This function is called by:
		_main
 This function uses a non-reentrant model


 *************** function _i2c_writeNBytes *****************
 Defined at:
		line 48 in file "mcc_generated_files/drivers/i2c_simple_master.c"
 Parameters:    Size  Location     Type
  address         1    wreg     unsigned char 
  data            1    9[BANK0 ] PTR void 
		 -> writebuffer(17), 
  len             2   10[BANK0 ] unsigned int 
 Auto vars:     Size  Location     Type
  address         1   12[BANK0 ] unsigned char 
 Return value:  Size  Location     Type
                  1    wreg      void 
 Registers used:
		wreg, fsr0l, fsr0h, fsr1l, fsr1h, status,2, status,0, pclath, cstack
 Tracked objects:
		On entry : 
		On exit  : 
		Unchanged: 
[...]
 Defined at:
		line 110 in file "mcc_generated_files/drivers/i2c_simple_master.c"
 Parameters:    Size  Location     Type
  p               1    9[COMMON] PTR void 
		 -> i2c_readDataBlock@d(3), i2c_write2ByteRegister@data(2), i2c_read2ByteRegister@result(2), i2c_read1ByteRegister@d2(1), 
		 -> i2c_write1ByteRegister@data(1), NULL(0), 
 Auto vars:     Size  Location     Type
		None
 Return value:  Size  Location     Type
                  1    wreg      enum E97
 Registers used:
		wreg, fsr1l, fsr1h, status,2, status,0, pclath, cstack
 Tracked objects:
		On entry : 
		On exit  : 
		Unchanged: 
 Data sizes:     COMMON   BANK0   BANK1   BANK2   BANK3   BANK4   BANK5   BANK6   BANK7   BANK8   BANK9  BANK10  BANK11  BANK12
      Params:         1       0       0       0       0       0       0       0       0       0       0       0       0       0
      Locals:         0       0       0       0       0       0       0       0       0       0       0       0       0       0
      Temps:          0       0       0       0       0       0       0       0       0       0       0       0       0       0
      Totals:         1       0       0       0       0       0       0       0       0       0       0       0       0       0
Total ram usage:        1 bytes
 Hardware stack levels used:    1
 Hardware stack levels required when called:    2
 This function calls:
		i1_i2c_setBuffer
		i1_i2c_setDataCompleteCallback
 This function is called by:
 This function uses a non-reentrant model


 *************** function i1_i2c_setDataCompleteCallback *****************
 Defined at:
		line 89 in file "mcc_generated_files/drivers/i2c_master.c"
 Parameters:    Size  Location     Type
  cb              2    5[COMMON] PTR FTN(PTR void ,)enum 
		 -> rdBlkRegCompleteHandler(1), wr2RegCompleteHandler(1), rd2RegCompleteHandler(1), rd1RegCompleteHandler(1), 
		 -> wr1RegCompleteHandler(1), Absolute function(1), 
  p               1    7[COMMON] PTR void 
		 -> i2c_readDataBlock@d(3), i2c_write2ByteRegister@data(2), i2c_read2ByteRegister@result(2), i2c_read1ByteRegister@d2(1), 
		 -> i2c_write1ByteRegister@data(1), NULL(0), 
 Auto vars:     Size  Location     Type
		None
 Return value:  Size  Location     Type
                  1    wreg      void 
 Registers used:
		wreg, fsr1l, fsr1h, status,2, status,0, pclath, cstack
 Tracked objects:
		On entry : 
		On exit  : 
		Unchanged: 
 Data sizes:     COMMON   BANK0   BANK1   BANK2   BANK3   BANK4   BANK5   BANK6   BANK7   BANK8   BANK9  BANK10  BANK11  BANK12
      Params:         3       0       0       0       0       0       0       0       0       0       0       0       0       0
      Locals:         0       0       0       0       0       0       0       0       0       0       0       0       0       0
      Temps:          1       0       0       0       0       0       0       0       0       0       0       0       0       0
      Totals:         4       0       0       0       0       0       0       0       0       0       0       0       0       0
Total ram usage:        4 bytes
 Hardware stack levels used:    1
 Hardware stack levels required when called:    1
 This function calls:
		i1_setCallBack
 This function is called by:
		i1_wr1RegCompleteHandler
		i1_rd1RegCompleteHandler
		i1_rd2RegCompleteHandler
		i1_wr2RegCompleteHandler
		i1_rdBlkRegCompleteHandler
 This function uses a non-reentrant model


 *************** function i1_setCallBack *****************
 Defined at:
		line 453 in file "mcc_generated_files/drivers/i2c_master.c"
 Parameters:    Size  Location     Type
  idx             1    wreg     enum E12355
  cb              2    0[COMMON] PTR FTN(PTR void ,)enum 
		 -> rdBlkRegCompleteHandler(1), wr2RegCompleteHandler(1), rd2RegCompleteHandler(1), rd1RegCompleteHandler(1), 
		 -> wr1RegCompleteHandler(1), i2c_restartWrite(1), Absolute function(1), 
  p               1    2[COMMON] PTR void 
		 -> i2c_readDataBlock@d(3), i2c_write2ByteRegister@data(2), i2c_read2ByteRegister@result(2), i2c_read1ByteRegister@d2(1), 
		 -> i2c_write1ByteRegister@data(1), NULL(0), 
 Auto vars:     Size  Location     Type
  idx             1    4[COMMON] enum E12355
 Return value:  Size  Location     Type
                  1    wreg      void 
 Registers used:
		wreg, fsr1l, fsr1h, status,2, status,0
 Tracked objects:
		On entry : 
		On exit  : 
		Unchanged: 
 Data sizes:     COMMON   BANK0   BANK1   BANK2   BANK3   BANK4   BANK5   BANK6   BANK7   BANK8   BANK9  BANK10  BANK11  BANK12
      Params:         3       0       0       0       0       0       0       0       0       0       0       0       0       0
      Locals:         1       0       0       0       0       0       0       0       0       0       0       0       0       0
      Temps:          1       0       0       0       0       0       0       0       0       0       0       0       0       0
      Totals:         5       0       0       0       0       0       0       0       0       0       0       0       0       0
Total ram usage:        5 bytes
 Hardware stack levels used:    1
 This function calls:
		Nothing
 This function is called by:
		i1_i2c_setDataCompleteCallback
 This function uses a non-reentrant model


 *************** function i1_i2c_setBuffer *****************
 Defined at:
		line 184 in file "mcc_generated_files/drivers/i2c_master.c"
 Parameters:    Size  Location     Type
  buffer          1    wreg     PTR void 
		 -> i2c_readDataBlock@reg(1), i2c_readDataBlock@d(3), i2c_write2ByteRegister@reg(1), i2c_write2ByteRegister@data(2), 
		 -> i2c_read2ByteRegister@reg(1), i2c_read2ByteRegister@result(2), i2c_read1ByteRegister@reg(1), i2c_read1ByteRegister@d2(1), 
		 -> i2c_write1ByteRegister@reg(1), i2c_write1ByteRegister@data(1), NULL(0), writebuffer(17), 
  bufferSize      2    0[COMMON] unsigned int 
 Auto vars:     Size  Location     Type
  buffer          1    3[COMMON] PTR void 
		 -> i2c_readDataBlock@reg(1), i2c_readDataBlock@d(3), i2c_write2ByteRegister@reg(1), i2c_write2ByteRegister@data(2), 
		 -> i2c_read2ByteRegister@reg(1), i2c_read2ByteRegister@result(2), i2c_read1ByteRegister@reg(1), i2c_read1ByteRegister@d2(1), 
		 -> i2c_write1ByteRegister@reg(1), i2c_write1ByteRegister@data(1), NULL(0), writebuffer(17), 
 Return value:  Size  Location     Type
                  1    wreg      void 
 Registers used:
		wreg
 Tracked objects:
		On entry : 
		On exit  : 
		Unchanged: 
 Data sizes:     COMMON   BANK0   BANK1   BANK2   BANK3   BANK4   BANK5   BANK6   BANK7   BANK8   BANK9  BANK10  BANK11  BANK12
      Params:         2       0       0       0       0       0       0       0       0       0       0       0       0       0
      Locals:         1       0       0       0       0       0       0       0       0       0       0       0       0       0
      Temps:          1       0       0       0       0       0       0       0       0       0       0       0       0       0
      Totals:         4       0       0       0       0       0       0       0       0       0       0       0       0       0
Total ram usage:        4 bytes
 Hardware stack levels used:    1
 This function calls:
		Nothing
 This function is called by:
		i1_wr1RegCompleteHandler
		i1_rd1RegCompleteHandler
		i1_rd2RegCompleteHandler
		i1_wr2RegCompleteHandler
		i1_rdBlkRegCompleteHandler
 This function uses a non-reentrant model


 *************** function i1_i2c_driver_stop *****************
 Defined at:
		line 156 in file "mcc_generated_files/i2c_driver.c"
 Parameters:    Size  Location     Type
		None
 Auto vars:     Size  Location     Type
		None
 Return value:  Size  Location     Type
                  1    wreg      void 
 Registers used:
		None
 Tracked objects:
		On entry : 
		On exit  : 
		Unchanged: 
 Data sizes:     COMMON   BANK0   BANK1   BANK2   BANK3   BANK4   BANK5   BANK6   BANK7   BANK8   BANK9  BANK10  BANK11  BANK12
      Params:         0       0       0       0       0       0       0       0       0       0       0       0       0       0
      Locals:         0       0       0       0       0       0       0       0       0       0       0       0       0       0
      Temps:          0       0       0       0       0       0       0       0       0       0       0       0       0       0
      Totals:         0       0       0       0       0       0       0       0       0       0       0       0       0       0
Total ram usage:        0 bytes
 Hardware stack levels used:    1
 This function calls:
		Nothing
 This function is called by:
		i1_do_I2C_SEND_STOP
 This function uses a non-reentrant model


 *************** function i1_i2c_driver_restart *****************
 Defined at:
		line 151 in file "mcc_generated_files/i2c_driver.c"
 Parameters:    Size  Location     Type
		None
 Auto vars:     Size  Location     Type
		None
 Return value:  Size  Location     Type
                  1    wreg      void 
 Registers used:
		None
 Tracked objects:
		On entry : 
		On exit  : 
		Unchanged: 
 Data sizes:     COMMON   BANK0   BANK1   BANK2   BANK3   BANK4   BANK5   BANK6   BANK7   BANK8   BANK9  BANK10  BANK11  BANK12
      Params:         0       0       0       0       0       0       0       0       0       0       0       0       0       0
      Locals:         0       0       0       0       0       0       0       0       0       0       0       0       0       0
      Temps:          0       0       0       0       0       0       0       0       0       0       0       0       0       0
      Totals:         0       0       0       0       0       0       0       0       0       0       0       0       0       0
Total ram usage:        0 bytes
 Hardware stack levels used:    1
 This function calls:
		Nothing
 This function is called by:
		i1_do_I2C_SEND_RESTART_READ
		i1_do_I2C_SEND_RESTART_WRITE
		i1_do_I2C_SEND_RESTART
 This function uses a non-reentrant model


 *************** function i1_i2c_driver_sendACK *****************
 Defined at:
		line 196 in file "mcc_generated_files/i2c_driver.c"
 Parameters:    Size  Location     Type
		None
 Auto vars:     Size  Location     Type
		None
 Return value:  Size  Location     Type
                  1    wreg      void 
 Registers used:
		None
 Tracked objects:
		On entry : 
		On exit  : 
		Unchanged: 
 Data sizes:     COMMON   BANK0   BANK1   BANK2   BANK3   BANK4   BANK5   BANK6   BANK7   BANK8   BANK9  BANK10  BANK11  BANK12
      Params:         0       0       0       0       0       0       0       0       0       0       0       0       0       0
      Locals:         0       0       0       0       0       0       0       0       0       0       0       0       0       0
      Temps:          0       0       0       0       0       0       0       0       0       0       0       0       0       0
      Totals:         0       0       0       0       0       0       0       0       0       0       0       0       0       0
Total ram usage:        0 bytes
 Hardware stack levels used:    1
 This function calls:
		Nothing
 This function is called by:
		i1_do_I2C_DO_ACK
		i1_do_I2C_RX
 This function uses a non-reentrant model


 *************** function _i2c_busCollisionISR *****************
 Defined at:
		line 435 in file "mcc_generated_files/drivers/i2c_master.c"
 Parameters:    Size  Location     Type
		None
 Auto vars:     Size  Location     Type
		None
 Return value:  Size  Location     Type
                  1    wreg      void 
 Registers used:
		status,2, status,0, pclath, cstack
 Tracked objects:
		On entry : 
		On exit  : 
		Unchanged: 
 Data sizes:     COMMON   BANK0   BANK1   BANK2   BANK3   BANK4   BANK5   BANK6   BANK7   BANK8   BANK9  BANK10  BANK11  BANK12
      Params:         0       0       0       0       0       0       0       0       0       0       0       0       0       0
      Locals:         0       0       0       0       0       0       0       0       0       0       0       0       0       0
      Temps:          0       0       0       0       0       0       0       0       0       0       0       0       0       0
      Totals:         0       0       0       0       0       0       0       0       0       0       0       0       0       0
Total ram usage:        0 bytes
 Hardware stack levels used:    1
 Hardware stack levels required when called:    1
 This function calls:
		_i2c_driver_clearBusCollision
 This function is called by:
		_i2c_open
		_INTERRUPT_InterruptManager
 This function uses a non-reentrant model


 *************** function _i2c_driver_clearBusCollision *****************
 Defined at:
		line 253 in file "mcc_generated_files/i2c_driver.c"
 Parameters:    Size  Location     Type
		None
 Auto vars:     Size  Location     Type
		None
 Return value:  Size  Location     Type
                  1    wreg      void 
 Registers used:
		None
 Tracked objects:
		On entry : 
		On exit  : 
		Unchanged: 
 Data sizes:     COMMON   BANK0   BANK1   BANK2   BANK3   BANK4   BANK5   BANK6   BANK7   BANK8   BANK9  BANK10  BANK11  BANK12
      Params:         0       0       0       0       0       0       0       0       0       0       0       0       0       0
      Locals:         0       0       0       0       0       0       0       0       0       0       0       0       0       0
      Temps:          0       0       0       0       0       0       0       0       0       0       0       0       0       0
      Totals:         0       0       0       0       0       0       0       0       0       0       0       0       0       0
Total ram usage:        0 bytes
 Hardware stack levels used:    1
 This function calls:
		Nothing
 This function is called by:
		_i2c_busCollisionISR
 This function uses a non-reentrant model



MODULE INFORMATION

Module		Function		Class		Link	Load	Size
mcc_generated_files/interrupt_manager.c
		_INTERRUPT_InterruptManager		CODE           	0004	0000	36

mcc_generated_files/interrupt_manager.c estimated size: 36

mcc_generated_files/pin_manager.c
		_PIN_MANAGER_Initialize		CODE           	040D	0000	40

mcc_generated_files/pin_manager.c estimated size: 40

mcc_generated_files/i2c_driver.c
		_i2c_driver_clearBusCollision		CODE           	07DB	0000	4
		_mssp_clearIRQ 		CODE           	07C3	0000	4
		_i2c_driver_setBusCollisionISR		CODE           	074A	0000	7
		_i2c_driver_restart		CODE           	07BA	0000	4
		_mssp_IRQisEnabled		CODE           	06C6	0000	11
		_i2c_driver_startRX		CODE           	07B4	0000	4
		_i2c_driver_setI2cISR		CODE           	0744	0000	7
		_i2c_driver_getRXData		CODE           	07B1	0000	4
		_i2c_driver_TXData		CODE           	0750	0000	7
		_i2c_driver_start		CODE           	07BD	0000	4
		_i2c_driver_sendACK		CODE           	0786	0000	5
		_mssp_waitForEvent		CODE           	069B	0000	12
		_i2c_driver_sendNACK		CODE           	0782	0000	5
		_mssp_setIRQ   		CODE           	07AE	0000	4
		_i2c_driver_resetBus		CODE           	07E4	0000	2
		_mssp_disableIRQ		CODE           	07C0	0000	4
		_i2c_driver_open		CODE           	06BC	0000	11
		_i2c_driver_isNACK		CODE           	0652	0000	14
		_i2c_driver_stop		CODE           	07B7	0000	4

mcc_generated_files/i2c_driver.c estimated size: 117

mcc_generated_files/drivers/i2c_simple_master.c
		_wr1RegCompleteHandler		CODE           	05A7	0000	23
		_wr2RegCompleteHandler		CODE           	05BD	0000	23
		_i2c_writeNBytes		CODE           	0434	0000	39
		_rdBlkRegCompleteHandler		CODE           	0547	0000	30
		_rd1RegCompleteHandler		CODE           	0591	0000	23
		_rd2RegCompleteHandler		CODE           	057B	0000	23

mcc_generated_files/drivers/i2c_simple_master.c estimated size: 161

shared
		i1_mssp_setIRQ 		CODE           	07C9	0000	4
		i1_returnReset 		CODE           	07E0	0000	3
		i1_do_I2C_SEND_ADR_READ		CODE           	071B	0000	9
		i1_do_I2C_DO_NACK_STOP		CODE           	078E	0000	5
		i1_setCallBack 		CODE           	047F	0000	37
		i1_do_I2C_SEND_RESTART		CODE           	079A	0000	5
		i1_i2c_restartWrite		CODE           	07DE	0000	3
		i1_do_I2C_TX_EMPTY		CODE           	03BD	0000	42
		i1_do_I2C_DO_NACK_RESTART		CODE           	078A	0000	5
		i1_do_I2C_SEND_RESTART_READ		CODE           	07A2	0000	5
		i1_do_I2C_DO_ADDRESS_NACK		CODE           	04C6	0000	36
		i1_i2c_driver_sendNACK		CODE           	07A6	0000	5
		i1_mssp_clearIRQ		CODE           	07C6	0000	4
		i1_i2c_driver_isNACK		CODE           	0678	0000	13
		i1_rd1RegCompleteHandler		CODE           	05F9	0000	17
		i1_i2c_driver_restart		CODE           	07D5	0000	4
		i1_i2c_driver_stop		CODE           	07D2	0000	4
		i1_do_I2C_RX   		CODE           	0352	0000	63
		i1_do_I2C_TX   		CODE           	027E	0000	75
		i1_i2c_ISR     		CODE           	0528	0000	32
		i1_i2c_driver_resetBus		CODE           	07E5	0000	2
		i1_do_I2C_IDLE 		CODE           	0774	0000	6
		i1_do_I2C_RCEN 		CODE           	076E	0000	7
		__initialization		CODE           	0029	0000	32
		i1_i2c_driver_getRXData		CODE           	07CC	0000	4
		i1_rd2RegCompleteHandler		CODE           	05E9	0000	17
		i1_i2c_driver_TXData		CODE           	0779	0000	6
		i1_i2c_setDataCompleteCallback		CODE           	0684	0000	13
		i1_do_I2C_RESET		CODE           	0731	0000	8
		i1_do_I2C_SEND_RESTART_WRITE		CODE           	079E	0000	5
		i1_do_I2C_DO_ACK		CODE           	0792	0000	5
		i1_do_I2C_SEND_ADR_WRITE		CODE           	072A	0000	8
		i1_wr1RegCompleteHandler		CODE           	0609	0000	17
		i1_do_I2C_SEND_STOP		CODE           	0796	0000	5
		i1_i2c_setBuffer		CODE           	0637	0000	15
		i1_rdBlkRegCompleteHandler		CODE           	0564	0000	24
		i1_i2c_driver_startRX		CODE           	07CF	0000	4
		i1_i2c_driver_sendACK		CODE           	07AA	0000	5
		i1_wr2RegCompleteHandler		CODE           	0619	0000	17
		i1_returnStop  		CODE           	07E2	0000	3

shared estimated size: 574

mcc_generated_files/mcc.c
		_OSCILLATOR_Initialize		CODE           	0723	0000	8
		_SYSTEM_Initialize		CODE           	0768	0000	7

mcc_generated_files/mcc.c estimated size: 15

mcc_generated_files/drivers/i2c_master.c
		_i2c_setDataCompleteCallback		CODE           	065F	0000	14
		_returnStop    		CODE           	0762	0000	7
		_i2c_setBuffer 		CODE           	0629	0000	15
		_i2c_busCollisionISR		CODE           	07D8	0000	4
		_i2c_ISR       		CODE           	04A3	0000	36
		_i2c_close     		CODE           	05D3	0000	23
		_i2c_masterOperation		CODE           	0509	0000	32
		_do_I2C_TX_EMPTY		CODE           	0390	0000	46
		_setCallBack   		CODE           	045A	0000	38
		_returnReset   		CODE           	075C	0000	7
		_do_I2C_SEND_RESTART_WRITE		CODE           	070B	0000	9
		_i2c_poller    		CODE           	0690	0000	12
		_i2c_masterWrite		CODE           	077E	0000	5
		_do_I2C_DO_NACK_RESTART		CODE           	06E3	0000	9
		_do_I2C_SEND_RESTART_READ		CODE           	0713	0000	9
		_i2c_setAddressNACKCallback		CODE           	0645	0000	14
		_do_I2C_SEND_ADR_WRITE		CODE           	06A6	0000	12
		_do_I2C_SEND_STOP		CODE           	06FB	0000	9
		_i2c_open      		CODE           	02C8	0000	73
		_do_I2C_SEND_ADR_READ		CODE           	066C	0000	13
		_do_I2C_DO_NACK_STOP		CODE           	06EB	0000	9
		_do_I2C_SEND_RESTART		CODE           	0703	0000	9
		_do_I2C_RX     		CODE           	0310	0000	67
		_do_I2C_TX     		CODE           	0230	0000	79
		_do_I2C_IDLE   		CODE           	06DA	0000	10
		_do_I2C_RCEN   		CODE           	06D0	0000	11
		_do_I2C_DO_ADDRESS_NACK		CODE           	03E6	0000	40
		_do_I2C_RESET  		CODE           	06B1	0000	12
		_do_I2C_DO_ACK 		CODE           	06F3	0000	9

mcc_generated_files/drivers/i2c_master.c estimated size: 633

mcc_generated_files/drivers/i2c_types.c
		_i2c_restartWrite		CODE           	0756	0000	7

mcc_generated_files/drivers/i2c_types.c estimated size: 7

C:\Program Files (x86)\Microchip\xc8\v1.45\sources\common\awdiv.c
		___awdiv       		CODE           	01DE	0000	83

C:\Program Files (x86)\Microchip\xc8\v1.45\sources\common\awdiv.c estimated size: 83

main.c
		_main          		CODE           	0102	0000	131
		_writeDisplay  		CODE           	0184	0000	91
		_drawPixel     		CODE           	004C	0000	183

main.c estimated size: 405

