Microchip MPLAB XC8 Compiler V1.45 ()

Linker command line:

-W-3 --edf=C:\Program Files (x86)\Microchip\xc8\v1.45\dat\en_msgs.txt -cs \
  -h+dist/default/production\flappy-box-v2.X.production.sym \
  --cmf=dist/default/production\flappy-box-v2.X.production.cmf -z -Q16F1619 \
  -oC:\Users\Zach\AppData\Local\Temp\sg5s.2 \
  -Mdist/default/production/flappy-box-v2.X.production.map -E1 -ver=XC8 \
  -ASTACK=02089h-023efh -pstack=STACK -ACODE=00h-07FFhx4 \
  -ASTRCODE=00h-01FFFh -ASTRING=00h-0FFhx32 -ACONST=00h-0FFhx32 \
  -AENTRY=00h-0FFhx32 -ACOMMON=070h-07Fh -ABANK0=020h-06Fh \
  -ABANK1=0A0h-0EFh -ABANK2=0120h-016Fh -ABANK3=01A0h-01EFh \
  -ABANK4=0220h-026Fh -ABANK5=02A0h-02EFh -ABANK6=0320h-036Fh \
  -ABANK7=03A0h-03EFh -ABANK8=0420h-046Fh -ABANK9=04A0h-04EFh \
  -ABANK10=0520h-056Fh -ABANK11=05A0h-05EFh -ABANK12=0620h-064Fh \
  -ABIGRAM=02000h-023EFh \
  -ARAM=020h-06Fh,0A0h-0EFh,0120h-016Fh,01A0h-01EFh,0220h-026Fh,02A0h-02EFh,0320h-036Fh,03A0h-03EFh,0420h-046Fh,04A0h-04EFh,0520h-056Fh,05A0h-05EFh,0620h-064Fh \
  -AABS1=020h-07Fh,0A0h-0EFh,0120h-016Fh,01A0h-01EFh,0220h-026Fh,02A0h-02EFh,0320h-036Fh,03A0h-03EFh,0420h-046Fh,04A0h-04EFh,0520h-056Fh,05A0h-05EFh,0620h-064Fh \
  -ASFR0=00h-01Fh -ASFR1=080h-09Fh -ASFR2=0100h-011Fh -ASFR3=0180h-019Fh \
  -ASFR4=0200h-021Fh -ASFR5=0280h-029Fh -ASFR6=0300h-031Fh \
  -ASFR7=0380h-039Fh -ASFR8=0400h-041Fh -ASFR9=0480h-049Fh \
  -ASFR10=0500h-051Fh -ASFR11=0580h-059Fh -ASFR12=0600h-061Fh \
  -ASFR13=0680h-06EFh -ASFR14=0700h-076Fh -ASFR15=0780h-07EFh \
  -ASFR16=0800h-086Fh -ASFR17=0880h-08EFh -ASFR18=0900h-096Fh \
  -ASFR19=0980h-09EFh -ASFR20=0A00h-0A6Fh -ASFR21=0A80h-0AEFh \
  -ASFR22=0B00h-0B6Fh -ASFR23=0B80h-0BEFh -ASFR24=0C00h-0C6Fh \
  -ASFR25=0C80h-0CEFh -ASFR26=0D00h-0D6Fh -ASFR27=0D80h-0DEFh \
  -ASFR28=0E00h-0E6Fh -ASFR29=0E80h-0EEFh -ASFR30=0F00h-0F6Fh \
  -ASFR31=0F80h-0FEFh -preset_vec=00h,intentry=04h,init,end_init \
  -ppowerup=CODE -pcinit=CODE -pfunctab=ENTRY -ACONFIG=08007h-08009h \
  -pconfig=CONFIG -DCONFIG=2 -AIDLOC=08000h-08003h -pidloc=IDLOC -DIDLOC=2 \
  -DCODE=2 -DSTRCODE=2 -DSTRING=2 -DCONST=2 -DENTRY=2 -k \
  C:\Users\Zach\AppData\Local\Temp\sg5s.obj \
  dist/default/production\flappy-box-v2.X.production.obj 

Object code version is 3.11

Machine type is 16F1619



                Name                               Link     Load   Length Selector   Space Scale
C:\Users\Zach\AppData\Local\Temp\sg5s.obj
                end_init                             27       27        2        8       0
                reset_vec                             0        0        2        0       0
                config                             8007     8007        3    1000E       0
dist/default/production\flappy-box-v2.X.production.obj
                cinit                                29       29       27        8       0
                intentry                              4        4       23        8       0
                text103                             7FD      7FD        3        8       0
                text102                             7FA      7FA        3        8       0
                text101                             7CC      7CC        4        8       0
                text100                             7F7      7F7        3        8       0
                text99                              7F4      7F4        3        8       0
                text98                              656      656        E        8       0
                text97                              484      484       24        8       0
                text96                              6A3      6A3        C        8       0
                text95                              638      638       10        8       0
                text94                              FFC      FFC        2     1FF8       0
                text93                              FFE      FFE        2     1FFC       0
                text92                                2        2        2        0       0
                text91                              628      628       10        8       0
                text90                              618      618       10        8       0
                text89                              608      608       10        8       0
                text88                              583      583       17        8       0
                text87                              7F1      7F1        3        8       0
                text86                              FF9      FF9        1     1FF2       0
                text85                              7C8      7C8        4        8       0
                text84                              7EE      7EE        3        8       0
                text83                              79B      79B        5        8       0
                text82                              697      697        C        8       0
                text81                              7EB      7EB        3        8       0
                text80                              3C2      3C2       29        8       0
                text79                              753      753        7        8       0
                text78                              796      796        5        8       0
                text77                              7C4      7C4        4        8       0
                text76                              7C0      7C0        4        8       0
                text75                              7BC      7BC        4        8       0
                text74                              7B8      7B8        4        8       0
                text73                              744      744        8        8       0
                text72                              74C      74C        7        8       0
                text71                              790      790        6        8       0
                text70                              7B4      7B4        4        8       0
                text69                              7B0      7B0        4        8       0
                text68                              7AC      7AC        4        8       0
                text67                              4CB      4CB       23        8       0
                text66                              24C      24C       4A        8       0
                text65                              320      320       3E        8       0
                text64                              7E8      7E8        3        8       0
                text63                              52D      52D       1F        8       0
                text61                              6F9      6F9        A        8       0
                text60                              412      412       27        8       0
                text59                              78A      78A        6        8       0
                text58                              569      569       1A        8       0
                text57                               50       50       B6        8       0
                text56                              7E5      7E5        3        8       0
                text55                              7E2      7E2        3        8       0
                text54                              5F2      5F2       16        8       0
                text53                              7DF      7DF        3        8       0
                text52                              7A8      7A8        4        8       0
                text51                              7DC      7DC        3        8       0
                text50                              7D9      7D9        3        8       0
                text49                              648      648        E        8       0
                text48                              45F      45F       25        8       0
                text47                              67E      67E        D        8       0
                text46                              5DC      5DC       16        8       0
                text45                              784      784        6        8       0
                text44                              77E      77E        6        8       0
                text43                              778      778        6        8       0
                text42                              5C6      5C6       16        8       0
                text41                              5B0      5B0       16        8       0
                text40                              59A      59A       16        8       0
                text39                              54C      54C       1D        8       0
                text38                              7D6      7D6        3        8       0
                text37                              FFA      FFA        1     1FF4       0
                text36                              7A4      7A4        4        8       0
                text35                              7D3      7D3        3        8       0
                text34                              772      772        6        8       0
                text33                              671      671        D        8       0
                text32                              7D0      7D0        3        8       0
                text31                              395      395       2D        8       0
                text30                              6D0      6D0        B        8       0
                text29                              703      703        9        8       0
                text28                              73C      73C        8        8       0
                text27                              734      734        8        8       0
                text26                              72C      72C        8        8       0
                text25                              724      724        8        8       0
                text24                              68B      68B        C        8       0
                text23                              6C5      6C5        B        8       0
                text22                              6EF      6EF        A        8       0
                text21                              71C      71C        8        8       0
                text20                              714      714        8        8       0
                text19                              70C      70C        8        8       0
                text18                              3EB      3EB       27        8       0
                text17                              1B2      1B2       4E        8       0
                text16                              2DE      2DE       42        8       0
                text15                              4A8      4A8       23        8       0
                text14                              6BA      6BA        B        8       0
                text13                              6AF      6AF        B        8       0
                text12                              6E5      6E5        A        8       0
                text11                              50E      50E       1F        8       0
                text10                              7A0      7A0        4        8       0
                text9                               6DB      6DB        A        8       0
                text8                               76C      76C        6        8       0
                text7                               766      766        6        8       0
                text6                               296      296       48        8       0
                text5                               664      664        D        8       0
                text4                               439      439       26        8       0
                text3                               200      200       4C        8       0
                text2                               160      160       52        8       0
                text1                               106      106       5A        8       0
                maintext                            35E      35E       37        8       0
                cstackBANK0                          57       57       15       20       1
                cstackCOMMON                         70       70        A       70       1
                clrtext                             760      760        6        8       0
                inittext                            75A      75A        6        8       0
                dataBANK1                            A0       A0       20       A0       1
                bssBANK1                             C0       C0       19       A0       1
                dataBANK0                            6C       6C        1       20       1
                bssBANK0                             20       20       37       20       1
                bssCOMMON                            7A       7A        4       70       1
                idataBANK1                          4EE      4EE       20        8       0
                idataBANK0                          FFB      FFB        1     1FF6       0

TOTAL           Name                               Link     Load   Length     Space
        CLASS   STACK          

        CLASS   CODE           
                end_init                             27       27        2         0
                cinit                                29       29       27         0
                intentry                              4        4       23         0
                reset_vec                             0        0        2         0
                text103                             7FD      7FD        3         0
                text102                             7FA      7FA        3         0
                text101                             7CC      7CC        4         0
                text100                             7F7      7F7        3         0
                text99                              7F4      7F4        3         0
                text98                              656      656        E         0
                text97                              484      484       24         0
                text96                              6A3      6A3        C         0
                text95                              638      638       10         0
                text94                              FFC      FFC        2         0
                text93                              FFE      FFE        2         0
                text92                                2        2        2         0
                text91                              628      628       10         0
                text90                              618      618       10         0
                text89                              608      608       10         0
                text88                              583      583       17         0
                text87                              7F1      7F1        3         0
                text86                              FF9      FF9        1         0
                text85                              7C8      7C8        4         0
                text84                              7EE      7EE        3         0
                text83                              79B      79B        5         0
                text82                              697      697        C         0
                text81                              7EB      7EB        3         0
                text80                              3C2      3C2       29         0
                text79                              753      753        7         0
                text78                              796      796        5         0
                text77                              7C4      7C4        4         0
                text76                              7C0      7C0        4         0
                text75                              7BC      7BC        4         0
                text74                              7B8      7B8        4         0
                text73                              744      744        8         0
                text72                              74C      74C        7         0
                text71                              790      790        6         0
                text70                              7B4      7B4        4         0
                text69                              7B0      7B0        4         0
                text68                              7AC      7AC        4         0
                text67                              4CB      4CB       23         0
                text66                              24C      24C       4A         0
                text65                              320      320       3E         0
                text64                              7E8      7E8        3         0
                text63                              52D      52D       1F         0
                text61                              6F9      6F9        A         0
                text60                              412      412       27         0
                text59                              78A      78A        6         0
                text58                              569      569       1A         0
                text57                               50       50       B6         0
                text56                              7E5      7E5        3         0
                text55                              7E2      7E2        3         0
                text54                              5F2      5F2       16         0
                text53                              7DF      7DF        3         0
                text52                              7A8      7A8        4         0
                text51                              7DC      7DC        3         0
                text50                              7D9      7D9        3         0
                text49                              648      648        E         0
                text48                              45F      45F       25         0
                text47                              67E      67E        D         0
                text46                              5DC      5DC       16         0
                text45                              784      784        6         0
                text44                              77E      77E        6         0
                text43                              778      778        6         0
                text42                              5C6      5C6       16         0
                text41                              5B0      5B0       16         0
                text40                              59A      59A       16         0
                text39                              54C      54C       1D         0
                text38                              7D6      7D6        3         0
                text37                              FFA      FFA        1         0
                text36                              7A4      7A4        4         0
                text35                              7D3      7D3        3         0
                text34                              772      772        6         0
                text33                              671      671        D         0
                text32                              7D0      7D0        3         0
                text31                              395      395       2D         0
                text30                              6D0      6D0        B         0
                text29                              703      703        9         0
                text28                              73C      73C        8         0
                text27                              734      734        8         0
                text26                              72C      72C        8         0
                text25                              724      724        8         0
                text24                              68B      68B        C         0
                text23                              6C5      6C5        B         0
                text22                              6EF      6EF        A         0
                text21                              71C      71C        8         0
                text20                              714      714        8         0
                text19                              70C      70C        8         0
                text18                              3EB      3EB       27         0
                text17                              1B2      1B2       4E         0
                text16                              2DE      2DE       42         0
                text15                              4A8      4A8       23         0
                text14                              6BA      6BA        B         0
                text13                              6AF      6AF        B         0
                text12                              6E5      6E5        A         0
                text11                              50E      50E       1F         0
                text10                              7A0      7A0        4         0
                text9                               6DB      6DB        A         0
                text8                               76C      76C        6         0
                text7                               766      766        6         0
                text6                               296      296       48         0
                text5                               664      664        D         0
                text4                               439      439       26         0
                text3                               200      200       4C         0
                text2                               160      160       52         0
                text1                               106      106       5A         0
                maintext                            35E      35E       37         0
                clrtext                             760      760        6         0
                inittext                            75A      75A        6         0
                idataBANK1                          4EE      4EE       20         0
                idataBANK0                          FFB      FFB        1         0

        CLASS   STRCODE        

        CLASS   STRING         

        CLASS   CONST          

        CLASS   ENTRY          

        CLASS   COMMON         
                cstackCOMMON                         70       70        A         1
                bssCOMMON                            7A       7A        4         1

        CLASS   BANK0          
                cstackBANK0                          57       57       15         1
                dataBANK0                            6C       6C        1         1
                bssBANK0                             20       20       37         1

        CLASS   BANK1          
                dataBANK1                            A0       A0       20         1
                bssBANK1                             C0       C0       19         1

        CLASS   BANK2          

        CLASS   BANK3          

        CLASS   BANK4          

        CLASS   BANK5          

        CLASS   BANK6          

        CLASS   BANK7          

        CLASS   BANK8          

        CLASS   BANK9          

        CLASS   BANK10         

        CLASS   BANK11         

        CLASS   BANK12         

        CLASS   BIGRAM         

        CLASS   RAM            

        CLASS   ABS1           
                abs_s1                               7E       7E        2         1

        CLASS   SFR0           

        CLASS   SFR1           

        CLASS   SFR2           

        CLASS   SFR3           

        CLASS   SFR4           

        CLASS   SFR5           

        CLASS   SFR6           

        CLASS   SFR7           

        CLASS   SFR8           

        CLASS   SFR9           

        CLASS   SFR10          

        CLASS   SFR11          

        CLASS   SFR12          

        CLASS   SFR13          

        CLASS   SFR14          

        CLASS   SFR15          

        CLASS   SFR16          

        CLASS   SFR17          

        CLASS   SFR18          

        CLASS   SFR19          

        CLASS   SFR20          

        CLASS   SFR21          

        CLASS   SFR22          

        CLASS   SFR23          

        CLASS   SFR24          

        CLASS   SFR25          

        CLASS   SFR26          

        CLASS   SFR27          

        CLASS   SFR28          

        CLASS   SFR29          

        CLASS   SFR30          

        CLASS   SFR31          

        CLASS   CONFIG         
                config                             8007     8007        3         0

        CLASS   IDLOC          

        CLASS   BANK31         

        CLASS   BANK30         

        CLASS   BANK29         

        CLASS   BANK28         

        CLASS   BANK27         

        CLASS   BANK26         

        CLASS   BANK25         

        CLASS   BANK24         

        CLASS   BANK23         

        CLASS   BANK22         

        CLASS   BANK21         

        CLASS   BANK20         

        CLASS   BANK19         

        CLASS   BANK18         

        CLASS   BANK17         

        CLASS   BANK16         

        CLASS   BANK15         

        CLASS   BANK14         

        CLASS   BANK13         

        CLASS   EEDATA         



SEGMENTS        Name                           Load    Length   Top    Selector   Space  Class     Delta

                reset_vec                      000000  000004  000004         0       0  CODE        2
                intentry                       000004  0007FC  000800         8       0  CODE        2
                bssBANK0                       000020  00004D  00006D        20       1  BANK0       1
                cstackCOMMON                   000070  00000E  00007E        70       1  COMMON      1
                dataBANK1                      0000A0  000039  0000D9        A0       1  BANK1       1
                text86                         000FF9  000001  000FFA      1FF2       0  CODE        2
                text37                         000FFA  000001  000FFB      1FF4       0  CODE        2
                idataBANK0                     000FFB  000001  000FFC      1FF6       0  CODE        2
                text94                         000FFC  000002  000FFE      1FF8       0  CODE        2
                text93                         000FFE  000002  001000      1FFC       0  CODE        2
                config                         008007  000003  00800A     1000E       0  CONFIG      2


UNUSED ADDRESS RANGES

        Name                Unused          Largest block    Delta
        BANK0            0006D-0006F               3           1
        BANK1            000D9-000EF              17           1
        BANK10           00520-0056F              50           1
        BANK11           005A0-005EF              50           1
        BANK12           00620-0064F              30           1
        BANK2            00120-0016F              50           1
        BANK3            001A0-001EF              50           1
        BANK4            00220-0026F              50           1
        BANK5            002A0-002EF              50           1
        BANK6            00320-0036F              50           1
        BANK7            003A0-003EF              50           1
        BANK8            00420-0046F              50           1
        BANK9            004A0-004EF              50           1
        BIGRAM           02000-023EF             3F0           1
        CODE             00800-00FF8             7F9           2
                         01000-01FFF             800
        CONST            00800-00FF8             100           2
                         01000-01FFF             100
        ENTRY            00800-00FF8             100           2
                         01000-01FFF             100
        IDLOC            08000-08003               4           2
        RAM              0006D-0006F               3           1
                         000D9-000EF              17
                         00120-0016F              50
                         001A0-001EF              50
                         00220-0026F              50
                         002A0-002EF              50
                         00320-0036F              50
                         003A0-003EF              50
                         00420-0046F              50
                         004A0-004EF              50
                         00520-0056F              50
                         005A0-005EF              50
                         00620-0064F              30
        SFR0             00000-0001F              20           1
        SFR1             00080-0009F              20           1
        SFR10            00500-0051F              20           1
        SFR11            00580-0059F              20           1
        SFR12            00600-0061F              20           1
        SFR13            00680-006EF              70           1
        SFR14            00700-0076F              70           1
        SFR15            00780-007EF              70           1
        SFR16            00800-0086F              70           1
        SFR17            00880-008EF              70           1
        SFR18            00900-0096F              70           1
        SFR19            00980-009EF              70           1
        SFR2             00100-0011F              20           1
        SFR20            00A00-00A6F              70           1
        SFR21            00A80-00AEF              70           1
        SFR22            00B00-00B6F              70           1
        SFR23            00B80-00BEF              70           1
        SFR24            00C00-00C6F              70           1
        SFR25            00C80-00CEF              70           1
        SFR26            00D00-00D6F              70           1
        SFR27            00D80-00DEF              70           1
        SFR28            00E00-00E6F              70           1
        SFR29            00E80-00EEF              70           1
        SFR3             00180-0019F              20           1
        SFR30            00F00-00F6F              70           1
        SFR31            00F80-00FEF              70           1
        SFR4             00200-0021F              20           1
        SFR5             00280-0029F              20           1
        SFR6             00300-0031F              20           1
        SFR7             00380-0039F              20           1
        SFR8             00400-0041F              20           1
        SFR9             00480-0049F              20           1
        STACK            02089-023EF             367           1
        STRCODE          00800-00FF8             7F9           2
                         01000-01FFF            1000
        STRING           00800-00FF8             100           2
                         01000-01FFF             100

                                  Symbol Table

?___awdiv                               cstackBANK0  00057
_ANSELA                                 (abs)        0018C
_ANSELB                                 (abs)        0018D
_ANSELC                                 (abs)        0018E
_BORCON                                 (abs)        00116
_INTCONbits                             (abs)        0000B
_INTERRUPT_InterruptManager             intentry     00004
_LATA                                   (abs)        0010C
_LATB                                   (abs)        0010D
_LATC                                   (abs)        0010E
_ODCONA                                 (abs)        0028C
_ODCONB                                 (abs)        0028D
_ODCONC                                 (abs)        0028E
_OPTION_REGbits                         (abs)        00095
_OSCCON                                 (abs)        00099
_OSCILLATOR_Initialize                  text61       006F9
_OSCTUNE                                (abs)        00098
_PIE1bits                               (abs)        00090
_PIE2bits                               (abs)        00091
_PIN_MANAGER_Initialize                 text60       00412
_PIR1bits                               (abs)        00010
_PIR2bits                               (abs)        00011
_PLLR                                   (abs)        004D6
_RB4PPS                                 (abs)        00E9C
_RB6PPS                                 (abs)        00E9E
_SSP1ADD                                (abs)        00212
_SSP1BUF                                (abs)        00211
_SSP1CON1                               (abs)        00215
_SSP1CON1bits                           (abs)        00215
_SSP1CON2                               (abs)        00216
_SSP1CON2bits                           (abs)        00216
_SSP1MSK                                (abs)        00213
_SSP1STAT                               (abs)        00214
_SSP1STATbits                           (abs)        00214
_SSPCLKPPS                              (abs)        00E20
_SSPDATPPS                              (abs)        00E21
_SYSTEM_Initialize                      text59       0078A
_TRISA                                  (abs)        0008C
_TRISB                                  (abs)        0008D
_TRISC                                  (abs)        0008E
_WPUA                                   (abs)        0020C
_WPUB                                   (abs)        0020D
_WPUC                                   (abs)        0020E
__CFG_BOREN$ON                          (abs)        00000
__CFG_BORV$LO                           (abs)        00000
__CFG_CLKOUTEN$OFF                      (abs)        00000
__CFG_CP$OFF                            (abs)        00000
__CFG_FCMEN$ON                          (abs)        00000
__CFG_FOSC$INTOSC                       (abs)        00000
__CFG_IESO$ON                           (abs)        00000
__CFG_LPBOR$OFF                         (abs)        00000
__CFG_LVP$ON                            (abs)        00000
__CFG_MCLRE$ON                          (abs)        00000
__CFG_PLLEN$ON                          (abs)        00000
__CFG_PPS1WAY$ON                        (abs)        00000
__CFG_PWRTE$OFF                         (abs)        00000
__CFG_STVREN$ON                         (abs)        00000
__CFG_WDTCCS$SWC                        (abs)        00000
__CFG_WDTCPS$WDTCPS1F                   (abs)        00000
__CFG_WDTCWS$WDTCWSSW                   (abs)        00000
__CFG_WDTE$OFF                          (abs)        00000
__CFG_WRT$OFF                           (abs)        00000
__CFG_ZCD$OFF                           (abs)        00000
__Habs1                                 abs1         00000
__Hbank0                                bank0        00000
__Hbank1                                bank1        00000
__Hbank10                               bank10       00000
__Hbank11                               bank11       00000
__Hbank12                               bank12       00000
__Hbank13                               bank13       00000
__Hbank14                               bank14       00000
__Hbank15                               bank15       00000
__Hbank16                               bank16       00000
__Hbank17                               bank17       00000
__Hbank18                               bank18       00000
__Hbank19                               bank19       00000
__Hbank2                                bank2        00000
__Hbank20                               bank20       00000
__Hbank21                               bank21       00000
__Hbank22                               bank22       00000
__Hbank23                               bank23       00000
__Hbank24                               bank24       00000
__Hbank25                               bank25       00000
__Hbank26                               bank26       00000
__Hbank27                               bank27       00000
__Hbank28                               bank28       00000
__Hbank29                               bank29       00000
__Hbank3                                bank3        00000
__Hbank30                               bank30       00000
__Hbank31                               bank31       00000
__Hbank4                                bank4        00000
__Hbank5                                bank5        00000
__Hbank6                                bank6        00000
__Hbank7                                bank7        00000
__Hbank8                                bank8        00000
__Hbank9                                bank9        00000
__Hbigram                               bigram       00000
__HbssBANK0                             bssBANK0     00000
__HbssBANK1                             bssBANK1     00000
__HbssCOMMON                            bssCOMMON    00000
__Hcinit                                cinit        00050
__Hclrtext                              clrtext      00000
__Hcode                                 code         00000
__Hcommon                               common       00000
__Hconfig                               config       0800A
__HcstackBANK0                          cstackBANK0  00000
__HcstackCOMMON                         cstackCOMMON 00000
__HdataBANK0                            dataBANK0    00000
__HdataBANK1                            dataBANK1    00000
__Heeprom_data                          eeprom_data  00000
__Hend_init                             end_init     00029
__Hfunctab                              functab      00000
__HidataBANK0                           idataBANK0   00000
__HidataBANK1                           idataBANK1   00000
__Hidloc                                idloc        00000
__Hinit                                 init         00027
__Hinittext                             inittext     00000
__Hintentry                             intentry     00027
__Hmaintext                             maintext     00000
__Hpowerup                              powerup      00000
__Hram                                  ram          00000
__Hreset_vec                            reset_vec    00002
__Hsfr0                                 sfr0         00000
__Hsfr1                                 sfr1         00000
__Hsfr10                                sfr10        00000
__Hsfr11                                sfr11        00000
__Hsfr12                                sfr12        00000
__Hsfr13                                sfr13        00000
__Hsfr14                                sfr14        00000
__Hsfr15                                sfr15        00000
__Hsfr16                                sfr16        00000
__Hsfr17                                sfr17        00000
__Hsfr18                                sfr18        00000
__Hsfr19                                sfr19        00000
__Hsfr2                                 sfr2         00000
__Hsfr20                                sfr20        00000
__Hsfr21                                sfr21        00000
__Hsfr22                                sfr22        00000
__Hsfr23                                sfr23        00000
__Hsfr24                                sfr24        00000
__Hsfr25                                sfr25        00000
__Hsfr26                                sfr26        00000
__Hsfr27                                sfr27        00000
__Hsfr28                                sfr28        00000
__Hsfr29                                sfr29        00000
__Hsfr3                                 sfr3         00000
__Hsfr30                                sfr30        00000
__Hsfr31                                sfr31        00000
__Hsfr4                                 sfr4         00000
__Hsfr5                                 sfr5         00000
__Hsfr6                                 sfr6         00000
__Hsfr7                                 sfr7         00000
__Hsfr8                                 sfr8         00000
__Hsfr9                                 sfr9         00000
__Hspace_0                              (abs)        0800A
__Hspace_1                              (abs)        000D9
__Hspace_2                              (abs)        00000
__Hspace_3                              (abs)        00000
__Hstack                                stack        00000
__Hstrings                              strings      00000
__Htext                                 text         00000
__Labs1                                 abs1         00000
__Lbank0                                bank0        00000
__Lbank1                                bank1        00000
__Lbank10                               bank10       00000
__Lbank11                               bank11       00000
__Lbank12                               bank12       00000
__Lbank13                               bank13       00000
__Lbank14                               bank14       00000
__Lbank15                               bank15       00000
__Lbank16                               bank16       00000
__Lbank17                               bank17       00000
__Lbank18                               bank18       00000
__Lbank19                               bank19       00000
__Lbank2                                bank2        00000
__Lbank20                               bank20       00000
__Lbank21                               bank21       00000
__Lbank22                               bank22       00000
__Lbank23                               bank23       00000
__Lbank24                               bank24       00000
__Lbank25                               bank25       00000
__Lbank26                               bank26       00000
__Lbank27                               bank27       00000
__Lbank28                               bank28       00000
__Lbank29                               bank29       00000
__Lbank3                                bank3        00000
__Lbank30                               bank30       00000
__Lbank31                               bank31       00000
__Lbank4                                bank4        00000
__Lbank5                                bank5        00000
__Lbank6                                bank6        00000
__Lbank7                                bank7        00000
__Lbank8                                bank8        00000
__Lbank9                                bank9        00000
__Lbigram                               bigram       00000
__LbssBANK0                             bssBANK0     00000
__LbssBANK1                             bssBANK1     00000
__LbssCOMMON                            bssCOMMON    00000
__Lcinit                                cinit        00029
__Lclrtext                              clrtext      00000
__Lcode                                 code         00000
__Lcommon                               common       00000
__Lconfig                               config       08007
__LcstackBANK0                          cstackBANK0  00000
__LcstackCOMMON                         cstackCOMMON 00000
__LdataBANK0                            dataBANK0    00000
__LdataBANK1                            dataBANK1    00000
__Leeprom_data                          eeprom_data  00000
__Lend_init                             end_init     00027
__Lfunctab                              functab      00000
__LidataBANK0                           idataBANK0   00000
__LidataBANK1                           idataBANK1   00000
__Lidloc                                idloc        00000
__Linit                                 init         00027
__Linittext                             inittext     00000
__Lintentry                             intentry     00004
__Lmaintext                             maintext     00000
__Lpowerup                              powerup      00000
__Lram                                  ram          00000
__Lreset_vec                            reset_vec    00000
__Lsfr0                                 sfr0         00000
__Lsfr1                                 sfr1         00000
__Lsfr10                                sfr10        00000
__Lsfr11                                sfr11        00000
__Lsfr12                                sfr12        00000
__Lsfr13                                sfr13        00000
__Lsfr14                                sfr14        00000
__Lsfr15                                sfr15        00000
__Lsfr16                                sfr16        00000
__Lsfr17                                sfr17        00000
__Lsfr18                                sfr18        00000
__Lsfr19                                sfr19        00000
__Lsfr2                                 sfr2         00000
__Lsfr20                                sfr20        00000
__Lsfr21                                sfr21        00000
__Lsfr22                                sfr22        00000
__Lsfr23                                sfr23        00000
__Lsfr24                                sfr24        00000
__Lsfr25                                sfr25        00000
__Lsfr26                                sfr26        00000
__Lsfr27                                sfr27        00000
__Lsfr28                                sfr28        00000
__Lsfr29                                sfr29        00000
__Lsfr3                                 sfr3         00000
__Lsfr30                                sfr30        00000
__Lsfr31                                sfr31        00000
__Lsfr4                                 sfr4         00000
__Lsfr5                                 sfr5         00000
__Lsfr6                                 sfr6         00000
__Lsfr7                                 sfr7         00000
__Lsfr8                                 sfr8         00000
__Lsfr9                                 sfr9         00000
__Lspace_0                              (abs)        00000
__Lspace_1                              (abs)        00000
__Lspace_2                              (abs)        00000
__Lspace_3                              (abs)        00000
__Lstack                                stack        00000
__Lstrings                              strings      00000
__Ltext                                 text         00000
__S0                                    (abs)        0800A
__S1                                    (abs)        000D9
__S2                                    (abs)        00000
___awdiv                                text2        00160
___awdiv@counter                        cstackBANK0  0005C
___awdiv@dividend                       cstackBANK0  00059
___awdiv@divisor                        cstackBANK0  00057
___awdiv@quotient                       cstackBANK0  0005E
___awdiv@sign                           cstackBANK0  0005D
___int_sp                               stack        00000
___latbits                              (abs)        00002
___sp                                   stack        00000
__end_of_INTERRUPT_InterruptManager     intentry     00027
__end_of_OSCILLATOR_Initialize          text61       00703
__end_of_PIN_MANAGER_Initialize         text60       00439
__end_of_SYSTEM_Initialize              text59       00790
__end_of___awdiv                        text2        001B2
__end_of__initialization                cinit        0004C
__end_of_clearPixels                    text58       00583
__end_of_do_I2C_DO_ACK                  text21       00724
__end_of_do_I2C_DO_ADDRESS_NACK         text18       00412
__end_of_do_I2C_DO_NACK_RESTART         text19       00714
__end_of_do_I2C_DO_NACK_STOP            text20       0071C
__end_of_do_I2C_IDLE                    text29       0070C
__end_of_do_I2C_RCEN                    text22       006F9
__end_of_do_I2C_RESET                   text30       006DB
__end_of_do_I2C_RX                      text16       00320
__end_of_do_I2C_SEND_ADR_READ           text24       00697
__end_of_do_I2C_SEND_ADR_WRITE          text23       006D0
__end_of_do_I2C_SEND_RESTART            text26       00734
__end_of_do_I2C_SEND_RESTART_READ       text28       00744
__end_of_do_I2C_SEND_RESTART_WRITE      text27       0073C
__end_of_do_I2C_SEND_STOP               text25       0072C
__end_of_do_I2C_TX                      text17       00200
__end_of_do_I2C_TX_EMPTY                text31       003C2
__end_of_drawPixel                      text57       00106
__end_of_i2c_ISR                        text15       004CB
__end_of_i2c_busCollisionISR            text102      007FD
__end_of_i2c_close                      text54       00608
__end_of_i2c_driver_TXData              text34       00778
__end_of_i2c_driver_clearBusCollision   text103      00800
__end_of_i2c_driver_getRXData           text35       007D6
__end_of_i2c_driver_isNACK              text33       0067E
__end_of_i2c_driver_open                text9        006E5
__end_of_i2c_driver_resetBus            text37       00FFB
__end_of_i2c_driver_restart             text51       007DF
__end_of_i2c_driver_sendACK             text52       007AC
__end_of_i2c_driver_sendNACK            text36       007A8
__end_of_i2c_driver_setBusCollisionISR  text8        00772
__end_of_i2c_driver_setI2cISR           text7        0076C
__end_of_i2c_driver_start               text53       007E2
__end_of_i2c_driver_startRX             text38       007D9
__end_of_i2c_driver_stop                text50       007DC
__end_of_i2c_masterOperation            text11       0052D
__end_of_i2c_masterWrite                text10       007A4
__end_of_i2c_open                       text6        002DE
__end_of_i2c_poller                     text13       006BA
__end_of_i2c_restartWrite               text43       0077E
__end_of_i2c_setAddressNACKCallback     text5        00671
__end_of_i2c_setBuffer                  text49       00656
__end_of_i2c_setDataCompleteCallback    text47       0068B
__end_of_i2c_writeNBytes                text4        0045F
__end_of_initializeDisplay              text3        0024C
__end_of_main                           maintext     00395
__end_of_mssp_IRQisEnabled              text12       006EF
__end_of_mssp_clearIRQ                  text56       007E8
__end_of_mssp_disableIRQ                text55       007E5
__end_of_mssp_setIRQ                    text32       007D3
__end_of_mssp_waitForEvent              text14       006C5
__end_of_rd1RegCompleteHandler          text41       005C6
__end_of_rd2RegCompleteHandler          text40       005B0
__end_of_rdBlkRegCompleteHandler        text39       00569
__end_of_returnReset                    text44       00784
__end_of_returnStop                     text45       0078A
__end_of_setCallBack                    text48       00484
__end_of_wr1RegCompleteHandler          text42       005DC
__end_of_wr2RegCompleteHandler          text46       005F2
__end_of_writeDisplay                   text1        00160
__end_ofi1_do_I2C_DO_ACK                text70       007B8
__end_ofi1_do_I2C_DO_ADDRESS_NACK       text67       004EE
__end_ofi1_do_I2C_DO_NACK_RESTART       text68       007B0
__end_ofi1_do_I2C_DO_NACK_STOP          text69       007B4
__end_ofi1_do_I2C_IDLE                  text78       0079B
__end_ofi1_do_I2C_RCEN                  text71       00796
__end_ofi1_do_I2C_RESET                 text79       0075A
__end_ofi1_do_I2C_RX                    text65       0035E
__end_ofi1_do_I2C_SEND_ADR_READ         text73       0074C
__end_ofi1_do_I2C_SEND_ADR_WRITE        text72       00753
__end_ofi1_do_I2C_SEND_RESTART          text75       007C0
__end_ofi1_do_I2C_SEND_RESTART_READ     text77       007C8
__end_ofi1_do_I2C_SEND_RESTART_WRITE    text76       007C4
__end_ofi1_do_I2C_SEND_STOP             text74       007BC
__end_ofi1_do_I2C_TX                    text66       00296
__end_ofi1_do_I2C_TX_EMPTY              text80       003EB
__end_ofi1_i2c_ISR                      text63       0054C
__end_ofi1_i2c_driver_TXData            text83       007A0
__end_ofi1_i2c_driver_getRXData         text84       007F1
__end_ofi1_i2c_driver_isNACK            text82       006A3
__end_ofi1_i2c_driver_resetBus          text86       00FFA
__end_ofi1_i2c_driver_restart           text100      007FA
__end_ofi1_i2c_driver_sendACK           text101      007D0
__end_ofi1_i2c_driver_sendNACK          text85       007CC
__end_ofi1_i2c_driver_startRX           text87       007F4
__end_ofi1_i2c_driver_stop              text99       007F7
__end_ofi1_i2c_restartWrite             text92       00004
__end_ofi1_i2c_setBuffer                text98       00664
__end_ofi1_i2c_setDataCompleteCallback  text96       006AF
__end_ofi1_mssp_clearIRQ                text64       007EB
__end_ofi1_mssp_setIRQ                  text81       007EE
__end_ofi1_rd1RegCompleteHandler        text90       00628
__end_ofi1_rd2RegCompleteHandler        text89       00618
__end_ofi1_rdBlkRegCompleteHandler      text88       0059A
__end_ofi1_returnReset                  text93       01000
__end_ofi1_returnStop                   text94       00FFE
__end_ofi1_setCallBack                  text97       004A8
__end_ofi1_wr1RegCompleteHandler        text91       00638
__end_ofi1_wr2RegCompleteHandler        text95       00648
__initialization                        cinit        00029
__pbssBANK0                             bssBANK0     00020
__pbssBANK1                             bssBANK1     000C0
__pbssCOMMON                            bssCOMMON    0007A
__pcstackBANK0                          cstackBANK0  00057
__pcstackCOMMON                         cstackCOMMON 00070
__pdataBANK0                            dataBANK0    0006C
__pdataBANK1                            dataBANK1    000A0
__pidataBANK0                           idataBANK0   00FFB
__pidataBANK1                           idataBANK1   004EE
__pintentry                             intentry     00004
__pmaintext                             maintext     0035E
__ptext1                                text1        00106
__ptext10                               text10       007A0
__ptext100                              text100      007F7
__ptext101                              text101      007CC
__ptext102                              text102      007FA
__ptext103                              text103      007FD
__ptext11                               text11       0050E
__ptext12                               text12       006E5
__ptext13                               text13       006AF
__ptext14                               text14       006BA
__ptext15                               text15       004A8
__ptext16                               text16       002DE
__ptext17                               text17       001B2
__ptext18                               text18       003EB
__ptext19                               text19       0070C
__ptext2                                text2        00160
__ptext20                               text20       00714
__ptext21                               text21       0071C
__ptext22                               text22       006EF
__ptext23                               text23       006C5
__ptext24                               text24       0068B
__ptext25                               text25       00724
__ptext26                               text26       0072C
__ptext27                               text27       00734
__ptext28                               text28       0073C
__ptext29                               text29       00703
__ptext3                                text3        00200
__ptext30                               text30       006D0
__ptext31                               text31       00395
__ptext32                               text32       007D0
__ptext33                               text33       00671
__ptext34                               text34       00772
__ptext35                               text35       007D3
__ptext36                               text36       007A4
__ptext37                               text37       00FFA
__ptext38                               text38       007D6
__ptext39                               text39       0054C
__ptext4                                text4        00439
__ptext40                               text40       0059A
__ptext41                               text41       005B0
__ptext42                               text42       005C6
__ptext43                               text43       00778
__ptext44                               text44       0077E
__ptext45                               text45       00784
__ptext46                               text46       005DC
__ptext47                               text47       0067E
__ptext48                               text48       0045F
__ptext49                               text49       00648
__ptext5                                text5        00664
__ptext50                               text50       007D9
__ptext51                               text51       007DC
__ptext52                               text52       007A8
__ptext53                               text53       007DF
__ptext54                               text54       005F2
__ptext55                               text55       007E2
__ptext56                               text56       007E5
__ptext57                               text57       00050
__ptext58                               text58       00569
__ptext59                               text59       0078A
__ptext6                                text6        00296
__ptext60                               text60       00412
__ptext61                               text61       006F9
__ptext63                               text63       0052D
__ptext64                               text64       007E8
__ptext65                               text65       00320
__ptext66                               text66       0024C
__ptext67                               text67       004CB
__ptext68                               text68       007AC
__ptext69                               text69       007B0
__ptext7                                text7        00766
__ptext70                               text70       007B4
__ptext71                               text71       00790
__ptext72                               text72       0074C
__ptext73                               text73       00744
__ptext74                               text74       007B8
__ptext75                               text75       007BC
__ptext76                               text76       007C0
__ptext77                               text77       007C4
__ptext78                               text78       00796
__ptext79                               text79       00753
__ptext8                                text8        0076C
__ptext80                               text80       003C2
__ptext81                               text81       007EB
__ptext82                               text82       00697
__ptext83                               text83       0079B
__ptext84                               text84       007EE
__ptext85                               text85       007C8
__ptext86                               text86       00FF9
__ptext87                               text87       007F1
__ptext88                               text88       00583
__ptext89                               text89       00608
__ptext9                                text9        006DB
__ptext90                               text90       00618
__ptext91                               text91       00628
__ptext92                               text92       00002
__ptext93                               text93       00FFE
__ptext94                               text94       00FFC
__ptext95                               text95       00638
__ptext96                               text96       006A3
__ptext97                               text97       00484
__ptext98                               text98       00656
__ptext99                               text99       007F4
__size_of_INTERRUPT_InterruptManager    (abs)        00000
__size_of_OSCILLATOR_Initialize         (abs)        00000
__size_of_PIN_MANAGER_Initialize        (abs)        00000
__size_of_SYSTEM_Initialize             (abs)        00000
__size_of___awdiv                       (abs)        00000
__size_of_clearPixels                   (abs)        00000
__size_of_do_I2C_DO_ACK                 (abs)        00000
__size_of_do_I2C_DO_ADDRESS_NACK        (abs)        00000
__size_of_do_I2C_DO_NACK_RESTART        (abs)        00000
__size_of_do_I2C_DO_NACK_STOP           (abs)        00000
__size_of_do_I2C_IDLE                   (abs)        00000
__size_of_do_I2C_RCEN                   (abs)        00000
__size_of_do_I2C_RESET                  (abs)        00000
__size_of_do_I2C_RX                     (abs)        00000
__size_of_do_I2C_SEND_ADR_READ          (abs)        00000
__size_of_do_I2C_SEND_ADR_WRITE         (abs)        00000
__size_of_do_I2C_SEND_RESTART           (abs)        00000
__size_of_do_I2C_SEND_RESTART_READ      (abs)        00000
__size_of_do_I2C_SEND_RESTART_WRITE     (abs)        00000
__size_of_do_I2C_SEND_STOP              (abs)        00000
__size_of_do_I2C_TX                     (abs)        00000
__size_of_do_I2C_TX_EMPTY               (abs)        00000
__size_of_drawPixel                     (abs)        00000
__size_of_i2c_ISR                       (abs)        00000
__size_of_i2c_busCollisionISR           (abs)        00000
__size_of_i2c_close                     (abs)        00000
__size_of_i2c_driver_TXData             (abs)        00000
__size_of_i2c_driver_clearBusCollision  (abs)        00000
__size_of_i2c_driver_getRXData          (abs)        00000
__size_of_i2c_driver_isNACK             (abs)        00000
__size_of_i2c_driver_open               (abs)        00000
__size_of_i2c_driver_resetBus           (abs)        00000
__size_of_i2c_driver_restart            (abs)        00000
__size_of_i2c_driver_sendACK            (abs)        00000
__size_of_i2c_driver_sendNACK           (abs)        00000
__size_of_i2c_driver_setBusCollisionISR (abs)        00000
__size_of_i2c_driver_setI2cISR          (abs)        00000
__size_of_i2c_driver_start              (abs)        00000
__size_of_i2c_driver_startRX            (abs)        00000
__size_of_i2c_driver_stop               (abs)        00000
__size_of_i2c_masterOperation           (abs)        00000
__size_of_i2c_masterWrite               (abs)        00000
__size_of_i2c_open                      (abs)        00000
__size_of_i2c_poller                    (abs)        00000
__size_of_i2c_restartWrite              (abs)        00000
__size_of_i2c_setAddressNACKCallback    (abs)        00000
__size_of_i2c_setBuffer                 (abs)        00000
__size_of_i2c_setDataCompleteCallback   (abs)        00000
__size_of_i2c_writeNBytes               (abs)        00000
__size_of_initializeDisplay             (abs)        00000
__size_of_main                          (abs)        00000
__size_of_mssp_IRQisEnabled             (abs)        00000
__size_of_mssp_clearIRQ                 (abs)        00000
__size_of_mssp_disableIRQ               (abs)        00000
__size_of_mssp_setIRQ                   (abs)        00000
__size_of_mssp_waitForEvent             (abs)        00000
__size_of_rd1RegCompleteHandler         (abs)        00000
__size_of_rd2RegCompleteHandler         (abs)        00000
__size_of_rdBlkRegCompleteHandler       (abs)        00000
__size_of_returnReset                   (abs)        00000
__size_of_returnStop                    (abs)        00000
__size_of_setCallBack                   (abs)        00000
__size_of_wr1RegCompleteHandler         (abs)        00000
__size_of_wr2RegCompleteHandler         (abs)        00000
__size_of_writeDisplay                  (abs)        00000
__size_ofi1_do_I2C_DO_ACK               (abs)        00000
__size_ofi1_do_I2C_DO_ADDRESS_NACK      (abs)        00000
__size_ofi1_do_I2C_DO_NACK_RESTART      (abs)        00000
__size_ofi1_do_I2C_DO_NACK_STOP         (abs)        00000
__size_ofi1_do_I2C_IDLE                 (abs)        00000
__size_ofi1_do_I2C_RCEN                 (abs)        00000
__size_ofi1_do_I2C_RESET                (abs)        00000
__size_ofi1_do_I2C_RX                   (abs)        00000
__size_ofi1_do_I2C_SEND_ADR_READ        (abs)        00000
__size_ofi1_do_I2C_SEND_ADR_WRITE       (abs)        00000
__size_ofi1_do_I2C_SEND_RESTART         (abs)        00000
__size_ofi1_do_I2C_SEND_RESTART_READ    (abs)        00000
__size_ofi1_do_I2C_SEND_RESTART_WRITE   (abs)        00000
__size_ofi1_do_I2C_SEND_STOP            (abs)        00000
__size_ofi1_do_I2C_TX                   (abs)        00000
__size_ofi1_do_I2C_TX_EMPTY             (abs)        00000
__size_ofi1_i2c_ISR                     (abs)        00000
__size_ofi1_i2c_driver_TXData           (abs)        00000
__size_ofi1_i2c_driver_getRXData        (abs)        00000
__size_ofi1_i2c_driver_isNACK           (abs)        00000
__size_ofi1_i2c_driver_resetBus         (abs)        00000
__size_ofi1_i2c_driver_restart          (abs)        00000
__size_ofi1_i2c_driver_sendACK          (abs)        00000
__size_ofi1_i2c_driver_sendNACK         (abs)        00000
__size_ofi1_i2c_driver_startRX          (abs)        00000
__size_ofi1_i2c_driver_stop             (abs)        00000
__size_ofi1_i2c_restartWrite            (abs)        00000
__size_ofi1_i2c_setBuffer               (abs)        00000
__size_ofi1_i2c_setDataCompleteCallback (abs)        00000
__size_ofi1_mssp_clearIRQ               (abs)        00000
__size_ofi1_mssp_setIRQ                 (abs)        00000
__size_ofi1_rd1RegCompleteHandler       (abs)        00000
__size_ofi1_rd2RegCompleteHandler       (abs)        00000
__size_ofi1_rdBlkRegCompleteHandler     (abs)        00000
__size_ofi1_returnReset                 (abs)        00000
__size_ofi1_returnStop                  (abs)        00000
__size_ofi1_setCallBack                 (abs)        00000
__size_ofi1_wr1RegCompleteHandler       (abs)        00000
__size_ofi1_wr2RegCompleteHandler       (abs)        00000
_clearPixels                            text58       00569
_do_I2C_DO_ACK                          text21       0071C
_do_I2C_DO_ACK$intlevel0                text21       00720
_do_I2C_DO_ADDRESS_NACK                 text18       003EB
_do_I2C_DO_ADDRESS_NACK$intlevel0       text18       003EF
_do_I2C_DO_NACK_RESTART                 text19       0070C
_do_I2C_DO_NACK_RESTART$intlevel0       text19       00710
_do_I2C_DO_NACK_STOP                    text20       00714
_do_I2C_DO_NACK_STOP$intlevel0          text20       00718
_do_I2C_IDLE                            text29       00703
_do_I2C_IDLE$intlevel0                  text29       00707
_do_I2C_RCEN                            text22       006EF
_do_I2C_RCEN$intlevel0                  text22       006F3
_do_I2C_RESET                           text30       006D0
_do_I2C_RESET$intlevel0                 text30       006D4
_do_I2C_RX                              text16       002DE
_do_I2C_RX$intlevel0                    text16       002E2
_do_I2C_SEND_ADR_READ                   text24       0068B
_do_I2C_SEND_ADR_READ$intlevel0         text24       0068F
_do_I2C_SEND_ADR_WRITE                  text23       006C5
_do_I2C_SEND_ADR_WRITE$intlevel0        text23       006C9
_do_I2C_SEND_RESTART                    text26       0072C
_do_I2C_SEND_RESTART$intlevel0          text26       00730
_do_I2C_SEND_RESTART_READ               text28       0073C
_do_I2C_SEND_RESTART_READ$intlevel0     text28       00740
_do_I2C_SEND_RESTART_WRITE              text27       00734
_do_I2C_SEND_RESTART_WRITE$intlevel0    text27       00738
_do_I2C_SEND_STOP                       text25       00724
_do_I2C_SEND_STOP$intlevel0             text25       00728
_do_I2C_TX                              text17       001B2
_do_I2C_TX$774                          cstackBANK0  00059
_do_I2C_TX$intlevel0                    text17       001B6
_do_I2C_TX_EMPTY                        text31       00395
_do_I2C_TX_EMPTY$intlevel0              text31       00399
_drawPixel                              text57       00050
_elevation                              bssBANK0     00056
_fall                                   dataBANK0    0006C
_fsmStateTable                          dataBANK1    000A0
_gravityCounter                         bssBANK0     00055
_i2c_ISR                                text15       004A8
_i2c_ISR$intlevel0                      text15       004AC
_i2c_busCollisionISR                    text102      007FA
_i2c_close                              text54       005F2
_i2c_driver_TXData                      text34       00772
_i2c_driver_busCollisionISR             bssCOMMON    0007A
_i2c_driver_clearBusCollision           text103      007FD
_i2c_driver_getRXData                   text35       007D3
_i2c_driver_i2cISR                      bssBANK0     00053
_i2c_driver_isNACK                      text33       00671
_i2c_driver_open                        text9        006DB
_i2c_driver_resetBus                    text37       00FFA
_i2c_driver_restart                     text51       007DC
_i2c_driver_sendACK                     text52       007A8
_i2c_driver_sendNACK                    text36       007A4
_i2c_driver_setBusCollisionISR          text8        0076C
_i2c_driver_setI2cISR                   text7        00766
_i2c_driver_start                       text53       007DF
_i2c_driver_startRX                     text38       007D6
_i2c_driver_stop                        text50       007D9
_i2c_masterOperation                    text11       0050E
_i2c_masterWrite                        text10       007A0
_i2c_open                               text6        00296
_i2c_poller                             text13       006AF
_i2c_restartWrite                       text43       00778
_i2c_restartWrite$intlevel0             text43       0077C
_i2c_setAddressNACKCallback             text5        00664
_i2c_setBuffer                          text49       00648
_i2c_setDataCompleteCallback            text47       0067E
_i2c_status                             bssBANK0     00020
_i2c_writeNBytes                        text4        00439
_initializeDisplay                      text3        00200
_main                                   maintext     0035E
_mssp_IRQisEnabled                      text12       006E5
_mssp_clearIRQ                          text56       007E5
_mssp_disableIRQ                        text55       007E2
_mssp_setIRQ                            text32       007D0
_mssp_waitForEvent                      text14       006BA
_pixelbuffer                            bssBANK0     0003D
_rd1RegCompleteHandler                  text41       005B0
_rd1RegCompleteHandler$intlevel0        text41       005B4
_rd2RegCompleteHandler                  text40       0059A
_rd2RegCompleteHandler$intlevel0        text40       0059E
_rdBlkRegCompleteHandler                text39       0054C
_rdBlkRegCompleteHandler$intlevel0      text39       00550
_returnReset                            text44       0077E
_returnReset$intlevel0                  text44       00782
_returnStop                             text45       00784
_returnStop$intlevel0                   text45       00788
_setCallBack                            text48       0045F
_wr1RegCompleteHandler                  text42       005C6
_wr1RegCompleteHandler$intlevel0        text42       005CA
_wr2RegCompleteHandler                  text46       005DC
_wr2RegCompleteHandler$intlevel0        text46       005E0
_writeDisplay                           text1        00106
_writebuffer                            bssBANK1     000C8
btemp                                   (abs)        0007E
clearPixels@i                           cstackBANK0  00058
clear_ram0                              clrtext      00760
drawPixel@color                         cstackBANK0  00058
drawPixel@x                             cstackBANK0  0005F
drawPixel@y                             cstackBANK0  00057
end_of_initialization                   cinit        0004C
i1_do_I2C_DO_ACK                        text70       007B4
i1_do_I2C_DO_ADDRESS_NACK               text67       004CB
i1_do_I2C_DO_NACK_RESTART               text68       007AC
i1_do_I2C_DO_NACK_STOP                  text69       007B0
i1_do_I2C_IDLE                          text78       00796
i1_do_I2C_RCEN                          text71       00790
i1_do_I2C_RESET                         text79       00753
i1_do_I2C_RX                            text65       00320
i1_do_I2C_SEND_ADR_READ                 text73       00744
i1_do_I2C_SEND_ADR_WRITE                text72       0074C
i1_do_I2C_SEND_RESTART                  text75       007BC
i1_do_I2C_SEND_RESTART_READ             text77       007C4
i1_do_I2C_SEND_RESTART_WRITE            text76       007C0
i1_do_I2C_SEND_STOP                     text74       007B8
i1_do_I2C_TX                            text66       0024C
i1_do_I2C_TX$774                        cstackCOMMON 00072
i1_do_I2C_TX_EMPTY                      text80       003C2
i1_i2c_ISR                              text63       0052D
i1_i2c_driver_TXData                    text83       0079B
i1_i2c_driver_getRXData                 text84       007EE
i1_i2c_driver_isNACK                    text82       00697
i1_i2c_driver_resetBus                  text86       00FF9
i1_i2c_driver_restart                   text100      007F7
i1_i2c_driver_sendACK                   text101      007CC
i1_i2c_driver_sendNACK                  text85       007C8
i1_i2c_driver_startRX                   text87       007F1
i1_i2c_driver_stop                      text99       007F4
i1_i2c_restartWrite                     text92       00002
i1_i2c_setBuffer                        text98       00656
i1_i2c_setDataCompleteCallback          text96       006A3
i1_mssp_clearIRQ                        text64       007E8
i1_mssp_setIRQ                          text81       007EB
i1_rd1RegCompleteHandler                text90       00618
i1_rd2RegCompleteHandler                text89       00608
i1_rdBlkRegCompleteHandler              text88       00583
i1_returnReset                          text93       00FFE
i1_returnStop                           text94       00FFC
i1_setCallBack                          text97       00484
i1_wr1RegCompleteHandler                text91       00628
i1_wr2RegCompleteHandler                text95       00638
i1i2c_driver_TXData@d                   cstackCOMMON 00070
i1i2c_setBuffer@buffer                  cstackCOMMON 00073
i1i2c_setBuffer@bufferSize              cstackCOMMON 00070
i1i2c_setDataCompleteCallback@cb        cstackCOMMON 00075
i1i2c_setDataCompleteCallback@p         cstackCOMMON 00077
i1rd1RegCompleteHandler@p               cstackCOMMON 00079
i1rd2RegCompleteHandler@p               cstackCOMMON 00079
i1rdBlkRegCompleteHandler@p             cstackCOMMON 00079
i1returnStop@p                          cstackCOMMON 00079
i1setCallBack@cb                        cstackCOMMON 00070
i1setCallBack@idx                       cstackCOMMON 00074
i1setCallBack@p                         cstackCOMMON 00072
i1wr1RegCompleteHandler@p               cstackCOMMON 00079
i1wr2RegCompleteHandler@p               cstackCOMMON 00079
i2c_close@ret                           cstackBANK0  00058
i2c_driver_TXData@d                     cstackBANK0  00057
i2c_driver_setBusCollisionISR@f         cstackBANK0  00057
i2c_driver_setI2cISR@f                  cstackBANK0  00057
i2c_masterOperation@read                cstackBANK0  0005D
i2c_masterOperation@ret                 cstackBANK0  0005E
i2c_open@address                        cstackBANK0  0005A
i2c_open@ret                            cstackBANK0  0005B
i2c_setAddressNACKCallback@cb           cstackBANK0  0005C
i2c_setAddressNACKCallback@p            cstackBANK0  0005E
i2c_setBuffer@buffer                    cstackBANK0  0005A
i2c_setBuffer@bufferSize                cstackBANK0  00057
i2c_setDataCompleteCallback@cb          cstackBANK0  0005C
i2c_setDataCompleteCallback@p           cstackBANK0  0005E
i2c_writeNBytes@address                 cstackBANK0  00063
i2c_writeNBytes@data                    cstackBANK0  00060
i2c_writeNBytes@len                     cstackBANK0  00061
init_ram                                inittext     0075A
initializeDisplay@i                     cstackBANK0  00065
initializeDisplay@i_471                 cstackBANK0  00066
int$flags                               (abs)        0007E
intlevel0                               functab      00000
intlevel1                               functab      00000
intlevel2                               functab      00000
intlevel3                               functab      00000
intlevel4                               functab      00000
intlevel5                               functab      00000
mssp_waitForEvent@timeout               cstackBANK0  00057
rd1RegCompleteHandler@p                 cstackBANK0  00060
rd2RegCompleteHandler@p                 cstackBANK0  00060
rdBlkRegCompleteHandler@p               cstackBANK0  00060
reset_vec                               reset_vec    00000
returnStop@p                            cstackBANK0  00060
setCallBack@cb                          cstackBANK0  00057
setCallBack@idx                         cstackBANK0  0005B
setCallBack@p                           cstackBANK0  00059
stackhi                                 (abs)        023EF
stacklo                                 (abs)        02089
start                                   init         00027
start_initialization                    cinit        00029
wr1RegCompleteHandler@p                 cstackBANK0  00060
wr2RegCompleteHandler@p                 cstackBANK0  00060
writeDisplay@i                          cstackBANK0  00069
wtemp0                                  (abs)        0007E


FUNCTION INFORMATION:

 *************** function _main *****************
 Defined at:
		line 113 in file "main.c"
 Parameters:    Size  Location     Type
		None
 Auto vars:     Size  Location     Type
		None
 Return value:  Size  Location     Type
                  1    wreg      void 
 Registers used:
		wreg, fsr0l, fsr0h, fsr1l, fsr1h, status,2, status,0, pclath, cstack
 Tracked objects:
		On entry : 
		On exit  : 
		Unchanged: 
 Data sizes:     COMMON   BANK0   BANK1   BANK2   BANK3   BANK4   BANK5   BANK6   BANK7   BANK8   BANK9  BANK10  BANK11  BANK12
      Params:         0       0       0       0       0       0       0       0       0       0       0       0       0       0
      Locals:         0       0       0       0       0       0       0       0       0       0       0       0       0       0
      Temps:          0       2       0       0       0       0       0       0       0       0       0       0       0       0
      Totals:         0       2       0       0       0       0       0       0       0       0       0       0       0       0
Total ram usage:        2 bytes
 Hardware stack levels required when called:   16
 This function calls:
		_SYSTEM_Initialize
		_clearPixels
		_drawPixel
		_initializeDisplay
		_writeDisplay
 This function is called by:
		Startup code after reset
[...]
  p               1    9[COMMON] PTR void 
		 -> i2c_readDataBlock@d(3), i2c_write2ByteRegister@data(2), i2c_read2ByteRegister@result(2), i2c_read1ByteRegister@d2(1), 
		 -> i2c_write1ByteRegister@data(1), NULL(0), 
 Auto vars:     Size  Location     Type
		None
 Return value:  Size  Location     Type
                  1    wreg      enum E97
 Registers used:
		wreg, fsr1l, fsr1h, status,2, status,0, pclath, cstack
 Tracked objects:
		On entry : 
		On exit  : 
		Unchanged: 
 Data sizes:     COMMON   BANK0   BANK1   BANK2   BANK3   BANK4   BANK5   BANK6   BANK7   BANK8   BANK9  BANK10  BANK11  BANK12
      Params:         1       0       0       0       0       0       0       0       0       0       0       0       0       0
      Locals:         0       0       0       0       0       0       0       0       0       0       0       0       0       0
      Temps:          0       0       0       0       0       0       0       0       0       0       0       0       0       0
      Totals:         1       0       0       0       0       0       0       0       0       0       0       0       0       0
Total ram usage:        1 bytes
 Hardware stack levels used:    1
 Hardware stack levels required when called:    2
 This function calls:
		i1_i2c_setBuffer
		i1_i2c_setDataCompleteCallback
 This function is called by:
 This function uses a non-reentrant model


 *************** function i1_i2c_setDataCompleteCallback *****************
 Defined at:
		line 89 in file "mcc_generated_files/drivers/i2c_master.c"
 Parameters:    Size  Location     Type
  cb              2    5[COMMON] PTR FTN(PTR void ,)enum 
		 -> rdBlkRegCompleteHandler(1), wr2RegCompleteHandler(1), rd2RegCompleteHandler(1), rd1RegCompleteHandler(1), 
		 -> wr1RegCompleteHandler(1), Absolute function(1), 
  p               1    7[COMMON] PTR void 
		 -> i2c_readDataBlock@d(3), i2c_write2ByteRegister@data(2), i2c_read2ByteRegister@result(2), i2c_read1ByteRegister@d2(1), 
		 -> i2c_write1ByteRegister@data(1), NULL(0), 
 Auto vars:     Size  Location     Type
		None
 Return value:  Size  Location     Type
                  1    wreg      void 
 Registers used:
		wreg, fsr1l, fsr1h, status,2, status,0, pclath, cstack
 Tracked objects:
		On entry : 
		On exit  : 
		Unchanged: 
 Data sizes:     COMMON   BANK0   BANK1   BANK2   BANK3   BANK4   BANK5   BANK6   BANK7   BANK8   BANK9  BANK10  BANK11  BANK12
      Params:         3       0       0       0       0       0       0       0       0       0       0       0       0       0
      Locals:         0       0       0       0       0       0       0       0       0       0       0       0       0       0
      Temps:          1       0       0       0       0       0       0       0       0       0       0       0       0       0
      Totals:         4       0       0       0       0       0       0       0       0       0       0       0       0       0
Total ram usage:        4 bytes
 Hardware stack levels used:    1
 Hardware stack levels required when called:    1
 This function calls:
		i1_setCallBack
 This function is called by:
		i1_wr1RegCompleteHandler
		i1_rd1RegCompleteHandler
		i1_rd2RegCompleteHandler
		i1_wr2RegCompleteHandler
		i1_rdBlkRegCompleteHandler
 This function uses a non-reentrant model


 *************** function i1_setCallBack *****************
 Defined at:
		line 453 in file "mcc_generated_files/drivers/i2c_master.c"
 Parameters:    Size  Location     Type
  idx             1    wreg     enum E12355
  cb              2    0[COMMON] PTR FTN(PTR void ,)enum 
		 -> rdBlkRegCompleteHandler(1), wr2RegCompleteHandler(1), rd2RegCompleteHandler(1), rd1RegCompleteHandler(1), 
		 -> wr1RegCompleteHandler(1), i2c_restartWrite(1), Absolute function(1), 
  p               1    2[COMMON] PTR void 
		 -> i2c_readDataBlock@d(3), i2c_write2ByteRegister@data(2), i2c_read2ByteRegister@result(2), i2c_read1ByteRegister@d2(1), 
		 -> i2c_write1ByteRegister@data(1), NULL(0), 
 Auto vars:     Size  Location     Type
  idx             1    4[COMMON] enum E12355
 Return value:  Size  Location     Type
                  1    wreg      void 
 Registers used:
		wreg, fsr1l, fsr1h, status,2, status,0
 Tracked objects:
		On entry : 
		On exit  : 
		Unchanged: 
 Data sizes:     COMMON   BANK0   BANK1   BANK2   BANK3   BANK4   BANK5   BANK6   BANK7   BANK8   BANK9  BANK10  BANK11  BANK12
      Params:         3       0       0       0       0       0       0       0       0       0       0       0       0       0
      Locals:         1       0       0       0       0       0       0       0       0       0       0       0       0       0
      Temps:          1       0       0       0       0       0       0       0       0       0       0       0       0       0
      Totals:         5       0       0       0       0       0       0       0       0       0       0       0       0       0
Total ram usage:        5 bytes
 Hardware stack levels used:    1
 This function calls:
		Nothing
 This function is called by:
		i1_i2c_setDataCompleteCallback
 This function uses a non-reentrant model


 *************** function i1_i2c_setBuffer *****************
 Defined at:
		line 184 in file "mcc_generated_files/drivers/i2c_master.c"
 Parameters:    Size  Location     Type
  buffer          1    wreg     PTR void 
		 -> i2c_readDataBlock@reg(1), i2c_readDataBlock@d(3), i2c_write2ByteRegister@reg(1), i2c_write2ByteRegister@data(2), 
		 -> i2c_read2ByteRegister@reg(1), i2c_read2ByteRegister@result(2), i2c_read1ByteRegister@reg(1), i2c_read1ByteRegister@d2(1), 
		 -> i2c_write1ByteRegister@reg(1), i2c_write1ByteRegister@data(1), NULL(0), writebuffer(17), 
  bufferSize      2    0[COMMON] unsigned int 
 Auto vars:     Size  Location     Type
  buffer          1    3[COMMON] PTR void 
		 -> i2c_readDataBlock@reg(1), i2c_readDataBlock@d(3), i2c_write2ByteRegister@reg(1), i2c_write2ByteRegister@data(2), 
		 -> i2c_read2ByteRegister@reg(1), i2c_read2ByteRegister@result(2), i2c_read1ByteRegister@reg(1), i2c_read1ByteRegister@d2(1), 
		 -> i2c_write1ByteRegister@reg(1), i2c_write1ByteRegister@data(1), NULL(0), writebuffer(17), 
 Return value:  Size  Location     Type
                  1    wreg      void 
 Registers used:
		wreg
 Tracked objects:
		On entry : 
		On exit  : 
		Unchanged: 
 Data sizes:     COMMON   BANK0   BANK1   BANK2   BANK3   BANK4   BANK5   BANK6   BANK7   BANK8   BANK9  BANK10  BANK11  BANK12
      Params:         2       0       0       0       0       0       0       0       0       0       0       0       0       0
      Locals:         1       0       0       0       0       0       0       0       0       0       0       0       0       0
      Temps:          1       0       0       0       0       0       0       0       0       0       0       0       0       0
      Totals:         4       0       0       0       0       0       0       0       0       0       0       0       0       0
Total ram usage:        4 bytes
 Hardware stack levels used:    1
 This function calls:
		Nothing
 This function is called by:
		i1_wr1RegCompleteHandler
		i1_rd1RegCompleteHandler
		i1_rd2RegCompleteHandler
		i1_wr2RegCompleteHandler
		i1_rdBlkRegCompleteHandler
 This function uses a non-reentrant model


 *************** function i1_i2c_driver_stop *****************
 Defined at:
		line 156 in file "mcc_generated_files/i2c_driver.c"
 Parameters:    Size  Location     Type
		None
 Auto vars:     Size  Location     Type
		None
 Return value:  Size  Location     Type
                  1    wreg      void 
 Registers used:
		None
 Tracked objects:
		On entry : 
		On exit  : 
		Unchanged: 
 Data sizes:     COMMON   BANK0   BANK1   BANK2   BANK3   BANK4   BANK5   BANK6   BANK7   BANK8   BANK9  BANK10  BANK11  BANK12
      Params:         0       0       0       0       0       0       0       0       0       0       0       0       0       0
      Locals:         0       0       0       0       0       0       0       0       0       0       0       0       0       0
      Temps:          0       0       0       0       0       0       0       0       0       0       0       0       0       0
      Totals:         0       0       0       0       0       0       0       0       0       0       0       0       0       0
Total ram usage:        0 bytes
 Hardware stack levels used:    1
 This function calls:
		Nothing
 This function is called by:
		i1_do_I2C_SEND_STOP
 This function uses a non-reentrant model


 *************** function i1_i2c_driver_restart *****************
 Defined at:
		line 151 in file "mcc_generated_files/i2c_driver.c"
 Parameters:    Size  Location     Type
		None
 Auto vars:     Size  Location     Type
		None
 Return value:  Size  Location     Type
                  1    wreg      void 
 Registers used:
		None
 Tracked objects:
		On entry : 
		On exit  : 
		Unchanged: 
 Data sizes:     COMMON   BANK0   BANK1   BANK2   BANK3   BANK4   BANK5   BANK6   BANK7   BANK8   BANK9  BANK10  BANK11  BANK12
      Params:         0       0       0       0       0       0       0       0       0       0       0       0       0       0
      Locals:         0       0       0       0       0       0       0       0       0       0       0       0       0       0
      Temps:          0       0       0       0       0       0       0       0       0       0       0       0       0       0
      Totals:         0       0       0       0       0       0       0       0       0       0       0       0       0       0
Total ram usage:        0 bytes
 Hardware stack levels used:    1
 This function calls:
		Nothing
 This function is called by:
		i1_do_I2C_SEND_RESTART_READ
		i1_do_I2C_SEND_RESTART_WRITE
		i1_do_I2C_SEND_RESTART
 This function uses a non-reentrant model


 *************** function i1_i2c_driver_sendACK *****************
 Defined at:
		line 196 in file "mcc_generated_files/i2c_driver.c"
 Parameters:    Size  Location     Type
		None
 Auto vars:     Size  Location     Type
		None
 Return value:  Size  Location     Type
                  1    wreg      void 
 Registers used:
		None
 Tracked objects:
		On entry : 
		On exit  : 
		Unchanged: 
 Data sizes:     COMMON   BANK0   BANK1   BANK2   BANK3   BANK4   BANK5   BANK6   BANK7   BANK8   BANK9  BANK10  BANK11  BANK12
      Params:         0       0       0       0       0       0       0       0       0       0       0       0       0       0
      Locals:         0       0       0       0       0       0       0       0       0       0       0       0       0       0
      Temps:          0       0       0       0       0       0       0       0       0       0       0       0       0       0
      Totals:         0       0       0       0       0       0       0       0       0       0       0       0       0       0
Total ram usage:        0 bytes
 Hardware stack levels used:    1
 This function calls:
		Nothing
 This function is called by:
		i1_do_I2C_DO_ACK
		i1_do_I2C_RX
 This function uses a non-reentrant model


 *************** function _i2c_busCollisionISR *****************
 Defined at:
		line 435 in file "mcc_generated_files/drivers/i2c_master.c"
 Parameters:    Size  Location     Type
		None
 Auto vars:     Size  Location     Type
		None
 Return value:  Size  Location     Type
                  1    wreg      void 
 Registers used:
		status,2, status,0, pclath, cstack
 Tracked objects:
		On entry : 
		On exit  : 
		Unchanged: 
 Data sizes:     COMMON   BANK0   BANK1   BANK2   BANK3   BANK4   BANK5   BANK6   BANK7   BANK8   BANK9  BANK10  BANK11  BANK12
      Params:         0       0       0       0       0       0       0       0       0       0       0       0       0       0
      Locals:         0       0       0       0       0       0       0       0       0       0       0       0       0       0
      Temps:          0       0       0       0       0       0       0       0       0       0       0       0       0       0
      Totals:         0       0       0       0       0       0       0       0       0       0       0       0       0       0
Total ram usage:        0 bytes
 Hardware stack levels used:    1
 Hardware stack levels required when called:    1
 This function calls:
		_i2c_driver_clearBusCollision
 This function is called by:
		_i2c_open
		_INTERRUPT_InterruptManager
 This function uses a non-reentrant model


 *************** function _i2c_driver_clearBusCollision *****************
 Defined at:
		line 253 in file "mcc_generated_files/i2c_driver.c"
 Parameters:    Size  Location     Type
		None
 Auto vars:     Size  Location     Type
		None
 Return value:  Size  Location     Type
                  1    wreg      void 
 Registers used:
		None
 Tracked objects:
		On entry : 
		On exit  : 
		Unchanged: 
 Data sizes:     COMMON   BANK0   BANK1   BANK2   BANK3   BANK4   BANK5   BANK6   BANK7   BANK8   BANK9  BANK10  BANK11  BANK12
      Params:         0       0       0       0       0       0       0       0       0       0       0       0       0       0
      Locals:         0       0       0       0       0       0       0       0       0       0       0       0       0       0
      Temps:          0       0       0       0       0       0       0       0       0       0       0       0       0       0
      Totals:         0       0       0       0       0       0       0       0       0       0       0       0       0       0
Total ram usage:        0 bytes
 Hardware stack levels used:    1
 This function calls:
		Nothing
 This function is called by:
		_i2c_busCollisionISR
 This function uses a non-reentrant model



MODULE INFORMATION

Module		Function		Class		Link	Load	Size
mcc_generated_files/interrupt_manager.c
		_INTERRUPT_InterruptManager		CODE           	0004	0000	36

mcc_generated_files/interrupt_manager.c estimated size: 36

mcc_generated_files/pin_manager.c
		_PIN_MANAGER_Initialize		CODE           	0412	0000	40

mcc_generated_files/pin_manager.c estimated size: 40

mcc_generated_files/i2c_driver.c
		_i2c_driver_clearBusCollision		CODE           	07FD	0000	4
		_mssp_clearIRQ 		CODE           	07E5	0000	4
		_i2c_driver_setBusCollisionISR		CODE           	076C	0000	7
		_i2c_driver_restart		CODE           	07DC	0000	4
		_mssp_IRQisEnabled		CODE           	06E5	0000	11
		_i2c_driver_startRX		CODE           	07D6	0000	4
		_i2c_driver_setI2cISR		CODE           	0766	0000	7
		_i2c_driver_getRXData		CODE           	07D3	0000	4
		_i2c_driver_TXData		CODE           	0772	0000	7
		_i2c_driver_start		CODE           	07DF	0000	4
		_i2c_driver_sendACK		CODE           	07A8	0000	5
		_mssp_waitForEvent		CODE           	06BA	0000	12
		_i2c_driver_sendNACK		CODE           	07A4	0000	5
		_mssp_setIRQ   		CODE           	07D0	0000	4
		_i2c_driver_resetBus		CODE           	0FFA	0000	2
		_mssp_disableIRQ		CODE           	07E2	0000	4
		_i2c_driver_open		CODE           	06DB	0000	11
		_i2c_driver_isNACK		CODE           	0671	0000	14
		_i2c_driver_stop		CODE           	07D9	0000	4

mcc_generated_files/i2c_driver.c estimated size: 117

mcc_generated_files/drivers/i2c_simple_master.c
		_wr1RegCompleteHandler		CODE           	05C6	0000	23
		_wr2RegCompleteHandler		CODE           	05DC	0000	23
		_i2c_writeNBytes		CODE           	0439	0000	39
		_rdBlkRegCompleteHandler		CODE           	054C	0000	30
		_rd1RegCompleteHandler		CODE           	05B0	0000	23
		_rd2RegCompleteHandler		CODE           	059A	0000	23

mcc_generated_files/drivers/i2c_simple_master.c estimated size: 161

shared
		i1_mssp_setIRQ 		CODE           	07EB	0000	4
		i1_returnReset 		CODE           	0FFE	0000	3
		i1_do_I2C_SEND_ADR_READ		CODE           	0744	0000	9
		i1_do_I2C_DO_NACK_STOP		CODE           	07B0	0000	5
		i1_setCallBack 		CODE           	0484	0000	37
		i1_do_I2C_SEND_RESTART		CODE           	07BC	0000	5
		i1_i2c_restartWrite		CODE           	0002	0000	3
		i1_do_I2C_TX_EMPTY		CODE           	03C2	0000	42
		i1_do_I2C_DO_NACK_RESTART		CODE           	07AC	0000	5
		i1_do_I2C_SEND_RESTART_READ		CODE           	07C4	0000	5
		i1_do_I2C_DO_ADDRESS_NACK		CODE           	04CB	0000	36
		i1_i2c_driver_sendNACK		CODE           	07C8	0000	5
		i1_mssp_clearIRQ		CODE           	07E8	0000	4
		i1_i2c_driver_isNACK		CODE           	0697	0000	13
		i1_rd1RegCompleteHandler		CODE           	0618	0000	17
		i1_i2c_driver_restart		CODE           	07F7	0000	4
		i1_i2c_driver_stop		CODE           	07F4	0000	4
		i1_do_I2C_RX   		CODE           	0320	0000	63
		i1_do_I2C_TX   		CODE           	024C	0000	75
		i1_i2c_ISR     		CODE           	052D	0000	32
		i1_i2c_driver_resetBus		CODE           	0FF9	0000	2
		i1_do_I2C_IDLE 		CODE           	0796	0000	6
		i1_do_I2C_RCEN 		CODE           	0790	0000	7
		__initialization		CODE           	0029	0000	36
		i1_i2c_driver_getRXData		CODE           	07EE	0000	4
		i1_rd2RegCompleteHandler		CODE           	0608	0000	17
		i1_i2c_driver_TXData		CODE           	079B	0000	6
		i1_i2c_setDataCompleteCallback		CODE           	06A3	0000	13
		i1_do_I2C_RESET		CODE           	0753	0000	8
		i1_do_I2C_SEND_RESTART_WRITE		CODE           	07C0	0000	5
		i1_do_I2C_DO_ACK		CODE           	07B4	0000	5
		i1_do_I2C_SEND_ADR_WRITE		CODE           	074C	0000	8
		i1_wr1RegCompleteHandler		CODE           	0628	0000	17
		i1_do_I2C_SEND_STOP		CODE           	07B8	0000	5
		i1_i2c_setBuffer		CODE           	0656	0000	15
		i1_rdBlkRegCompleteHandler		CODE           	0583	0000	24
		i1_i2c_driver_startRX		CODE           	07F1	0000	4
		i1_i2c_driver_sendACK		CODE           	07CC	0000	5
		i1_wr2RegCompleteHandler		CODE           	0638	0000	17
		i1_returnStop  		CODE           	0FFC	0000	3

shared estimated size: 578

mcc_generated_files/mcc.c
		_OSCILLATOR_Initialize		CODE           	06F9	0000	11
		_SYSTEM_Initialize		CODE           	078A	0000	7

mcc_generated_files/mcc.c estimated size: 18

mcc_generated_files/drivers/i2c_master.c
		_i2c_setDataCompleteCallback		CODE           	067E	0000	14
		_returnStop    		CODE           	0784	0000	7
		_i2c_setBuffer 		CODE           	0648	0000	15
		_i2c_busCollisionISR		CODE           	07FA	0000	4
		_i2c_ISR       		CODE           	04A8	0000	36
		_i2c_close     		CODE           	05F2	0000	23
		_i2c_masterOperation		CODE           	050E	0000	32
		_do_I2C_TX_EMPTY		CODE           	0395	0000	46
		_setCallBack   		CODE           	045F	0000	38
		_returnReset   		CODE           	077E	0000	7
		_do_I2C_SEND_RESTART_WRITE		CODE           	0734	0000	9
		_i2c_poller    		CODE           	06AF	0000	12
		_i2c_masterWrite		CODE           	07A0	0000	5
		_do_I2C_DO_NACK_RESTART		CODE           	070C	0000	9
		_do_I2C_SEND_RESTART_READ		CODE           	073C	0000	9
		_i2c_setAddressNACKCallback		CODE           	0664	0000	14
		_do_I2C_SEND_ADR_WRITE		CODE           	06C5	0000	12
		_do_I2C_SEND_STOP		CODE           	0724	0000	9
		_i2c_open      		CODE           	0296	0000	73
		_do_I2C_SEND_ADR_READ		CODE           	068B	0000	13
		_do_I2C_DO_NACK_STOP		CODE           	0714	0000	9
		_do_I2C_SEND_RESTART		CODE           	072C	0000	9
		_do_I2C_RX     		CODE           	02DE	0000	67
		_do_I2C_TX     		CODE           	01B2	0000	79
		_do_I2C_IDLE   		CODE           	0703	0000	10
		_do_I2C_RCEN   		CODE           	06EF	0000	11
		_do_I2C_DO_ADDRESS_NACK		CODE           	03EB	0000	40
		_do_I2C_RESET  		CODE           	06D0	0000	12
		_do_I2C_DO_ACK 		CODE           	071C	0000	9

mcc_generated_files/drivers/i2c_master.c estimated size: 633

C:\Program Files (x86)\Microchip\xc8\v1.45\sources\common\awdiv.c
		___awdiv       		CODE           	0160	0000	83

C:\Program Files (x86)\Microchip\xc8\v1.45\sources\common\awdiv.c estimated size: 83

mcc_generated_files/drivers/i2c_types.c
		_i2c_restartWrite		CODE           	0778	0000	7

mcc_generated_files/drivers/i2c_types.c estimated size: 7

main.c
		_initializeDisplay		CODE           	0200	0000	77
		_main          		CODE           	035E	0000	56
		_writeDisplay  		CODE           	0106	0000	91
		_drawPixel     		CODE           	0050	0000	183
		_clearPixels   		CODE           	0569	0000	27

main.c estimated size: 434

