Microchip MPLAB XC8 Compiler V1.45 ()

Linker command line:

-W-3 --edf=C:\Program Files (x86)\Microchip\xc8\v1.45\dat\en_msgs.txt -cs \
  -h+dist/default/production\flappy-box-v3.X.production.sym \
  --cmf=dist/default/production\flappy-box-v3.X.production.cmf -z -Q16F1619 \
  -oC:\Users\Zach\AppData\Local\Temp\s174.2 \
  -Mdist/default/production/flappy-box-v3.X.production.map -E1 -ver=XC8 \
  -ASTACK=020C0h-023efh -pstack=STACK -ACODE=00h-07FFhx4 \
  -ASTRCODE=00h-01FFFh -ASTRING=00h-0FFhx32 -ACONST=00h-0FFhx32 \
  -AENTRY=00h-0FFhx32 -ACOMMON=070h-07Fh -ABANK0=020h-06Fh \
  -ABANK1=0A0h-0EFh -ABANK2=0120h-016Fh -ABANK3=01A0h-01EFh \
  -ABANK4=0220h-026Fh -ABANK5=02A0h-02EFh -ABANK6=0320h-036Fh \
  -ABANK7=03A0h-03EFh -ABANK8=0420h-046Fh -ABANK9=04A0h-04EFh \
  -ABANK10=0520h-056Fh -ABANK11=05A0h-05EFh -ABANK12=0620h-064Fh \
  -ABIGRAM=02000h-023EFh \
  -ARAM=020h-06Fh,0A0h-0EFh,0120h-016Fh,01A0h-01EFh,0220h-026Fh,02A0h-02EFh,0320h-036Fh,03A0h-03EFh,0420h-046Fh,04A0h-04EFh,0520h-056Fh,05A0h-05EFh,0620h-064Fh \
  -AABS1=020h-07Fh,0A0h-0EFh,0120h-016Fh,01A0h-01EFh,0220h-026Fh,02A0h-02EFh,0320h-036Fh,03A0h-03EFh,0420h-046Fh,04A0h-04EFh,0520h-056Fh,05A0h-05EFh,0620h-064Fh \
  -ASFR0=00h-01Fh -ASFR1=080h-09Fh -ASFR2=0100h-011Fh -ASFR3=0180h-019Fh \
  -ASFR4=0200h-021Fh -ASFR5=0280h-029Fh -ASFR6=0300h-031Fh \
  -ASFR7=0380h-039Fh -ASFR8=0400h-041Fh -ASFR9=0480h-049Fh \
  -ASFR10=0500h-051Fh -ASFR11=0580h-059Fh -ASFR12=0600h-061Fh \
  -ASFR13=0680h-06EFh -ASFR14=0700h-076Fh -ASFR15=0780h-07EFh \
  -ASFR16=0800h-086Fh -ASFR17=0880h-08EFh -ASFR18=0900h-096Fh \
  -ASFR19=0980h-09EFh -ASFR20=0A00h-0A6Fh -ASFR21=0A80h-0AEFh \
  -ASFR22=0B00h-0B6Fh -ASFR23=0B80h-0BEFh -ASFR24=0C00h-0C6Fh \
  -ASFR25=0C80h-0CEFh -ASFR26=0D00h-0D6Fh -ASFR27=0D80h-0DEFh \
  -ASFR28=0E00h-0E6Fh -ASFR29=0E80h-0EEFh -ASFR30=0F00h-0F6Fh \
  -ASFR31=0F80h-0FEFh -preset_vec=00h,intentry=04h,init,end_init \
  -ppowerup=CODE -pcinit=CODE -pfunctab=ENTRY -ACONFIG=08007h-08009h \
  -pconfig=CONFIG -DCONFIG=2 -AIDLOC=08000h-08003h -pidloc=IDLOC -DIDLOC=2 \
  -DCODE=2 -DSTRCODE=2 -DSTRING=2 -DCONST=2 -DENTRY=2 -k \
  C:\Users\Zach\AppData\Local\Temp\s174.obj \
  dist/default/production\flappy-box-v3.X.production.obj 

Object code version is 3.11

Machine type is 16F1619



                Name                               Link     Load   Length Selector   Space Scale
C:\Users\Zach\AppData\Local\Temp\s174.obj
                end_init                             2E       2E        2        8       0
                reset_vec                             0        0        2        0       0
                config                             8007     8007        3    1000E       0
dist/default/production\flappy-box-v3.X.production.obj
                cinit                                30       30       2B        8       0
                intentry                              4        4       2A        8       0
                text116                             ECF      ECF        C     1D9E       0
                text115                             D67      D67        1     1ACE       0
                text114                             EFF      EFF        D     1DFE       0
                text113                             DDC      DDC        6     1BB8       0
                text112                             D6D      D6D        3     1ADA       0
                text111                             D70      D70        3     1AE0       0
                text110                             D9D      D9D        4     1B3A       0
                text109                             D73      D73        3     1AE6       0
                text108                             D76      D76        3     1AEC       0
                text107                             F33      F33        E     1E66       0
                text106                             6EB      6EB       24        8       0
                text105                             EDB      EDB        C     1DB6       0
                text104                             F41      F41       10     1E82       0
                text103                             F51      F51       10     1EA2       0
                text102                             F61      F61       10     1EC2       0
                text101                             F71      F71       10     1EE2       0
                text100                             7E8      7E8       17        8       0
                text99                              D69      D69        2     1AD2       0
                text98                              D6B      D6B        2     1AD6       0
                text97                                2        2        2        0       0
                text96                              D79      D79        3     1AF2       0
                text95                              D68      D68        1     1AD0       0
                text94                              DA1      DA1        4     1B42       0
                text93                              D7C      D7C        3     1AF8       0
                text92                              DCD      DCD        5     1B9A       0
                text91                              EE7      EE7        C     1DCE       0
                text90                              D7F      D7F        3     1AFE       0
                text89                              62D      62D       29        8       0
                text88                              E24      E24        7     1C48       0
                text87                              DD2      DD2        5     1BA4       0
                text86                              DA5      DA5        4     1B4A       0
                text85                              DA9      DA9        4     1B52       0
                text84                              DAD      DAD        4     1B5A       0
                text83                              DB1      DB1        4     1B62       0
                text82                              E32      E32        8     1C64       0
                text81                              E2B      E2B        7     1C56       0
                text80                              DE2      DE2        6     1BC4       0
                text79                              DB5      DB5        4     1B6A       0
                text78                              DB9      DB9        4     1B72       0
                text77                              DBD      DBD        4     1B7A       0
                text76                              70F      70F       23        8       0
                text75                              3EA      3EA       4A        8       0
                text74                              4C0      4C0       3E        8       0
                text73                              D82      D82        3     1B04       0
                text72                              752      752       20        8       0
                text70                              E7B      E7B        A     1CF6       0
                text69                              DE8      DE8        6     1BD0       0
                text68                              571      571       34        8       0
                text67                              DEE      DEE        6     1BDC       0
                text66                              F81      F81       12     1F02       0
                text65                               5B       5B       B6        8       0
                text64                              53A      53A       37        8       0
                text63                              791      791       1F        8       0
                text62                              2AF      2AF       52        8       0
                text61                              D85      D85        3     1B0A       0
                text60                              D88      D88        3     1B10       0
                text59                              7CD      7CD       1B        8       0
                text58                              D8B      D8B        3     1B16       0
                text57                              DC1      DC1        4     1B82       0
                text56                              D8E      D8E        3     1B1C       0
                text55                              D91      D91        3     1B22       0
                text54                              F93      F93       15     1F26       0
                text53                              6A2      6A2       25        8       0
                text52                              F0C      F0C        D     1E18       0
                text51                              FA8      FA8       16     1F50       0
                text50                              DF4      DF4        6     1BE8       0
                text49                              FBE      FBE       16     1F7C       0
                text48                              FD4      FD4       16     1FA8       0
                text47                              FEA      FEA       16     1FD4       0
                text46                              7B0      7B0       1D        8       0
                text45                              DFA      DFA        6     1BF4       0
                text44                              E00      E00        6     1C00       0
                text43                              D94      D94        3     1B28       0
                text42                              7FF      7FF        1        8       0
                text41                              DC5      DC5        4     1B8A       0
                text40                              D97      D97        3     1B2E       0
                text39                              E06      E06        6     1C0C       0
                text38                              F19      F19        D     1E32       0
                text37                              D9A      D9A        3     1B34       0
                text36                              5D5      5D5       2E        8       0
                text35                              EA3      EA3        B     1D46       0
                text34                              E72      E72        9     1CE4       0
                text33                              E3A      E3A        8     1C74       0
                text32                              E42      E42        8     1C84       0
                text31                              E4A      E4A        8     1C94       0
                text30                              E52      E52        8     1CA4       0
                text29                              EF3      EF3        C     1DE6       0
                text28                              EAE      EAE        B     1D5C       0
                text27                              E85      E85        A     1D0A       0
                text26                              E5A      E5A        8     1CB4       0
                text25                              E62      E62        8     1CC4       0
                text24                              E6A      E6A        8     1CD4       0
                text23                              603      603       2A        8       0
                text22                              301      301       50        8       0
                text21                              47A      47A       46        8       0
                text20                              67C      67C       26        8       0
                text19                              EB9      EB9        B     1D72       0
                text18                              EC4      EC4        B     1D88       0
                text17                              E8F      E8F        A     1D1E       0
                text16                              6C7      6C7       24        8       0
                text15                              DC9      DC9        4     1B92       0
                text14                              E99      E99        A     1D32       0
                text13                              E0C      E0C        6     1C18       0
                text12                              E12      E12        6     1C24       0
                text11                              351      351       4E        8       0
                text10                              F26      F26        D     1E4C       0
                text9                               656      656       26        8       0
                text8                               255      255       5A        8       0
                text7                               39F      39F       4B        8       0
                text6                               1F7      1F7       5E        8       0
                text5                               434      434       46        8       0
                text4                               5A5      5A5       30        8       0
                text3                               4FE      4FE       3C        8       0
                text2                               772      772       1F        8       0
                text1                               111      111       81        8       0
                maintext                            192      192       65        8       0
                cstackBANK0                          20       20       27       20       1
                cstackCOMMON                         70       70        E       70       1
                clrtext                             E18      E18        6     1C30       0
                inittext                            E1E      E1E        6     1C3C       0
                dataBANK2                           120      120       20      120       1
                bssBANK1                             A0       A0       3E       A0       1
                dataBANK0                            60       60        5       20       1
                bssBANK0                             47       47       19       20       1
                nvBANK0                              65       65        2       20       1
                idataBANK2                          732      732       20        8       0
                idataBANK0                          DD7      DD7        5     1BAE       0

TOTAL           Name                               Link     Load   Length     Space
        CLASS   STACK          

        CLASS   CODE           
                end_init                             2E       2E        2         0
                cinit                                30       30       2B         0
                intentry                              4        4       2A         0
                reset_vec                             0        0        2         0
                text116                             ECF      ECF        C         0
                text115                             D67      D67        1         0
                text114                             EFF      EFF        D         0
                text113                             DDC      DDC        6         0
                text112                             D6D      D6D        3         0
                text111                             D70      D70        3         0
                text110                             D9D      D9D        4         0
                text109                             D73      D73        3         0
                text108                             D76      D76        3         0
                text107                             F33      F33        E         0
                text106                             6EB      6EB       24         0
                text105                             EDB      EDB        C         0
                text104                             F41      F41       10         0
                text103                             F51      F51       10         0
                text102                             F61      F61       10         0
                text101                             F71      F71       10         0
                text100                             7E8      7E8       17         0
                text99                              D69      D69        2         0
                text98                              D6B      D6B        2         0
                text97                                2        2        2         0
                text96                              D79      D79        3         0
                text95                              D68      D68        1         0
                text94                              DA1      DA1        4         0
                text93                              D7C      D7C        3         0
                text92                              DCD      DCD        5         0
                text91                              EE7      EE7        C         0
                text90                              D7F      D7F        3         0
                text89                              62D      62D       29         0
                text88                              E24      E24        7         0
                text87                              DD2      DD2        5         0
                text86                              DA5      DA5        4         0
                text85                              DA9      DA9        4         0
                text84                              DAD      DAD        4         0
                text83                              DB1      DB1        4         0
                text82                              E32      E32        8         0
                text81                              E2B      E2B        7         0
                text80                              DE2      DE2        6         0
                text79                              DB5      DB5        4         0
                text78                              DB9      DB9        4         0
                text77                              DBD      DBD        4         0
                text76                              70F      70F       23         0
                text75                              3EA      3EA       4A         0
                text74                              4C0      4C0       3E         0
                text73                              D82      D82        3         0
                text72                              752      752       20         0
                text70                              E7B      E7B        A         0
                text69                              DE8      DE8        6         0
                text68                              571      571       34         0
                text67                              DEE      DEE        6         0
                text66                              F81      F81       12         0
                text65                               5B       5B       B6         0
                text64                              53A      53A       37         0
                text63                              791      791       1F         0
                text62                              2AF      2AF       52         0
                text61                              D85      D85        3         0
                text60                              D88      D88        3         0
                text59                              7CD      7CD       1B         0
                text58                              D8B      D8B        3         0
                text57                              DC1      DC1        4         0
                text56                              D8E      D8E        3         0
                text55                              D91      D91        3         0
                text54                              F93      F93       15         0
                text53                              6A2      6A2       25         0
                text52                              F0C      F0C        D         0
                text51                              FA8      FA8       16         0
                text50                              DF4      DF4        6         0
                text49                              FBE      FBE       16         0
                text48                              FD4      FD4       16         0
                text47                              FEA      FEA       16         0
                text46                              7B0      7B0       1D         0
                text45                              DFA      DFA        6         0
                text44                              E00      E00        6         0
                text43                              D94      D94        3         0
                text42                              7FF      7FF        1         0
                text41                              DC5      DC5        4         0
                text40                              D97      D97        3         0
                text39                              E06      E06        6         0
                text38                              F19      F19        D         0
                text37                              D9A      D9A        3         0
                text36                              5D5      5D5       2E         0
                text35                              EA3      EA3        B         0
                text34                              E72      E72        9         0
                text33                              E3A      E3A        8         0
                text32                              E42      E42        8         0
                text31                              E4A      E4A        8         0
                text30                              E52      E52        8         0
                text29                              EF3      EF3        C         0
                text28                              EAE      EAE        B         0
                text27                              E85      E85        A         0
                text26                              E5A      E5A        8         0
                text25                              E62      E62        8         0
                text24                              E6A      E6A        8         0
                text23                              603      603       2A         0
                text22                              301      301       50         0
                text21                              47A      47A       46         0
                text20                              67C      67C       26         0
                text19                              EB9      EB9        B         0
                text18                              EC4      EC4        B         0
                text17                              E8F      E8F        A         0
                text16                              6C7      6C7       24         0
                text15                              DC9      DC9        4         0
                text14                              E99      E99        A         0
                text13                              E0C      E0C        6         0
                text12                              E12      E12        6         0
                text11                              351      351       4E         0
                text10                              F26      F26        D         0
                text9                               656      656       26         0
                text8                               255      255       5A         0
                text7                               39F      39F       4B         0
                text6                               1F7      1F7       5E         0
                text5                               434      434       46         0
                text4                               5A5      5A5       30         0
                text3                               4FE      4FE       3C         0
                text2                               772      772       1F         0
                text1                               111      111       81         0
                maintext                            192      192       65         0
                clrtext                             E18      E18        6         0
                inittext                            E1E      E1E        6         0
                idataBANK2                          732      732       20         0
                idataBANK0                          DD7      DD7        5         0

        CLASS   STRCODE        

        CLASS   STRING         

        CLASS   CONST          

        CLASS   ENTRY          

        CLASS   COMMON         
                cstackCOMMON                         70       70        E         1

        CLASS   BANK0          
                cstackBANK0                          20       20       27         1
                dataBANK0                            60       60        5         1
                bssBANK0                             47       47       19         1
                nvBANK0                              65       65        2         1

        CLASS   BANK1          
                bssBANK1                             A0       A0       3E         1

        CLASS   BANK2          
                dataBANK2                           120      120       20         1

        CLASS   BANK3          

        CLASS   BANK4          

        CLASS   BANK5          

        CLASS   BANK6          

        CLASS   BANK7          

        CLASS   BANK8          

        CLASS   BANK9          

        CLASS   BANK10         

        CLASS   BANK11         

        CLASS   BANK12         

        CLASS   BIGRAM         

        CLASS   RAM            

        CLASS   ABS1           
                abs_s1                               7E       7E        2         1

        CLASS   SFR0           

        CLASS   SFR1           

        CLASS   SFR2           

        CLASS   SFR3           

        CLASS   SFR4           

        CLASS   SFR5           

        CLASS   SFR6           

        CLASS   SFR7           

        CLASS   SFR8           

        CLASS   SFR9           

        CLASS   SFR10          

        CLASS   SFR11          

        CLASS   SFR12          

        CLASS   SFR13          

        CLASS   SFR14          

        CLASS   SFR15          

        CLASS   SFR16          

        CLASS   SFR17          

        CLASS   SFR18          

        CLASS   SFR19          

        CLASS   SFR20          

        CLASS   SFR21          

        CLASS   SFR22          

        CLASS   SFR23          

        CLASS   SFR24          

        CLASS   SFR25          

        CLASS   SFR26          

        CLASS   SFR27          

        CLASS   SFR28          

        CLASS   SFR29          

        CLASS   SFR30          

        CLASS   SFR31          

        CLASS   CONFIG         
                config                             8007     8007        3         0

        CLASS   IDLOC          

        CLASS   BANK31         

        CLASS   BANK30         

        CLASS   BANK29         

        CLASS   BANK28         

        CLASS   BANK27         

        CLASS   BANK26         

        CLASS   BANK25         

        CLASS   BANK24         

        CLASS   BANK23         

        CLASS   BANK22         

        CLASS   BANK21         

        CLASS   BANK20         

        CLASS   BANK19         

        CLASS   BANK18         

        CLASS   BANK17         

        CLASS   BANK16         

        CLASS   BANK15         

        CLASS   BANK14         

        CLASS   BANK13         

        CLASS   EEDATA         



SEGMENTS        Name                           Load    Length   Top    Selector   Space  Class     Delta

                reset_vec                      000000  000004  000004         0       0  CODE        2
                intentry                       000004  0007FC  000800         8       0  CODE        2
                cstackBANK0                    000020  000047  000067        20       1  BANK0       1
                cstackCOMMON                   000070  00000E  00007E        70       1  COMMON      1
                bssBANK1                       0000A0  00003E  0000DE        A0       1  BANK1       1
                dataBANK2                      000120  000020  000140       120       1  BANK2       1
                text115                        000D67  000001  000D68      1ACE       0  CODE        2
                text95                         000D68  000001  000D69      1AD0       0  CODE        2
                text99                         000D69  000002  000D6B      1AD2       0  CODE        2
                text98                         000D6B  000002  000D6D      1AD6       0  CODE        2
                text112                        000D6D  000003  000D70      1ADA       0  CODE        2
                text111                        000D70  000003  000D73      1AE0       0  CODE        2
                text109                        000D73  000003  000D76      1AE6       0  CODE        2
                text108                        000D76  000003  000D79      1AEC       0  CODE        2
                text96                         000D79  000003  000D7C      1AF2       0  CODE        2
                text93                         000D7C  000003  000D7F      1AF8       0  CODE        2
                text90                         000D7F  000003  000D82      1AFE       0  CODE        2
                text73                         000D82  000003  000D85      1B04       0  CODE        2
                text61                         000D85  000003  000D88      1B0A       0  CODE        2
                text60                         000D88  000003  000D8B      1B10       0  CODE        2
                text58                         000D8B  000003  000D8E      1B16       0  CODE        2
                text56                         000D8E  000003  000D91      1B1C       0  CODE        2
                text55                         000D91  000003  000D94      1B22       0  CODE        2
                text43                         000D94  000003  000D97      1B28       0  CODE        2
                text40                         000D97  000003  000D9A      1B2E       0  CODE        2
                text37                         000D9A  000003  000D9D      1B34       0  CODE        2
                text110                        000D9D  000004  000DA1      1B3A       0  CODE        2
                text94                         000DA1  000004  000DA5      1B42       0  CODE        2
                text86                         000DA5  000004  000DA9      1B4A       0  CODE        2
                text85                         000DA9  000004  000DAD      1B52       0  CODE        2
                text84                         000DAD  000004  000DB1      1B5A       0  CODE        2
                text83                         000DB1  000004  000DB5      1B62       0  CODE        2
                text79                         000DB5  000004  000DB9      1B6A       0  CODE        2
                text78                         000DB9  000004  000DBD      1B72       0  CODE        2
                text77                         000DBD  000004  000DC1      1B7A       0  CODE        2
                text57                         000DC1  000004  000DC5      1B82       0  CODE        2
                text41                         000DC5  000004  000DC9      1B8A       0  CODE        2
                text15                         000DC9  000004  000DCD      1B92       0  CODE        2
                text92                         000DCD  000005  000DD2      1B9A       0  CODE        2
                text87                         000DD2  000005  000DD7      1BA4       0  CODE        2
                idataBANK0                     000DD7  000005  000DDC      1BAE       0  CODE        2
                text113                        000DDC  000006  000DE2      1BB8       0  CODE        2
                text80                         000DE2  000006  000DE8      1BC4       0  CODE        2
                text69                         000DE8  000006  000DEE      1BD0       0  CODE        2
                text67                         000DEE  000006  000DF4      1BDC       0  CODE        2
                text50                         000DF4  000006  000DFA      1BE8       0  CODE        2
                text45                         000DFA  000006  000E00      1BF4       0  CODE        2
                text44                         000E00  000006  000E06      1C00       0  CODE        2
                text39                         000E06  000006  000E0C      1C0C       0  CODE        2
                text13                         000E0C  000006  000E12      1C18       0  CODE        2
                text12                         000E12  000006  000E18      1C24       0  CODE        2
                clrtext                        000E18  000006  000E1E      1C30       0  CODE        2
                inittext                       000E1E  000006  000E24      1C3C       0  CODE        2
                text88                         000E24  000007  000E2B      1C48       0  CODE        2
                text81                         000E2B  000007  000E32      1C56       0  CODE        2
                text82                         000E32  000008  000E3A      1C64       0  CODE        2
                text33                         000E3A  000008  000E42      1C74       0  CODE        2
                text32                         000E42  000008  000E4A      1C84       0  CODE        2
                text31                         000E4A  000008  000E52      1C94       0  CODE        2
                text30                         000E52  000008  000E5A      1CA4       0  CODE        2
                text26                         000E5A  000008  000E62      1CB4       0  CODE        2
                text25                         000E62  000008  000E6A      1CC4       0  CODE        2
                text24                         000E6A  000008  000E72      1CD4       0  CODE        2
                text34                         000E72  000009  000E7B      1CE4       0  CODE        2
                text70                         000E7B  00000A  000E85      1CF6       0  CODE        2
                text27                         000E85  00000A  000E8F      1D0A       0  CODE        2
                text17                         000E8F  00000A  000E99      1D1E       0  CODE        2
                text14                         000E99  00000A  000EA3      1D32       0  CODE        2
                text35                         000EA3  00000B  000EAE      1D46       0  CODE        2
                text28                         000EAE  00000B  000EB9      1D5C       0  CODE        2
                text19                         000EB9  00000B  000EC4      1D72       0  CODE        2
                text18                         000EC4  00000B  000ECF      1D88       0  CODE        2
                text116                        000ECF  00000C  000EDB      1D9E       0  CODE        2
                text105                        000EDB  00000C  000EE7      1DB6       0  CODE        2
                text91                         000EE7  00000C  000EF3      1DCE       0  CODE        2
                text29                         000EF3  00000C  000EFF      1DE6       0  CODE        2
                text114                        000EFF  00000D  000F0C      1DFE       0  CODE        2
                text52                         000F0C  00000D  000F19      1E18       0  CODE        2
                text38                         000F19  00000D  000F26      1E32       0  CODE        2
                text10                         000F26  00000D  000F33      1E4C       0  CODE        2
                text107                        000F33  00000E  000F41      1E66       0  CODE        2
                text104                        000F41  000010  000F51      1E82       0  CODE        2
                text103                        000F51  000010  000F61      1EA2       0  CODE        2
                text102                        000F61  000010  000F71      1EC2       0  CODE        2
                text101                        000F71  000010  000F81      1EE2       0  CODE        2
                text66                         000F81  000012  000F93      1F02       0  CODE        2
                text54                         000F93  000015  000FA8      1F26       0  CODE        2
                text51                         000FA8  000016  000FBE      1F50       0  CODE        2
                text49                         000FBE  000016  000FD4      1F7C       0  CODE        2
                text48                         000FD4  000016  000FEA      1FA8       0  CODE        2
                text47                         000FEA  000016  001000      1FD4       0  CODE        2
                config                         008007  000003  00800A     1000E       0  CONFIG      2


UNUSED ADDRESS RANGES

        Name                Unused          Largest block    Delta
        BANK0            00067-0006F               9           1
        BANK1            000DE-000EF              12           1
        BANK10           00520-0056F              50           1
        BANK11           005A0-005EF              50           1
        BANK12           00620-0064F              30           1
        BANK2            00140-0016F              30           1
        BANK3            001A0-001EF              50           1
        BANK4            00220-0026F              50           1
        BANK5            002A0-002EF              50           1
        BANK6            00320-0036F              50           1
        BANK7            003A0-003EF              50           1
        BANK8            00420-0046F              50           1
        BANK9            004A0-004EF              50           1
        BIGRAM           02000-023EF             3F0           1
        CODE             00800-00D66             567           2
                         01000-01FFF             800
        CONST            00800-00D66             100           2
                         01000-01FFF             100
        ENTRY            00800-00D66             100           2
                         01000-01FFF             100
        IDLOC            08000-08003               4           2
        RAM              00067-0006F               9           1
                         000DE-000EF              12
                         00140-0016F              30
                         001A0-001EF              50
                         00220-0026F              50
                         002A0-002EF              50
                         00320-0036F              50
                         003A0-003EF              50
                         00420-0046F              50
                         004A0-004EF              50
                         00520-0056F              50
                         005A0-005EF              50
                         00620-0064F              30
        SFR0             00000-0001F              20           1
        SFR1             00080-0009F              20           1
        SFR10            00500-0051F              20           1
        SFR11            00580-0059F              20           1
        SFR12            00600-0061F              20           1
        SFR13            00680-006EF              70           1
        SFR14            00700-0076F              70           1
        SFR15            00780-007EF              70           1
        SFR16            00800-0086F              70           1
        SFR17            00880-008EF              70           1
        SFR18            00900-0096F              70           1
        SFR19            00980-009EF              70           1
        SFR2             00100-0011F              20           1
        SFR20            00A00-00A6F              70           1
        SFR21            00A80-00AEF              70           1
        SFR22            00B00-00B6F              70           1
        SFR23            00B80-00BEF              70           1
        SFR24            00C00-00C6F              70           1
        SFR25            00C80-00CEF              70           1
        SFR26            00D00-00D6F              70           1
        SFR27            00D80-00DEF              70           1
        SFR28            00E00-00E6F              70           1
        SFR29            00E80-00EEF              70           1
        SFR3             00180-0019F              20           1
        SFR30            00F00-00F6F              70           1
        SFR31            00F80-00FEF              70           1
        SFR4             00200-0021F              20           1
        SFR5             00280-0029F              20           1
        SFR6             00300-0031F              20           1
        SFR7             00380-0039F              20           1
        SFR8             00400-0041F              20           1
        SFR9             00480-0049F              20           1
        STACK            020C0-023EF             330           1
        STRCODE          00800-00D66             567           2
                         01000-01FFF            1000
        STRING           00800-00D66             100           2
                         01000-01FFF             100

                                  Symbol Table

?___awdiv                                   cstackBANK0  00021
?___awmod                                   cstackBANK0  00034
?___lmul                                    cstackBANK0  00021
?_rand                                      cstackBANK0  0002D
IOCCF4_SetInterruptHandler@InterruptHandler cstackBANK0  00021
_ANSELA                                     (abs)        0018C
_ANSELB                                     (abs)        0018D
_ANSELC                                     (abs)        0018E
_BORCON                                     (abs)        00116
_INTCONbits                                 (abs)        0000B
_INTERRUPT_InterruptManager                 intentry     00004
_IOCCF4_DefaultInterruptHandler             text115      00D67
_IOCCF4_ISR                                 text114      00EFF
_IOCCF4_InterruptHandler                    nvBANK0      00065
_IOCCF4_SetInterruptHandler                 text69       00DE8
_IOCCFbits                                  (abs)        00399
_IOCCNbits                                  (abs)        00398
_IOCCPbits                                  (abs)        00397
_LATA                                       (abs)        0010C
_LATB                                       (abs)        0010D
_LATC                                       (abs)        0010E
_ODCONA                                     (abs)        0028C
_ODCONB                                     (abs)        0028D
_ODCONC                                     (abs)        0028E
_OPTION_REGbits                             (abs)        00095
_OSCCON                                     (abs)        00099
_OSCILLATOR_Initialize                      text70       00E7B
_OSCTUNE                                    (abs)        00098
_PIE1bits                                   (abs)        00090
_PIE2bits                                   (abs)        00091
_PIN_MANAGER_IOC                            text113      00DDC
_PIN_MANAGER_Initialize                     text68       00571
_PIR1bits                                   (abs)        00010
_PIR2bits                                   (abs)        00011
_PLLR                                       (abs)        004D6
_RB4PPS                                     (abs)        00E9C
_RB6PPS                                     (abs)        00E9E
_SSP1ADD                                    (abs)        00212
_SSP1BUF                                    (abs)        00211
_SSP1CON1                                   (abs)        00215
_SSP1CON1bits                               (abs)        00215
_SSP1CON2                                   (abs)        00216
_SSP1CON2bits                               (abs)        00216
_SSP1MSK                                    (abs)        00213
_SSP1STAT                                   (abs)        00214
_SSP1STATbits                               (abs)        00214
_SSPCLKPPS                                  (abs)        00E20
_SSPDATPPS                                  (abs)        00E21
_SYSTEM_Initialize                          text67       00DEE
_TRISA                                      (abs)        0008C
_TRISB                                      (abs)        0008D
_TRISC                                      (abs)        0008E
_WPUA                                       (abs)        0020C
_WPUB                                       (abs)        0020D
_WPUC                                       (abs)        0020E
__CFG_BOREN$ON                              (abs)        00000
__CFG_BORV$LO                               (abs)        00000
__CFG_CLKOUTEN$OFF                          (abs)        00000
__CFG_CP$OFF                                (abs)        00000
__CFG_FCMEN$ON                              (abs)        00000
__CFG_FOSC$INTOSC                           (abs)        00000
__CFG_IESO$ON                               (abs)        00000
__CFG_LPBOR$OFF                             (abs)        00000
__CFG_LVP$ON                                (abs)        00000
__CFG_MCLRE$ON                              (abs)        00000
__CFG_PLLEN$ON                              (abs)        00000
__CFG_PPS1WAY$ON                            (abs)        00000
__CFG_PWRTE$OFF                             (abs)        00000
__CFG_STVREN$ON                             (abs)        00000
__CFG_WDTCCS$SWC                            (abs)        00000
__CFG_WDTCPS$WDTCPS1F                       (abs)        00000
__CFG_WDTCWS$WDTCWSSW                       (abs)        00000
__CFG_WDTE$OFF                              (abs)        00000
__CFG_WRT$OFF                               (abs)        00000
__CFG_ZCD$OFF                               (abs)        00000
__Habs1                                     abs1         00000
__Hbank0                                    bank0        00000
__Hbank1                                    bank1        00000
__Hbank10                                   bank10       00000
__Hbank11                                   bank11       00000
__Hbank12                                   bank12       00000
__Hbank13                                   bank13       00000
__Hbank14                                   bank14       00000
__Hbank15                                   bank15       00000
__Hbank16                                   bank16       00000
__Hbank17                                   bank17       00000
__Hbank18                                   bank18       00000
__Hbank19                                   bank19       00000
__Hbank2                                    bank2        00000
__Hbank20                                   bank20       00000
__Hbank21                                   bank21       00000
__Hbank22                                   bank22       00000
__Hbank23                                   bank23       00000
__Hbank24                                   bank24       00000
__Hbank25                                   bank25       00000
__Hbank26                                   bank26       00000
__Hbank27                                   bank27       00000
__Hbank28                                   bank28       00000
__Hbank29                                   bank29       00000
__Hbank3                                    bank3        00000
__Hbank30                                   bank30       00000
__Hbank31                                   bank31       00000
__Hbank4                                    bank4        00000
__Hbank5                                    bank5        00000
__Hbank6                                    bank6        00000
__Hbank7                                    bank7        00000
__Hbank8                                    bank8        00000
__Hbank9                                    bank9        00000
__Hbigram                                   bigram       00000
__HbssBANK0                                 bssBANK0     00000
__HbssBANK1                                 bssBANK1     00000
__Hcinit                                    cinit        0005B
__Hclrtext                                  clrtext      00000
__Hcode                                     code         00000
__Hcommon                                   common       00000
__Hconfig                                   config       0800A
__HcstackBANK0                              cstackBANK0  00000
__HcstackCOMMON                             cstackCOMMON 00000
__HdataBANK0                                dataBANK0    00000
__HdataBANK2                                dataBANK2    00000
__Heeprom_data                              eeprom_data  00000
__Hend_init                                 end_init     00030
__Hfunctab                                  functab      00000
__HidataBANK0                               idataBANK0   00000
__HidataBANK2                               idataBANK2   00000
__Hidloc                                    idloc        00000
__Hinit                                     init         0002E
__Hinittext                                 inittext     00000
__Hintentry                                 intentry     0002E
__Hmaintext                                 maintext     00000
__HnvBANK0                                  nvBANK0      00000
__Hpowerup                                  powerup      00000
__Hram                                      ram          00000
__Hreset_vec                                reset_vec    00002
__Hsfr0                                     sfr0         00000
__Hsfr1                                     sfr1         00000
__Hsfr10                                    sfr10        00000
__Hsfr11                                    sfr11        00000
__Hsfr12                                    sfr12        00000
__Hsfr13                                    sfr13        00000
__Hsfr14                                    sfr14        00000
__Hsfr15                                    sfr15        00000
__Hsfr16                                    sfr16        00000
__Hsfr17                                    sfr17        00000
__Hsfr18                                    sfr18        00000
__Hsfr19                                    sfr19        00000
__Hsfr2                                     sfr2         00000
__Hsfr20                                    sfr20        00000
__Hsfr21                                    sfr21        00000
__Hsfr22                                    sfr22        00000
__Hsfr23                                    sfr23        00000
__Hsfr24                                    sfr24        00000
__Hsfr25                                    sfr25        00000
__Hsfr26                                    sfr26        00000
__Hsfr27                                    sfr27        00000
__Hsfr28                                    sfr28        00000
__Hsfr29                                    sfr29        00000
__Hsfr3                                     sfr3         00000
__Hsfr30                                    sfr30        00000
__Hsfr31                                    sfr31        00000
__Hsfr4                                     sfr4         00000
__Hsfr5                                     sfr5         00000
__Hsfr6                                     sfr6         00000
__Hsfr7                                     sfr7         00000
__Hsfr8                                     sfr8         00000
__Hsfr9                                     sfr9         00000
__Hspace_0                                  (abs)        0800A
__Hspace_1                                  (abs)        00140
__Hspace_2                                  (abs)        00000
__Hspace_3                                  (abs)        00000
__Hstack                                    stack        00000
__Hstrings                                  strings      00000
__Htext                                     text         00000
__Labs1                                     abs1         00000
__Lbank0                                    bank0        00000
__Lbank1                                    bank1        00000
__Lbank10                                   bank10       00000
__Lbank11                                   bank11       00000
__Lbank12                                   bank12       00000
__Lbank13                                   bank13       00000
__Lbank14                                   bank14       00000
__Lbank15                                   bank15       00000
__Lbank16                                   bank16       00000
__Lbank17                                   bank17       00000
__Lbank18                                   bank18       00000
__Lbank19                                   bank19       00000
__Lbank2                                    bank2        00000
__Lbank20                                   bank20       00000
__Lbank21                                   bank21       00000
__Lbank22                                   bank22       00000
__Lbank23                                   bank23       00000
__Lbank24                                   bank24       00000
__Lbank25                                   bank25       00000
__Lbank26                                   bank26       00000
__Lbank27                                   bank27       00000
__Lbank28                                   bank28       00000
__Lbank29                                   bank29       00000
__Lbank3                                    bank3        00000
__Lbank30                                   bank30       00000
__Lbank31                                   bank31       00000
__Lbank4                                    bank4        00000
__Lbank5                                    bank5        00000
__Lbank6                                    bank6        00000
__Lbank7                                    bank7        00000
__Lbank8                                    bank8        00000
__Lbank9                                    bank9        00000
__Lbigram                                   bigram       00000
__LbssBANK0                                 bssBANK0     00000
__LbssBANK1                                 bssBANK1     00000
__Lcinit                                    cinit        00030
__Lclrtext                                  clrtext      00000
__Lcode                                     code         00000
__Lcommon                                   common       00000
__Lconfig                                   config       08007
__LcstackBANK0                              cstackBANK0  00000
__LcstackCOMMON                             cstackCOMMON 00000
__LdataBANK0                                dataBANK0    00000
__LdataBANK2                                dataBANK2    00000
__Leeprom_data                              eeprom_data  00000
__Lend_init                                 end_init     0002E
__Lfunctab                                  functab      00000
__LidataBANK0                               idataBANK0   00000
__LidataBANK2                               idataBANK2   00000
__Lidloc                                    idloc        00000
__Linit                                     init         0002E
__Linittext                                 inittext     00000
__Lintentry                                 intentry     00004
__Lmaintext                                 maintext     00000
__LnvBANK0                                  nvBANK0      00000
__Lpowerup                                  powerup      00000
__Lram                                      ram          00000
__Lreset_vec                                reset_vec    00000
__Lsfr0                                     sfr0         00000
__Lsfr1                                     sfr1         00000
__Lsfr10                                    sfr10        00000
__Lsfr11                                    sfr11        00000
__Lsfr12                                    sfr12        00000
__Lsfr13                                    sfr13        00000
__Lsfr14                                    sfr14        00000
__Lsfr15                                    sfr15        00000
__Lsfr16                                    sfr16        00000
__Lsfr17                                    sfr17        00000
__Lsfr18                                    sfr18        00000
__Lsfr19                                    sfr19        00000
__Lsfr2                                     sfr2         00000
__Lsfr20                                    sfr20        00000
__Lsfr21                                    sfr21        00000
__Lsfr22                                    sfr22        00000
__Lsfr23                                    sfr23        00000
__Lsfr24                                    sfr24        00000
__Lsfr25                                    sfr25        00000
__Lsfr26                                    sfr26        00000
__Lsfr27                                    sfr27        00000
__Lsfr28                                    sfr28        00000
__Lsfr29                                    sfr29        00000
__Lsfr3                                     sfr3         00000
__Lsfr30                                    sfr30        00000
__Lsfr31                                    sfr31        00000
__Lsfr4                                     sfr4         00000
__Lsfr5                                     sfr5         00000
__Lsfr6                                     sfr6         00000
__Lsfr7                                     sfr7         00000
__Lsfr8                                     sfr8         00000
__Lsfr9                                     sfr9         00000
__Lspace_0                                  (abs)        00000
__Lspace_1                                  (abs)        00000
__Lspace_2                                  (abs)        00000
__Lspace_3                                  (abs)        00000
__Lstack                                    stack        00000
__Lstrings                                  strings      00000
__Ltext                                     text         00000
__S0                                        (abs)        0800A
__S1                                        (abs)        00140
__S2                                        (abs)        00000
___awdiv                                    text62       002AF
___awdiv@counter                            cstackBANK0  00026
___awdiv@dividend                           cstackBANK0  00023
___awdiv@divisor                            cstackBANK0  00021
___awdiv@quotient                           cstackBANK0  00028
___awdiv@sign                               cstackBANK0  00027
___awmod                                    text5        00434
___awmod@counter                            cstackBANK0  00039
___awmod@dividend                           cstackBANK0  00036
___awmod@divisor                            cstackBANK0  00034
___awmod@sign                               cstackBANK0  0003A
___int_sp                                   stack        00000
___latbits                                  (abs)        00002
___lmul                                     text4        005A5
___lmul@multiplicand                        cstackBANK0  00025
___lmul@multiplier                          cstackBANK0  00021
___lmul@product                             cstackBANK0  00029
___sp                                       stack        00000
__end_of_INTERRUPT_InterruptManager         intentry     0002E
__end_of_IOCCF4_DefaultInterruptHandler     text115      00D68
__end_of_IOCCF4_ISR                         text114      00F0C
__end_of_IOCCF4_SetInterruptHandler         text69       00DEE
__end_of_OSCILLATOR_Initialize              text70       00E85
__end_of_PIN_MANAGER_IOC                    text113      00DE2
__end_of_PIN_MANAGER_Initialize             text68       005A5
__end_of_SYSTEM_Initialize                  text67       00DF4
__end_of___awdiv                            text62       00301
__end_of___awmod                            text5        0047A
__end_of___lmul                             text4        005D5
__end_of__initialization                    cinit        00057
__end_of_buttonInterrupt                    text116      00EDB
__end_of_clearPixels                        text66       00F93
__end_of_do_I2C_DO_ACK                      text26       00E62
__end_of_do_I2C_DO_ADDRESS_NACK             text23       0062D
__end_of_do_I2C_DO_NACK_RESTART             text24       00E72
__end_of_do_I2C_DO_NACK_STOP                text25       00E6A
__end_of_do_I2C_IDLE                        text34       00E7B
__end_of_do_I2C_RCEN                        text27       00E8F
__end_of_do_I2C_RESET                       text35       00EAE
__end_of_do_I2C_RX                          text21       004C0
__end_of_do_I2C_SEND_ADR_READ               text29       00EFF
__end_of_do_I2C_SEND_ADR_WRITE              text28       00EB9
__end_of_do_I2C_SEND_RESTART                text31       00E52
__end_of_do_I2C_SEND_RESTART_READ           text33       00E42
__end_of_do_I2C_SEND_RESTART_WRITE          text32       00E4A
__end_of_do_I2C_SEND_STOP                   text30       00E5A
__end_of_do_I2C_TX                          text22       00351
__end_of_do_I2C_TX_EMPTY                    text36       00603
__end_of_drawPixel                          text65       00111
__end_of_drawWalls                          text63       007B0
__end_of_endGame                            text7        003EA
__end_of_i2c_ISR                            text20       006A2
__end_of_i2c_busCollisionISR                text111      00D73
__end_of_i2c_close                          text59       007E8
__end_of_i2c_driver_TXData                  text39       00E0C
__end_of_i2c_driver_clearBusCollision       text112      00D70
__end_of_i2c_driver_getRXData               text40       00D9A
__end_of_i2c_driver_isNACK                  text38       00F26
__end_of_i2c_driver_open                    text14       00EA3
__end_of_i2c_driver_resetBus                text42       00800
__end_of_i2c_driver_restart                 text56       00D91
__end_of_i2c_driver_sendACK                 text57       00DC5
__end_of_i2c_driver_sendNACK                text41       00DC9
__end_of_i2c_driver_setBusCollisionISR      text13       00E12
__end_of_i2c_driver_setI2cISR               text12       00E18
__end_of_i2c_driver_start                   text58       00D8E
__end_of_i2c_driver_startRX                 text43       00D97
__end_of_i2c_driver_stop                    text55       00D94
__end_of_i2c_masterOperation                text16       006EB
__end_of_i2c_masterWrite                    text15       00DCD
__end_of_i2c_open                           text11       0039F
__end_of_i2c_poller                         text18       00ECF
__end_of_i2c_restartWrite                   text50       00DFA
__end_of_i2c_setAddressNACKCallback         text10       00F33
__end_of_i2c_setBuffer                      text54       00FA8
__end_of_i2c_setDataCompleteCallback        text52       00F19
__end_of_i2c_writeNBytes                    text9        0067C
__end_of_initializeDisplay                  text6        00255
__end_of_main                               maintext     001F7
__end_of_mssp_IRQisEnabled                  text17       00E99
__end_of_mssp_clearIRQ                      text61       00D88
__end_of_mssp_disableIRQ                    text60       00D8B
__end_of_mssp_setIRQ                        text37       00D9D
__end_of_mssp_waitForEvent                  text19       00EC4
__end_of_rand                               text3        0053A
__end_of_random                             text2        00791
__end_of_rd1RegCompleteHandler              text48       00FEA
__end_of_rd2RegCompleteHandler              text47       01000
__end_of_rdBlkRegCompleteHandler            text46       007CD
__end_of_returnReset                        text44       00E06
__end_of_returnStop                         text45       00E00
__end_of_reverse                            text64       00571
__end_of_setCallBack                        text53       006C7
__end_of_shiftWalls                         text1        00192
__end_of_wr1RegCompleteHandler              text49       00FD4
__end_of_wr2RegCompleteHandler              text51       00FBE
__end_of_writeDisplay                       text8        002AF
__end_ofi1_do_I2C_DO_ACK                    text79       00DB9
__end_ofi1_do_I2C_DO_ADDRESS_NACK           text76       00732
__end_ofi1_do_I2C_DO_NACK_RESTART           text77       00DC1
__end_ofi1_do_I2C_DO_NACK_STOP              text78       00DBD
__end_ofi1_do_I2C_IDLE                      text87       00DD7
__end_ofi1_do_I2C_RCEN                      text80       00DE8
__end_ofi1_do_I2C_RESET                     text88       00E2B
__end_ofi1_do_I2C_RX                        text74       004FE
__end_ofi1_do_I2C_SEND_ADR_READ             text82       00E3A
__end_ofi1_do_I2C_SEND_ADR_WRITE            text81       00E32
__end_ofi1_do_I2C_SEND_RESTART              text84       00DB1
__end_ofi1_do_I2C_SEND_RESTART_READ         text86       00DA9
__end_ofi1_do_I2C_SEND_RESTART_WRITE        text85       00DAD
__end_ofi1_do_I2C_SEND_STOP                 text83       00DB5
__end_ofi1_do_I2C_TX                        text75       00434
__end_ofi1_do_I2C_TX_EMPTY                  text89       00656
__end_ofi1_i2c_ISR                          text72       00772
__end_ofi1_i2c_driver_TXData                text92       00DD2
__end_ofi1_i2c_driver_getRXData             text93       00D7F
__end_ofi1_i2c_driver_isNACK                text91       00EF3
__end_ofi1_i2c_driver_resetBus              text95       00D69
__end_ofi1_i2c_driver_restart               text109      00D76
__end_ofi1_i2c_driver_sendACK               text110      00DA1
__end_ofi1_i2c_driver_sendNACK              text94       00DA5
__end_ofi1_i2c_driver_startRX               text96       00D7C
__end_ofi1_i2c_driver_stop                  text108      00D79
__end_ofi1_i2c_restartWrite                 text97       00004
__end_ofi1_i2c_setBuffer                    text107      00F41
__end_ofi1_i2c_setDataCompleteCallback      text105      00EE7
__end_ofi1_mssp_clearIRQ                    text73       00D85
__end_ofi1_mssp_setIRQ                      text90       00D82
__end_ofi1_rd1RegCompleteHandler            text102      00F71
__end_ofi1_rd2RegCompleteHandler            text101      00F81
__end_ofi1_rdBlkRegCompleteHandler          text100      007FF
__end_ofi1_returnReset                      text98       00D6D
__end_ofi1_returnStop                       text99       00D6B
__end_ofi1_setCallBack                      text106      0070F
__end_ofi1_wr1RegCompleteHandler            text103      00F61
__end_ofi1_wr2RegCompleteHandler            text104      00F51
__initialization                            cinit        00030
__pbssBANK0                                 bssBANK0     00047
__pbssBANK1                                 bssBANK1     000A0
__pcstackBANK0                              cstackBANK0  00020
__pcstackCOMMON                             cstackCOMMON 00070
__pdataBANK0                                dataBANK0    00060
__pdataBANK2                                dataBANK2    00120
__pidataBANK0                               idataBANK0   00DD7
__pidataBANK2                               idataBANK2   00732
__pintentry                                 intentry     00004
__pmaintext                                 maintext     00192
__pnvBANK0                                  nvBANK0      00065
__ptext1                                    text1        00111
__ptext10                                   text10       00F26
__ptext100                                  text100      007E8
__ptext101                                  text101      00F71
__ptext102                                  text102      00F61
__ptext103                                  text103      00F51
__ptext104                                  text104      00F41
__ptext105                                  text105      00EDB
__ptext106                                  text106      006EB
__ptext107                                  text107      00F33
__ptext108                                  text108      00D76
__ptext109                                  text109      00D73
__ptext11                                   text11       00351
__ptext110                                  text110      00D9D
__ptext111                                  text111      00D70
__ptext112                                  text112      00D6D
__ptext113                                  text113      00DDC
__ptext114                                  text114      00EFF
__ptext115                                  text115      00D67
__ptext116                                  text116      00ECF
__ptext12                                   text12       00E12
__ptext13                                   text13       00E0C
__ptext14                                   text14       00E99
__ptext15                                   text15       00DC9
__ptext16                                   text16       006C7
__ptext17                                   text17       00E8F
__ptext18                                   text18       00EC4
__ptext19                                   text19       00EB9
__ptext2                                    text2        00772
__ptext20                                   text20       0067C
__ptext21                                   text21       0047A
__ptext22                                   text22       00301
__ptext23                                   text23       00603
__ptext24                                   text24       00E6A
__ptext25                                   text25       00E62
__ptext26                                   text26       00E5A
__ptext27                                   text27       00E85
__ptext28                                   text28       00EAE
__ptext29                                   text29       00EF3
__ptext3                                    text3        004FE
__ptext30                                   text30       00E52
__ptext31                                   text31       00E4A
__ptext32                                   text32       00E42
__ptext33                                   text33       00E3A
__ptext34                                   text34       00E72
__ptext35                                   text35       00EA3
__ptext36                                   text36       005D5
__ptext37                                   text37       00D9A
__ptext38                                   text38       00F19
__ptext39                                   text39       00E06
__ptext4                                    text4        005A5
__ptext40                                   text40       00D97
__ptext41                                   text41       00DC5
__ptext42                                   text42       007FF
__ptext43                                   text43       00D94
__ptext44                                   text44       00E00
__ptext45                                   text45       00DFA
__ptext46                                   text46       007B0
__ptext47                                   text47       00FEA
__ptext48                                   text48       00FD4
__ptext49                                   text49       00FBE
__ptext5                                    text5        00434
__ptext50                                   text50       00DF4
__ptext51                                   text51       00FA8
__ptext52                                   text52       00F0C
__ptext53                                   text53       006A2
__ptext54                                   text54       00F93
__ptext55                                   text55       00D91
__ptext56                                   text56       00D8E
__ptext57                                   text57       00DC1
__ptext58                                   text58       00D8B
__ptext59                                   text59       007CD
__ptext6                                    text6        001F7
__ptext60                                   text60       00D88
__ptext61                                   text61       00D85
__ptext62                                   text62       002AF
__ptext63                                   text63       00791
__ptext64                                   text64       0053A
__ptext65                                   text65       0005B
__ptext66                                   text66       00F81
__ptext67                                   text67       00DEE
__ptext68                                   text68       00571
__ptext69                                   text69       00DE8
__ptext7                                    text7        0039F
__ptext70                                   text70       00E7B
__ptext72                                   text72       00752
__ptext73                                   text73       00D82
__ptext74                                   text74       004C0
__ptext75                                   text75       003EA
__ptext76                                   text76       0070F
__ptext77                                   text77       00DBD
__ptext78                                   text78       00DB9
__ptext79                                   text79       00DB5
__ptext8                                    text8        00255
__ptext80                                   text80       00DE2
__ptext81                                   text81       00E2B
__ptext82                                   text82       00E32
__ptext83                                   text83       00DB1
__ptext84                                   text84       00DAD
__ptext85                                   text85       00DA9
__ptext86                                   text86       00DA5
__ptext87                                   text87       00DD2
__ptext88                                   text88       00E24
__ptext89                                   text89       0062D
__ptext9                                    text9        00656
__ptext90                                   text90       00D7F
__ptext91                                   text91       00EE7
__ptext92                                   text92       00DCD
__ptext93                                   text93       00D7C
__ptext94                                   text94       00DA1
__ptext95                                   text95       00D68
__ptext96                                   text96       00D79
__ptext97                                   text97       00002
__ptext98                                   text98       00D6B
__ptext99                                   text99       00D69
__size_of_INTERRUPT_InterruptManager        (abs)        00000
__size_of_IOCCF4_DefaultInterruptHandler    (abs)        00000
__size_of_IOCCF4_ISR                        (abs)        00000
__size_of_IOCCF4_SetInterruptHandler        (abs)        00000
__size_of_OSCILLATOR_Initialize             (abs)        00000
__size_of_PIN_MANAGER_IOC                   (abs)        00000
__size_of_PIN_MANAGER_Initialize            (abs)        00000
__size_of_SYSTEM_Initialize                 (abs)        00000
__size_of___awdiv                           (abs)        00000
__size_of___awmod                           (abs)        00000
__size_of___lmul                            (abs)        00000
__size_of_buttonInterrupt                   (abs)        00000
__size_of_clearPixels                       (abs)        00000
__size_of_do_I2C_DO_ACK                     (abs)        00000
__size_of_do_I2C_DO_ADDRESS_NACK            (abs)        00000
__size_of_do_I2C_DO_NACK_RESTART            (abs)        00000
__size_of_do_I2C_DO_NACK_STOP               (abs)        00000
__size_of_do_I2C_IDLE                       (abs)        00000
__size_of_do_I2C_RCEN                       (abs)        00000
__size_of_do_I2C_RESET                      (abs)        00000
__size_of_do_I2C_RX                         (abs)        00000
__size_of_do_I2C_SEND_ADR_READ              (abs)        00000
__size_of_do_I2C_SEND_ADR_WRITE             (abs)        00000
__size_of_do_I2C_SEND_RESTART               (abs)        00000
__size_of_do_I2C_SEND_RESTART_READ          (abs)        00000
__size_of_do_I2C_SEND_RESTART_WRITE         (abs)        00000
__size_of_do_I2C_SEND_STOP                  (abs)        00000
__size_of_do_I2C_TX                         (abs)        00000
__size_of_do_I2C_TX_EMPTY                   (abs)        00000
__size_of_drawPixel                         (abs)        00000
__size_of_drawWalls                         (abs)        00000
__size_of_endGame                           (abs)        00000
__size_of_i2c_ISR                           (abs)        00000
__size_of_i2c_busCollisionISR               (abs)        00000
__size_of_i2c_close                         (abs)        00000
__size_of_i2c_driver_TXData                 (abs)        00000
__size_of_i2c_driver_clearBusCollision      (abs)        00000
__size_of_i2c_driver_getRXData              (abs)        00000
__size_of_i2c_driver_isNACK                 (abs)        00000
__size_of_i2c_driver_open                   (abs)        00000
__size_of_i2c_driver_resetBus               (abs)        00000
__size_of_i2c_driver_restart                (abs)        00000
__size_of_i2c_driver_sendACK                (abs)        00000
__size_of_i2c_driver_sendNACK               (abs)        00000
__size_of_i2c_driver_setBusCollisionISR     (abs)        00000
__size_of_i2c_driver_setI2cISR              (abs)        00000
__size_of_i2c_driver_start                  (abs)        00000
__size_of_i2c_driver_startRX                (abs)        00000
__size_of_i2c_driver_stop                   (abs)        00000
__size_of_i2c_masterOperation               (abs)        00000
__size_of_i2c_masterWrite                   (abs)        00000
__size_of_i2c_open                          (abs)        00000
__size_of_i2c_poller                        (abs)        00000
__size_of_i2c_restartWrite                  (abs)        00000
__size_of_i2c_setAddressNACKCallback        (abs)        00000
__size_of_i2c_setBuffer                     (abs)        00000
__size_of_i2c_setDataCompleteCallback       (abs)        00000
__size_of_i2c_writeNBytes                   (abs)        00000
__size_of_initializeDisplay                 (abs)        00000
[...]
		wreg
 Tracked objects:
		On entry : 
		On exit  : 
		Unchanged: 
 Data sizes:     COMMON   BANK0   BANK1   BANK2   BANK3   BANK4   BANK5   BANK6   BANK7   BANK8   BANK9  BANK10  BANK11  BANK12
      Params:         2       0       0       0       0       0       0       0       0       0       0       0       0       0
      Locals:         1       0       0       0       0       0       0       0       0       0       0       0       0       0
      Temps:          1       0       0       0       0       0       0       0       0       0       0       0       0       0
      Totals:         4       0       0       0       0       0       0       0       0       0       0       0       0       0
Total ram usage:        4 bytes
 Hardware stack levels used:    1
 This function calls:
		Nothing
 This function is called by:
		i1_wr1RegCompleteHandler
		i1_rd1RegCompleteHandler
		i1_rd2RegCompleteHandler
		i1_wr2RegCompleteHandler
		i1_rdBlkRegCompleteHandler
 This function uses a non-reentrant model


 *************** function i1_i2c_driver_stop *****************
 Defined at:
		line 156 in file "mcc_generated_files/i2c_driver.c"
 Parameters:    Size  Location     Type
		None
 Auto vars:     Size  Location     Type
		None
 Return value:  Size  Location     Type
                  1    wreg      void 
 Registers used:
		None
 Tracked objects:
		On entry : 
		On exit  : 
		Unchanged: 
 Data sizes:     COMMON   BANK0   BANK1   BANK2   BANK3   BANK4   BANK5   BANK6   BANK7   BANK8   BANK9  BANK10  BANK11  BANK12
      Params:         0       0       0       0       0       0       0       0       0       0       0       0       0       0
      Locals:         0       0       0       0       0       0       0       0       0       0       0       0       0       0
      Temps:          0       0       0       0       0       0       0       0       0       0       0       0       0       0
      Totals:         0       0       0       0       0       0       0       0       0       0       0       0       0       0
Total ram usage:        0 bytes
 Hardware stack levels used:    1
 This function calls:
		Nothing
 This function is called by:
		i1_do_I2C_SEND_STOP
 This function uses a non-reentrant model


 *************** function i1_i2c_driver_restart *****************
 Defined at:
		line 151 in file "mcc_generated_files/i2c_driver.c"
 Parameters:    Size  Location     Type
		None
 Auto vars:     Size  Location     Type
		None
 Return value:  Size  Location     Type
                  1    wreg      void 
 Registers used:
		None
 Tracked objects:
		On entry : 
		On exit  : 
		Unchanged: 
 Data sizes:     COMMON   BANK0   BANK1   BANK2   BANK3   BANK4   BANK5   BANK6   BANK7   BANK8   BANK9  BANK10  BANK11  BANK12
      Params:         0       0       0       0       0       0       0       0       0       0       0       0       0       0
      Locals:         0       0       0       0       0       0       0       0       0       0       0       0       0       0
      Temps:          0       0       0       0       0       0       0       0       0       0       0       0       0       0
      Totals:         0       0       0       0       0       0       0       0       0       0       0       0       0       0
Total ram usage:        0 bytes
 Hardware stack levels used:    1
 This function calls:
		Nothing
 This function is called by:
		i1_do_I2C_SEND_RESTART_READ
		i1_do_I2C_SEND_RESTART_WRITE
		i1_do_I2C_SEND_RESTART
 This function uses a non-reentrant model


 *************** function i1_i2c_driver_sendACK *****************
 Defined at:
		line 196 in file "mcc_generated_files/i2c_driver.c"
 Parameters:    Size  Location     Type
		None
 Auto vars:     Size  Location     Type
		None
 Return value:  Size  Location     Type
                  1    wreg      void 
 Registers used:
		None
 Tracked objects:
		On entry : 
		On exit  : 
		Unchanged: 
 Data sizes:     COMMON   BANK0   BANK1   BANK2   BANK3   BANK4   BANK5   BANK6   BANK7   BANK8   BANK9  BANK10  BANK11  BANK12
      Params:         0       0       0       0       0       0       0       0       0       0       0       0       0       0
      Locals:         0       0       0       0       0       0       0       0       0       0       0       0       0       0
      Temps:          0       0       0       0       0       0       0       0       0       0       0       0       0       0
      Totals:         0       0       0       0       0       0       0       0       0       0       0       0       0       0
Total ram usage:        0 bytes
 Hardware stack levels used:    1
 This function calls:
		Nothing
 This function is called by:
		i1_do_I2C_DO_ACK
		i1_do_I2C_RX
 This function uses a non-reentrant model


 *************** function _i2c_busCollisionISR *****************
 Defined at:
		line 435 in file "mcc_generated_files/drivers/i2c_master.c"
 Parameters:    Size  Location     Type
		None
 Auto vars:     Size  Location     Type
		None
 Return value:  Size  Location     Type
                  1    wreg      void 
 Registers used:
		status,2, status,0, pclath, cstack
 Tracked objects:
		On entry : 
		On exit  : 
		Unchanged: 
 Data sizes:     COMMON   BANK0   BANK1   BANK2   BANK3   BANK4   BANK5   BANK6   BANK7   BANK8   BANK9  BANK10  BANK11  BANK12
      Params:         0       0       0       0       0       0       0       0       0       0       0       0       0       0
      Locals:         0       0       0       0       0       0       0       0       0       0       0       0       0       0
      Temps:          0       0       0       0       0       0       0       0       0       0       0       0       0       0
      Totals:         0       0       0       0       0       0       0       0       0       0       0       0       0       0
Total ram usage:        0 bytes
 Hardware stack levels used:    1
 Hardware stack levels required when called:    1
 This function calls:
		_i2c_driver_clearBusCollision
 This function is called by:
		_i2c_open
		_INTERRUPT_InterruptManager
 This function uses a non-reentrant model


 *************** function _i2c_driver_clearBusCollision *****************
 Defined at:
		line 253 in file "mcc_generated_files/i2c_driver.c"
 Parameters:    Size  Location     Type
		None
 Auto vars:     Size  Location     Type
		None
 Return value:  Size  Location     Type
                  1    wreg      void 
 Registers used:
		None
 Tracked objects:
		On entry : 
		On exit  : 
		Unchanged: 
 Data sizes:     COMMON   BANK0   BANK1   BANK2   BANK3   BANK4   BANK5   BANK6   BANK7   BANK8   BANK9  BANK10  BANK11  BANK12
      Params:         0       0       0       0       0       0       0       0       0       0       0       0       0       0
      Locals:         0       0       0       0       0       0       0       0       0       0       0       0       0       0
      Temps:          0       0       0       0       0       0       0       0       0       0       0       0       0       0
      Totals:         0       0       0       0       0       0       0       0       0       0       0       0       0       0
Total ram usage:        0 bytes
 Hardware stack levels used:    1
 This function calls:
		Nothing
 This function is called by:
		_i2c_busCollisionISR
 This function uses a non-reentrant model


 *************** function _PIN_MANAGER_IOC *****************
 Defined at:
		line 117 in file "mcc_generated_files/pin_manager.c"
 Parameters:    Size  Location     Type
		None
 Auto vars:     Size  Location     Type
		None
 Return value:  Size  Location     Type
                  1    wreg      void 
 Registers used:
		wreg, status,2, status,0, pclath, cstack
 Tracked objects:
		On entry : 
		On exit  : 
		Unchanged: 
 Data sizes:     COMMON   BANK0   BANK1   BANK2   BANK3   BANK4   BANK5   BANK6   BANK7   BANK8   BANK9  BANK10  BANK11  BANK12
      Params:         0       0       0       0       0       0       0       0       0       0       0       0       0       0
      Locals:         0       0       0       0       0       0       0       0       0       0       0       0       0       0
      Temps:          0       0       0       0       0       0       0       0       0       0       0       0       0       0
      Totals:         0       0       0       0       0       0       0       0       0       0       0       0       0       0
Total ram usage:        0 bytes
 Hardware stack levels used:    1
 Hardware stack levels required when called:    2
 This function calls:
		_IOCCF4_ISR
 This function is called by:
		_INTERRUPT_InterruptManager
 This function uses a non-reentrant model


 *************** function _IOCCF4_ISR *****************
 Defined at:
		line 131 in file "mcc_generated_files/pin_manager.c"
 Parameters:    Size  Location     Type
		None
 Auto vars:     Size  Location     Type
		None
 Return value:  Size  Location     Type
                  1    wreg      void 
 Registers used:
		wreg, status,2, status,0, pclath, cstack
 Tracked objects:
		On entry : 
		On exit  : 
		Unchanged: 
 Data sizes:     COMMON   BANK0   BANK1   BANK2   BANK3   BANK4   BANK5   BANK6   BANK7   BANK8   BANK9  BANK10  BANK11  BANK12
      Params:         0       0       0       0       0       0       0       0       0       0       0       0       0       0
      Locals:         0       0       0       0       0       0       0       0       0       0       0       0       0       0
      Temps:          0       0       0       0       0       0       0       0       0       0       0       0       0       0
      Totals:         0       0       0       0       0       0       0       0       0       0       0       0       0       0
Total ram usage:        0 bytes
 Hardware stack levels used:    1
 Hardware stack levels required when called:    1
 This function calls:
		Absolute function
		_IOCCF4_DefaultInterruptHandler
		_buttonInterrupt
 This function is called by:
		_PIN_MANAGER_IOC
 This function uses a non-reentrant model


 *************** function _IOCCF4_DefaultInterruptHandler *****************
 Defined at:
		line 153 in file "mcc_generated_files/pin_manager.c"
 Parameters:    Size  Location     Type
		None
 Auto vars:     Size  Location     Type
		None
 Return value:  Size  Location     Type
                  1    wreg      void 
 Registers used:
		None
 Tracked objects:
		On entry : 
		On exit  : 
		Unchanged: 
 Data sizes:     COMMON   BANK0   BANK1   BANK2   BANK3   BANK4   BANK5   BANK6   BANK7   BANK8   BANK9  BANK10  BANK11  BANK12
      Params:         0       0       0       0       0       0       0       0       0       0       0       0       0       0
      Locals:         0       0       0       0       0       0       0       0       0       0       0       0       0       0
      Temps:          0       0       0       0       0       0       0       0       0       0       0       0       0       0
      Totals:         0       0       0       0       0       0       0       0       0       0       0       0       0       0
Total ram usage:        0 bytes
 Hardware stack levels used:    1
 This function calls:
		Nothing
 This function is called by:
		_PIN_MANAGER_Initialize
		_IOCCF4_ISR
 This function uses a non-reentrant model


 *************** function _buttonInterrupt *****************
 Defined at:
		line 158 in file "main.c"
 Parameters:    Size  Location     Type
		None
 Auto vars:     Size  Location     Type
		None
 Return value:  Size  Location     Type
                  1    wreg      void 
 Registers used:
		wreg, status,2, status,0
 Tracked objects:
		On entry : 
		On exit  : 
		Unchanged: 
 Data sizes:     COMMON   BANK0   BANK1   BANK2   BANK3   BANK4   BANK5   BANK6   BANK7   BANK8   BANK9  BANK10  BANK11  BANK12
      Params:         0       0       0       0       0       0       0       0       0       0       0       0       0       0
      Locals:         0       0       0       0       0       0       0       0       0       0       0       0       0       0
      Temps:          1       0       0       0       0       0       0       0       0       0       0       0       0       0
      Totals:         1       0       0       0       0       0       0       0       0       0       0       0       0       0
Total ram usage:        1 bytes
 Hardware stack levels used:    1
 This function calls:
		Nothing
 This function is called by:
		_main
		_IOCCF4_ISR
 This function uses a non-reentrant model



MODULE INFORMATION

Module		Function		Class		Link	Load	Size
mcc_generated_files/interrupt_manager.c
		_INTERRUPT_InterruptManager		CODE           	0004	0000	43

mcc_generated_files/interrupt_manager.c estimated size: 43

mcc_generated_files/pin_manager.c
		_PIN_MANAGER_Initialize		CODE           	0571	0000	53
		_IOCCF4_DefaultInterruptHandler		CODE           	0D67	0000	2
		_IOCCF4_ISR    		CODE           	0EFF	0000	14
		_PIN_MANAGER_IOC		CODE           	0DDC	0000	7
		_IOCCF4_SetInterruptHandler		CODE           	0DE8	0000	7

mcc_generated_files/pin_manager.c estimated size: 83

C:\Program Files (x86)\Microchip\xc8\v1.45\sources\common\awmod.c
		___awmod       		CODE           	0434	0000	71

C:\Program Files (x86)\Microchip\xc8\v1.45\sources\common\awmod.c estimated size: 71

mcc_generated_files/i2c_driver.c
		_i2c_driver_clearBusCollision		CODE           	0D6D	0000	4
		_mssp_clearIRQ 		CODE           	0D85	0000	4
		_i2c_driver_setBusCollisionISR		CODE           	0E0C	0000	7
		_i2c_driver_restart		CODE           	0D8E	0000	4
		_mssp_IRQisEnabled		CODE           	0E8F	0000	11
		_i2c_driver_startRX		CODE           	0D94	0000	4
		_i2c_driver_setI2cISR		CODE           	0E12	0000	7
		_i2c_driver_getRXData		CODE           	0D97	0000	4
		_i2c_driver_TXData		CODE           	0E06	0000	7
		_i2c_driver_start		CODE           	0D8B	0000	4
		_i2c_driver_sendACK		CODE           	0DC1	0000	5
		_mssp_waitForEvent		CODE           	0EB9	0000	12
		_i2c_driver_sendNACK		CODE           	0DC5	0000	5
		_mssp_setIRQ   		CODE           	0D9A	0000	4
		_i2c_driver_resetBus		CODE           	07FF	0000	2
		_mssp_disableIRQ		CODE           	0D88	0000	4
		_i2c_driver_open		CODE           	0E99	0000	11
		_i2c_driver_isNACK		CODE           	0F19	0000	14
		_i2c_driver_stop		CODE           	0D91	0000	4

mcc_generated_files/i2c_driver.c estimated size: 117

mcc_generated_files/drivers/i2c_simple_master.c
		_wr1RegCompleteHandler		CODE           	0FBE	0000	23
		_wr2RegCompleteHandler		CODE           	0FA8	0000	23
		_i2c_writeNBytes		CODE           	0656	0000	39
		_rdBlkRegCompleteHandler		CODE           	07B0	0000	30
		_rd1RegCompleteHandler		CODE           	0FD4	0000	23
		_rd2RegCompleteHandler		CODE           	0FEA	0000	23

mcc_generated_files/drivers/i2c_simple_master.c estimated size: 161

C:\Program Files (x86)\Microchip\xc8\v1.45\sources\common\Umul32.c
		___lmul        		CODE           	05A5	0000	49

C:\Program Files (x86)\Microchip\xc8\v1.45\sources\common\Umul32.c estimated size: 49

C:\Program Files (x86)\Microchip\xc8\v1.45\sources\common\rand.c
		_rand          		CODE           	04FE	0000	61

C:\Program Files (x86)\Microchip\xc8\v1.45\sources\common\rand.c estimated size: 61

shared
		i1_mssp_setIRQ 		CODE           	0D7F	0000	4
		i1_returnReset 		CODE           	0D6B	0000	3
		i1_do_I2C_SEND_ADR_READ		CODE           	0E32	0000	9
		i1_do_I2C_DO_NACK_STOP		CODE           	0DB9	0000	5
		i1_setCallBack 		CODE           	06EB	0000	37
		i1_do_I2C_SEND_RESTART		CODE           	0DAD	0000	5
		i1_i2c_restartWrite		CODE           	0002	0000	3
		i1_do_I2C_TX_EMPTY		CODE           	062D	0000	42
		i1_do_I2C_DO_NACK_RESTART		CODE           	0DBD	0000	5
		i1_do_I2C_SEND_RESTART_READ		CODE           	0DA5	0000	5
		i1_do_I2C_DO_ADDRESS_NACK		CODE           	070F	0000	36
		i1_i2c_driver_sendNACK		CODE           	0DA1	0000	5
		i1_mssp_clearIRQ		CODE           	0D82	0000	4
		i1_i2c_driver_isNACK		CODE           	0EE7	0000	13
		i1_rd1RegCompleteHandler		CODE           	0F61	0000	17
		i1_i2c_driver_restart		CODE           	0D73	0000	4
		i1_i2c_driver_stop		CODE           	0D76	0000	4
		i1_do_I2C_RX   		CODE           	04C0	0000	63
		i1_do_I2C_TX   		CODE           	03EA	0000	75
		i1_i2c_ISR     		CODE           	0752	0000	33
		i1_i2c_driver_resetBus		CODE           	0D68	0000	2
		i1_do_I2C_IDLE 		CODE           	0DD2	0000	6
		i1_do_I2C_RCEN 		CODE           	0DE2	0000	7
		__initialization		CODE           	0030	0000	40
		i1_i2c_driver_getRXData		CODE           	0D7C	0000	4
		i1_rd2RegCompleteHandler		CODE           	0F71	0000	17
		i1_i2c_driver_TXData		CODE           	0DCD	0000	6
		i1_i2c_setDataCompleteCallback		CODE           	0EDB	0000	13
		i1_do_I2C_RESET		CODE           	0E24	0000	8
		i1_do_I2C_SEND_RESTART_WRITE		CODE           	0DA9	0000	5
		i1_do_I2C_DO_ACK		CODE           	0DB5	0000	5
		i1_do_I2C_SEND_ADR_WRITE		CODE           	0E2B	0000	8
		i1_wr1RegCompleteHandler		CODE           	0F51	0000	17
		i1_do_I2C_SEND_STOP		CODE           	0DB1	0000	5
		i1_i2c_setBuffer		CODE           	0F33	0000	15
		i1_rdBlkRegCompleteHandler		CODE           	07E8	0000	24
		i1_i2c_driver_startRX		CODE           	0D79	0000	4
		i1_i2c_driver_sendACK		CODE           	0D9D	0000	5
		i1_wr2RegCompleteHandler		CODE           	0F41	0000	17
		i1_returnStop  		CODE           	0D69	0000	3

shared estimated size: 583

mcc_generated_files/mcc.c
		_OSCILLATOR_Initialize		CODE           	0E7B	0000	11
		_SYSTEM_Initialize		CODE           	0DEE	0000	7

mcc_generated_files/mcc.c estimated size: 18

mcc_generated_files/drivers/i2c_master.c
		_i2c_setDataCompleteCallback		CODE           	0F0C	0000	14
		_returnStop    		CODE           	0DFA	0000	7
		_i2c_setBuffer 		CODE           	0F93	0000	22
		_i2c_busCollisionISR		CODE           	0D70	0000	4
		_i2c_ISR       		CODE           	067C	0000	39
		_i2c_close     		CODE           	07CD	0000	28
		_i2c_masterOperation		CODE           	06C7	0000	37
		_do_I2C_TX_EMPTY		CODE           	05D5	0000	47
		_setCallBack   		CODE           	06A2	0000	38
		_returnReset   		CODE           	0E00	0000	7
		_do_I2C_SEND_RESTART_WRITE		CODE           	0E42	0000	9
		_i2c_poller    		CODE           	0EC4	0000	12
		_i2c_masterWrite		CODE           	0DC9	0000	5
		_do_I2C_DO_NACK_RESTART		CODE           	0E6A	0000	9
		_do_I2C_SEND_RESTART_READ		CODE           	0E3A	0000	9
		_i2c_setAddressNACKCallback		CODE           	0F26	0000	14
		_do_I2C_SEND_ADR_WRITE		CODE           	0EAE	0000	12
		_do_I2C_SEND_STOP		CODE           	0E52	0000	9
		_i2c_open      		CODE           	0351	0000	79
		_do_I2C_SEND_ADR_READ		CODE           	0EF3	0000	13
		_do_I2C_DO_NACK_STOP		CODE           	0E62	0000	9
		_do_I2C_SEND_RESTART		CODE           	0E4A	0000	9
		_do_I2C_RX     		CODE           	047A	0000	71
		_do_I2C_TX     		CODE           	0301	0000	81
		_do_I2C_IDLE   		CODE           	0E72	0000	10
		_do_I2C_RCEN   		CODE           	0E85	0000	11
		_do_I2C_DO_ADDRESS_NACK		CODE           	0603	0000	43
		_do_I2C_RESET  		CODE           	0EA3	0000	12
		_do_I2C_DO_ACK 		CODE           	0E5A	0000	9

mcc_generated_files/drivers/i2c_master.c estimated size: 669

mcc_generated_files/drivers/i2c_types.c
		_i2c_restartWrite		CODE           	0DF4	0000	7

mcc_generated_files/drivers/i2c_types.c estimated size: 7

C:\Program Files (x86)\Microchip\xc8\v1.45\sources\common\awdiv.c
		___awdiv       		CODE           	02AF	0000	83

C:\Program Files (x86)\Microchip\xc8\v1.45\sources\common\awdiv.c estimated size: 83

main.c
		_initializeDisplay		CODE           	01F7	0000	95
		_random        		CODE           	0772	0000	32
		_main          		CODE           	0192	0000	102
		_writeDisplay  		CODE           	0255	0000	91
		_buttonInterrupt		CODE           	0ECF	0000	13
		_drawPixel     		CODE           	005B	0000	183
		_shiftWalls    		CODE           	0111	0000	130
		_clearPixels   		CODE           	0F81	0000	19
		_endGame       		CODE           	039F	0000	76
		_drawWalls     		CODE           	0791	0000	32
		_reverse       		CODE           	053A	0000	56

main.c estimated size: 829

