Microchip MPLAB XC8 Compiler V1.45 ()

Linker command line:

-W-3 --edf=C:\Program Files (x86)\Microchip\xc8\v1.45\dat\en_msgs.txt -cs \
  -h+dist/default/production\flappy-box-v3.X.production.sym \
  --cmf=dist/default/production\flappy-box-v3.X.production.cmf -z -Q16F1619 \
  -oC:\Users\Zach\AppData\Local\Temp\sg6o.2 \
  -Mdist/default/production/flappy-box-v3.X.production.map -E1 -ver=XC8 \
  -ASTACK=020C0h-023efh -pstack=STACK -ACODE=00h-07FFhx4 \
  -ASTRCODE=00h-01FFFh -ASTRING=00h-0FFhx32 -ACONST=00h-0FFhx32 \
  -AENTRY=00h-0FFhx32 -ACOMMON=070h-07Fh -ABANK0=020h-06Fh \
  -ABANK1=0A0h-0EFh -ABANK2=0120h-016Fh -ABANK3=01A0h-01EFh \
  -ABANK4=0220h-026Fh -ABANK5=02A0h-02EFh -ABANK6=0320h-036Fh \
  -ABANK7=03A0h-03EFh -ABANK8=0420h-046Fh -ABANK9=04A0h-04EFh \
  -ABANK10=0520h-056Fh -ABANK11=05A0h-05EFh -ABANK12=0620h-064Fh \
  -ABIGRAM=02000h-023EFh \
  -ARAM=020h-06Fh,0A0h-0EFh,0120h-016Fh,01A0h-01EFh,0220h-026Fh,02A0h-02EFh,0320h-036Fh,03A0h-03EFh,0420h-046Fh,04A0h-04EFh,0520h-056Fh,05A0h-05EFh,0620h-064Fh \
  -AABS1=020h-07Fh,0A0h-0EFh,0120h-016Fh,01A0h-01EFh,0220h-026Fh,02A0h-02EFh,0320h-036Fh,03A0h-03EFh,0420h-046Fh,04A0h-04EFh,0520h-056Fh,05A0h-05EFh,0620h-064Fh \
  -ASFR0=00h-01Fh -ASFR1=080h-09Fh -ASFR2=0100h-011Fh -ASFR3=0180h-019Fh \
  -ASFR4=0200h-021Fh -ASFR5=0280h-029Fh -ASFR6=0300h-031Fh \
  -ASFR7=0380h-039Fh -ASFR8=0400h-041Fh -ASFR9=0480h-049Fh \
  -ASFR10=0500h-051Fh -ASFR11=0580h-059Fh -ASFR12=0600h-061Fh \
  -ASFR13=0680h-06EFh -ASFR14=0700h-076Fh -ASFR15=0780h-07EFh \
  -ASFR16=0800h-086Fh -ASFR17=0880h-08EFh -ASFR18=0900h-096Fh \
  -ASFR19=0980h-09EFh -ASFR20=0A00h-0A6Fh -ASFR21=0A80h-0AEFh \
  -ASFR22=0B00h-0B6Fh -ASFR23=0B80h-0BEFh -ASFR24=0C00h-0C6Fh \
  -ASFR25=0C80h-0CEFh -ASFR26=0D00h-0D6Fh -ASFR27=0D80h-0DEFh \
  -ASFR28=0E00h-0E6Fh -ASFR29=0E80h-0EEFh -ASFR30=0F00h-0F6Fh \
  -ASFR31=0F80h-0FEFh -preset_vec=00h,intentry=04h,init,end_init \
  -ppowerup=CODE -pcinit=CODE -pfunctab=ENTRY -ACONFIG=08007h-08009h \
  -pconfig=CONFIG -DCONFIG=2 -AIDLOC=08000h-08003h -pidloc=IDLOC -DIDLOC=2 \
  -DCODE=2 -DSTRCODE=2 -DSTRING=2 -DCONST=2 -DENTRY=2 -k \
  C:\Users\Zach\AppData\Local\Temp\sg6o.obj \
  dist/default/production\flappy-box-v3.X.production.obj 

Object code version is 3.11

Machine type is 16F1619



                Name                               Link     Load   Length Selector   Space Scale
C:\Users\Zach\AppData\Local\Temp\sg6o.obj
                end_init                             2E       2E        2        8       0
                reset_vec                             0        0        2        0       0
                config                             8007     8007        3    1000E       0
dist/default/production\flappy-box-v3.X.production.obj
                cinit                                30       30       2B        8       0
                intentry                              4        4       2A        8       0
                text116                             EC6      EC6        C     1D8C       0
                text115                             D5D      D5D        1     1ABA       0
                text114                             EF6      EF6        D     1DEC       0
                text113                             DD3      DD3        6     1BA6       0
                text112                             D64      D64        3     1AC8       0
                text111                             D67      D67        3     1ACE       0
                text110                             D94      D94        4     1B28       0
                text109                             D6A      D6A        3     1AD4       0
                text108                             D6D      D6D        3     1ADA       0
                text107                             7F2      7F2        E        8       0
                text106                             6F5      6F5       24        8       0
                text105                             ED2      ED2        C     1DA4       0
                text104                             F2A      F2A       10     1E54       0
                text103                             F3A      F3A       10     1E74       0
                text102                             F4A      F4A       10     1E94       0
                text101                             F5A      F5A       10     1EB4       0
                text100                             FE9      FE9       17     1FD2       0
                text99                              D60      D60        2     1AC0       0
                text98                              D62      D62        2     1AC4       0
                text97                                2        2        2        0       0
                text96                              D70      D70        3     1AE0       0
                text95                              D5E      D5E        1     1ABC       0
                text94                              D98      D98        4     1B30       0
                text93                              D73      D73        3     1AE6       0
                text92                              DC4      DC4        5     1B88       0
                text91                              EDE      EDE        C     1DBC       0
                text90                              D76      D76        3     1AEC       0
                text89                              637      637       29        8       0
                text88                              E1B      E1B        7     1C36       0
                text87                              DC9      DC9        5     1B92       0
                text86                              D9C      D9C        4     1B38       0
                text85                              DA0      DA0        4     1B40       0
                text84                              DA4      DA4        4     1B48       0
                text83                              DA8      DA8        4     1B50       0
                text82                              E29      E29        8     1C52       0
                text81                              E22      E22        7     1C44       0
                text80                              DD9      DD9        6     1BB2       0
                text79                              DAC      DAC        4     1B58       0
                text78                              DB0      DB0        4     1B60       0
                text77                              DB4      DB4        4     1B68       0
                text76                              719      719       23        8       0
                text75                              3F4      3F4       4A        8       0
                text74                              4CA      4CA       3E        8       0
                text73                              D79      D79        3     1AF2       0
                text72                              75C      75C       20        8       0
                text70                              E72      E72        A     1CE4       0
                text69                              DDF      DDF        6     1BBE       0
                text68                              57B      57B       34        8       0
                text67                              DE5      DE5        6     1BCA       0
                text66                               5B       5B       B6        8       0
                text65                              544      544       37        8       0
                text64                              79B      79B       1F        8       0
                text63                              F6A      F6A       12     1ED4       0
                text62                              2B3      2B3       52        8       0
                text61                              D7C      D7C        3     1AF8       0
                text60                              D7F      D7F        3     1AFE       0
                text59                              7D7      7D7       1B        8       0
                text58                              D82      D82        3     1B04       0
                text57                              DB8      DB8        4     1B70       0
                text56                              D85      D85        3     1B0A       0
                text55                              D88      D88        3     1B10       0
                text54                              F7C      F7C       15     1EF8       0
                text53                              6AC      6AC       25        8       0
                text52                              F03      F03        D     1E06       0
                text51                              F91      F91       16     1F22       0
                text50                              DEB      DEB        6     1BD6       0
                text49                              FA7      FA7       16     1F4E       0
                text48                              FBD      FBD       16     1F7A       0
                text47                              FD3      FD3       16     1FA6       0
                text46                              7BA      7BA       1D        8       0
                text45                              DF1      DF1        6     1BE2       0
                text44                              DF7      DF7        6     1BEE       0
                text43                              D8B      D8B        3     1B16       0
                text42                              D5F      D5F        1     1ABE       0
                text41                              DBC      DBC        4     1B78       0
                text40                              D8E      D8E        3     1B1C       0
                text39                              DFD      DFD        6     1BFA       0
                text38                              F10      F10        D     1E20       0
                text37                              D91      D91        3     1B22       0
                text36                              5DF      5DF       2E        8       0
                text35                              E9A      E9A        B     1D34       0
                text34                              E69      E69        9     1CD2       0
                text33                              E31      E31        8     1C62       0
                text32                              E39      E39        8     1C72       0
                text31                              E41      E41        8     1C82       0
                text30                              E49      E49        8     1C92       0
                text29                              EEA      EEA        C     1DD4       0
                text28                              EA5      EA5        B     1D4A       0
                text27                              E7C      E7C        A     1CF8       0
                text26                              E51      E51        8     1CA2       0
                text25                              E59      E59        8     1CB2       0
                text24                              E61      E61        8     1CC2       0
                text23                              60D      60D       2A        8       0
                text22                              356      356       50        8       0
                text21                              484      484       46        8       0
                text20                              686      686       26        8       0
                text19                              EB0      EB0        B     1D60       0
                text18                              EBB      EBB        B     1D76       0
                text17                              E86      E86        A     1D0C       0
                text16                              6D1      6D1       24        8       0
                text15                              DC0      DC0        4     1B80       0
                text14                              E90      E90        A     1D20       0
                text13                              E03      E03        6     1C06       0
                text12                              E09      E09        6     1C12       0
                text11                              3A6      3A6       4E        8       0
                text10                              F1D      F1D        D     1E3A       0
                text9                               660      660       26        8       0
                text8                               259      259       5A        8       0
                text7                               305      305       51        8       0
                text6                               1FB      1FB       5E        8       0
                text5                               43E      43E       46        8       0
                text4                               5AF      5AF       30        8       0
                text3                               508      508       3C        8       0
                text2                               77C      77C       1F        8       0
                text1                               111      111       81        8       0
                maintext                            192      192       69        8       0
                cstackBANK0                          20       20       27       20       1
                cstackCOMMON                         70       70        E       70       1
                clrtext                             E0F      E0F        6     1C1E       0
                inittext                            E15      E15        6     1C2A       0
                dataBANK2                           120      120       20      120       1
                bssBANK1                             A0       A0       3E       A0       1
                dataBANK0                            60       60        5       20       1
                bssBANK0                             47       47       19       20       1
                nvBANK0                              65       65        2       20       1
                idataBANK2                          73C      73C       20        8       0
                idataBANK0                          DCE      DCE        5     1B9C       0

TOTAL           Name                               Link     Load   Length     Space
        CLASS   STACK          

        CLASS   CODE           
                end_init                             2E       2E        2         0
                cinit                                30       30       2B         0
                intentry                              4        4       2A         0
                reset_vec                             0        0        2         0
                text116                             EC6      EC6        C         0
                text115                             D5D      D5D        1         0
                text114                             EF6      EF6        D         0
                text113                             DD3      DD3        6         0
                text112                             D64      D64        3         0
                text111                             D67      D67        3         0
                text110                             D94      D94        4         0
                text109                             D6A      D6A        3         0
                text108                             D6D      D6D        3         0
                text107                             7F2      7F2        E         0
                text106                             6F5      6F5       24         0
                text105                             ED2      ED2        C         0
                text104                             F2A      F2A       10         0
                text103                             F3A      F3A       10         0
                text102                             F4A      F4A       10         0
                text101                             F5A      F5A       10         0
                text100                             FE9      FE9       17         0
                text99                              D60      D60        2         0
                text98                              D62      D62        2         0
                text97                                2        2        2         0
                text96                              D70      D70        3         0
                text95                              D5E      D5E        1         0
                text94                              D98      D98        4         0
                text93                              D73      D73        3         0
                text92                              DC4      DC4        5         0
                text91                              EDE      EDE        C         0
                text90                              D76      D76        3         0
                text89                              637      637       29         0
                text88                              E1B      E1B        7         0
                text87                              DC9      DC9        5         0
                text86                              D9C      D9C        4         0
                text85                              DA0      DA0        4         0
                text84                              DA4      DA4        4         0
                text83                              DA8      DA8        4         0
                text82                              E29      E29        8         0
                text81                              E22      E22        7         0
                text80                              DD9      DD9        6         0
                text79                              DAC      DAC        4         0
                text78                              DB0      DB0        4         0
                text77                              DB4      DB4        4         0
                text76                              719      719       23         0
                text75                              3F4      3F4       4A         0
                text74                              4CA      4CA       3E         0
                text73                              D79      D79        3         0
                text72                              75C      75C       20         0
                text70                              E72      E72        A         0
                text69                              DDF      DDF        6         0
                text68                              57B      57B       34         0
                text67                              DE5      DE5        6         0
                text66                               5B       5B       B6         0
                text65                              544      544       37         0
                text64                              79B      79B       1F         0
                text63                              F6A      F6A       12         0
                text62                              2B3      2B3       52         0
                text61                              D7C      D7C        3         0
                text60                              D7F      D7F        3         0
                text59                              7D7      7D7       1B         0
                text58                              D82      D82        3         0
                text57                              DB8      DB8        4         0
                text56                              D85      D85        3         0
                text55                              D88      D88        3         0
                text54                              F7C      F7C       15         0
                text53                              6AC      6AC       25         0
                text52                              F03      F03        D         0
                text51                              F91      F91       16         0
                text50                              DEB      DEB        6         0
                text49                              FA7      FA7       16         0
                text48                              FBD      FBD       16         0
                text47                              FD3      FD3       16         0
                text46                              7BA      7BA       1D         0
                text45                              DF1      DF1        6         0
                text44                              DF7      DF7        6         0
                text43                              D8B      D8B        3         0
                text42                              D5F      D5F        1         0
                text41                              DBC      DBC        4         0
                text40                              D8E      D8E        3         0
                text39                              DFD      DFD        6         0
                text38                              F10      F10        D         0
                text37                              D91      D91        3         0
                text36                              5DF      5DF       2E         0
                text35                              E9A      E9A        B         0
                text34                              E69      E69        9         0
                text33                              E31      E31        8         0
                text32                              E39      E39        8         0
                text31                              E41      E41        8         0
                text30                              E49      E49        8         0
                text29                              EEA      EEA        C         0
                text28                              EA5      EA5        B         0
                text27                              E7C      E7C        A         0
                text26                              E51      E51        8         0
                text25                              E59      E59        8         0
                text24                              E61      E61        8         0
                text23                              60D      60D       2A         0
                text22                              356      356       50         0
                text21                              484      484       46         0
                text20                              686      686       26         0
                text19                              EB0      EB0        B         0
                text18                              EBB      EBB        B         0
                text17                              E86      E86        A         0
                text16                              6D1      6D1       24         0
                text15                              DC0      DC0        4         0
                text14                              E90      E90        A         0
                text13                              E03      E03        6         0
                text12                              E09      E09        6         0
                text11                              3A6      3A6       4E         0
                text10                              F1D      F1D        D         0
                text9                               660      660       26         0
                text8                               259      259       5A         0
                text7                               305      305       51         0
                text6                               1FB      1FB       5E         0
                text5                               43E      43E       46         0
                text4                               5AF      5AF       30         0
                text3                               508      508       3C         0
                text2                               77C      77C       1F         0
                text1                               111      111       81         0
                maintext                            192      192       69         0
                clrtext                             E0F      E0F        6         0
                inittext                            E15      E15        6         0
                idataBANK2                          73C      73C       20         0
                idataBANK0                          DCE      DCE        5         0

        CLASS   STRCODE        

        CLASS   STRING         

        CLASS   CONST          

        CLASS   ENTRY          

        CLASS   COMMON         
                cstackCOMMON                         70       70        E         1

        CLASS   BANK0          
                cstackBANK0                          20       20       27         1
                dataBANK0                            60       60        5         1
                bssBANK0                             47       47       19         1
                nvBANK0                              65       65        2         1

        CLASS   BANK1          
                bssBANK1                             A0       A0       3E         1

        CLASS   BANK2          
                dataBANK2                           120      120       20         1

        CLASS   BANK3          

        CLASS   BANK4          

        CLASS   BANK5          

        CLASS   BANK6          

        CLASS   BANK7          

        CLASS   BANK8          

        CLASS   BANK9          

        CLASS   BANK10         

        CLASS   BANK11         

        CLASS   BANK12         

        CLASS   BIGRAM         

        CLASS   RAM            

        CLASS   ABS1           
                abs_s1                               7E       7E        2         1

        CLASS   SFR0           

        CLASS   SFR1           

        CLASS   SFR2           

        CLASS   SFR3           

        CLASS   SFR4           

        CLASS   SFR5           

        CLASS   SFR6           

        CLASS   SFR7           

        CLASS   SFR8           

        CLASS   SFR9           

        CLASS   SFR10          

        CLASS   SFR11          

        CLASS   SFR12          

        CLASS   SFR13          

        CLASS   SFR14          

        CLASS   SFR15          

        CLASS   SFR16          

        CLASS   SFR17          

        CLASS   SFR18          

        CLASS   SFR19          

        CLASS   SFR20          

        CLASS   SFR21          

        CLASS   SFR22          

        CLASS   SFR23          

        CLASS   SFR24          

        CLASS   SFR25          

        CLASS   SFR26          

        CLASS   SFR27          

        CLASS   SFR28          

        CLASS   SFR29          

        CLASS   SFR30          

        CLASS   SFR31          

        CLASS   CONFIG         
                config                             8007     8007        3         0

        CLASS   IDLOC          

        CLASS   BANK31         

        CLASS   BANK30         

        CLASS   BANK29         

        CLASS   BANK28         

        CLASS   BANK27         

        CLASS   BANK26         

        CLASS   BANK25         

        CLASS   BANK24         

        CLASS   BANK23         

        CLASS   BANK22         

        CLASS   BANK21         

        CLASS   BANK20         

        CLASS   BANK19         

        CLASS   BANK18         

        CLASS   BANK17         

        CLASS   BANK16         

        CLASS   BANK15         

        CLASS   BANK14         

        CLASS   BANK13         

        CLASS   EEDATA         



SEGMENTS        Name                           Load    Length   Top    Selector   Space  Class     Delta

                reset_vec                      000000  000004  000004         0       0  CODE        2
                intentry                       000004  0007FC  000800         8       0  CODE        2
                cstackBANK0                    000020  000047  000067        20       1  BANK0       1
                cstackCOMMON                   000070  00000E  00007E        70       1  COMMON      1
                bssBANK1                       0000A0  00003E  0000DE        A0       1  BANK1       1
                dataBANK2                      000120  000020  000140       120       1  BANK2       1
                text115                        000D5D  000001  000D5E      1ABA       0  CODE        2
                text95                         000D5E  000001  000D5F      1ABC       0  CODE        2
                text42                         000D5F  000001  000D60      1ABE       0  CODE        2
                text99                         000D60  000002  000D62      1AC0       0  CODE        2
                text98                         000D62  000002  000D64      1AC4       0  CODE        2
                text112                        000D64  000003  000D67      1AC8       0  CODE        2
                text111                        000D67  000003  000D6A      1ACE       0  CODE        2
                text109                        000D6A  000003  000D6D      1AD4       0  CODE        2
                text108                        000D6D  000003  000D70      1ADA       0  CODE        2
                text96                         000D70  000003  000D73      1AE0       0  CODE        2
                text93                         000D73  000003  000D76      1AE6       0  CODE        2
                text90                         000D76  000003  000D79      1AEC       0  CODE        2
                text73                         000D79  000003  000D7C      1AF2       0  CODE        2
                text61                         000D7C  000003  000D7F      1AF8       0  CODE        2
                text60                         000D7F  000003  000D82      1AFE       0  CODE        2
                text58                         000D82  000003  000D85      1B04       0  CODE        2
                text56                         000D85  000003  000D88      1B0A       0  CODE        2
                text55                         000D88  000003  000D8B      1B10       0  CODE        2
                text43                         000D8B  000003  000D8E      1B16       0  CODE        2
                text40                         000D8E  000003  000D91      1B1C       0  CODE        2
                text37                         000D91  000003  000D94      1B22       0  CODE        2
                text110                        000D94  000004  000D98      1B28       0  CODE        2
                text94                         000D98  000004  000D9C      1B30       0  CODE        2
                text86                         000D9C  000004  000DA0      1B38       0  CODE        2
                text85                         000DA0  000004  000DA4      1B40       0  CODE        2
                text84                         000DA4  000004  000DA8      1B48       0  CODE        2
                text83                         000DA8  000004  000DAC      1B50       0  CODE        2
                text79                         000DAC  000004  000DB0      1B58       0  CODE        2
                text78                         000DB0  000004  000DB4      1B60       0  CODE        2
                text77                         000DB4  000004  000DB8      1B68       0  CODE        2
                text57                         000DB8  000004  000DBC      1B70       0  CODE        2
                text41                         000DBC  000004  000DC0      1B78       0  CODE        2
                text15                         000DC0  000004  000DC4      1B80       0  CODE        2
                text92                         000DC4  000005  000DC9      1B88       0  CODE        2
                text87                         000DC9  000005  000DCE      1B92       0  CODE        2
                idataBANK0                     000DCE  000005  000DD3      1B9C       0  CODE        2
                text113                        000DD3  000006  000DD9      1BA6       0  CODE        2
                text80                         000DD9  000006  000DDF      1BB2       0  CODE        2
                text69                         000DDF  000006  000DE5      1BBE       0  CODE        2
                text67                         000DE5  000006  000DEB      1BCA       0  CODE        2
                text50                         000DEB  000006  000DF1      1BD6       0  CODE        2
                text45                         000DF1  000006  000DF7      1BE2       0  CODE        2
                text44                         000DF7  000006  000DFD      1BEE       0  CODE        2
                text39                         000DFD  000006  000E03      1BFA       0  CODE        2
                text13                         000E03  000006  000E09      1C06       0  CODE        2
                text12                         000E09  000006  000E0F      1C12       0  CODE        2
                clrtext                        000E0F  000006  000E15      1C1E       0  CODE        2
                inittext                       000E15  000006  000E1B      1C2A       0  CODE        2
                text88                         000E1B  000007  000E22      1C36       0  CODE        2
                text81                         000E22  000007  000E29      1C44       0  CODE        2
                text82                         000E29  000008  000E31      1C52       0  CODE        2
                text33                         000E31  000008  000E39      1C62       0  CODE        2
                text32                         000E39  000008  000E41      1C72       0  CODE        2
                text31                         000E41  000008  000E49      1C82       0  CODE        2
                text30                         000E49  000008  000E51      1C92       0  CODE        2
                text26                         000E51  000008  000E59      1CA2       0  CODE        2
                text25                         000E59  000008  000E61      1CB2       0  CODE        2
                text24                         000E61  000008  000E69      1CC2       0  CODE        2
                text34                         000E69  000009  000E72      1CD2       0  CODE        2
                text70                         000E72  00000A  000E7C      1CE4       0  CODE        2
                text27                         000E7C  00000A  000E86      1CF8       0  CODE        2
                text17                         000E86  00000A  000E90      1D0C       0  CODE        2
                text14                         000E90  00000A  000E9A      1D20       0  CODE        2
                text35                         000E9A  00000B  000EA5      1D34       0  CODE        2
                text28                         000EA5  00000B  000EB0      1D4A       0  CODE        2
                text19                         000EB0  00000B  000EBB      1D60       0  CODE        2
                text18                         000EBB  00000B  000EC6      1D76       0  CODE        2
                text116                        000EC6  00000C  000ED2      1D8C       0  CODE        2
                text105                        000ED2  00000C  000EDE      1DA4       0  CODE        2
                text91                         000EDE  00000C  000EEA      1DBC       0  CODE        2
                text29                         000EEA  00000C  000EF6      1DD4       0  CODE        2
                text114                        000EF6  00000D  000F03      1DEC       0  CODE        2
                text52                         000F03  00000D  000F10      1E06       0  CODE        2
                text38                         000F10  00000D  000F1D      1E20       0  CODE        2
                text10                         000F1D  00000D  000F2A      1E3A       0  CODE        2
                text104                        000F2A  000010  000F3A      1E54       0  CODE        2
                text103                        000F3A  000010  000F4A      1E74       0  CODE        2
                text102                        000F4A  000010  000F5A      1E94       0  CODE        2
                text101                        000F5A  000010  000F6A      1EB4       0  CODE        2
                text63                         000F6A  000012  000F7C      1ED4       0  CODE        2
                text54                         000F7C  000015  000F91      1EF8       0  CODE        2
                text51                         000F91  000016  000FA7      1F22       0  CODE        2
                text49                         000FA7  000016  000FBD      1F4E       0  CODE        2
                text48                         000FBD  000016  000FD3      1F7A       0  CODE        2
                text47                         000FD3  000016  000FE9      1FA6       0  CODE        2
                text100                        000FE9  000017  001000      1FD2       0  CODE        2
                config                         008007  000003  00800A     1000E       0  CONFIG      2


UNUSED ADDRESS RANGES

        Name                Unused          Largest block    Delta
        BANK0            00067-0006F               9           1
        BANK1            000DE-000EF              12           1
        BANK10           00520-0056F              50           1
        BANK11           005A0-005EF              50           1
        BANK12           00620-0064F              30           1
        BANK2            00140-0016F              30           1
        BANK3            001A0-001EF              50           1
        BANK4            00220-0026F              50           1
        BANK5            002A0-002EF              50           1
        BANK6            00320-0036F              50           1
        BANK7            003A0-003EF              50           1
        BANK8            00420-0046F              50           1
        BANK9            004A0-004EF              50           1
        BIGRAM           02000-023EF             3F0           1
        CODE             00800-00D5C             55D           2
                         01000-01FFF             800
        CONST            00800-00D5C             100           2
                         01000-01FFF             100
        ENTRY            00800-00D5C             100           2
                         01000-01FFF             100
        IDLOC            08000-08003               4           2
        RAM              00067-0006F               9           1
                         000DE-000EF              12
                         00140-0016F              30
                         001A0-001EF              50
                         00220-0026F              50
                         002A0-002EF              50
                         00320-0036F              50
                         003A0-003EF              50
                         00420-0046F              50
                         004A0-004EF              50
                         00520-0056F              50
                         005A0-005EF              50
                         00620-0064F              30
        SFR0             00000-0001F              20           1
        SFR1             00080-0009F              20           1
        SFR10            00500-0051F              20           1
        SFR11            00580-0059F              20           1
        SFR12            00600-0061F              20           1
        SFR13            00680-006EF              70           1
        SFR14            00700-0076F              70           1
        SFR15            00780-007EF              70           1
        SFR16            00800-0086F              70           1
        SFR17            00880-008EF              70           1
        SFR18            00900-0096F              70           1
        SFR19            00980-009EF              70           1
        SFR2             00100-0011F              20           1
        SFR20            00A00-00A6F              70           1
        SFR21            00A80-00AEF              70           1
        SFR22            00B00-00B6F              70           1
        SFR23            00B80-00BEF              70           1
        SFR24            00C00-00C6F              70           1
        SFR25            00C80-00CEF              70           1
        SFR26            00D00-00D6F              70           1
        SFR27            00D80-00DEF              70           1
        SFR28            00E00-00E6F              70           1
        SFR29            00E80-00EEF              70           1
        SFR3             00180-0019F              20           1
        SFR30            00F00-00F6F              70           1
        SFR31            00F80-00FEF              70           1
        SFR4             00200-0021F              20           1
        SFR5             00280-0029F              20           1
        SFR6             00300-0031F              20           1
        SFR7             00380-0039F              20           1
        SFR8             00400-0041F              20           1
        SFR9             00480-0049F              20           1
        STACK            020C0-023EF             330           1
        STRCODE          00800-00D5C             55D           2
                         01000-01FFF            1000
        STRING           00800-00D5C             100           2
                         01000-01FFF             100

                                  Symbol Table

?___awdiv                                   cstackBANK0  00021
?___awmod                                   cstackBANK0  00034
?___lmul                                    cstackBANK0  00021
?_rand                                      cstackBANK0  0002D
IOCCF4_SetInterruptHandler@InterruptHandler cstackBANK0  00021
_ANSELA                                     (abs)        0018C
_ANSELB                                     (abs)        0018D
_ANSELC                                     (abs)        0018E
_BORCON                                     (abs)        00116
_INTCONbits                                 (abs)        0000B
_INTERRUPT_InterruptManager                 intentry     00004
_IOCCF4_DefaultInterruptHandler             text115      00D5D
_IOCCF4_ISR                                 text114      00EF6
_IOCCF4_InterruptHandler                    nvBANK0      00065
_IOCCF4_SetInterruptHandler                 text69       00DDF
_IOCCFbits                                  (abs)        00399
_IOCCNbits                                  (abs)        00398
_IOCCPbits                                  (abs)        00397
_LATA                                       (abs)        0010C
_LATB                                       (abs)        0010D
_LATC                                       (abs)        0010E
_ODCONA                                     (abs)        0028C
_ODCONB                                     (abs)        0028D
_ODCONC                                     (abs)        0028E
_OPTION_REGbits                             (abs)        00095
_OSCCON                                     (abs)        00099
_OSCILLATOR_Initialize                      text70       00E72
_OSCTUNE                                    (abs)        00098
_PIE1bits                                   (abs)        00090
_PIE2bits                                   (abs)        00091
_PIN_MANAGER_IOC                            text113      00DD3
_PIN_MANAGER_Initialize                     text68       0057B
_PIR1bits                                   (abs)        00010
_PIR2bits                                   (abs)        00011
_PLLR                                       (abs)        004D6
_RB4PPS                                     (abs)        00E9C
_RB6PPS                                     (abs)        00E9E
_SSP1ADD                                    (abs)        00212
_SSP1BUF                                    (abs)        00211
_SSP1CON1                                   (abs)        00215
_SSP1CON1bits                               (abs)        00215
_SSP1CON2                                   (abs)        00216
_SSP1CON2bits                               (abs)        00216
_SSP1MSK                                    (abs)        00213
_SSP1STAT                                   (abs)        00214
_SSP1STATbits                               (abs)        00214
_SSPCLKPPS                                  (abs)        00E20
_SSPDATPPS                                  (abs)        00E21
_SYSTEM_Initialize                          text67       00DE5
_TRISA                                      (abs)        0008C
_TRISB                                      (abs)        0008D
_TRISC                                      (abs)        0008E
_WPUA                                       (abs)        0020C
_WPUB                                       (abs)        0020D
_WPUC                                       (abs)        0020E
__CFG_BOREN$ON                              (abs)        00000
__CFG_BORV$LO                               (abs)        00000
__CFG_CLKOUTEN$OFF                          (abs)        00000
__CFG_CP$OFF                                (abs)        00000
__CFG_FCMEN$ON                              (abs)        00000
__CFG_FOSC$INTOSC                           (abs)        00000
__CFG_IESO$ON                               (abs)        00000
__CFG_LPBOR$OFF                             (abs)        00000
__CFG_LVP$ON                                (abs)        00000
__CFG_MCLRE$ON                              (abs)        00000
__CFG_PLLEN$ON                              (abs)        00000
__CFG_PPS1WAY$ON                            (abs)        00000
__CFG_PWRTE$OFF                             (abs)        00000
__CFG_STVREN$ON                             (abs)        00000
__CFG_WDTCCS$SWC                            (abs)        00000
__CFG_WDTCPS$WDTCPS1F                       (abs)        00000
__CFG_WDTCWS$WDTCWSSW                       (abs)        00000
__CFG_WDTE$OFF                              (abs)        00000
__CFG_WRT$OFF                               (abs)        00000
__CFG_ZCD$OFF                               (abs)        00000
__Habs1                                     abs1         00000
__Hbank0                                    bank0        00000
__Hbank1                                    bank1        00000
__Hbank10                                   bank10       00000
__Hbank11                                   bank11       00000
__Hbank12                                   bank12       00000
__Hbank13                                   bank13       00000
__Hbank14                                   bank14       00000
__Hbank15                                   bank15       00000
__Hbank16                                   bank16       00000
__Hbank17                                   bank17       00000
__Hbank18                                   bank18       00000
__Hbank19                                   bank19       00000
__Hbank2                                    bank2        00000
__Hbank20                                   bank20       00000
__Hbank21                                   bank21       00000
__Hbank22                                   bank22       00000
__Hbank23                                   bank23       00000
__Hbank24                                   bank24       00000
__Hbank25                                   bank25       00000
__Hbank26                                   bank26       00000
__Hbank27                                   bank27       00000
__Hbank28                                   bank28       00000
__Hbank29                                   bank29       00000
__Hbank3                                    bank3        00000
__Hbank30                                   bank30       00000
__Hbank31                                   bank31       00000
__Hbank4                                    bank4        00000
__Hbank5                                    bank5        00000
__Hbank6                                    bank6        00000
__Hbank7                                    bank7        00000
__Hbank8                                    bank8        00000
__Hbank9                                    bank9        00000
__Hbigram                                   bigram       00000
__HbssBANK0                                 bssBANK0     00000
__HbssBANK1                                 bssBANK1     00000
__Hcinit                                    cinit        0005B
__Hclrtext                                  clrtext      00000
__Hcode                                     code         00000
__Hcommon                                   common       00000
__Hconfig                                   config       0800A
__HcstackBANK0                              cstackBANK0  00000
__HcstackCOMMON                             cstackCOMMON 00000
__HdataBANK0                                dataBANK0    00000
__HdataBANK2                                dataBANK2    00000
__Heeprom_data                              eeprom_data  00000
__Hend_init                                 end_init     00030
__Hfunctab                                  functab      00000
__HidataBANK0                               idataBANK0   00000
__HidataBANK2                               idataBANK2   00000
__Hidloc                                    idloc        00000
__Hinit                                     init         0002E
__Hinittext                                 inittext     00000
__Hintentry                                 intentry     0002E
__Hmaintext                                 maintext     00000
__HnvBANK0                                  nvBANK0      00000
__Hpowerup                                  powerup      00000
__Hram                                      ram          00000
__Hreset_vec                                reset_vec    00002
__Hsfr0                                     sfr0         00000
__Hsfr1                                     sfr1         00000
__Hsfr10                                    sfr10        00000
__Hsfr11                                    sfr11        00000
__Hsfr12                                    sfr12        00000
__Hsfr13                                    sfr13        00000
__Hsfr14                                    sfr14        00000
__Hsfr15                                    sfr15        00000
__Hsfr16                                    sfr16        00000
__Hsfr17                                    sfr17        00000
__Hsfr18                                    sfr18        00000
__Hsfr19                                    sfr19        00000
__Hsfr2                                     sfr2         00000
__Hsfr20                                    sfr20        00000
__Hsfr21                                    sfr21        00000
__Hsfr22                                    sfr22        00000
__Hsfr23                                    sfr23        00000
__Hsfr24                                    sfr24        00000
__Hsfr25                                    sfr25        00000
__Hsfr26                                    sfr26        00000
__Hsfr27                                    sfr27        00000
__Hsfr28                                    sfr28        00000
__Hsfr29                                    sfr29        00000
__Hsfr3                                     sfr3         00000
__Hsfr30                                    sfr30        00000
__Hsfr31                                    sfr31        00000
__Hsfr4                                     sfr4         00000
__Hsfr5                                     sfr5         00000
__Hsfr6                                     sfr6         00000
__Hsfr7                                     sfr7         00000
__Hsfr8                                     sfr8         00000
__Hsfr9                                     sfr9         00000
__Hspace_0                                  (abs)        0800A
__Hspace_1                                  (abs)        00140
__Hspace_2                                  (abs)        00000
__Hspace_3                                  (abs)        00000
__Hstack                                    stack        00000
__Hstrings                                  strings      00000
__Htext                                     text         00000
__Labs1                                     abs1         00000
__Lbank0                                    bank0        00000
__Lbank1                                    bank1        00000
__Lbank10                                   bank10       00000
__Lbank11                                   bank11       00000
__Lbank12                                   bank12       00000
__Lbank13                                   bank13       00000
__Lbank14                                   bank14       00000
__Lbank15                                   bank15       00000
__Lbank16                                   bank16       00000
__Lbank17                                   bank17       00000
__Lbank18                                   bank18       00000
__Lbank19                                   bank19       00000
__Lbank2                                    bank2        00000
__Lbank20                                   bank20       00000
__Lbank21                                   bank21       00000
__Lbank22                                   bank22       00000
__Lbank23                                   bank23       00000
__Lbank24                                   bank24       00000
__Lbank25                                   bank25       00000
__Lbank26                                   bank26       00000
__Lbank27                                   bank27       00000
__Lbank28                                   bank28       00000
__Lbank29                                   bank29       00000
__Lbank3                                    bank3        00000
__Lbank30                                   bank30       00000
__Lbank31                                   bank31       00000
__Lbank4                                    bank4        00000
__Lbank5                                    bank5        00000
__Lbank6                                    bank6        00000
__Lbank7                                    bank7        00000
__Lbank8                                    bank8        00000
__Lbank9                                    bank9        00000
__Lbigram                                   bigram       00000
__LbssBANK0                                 bssBANK0     00000
__LbssBANK1                                 bssBANK1     00000
__Lcinit                                    cinit        00030
__Lclrtext                                  clrtext      00000
__Lcode                                     code         00000
__Lcommon                                   common       00000
__Lconfig                                   config       08007
__LcstackBANK0                              cstackBANK0  00000
__LcstackCOMMON                             cstackCOMMON 00000
__LdataBANK0                                dataBANK0    00000
__LdataBANK2                                dataBANK2    00000
__Leeprom_data                              eeprom_data  00000
__Lend_init                                 end_init     0002E
__Lfunctab                                  functab      00000
__LidataBANK0                               idataBANK0   00000
__LidataBANK2                               idataBANK2   00000
__Lidloc                                    idloc        00000
__Linit                                     init         0002E
__Linittext                                 inittext     00000
__Lintentry                                 intentry     00004
__Lmaintext                                 maintext     00000
__LnvBANK0                                  nvBANK0      00000
__Lpowerup                                  powerup      00000
__Lram                                      ram          00000
__Lreset_vec                                reset_vec    00000
__Lsfr0                                     sfr0         00000
__Lsfr1                                     sfr1         00000
__Lsfr10                                    sfr10        00000
__Lsfr11                                    sfr11        00000
__Lsfr12                                    sfr12        00000
__Lsfr13                                    sfr13        00000
__Lsfr14                                    sfr14        00000
__Lsfr15                                    sfr15        00000
__Lsfr16                                    sfr16        00000
__Lsfr17                                    sfr17        00000
__Lsfr18                                    sfr18        00000
__Lsfr19                                    sfr19        00000
__Lsfr2                                     sfr2         00000
__Lsfr20                                    sfr20        00000
__Lsfr21                                    sfr21        00000
__Lsfr22                                    sfr22        00000
__Lsfr23                                    sfr23        00000
__Lsfr24                                    sfr24        00000
__Lsfr25                                    sfr25        00000
__Lsfr26                                    sfr26        00000
__Lsfr27                                    sfr27        00000
__Lsfr28                                    sfr28        00000
__Lsfr29                                    sfr29        00000
__Lsfr3                                     sfr3         00000
__Lsfr30                                    sfr30        00000
__Lsfr31                                    sfr31        00000
__Lsfr4                                     sfr4         00000
__Lsfr5                                     sfr5         00000
__Lsfr6                                     sfr6         00000
__Lsfr7                                     sfr7         00000
__Lsfr8                                     sfr8         00000
__Lsfr9                                     sfr9         00000
__Lspace_0                                  (abs)        00000
__Lspace_1                                  (abs)        00000
__Lspace_2                                  (abs)        00000
__Lspace_3                                  (abs)        00000
__Lstack                                    stack        00000
__Lstrings                                  strings      00000
__Ltext                                     text         00000
__S0                                        (abs)        0800A
__S1                                        (abs)        00140
__S2                                        (abs)        00000
___awdiv                                    text62       002B3
___awdiv@counter                            cstackBANK0  00026
___awdiv@dividend                           cstackBANK0  00023
___awdiv@divisor                            cstackBANK0  00021
___awdiv@quotient                           cstackBANK0  00028
___awdiv@sign                               cstackBANK0  00027
___awmod                                    text5        0043E
___awmod@counter                            cstackBANK0  00039
___awmod@dividend                           cstackBANK0  00036
___awmod@divisor                            cstackBANK0  00034
___awmod@sign                               cstackBANK0  0003A
___int_sp                                   stack        00000
___latbits                                  (abs)        00002
___lmul                                     text4        005AF
___lmul@multiplicand                        cstackBANK0  00025
___lmul@multiplier                          cstackBANK0  00021
___lmul@product                             cstackBANK0  00029
___sp                                       stack        00000
__end_of_INTERRUPT_InterruptManager         intentry     0002E
__end_of_IOCCF4_DefaultInterruptHandler     text115      00D5E
__end_of_IOCCF4_ISR                         text114      00F03
__end_of_IOCCF4_SetInterruptHandler         text69       00DE5
__end_of_OSCILLATOR_Initialize              text70       00E7C
__end_of_PIN_MANAGER_IOC                    text113      00DD9
__end_of_PIN_MANAGER_Initialize             text68       005AF
__end_of_SYSTEM_Initialize                  text67       00DEB
__end_of___awdiv                            text62       00305
__end_of___awmod                            text5        00484
__end_of___lmul                             text4        005DF
__end_of__initialization                    cinit        00057
__end_of_buttonInterrupt                    text116      00ED2
__end_of_clearPixels                        text63       00F7C
__end_of_do_I2C_DO_ACK                      text26       00E59
__end_of_do_I2C_DO_ADDRESS_NACK             text23       00637
__end_of_do_I2C_DO_NACK_RESTART             text24       00E69
__end_of_do_I2C_DO_NACK_STOP                text25       00E61
__end_of_do_I2C_IDLE                        text34       00E72
__end_of_do_I2C_RCEN                        text27       00E86
__end_of_do_I2C_RESET                       text35       00EA5
__end_of_do_I2C_RX                          text21       004CA
__end_of_do_I2C_SEND_ADR_READ               text29       00EF6
__end_of_do_I2C_SEND_ADR_WRITE              text28       00EB0
__end_of_do_I2C_SEND_RESTART                text31       00E49
__end_of_do_I2C_SEND_RESTART_READ           text33       00E39
__end_of_do_I2C_SEND_RESTART_WRITE          text32       00E41
__end_of_do_I2C_SEND_STOP                   text30       00E51
__end_of_do_I2C_TX                          text22       003A6
__end_of_do_I2C_TX_EMPTY                    text36       0060D
__end_of_drawPixel                          text66       00111
__end_of_drawWalls                          text64       007BA
__end_of_endGame                            text7        00356
__end_of_i2c_ISR                            text20       006AC
__end_of_i2c_busCollisionISR                text111      00D6A
__end_of_i2c_close                          text59       007F2
__end_of_i2c_driver_TXData                  text39       00E03
__end_of_i2c_driver_clearBusCollision       text112      00D67
__end_of_i2c_driver_getRXData               text40       00D91
__end_of_i2c_driver_isNACK                  text38       00F1D
__end_of_i2c_driver_open                    text14       00E9A
__end_of_i2c_driver_resetBus                text42       00D60
__end_of_i2c_driver_restart                 text56       00D88
__end_of_i2c_driver_sendACK                 text57       00DBC
__end_of_i2c_driver_sendNACK                text41       00DC0
__end_of_i2c_driver_setBusCollisionISR      text13       00E09
__end_of_i2c_driver_setI2cISR               text12       00E0F
__end_of_i2c_driver_start                   text58       00D85
__end_of_i2c_driver_startRX                 text43       00D8E
__end_of_i2c_driver_stop                    text55       00D8B
__end_of_i2c_masterOperation                text16       006F5
__end_of_i2c_masterWrite                    text15       00DC4
__end_of_i2c_open                           text11       003F4
__end_of_i2c_poller                         text18       00EC6
__end_of_i2c_restartWrite                   text50       00DF1
__end_of_i2c_setAddressNACKCallback         text10       00F2A
__end_of_i2c_setBuffer                      text54       00F91
__end_of_i2c_setDataCompleteCallback        text52       00F10
__end_of_i2c_writeNBytes                    text9        00686
__end_of_initializeDisplay                  text6        00259
__end_of_main                               maintext     001FB
__end_of_mssp_IRQisEnabled                  text17       00E90
__end_of_mssp_clearIRQ                      text61       00D7F
__end_of_mssp_disableIRQ                    text60       00D82
__end_of_mssp_setIRQ                        text37       00D94
__end_of_mssp_waitForEvent                  text19       00EBB
__end_of_rand                               text3        00544
__end_of_random                             text2        0079B
__end_of_rd1RegCompleteHandler              text48       00FD3
__end_of_rd2RegCompleteHandler              text47       00FE9
__end_of_rdBlkRegCompleteHandler            text46       007D7
__end_of_returnReset                        text44       00DFD
__end_of_returnStop                         text45       00DF7
__end_of_reverse                            text65       0057B
__end_of_setCallBack                        text53       006D1
__end_of_shiftWalls                         text1        00192
__end_of_wr1RegCompleteHandler              text49       00FBD
__end_of_wr2RegCompleteHandler              text51       00FA7
__end_of_writeDisplay                       text8        002B3
__end_ofi1_do_I2C_DO_ACK                    text79       00DB0
__end_ofi1_do_I2C_DO_ADDRESS_NACK           text76       0073C
__end_ofi1_do_I2C_DO_NACK_RESTART           text77       00DB8
__end_ofi1_do_I2C_DO_NACK_STOP              text78       00DB4
__end_ofi1_do_I2C_IDLE                      text87       00DCE
__end_ofi1_do_I2C_RCEN                      text80       00DDF
__end_ofi1_do_I2C_RESET                     text88       00E22
__end_ofi1_do_I2C_RX                        text74       00508
__end_ofi1_do_I2C_SEND_ADR_READ             text82       00E31
__end_ofi1_do_I2C_SEND_ADR_WRITE            text81       00E29
__end_ofi1_do_I2C_SEND_RESTART              text84       00DA8
__end_ofi1_do_I2C_SEND_RESTART_READ         text86       00DA0
__end_ofi1_do_I2C_SEND_RESTART_WRITE        text85       00DA4
__end_ofi1_do_I2C_SEND_STOP                 text83       00DAC
__end_ofi1_do_I2C_TX                        text75       0043E
__end_ofi1_do_I2C_TX_EMPTY                  text89       00660
__end_ofi1_i2c_ISR                          text72       0077C
__end_ofi1_i2c_driver_TXData                text92       00DC9
__end_ofi1_i2c_driver_getRXData             text93       00D76
__end_ofi1_i2c_driver_isNACK                text91       00EEA
__end_ofi1_i2c_driver_resetBus              text95       00D5F
__end_ofi1_i2c_driver_restart               text109      00D6D
__end_ofi1_i2c_driver_sendACK               text110      00D98
__end_ofi1_i2c_driver_sendNACK              text94       00D9C
__end_ofi1_i2c_driver_startRX               text96       00D73
__end_ofi1_i2c_driver_stop                  text108      00D70
__end_ofi1_i2c_restartWrite                 text97       00004
__end_ofi1_i2c_setBuffer                    text107      00800
__end_ofi1_i2c_setDataCompleteCallback      text105      00EDE
__end_ofi1_mssp_clearIRQ                    text73       00D7C
__end_ofi1_mssp_setIRQ                      text90       00D79
__end_ofi1_rd1RegCompleteHandler            text102      00F5A
__end_ofi1_rd2RegCompleteHandler            text101      00F6A
__end_ofi1_rdBlkRegCompleteHandler          text100      01000
__end_ofi1_returnReset                      text98       00D64
__end_ofi1_returnStop                       text99       00D62
__end_ofi1_setCallBack                      text106      00719
__end_ofi1_wr1RegCompleteHandler            text103      00F4A
__end_ofi1_wr2RegCompleteHandler            text104      00F3A
__initialization                            cinit        00030
__pbssBANK0                                 bssBANK0     00047
__pbssBANK1                                 bssBANK1     000A0
__pcstackBANK0                              cstackBANK0  00020
__pcstackCOMMON                             cstackCOMMON 00070
__pdataBANK0                                dataBANK0    00060
__pdataBANK2                                dataBANK2    00120
__pidataBANK0                               idataBANK0   00DCE
__pidataBANK2                               idataBANK2   0073C
__pintentry                                 intentry     00004
__pmaintext                                 maintext     00192
__pnvBANK0                                  nvBANK0      00065
__ptext1                                    text1        00111
__ptext10                                   text10       00F1D
__ptext100                                  text100      00FE9
__ptext101                                  text101      00F5A
__ptext102                                  text102      00F4A
__ptext103                                  text103      00F3A
__ptext104                                  text104      00F2A
__ptext105                                  text105      00ED2
__ptext106                                  text106      006F5
__ptext107                                  text107      007F2
__ptext108                                  text108      00D6D
__ptext109                                  text109      00D6A
__ptext11                                   text11       003A6
__ptext110                                  text110      00D94
__ptext111                                  text111      00D67
__ptext112                                  text112      00D64
__ptext113                                  text113      00DD3
__ptext114                                  text114      00EF6
__ptext115                                  text115      00D5D
__ptext116                                  text116      00EC6
__ptext12                                   text12       00E09
__ptext13                                   text13       00E03
__ptext14                                   text14       00E90
__ptext15                                   text15       00DC0
__ptext16                                   text16       006D1
__ptext17                                   text17       00E86
__ptext18                                   text18       00EBB
__ptext19                                   text19       00EB0
__ptext2                                    text2        0077C
__ptext20                                   text20       00686
__ptext21                                   text21       00484
__ptext22                                   text22       00356
__ptext23                                   text23       0060D
__ptext24                                   text24       00E61
__ptext25                                   text25       00E59
__ptext26                                   text26       00E51
__ptext27                                   text27       00E7C
__ptext28                                   text28       00EA5
__ptext29                                   text29       00EEA
__ptext3                                    text3        00508
__ptext30                                   text30       00E49
__ptext31                                   text31       00E41
__ptext32                                   text32       00E39
__ptext33                                   text33       00E31
__ptext34                                   text34       00E69
__ptext35                                   text35       00E9A
__ptext36                                   text36       005DF
__ptext37                                   text37       00D91
__ptext38                                   text38       00F10
__ptext39                                   text39       00DFD
__ptext4                                    text4        005AF
__ptext40                                   text40       00D8E
__ptext41                                   text41       00DBC
__ptext42                                   text42       00D5F
__ptext43                                   text43       00D8B
__ptext44                                   text44       00DF7
__ptext45                                   text45       00DF1
__ptext46                                   text46       007BA
__ptext47                                   text47       00FD3
__ptext48                                   text48       00FBD
__ptext49                                   text49       00FA7
__ptext5                                    text5        0043E
__ptext50                                   text50       00DEB
__ptext51                                   text51       00F91
__ptext52                                   text52       00F03
__ptext53                                   text53       006AC
__ptext54                                   text54       00F7C
__ptext55                                   text55       00D88
__ptext56                                   text56       00D85
__ptext57                                   text57       00DB8
__ptext58                                   text58       00D82
__ptext59                                   text59       007D7
__ptext6                                    text6        001FB
__ptext60                                   text60       00D7F
__ptext61                                   text61       00D7C
__ptext62                                   text62       002B3
__ptext63                                   text63       00F6A
__ptext64                                   text64       0079B
__ptext65                                   text65       00544
__ptext66                                   text66       0005B
__ptext67                                   text67       00DE5
__ptext68                                   text68       0057B
__ptext69                                   text69       00DDF
__ptext7                                    text7        00305
__ptext70                                   text70       00E72
__ptext72                                   text72       0075C
__ptext73                                   text73       00D79
__ptext74                                   text74       004CA
__ptext75                                   text75       003F4
__ptext76                                   text76       00719
__ptext77                                   text77       00DB4
__ptext78                                   text78       00DB0
__ptext79                                   text79       00DAC
__ptext8                                    text8        00259
__ptext80                                   text80       00DD9
__ptext81                                   text81       00E22
__ptext82                                   text82       00E29
__ptext83                                   text83       00DA8
__ptext84                                   text84       00DA4
__ptext85                                   text85       00DA0
__ptext86                                   text86       00D9C
__ptext87                                   text87       00DC9
__ptext88                                   text88       00E1B
__ptext89                                   text89       00637
__ptext9                                    text9        00660
__ptext90                                   text90       00D76
__ptext91                                   text91       00EDE
__ptext92                                   text92       00DC4
__ptext93                                   text93       00D73
__ptext94                                   text94       00D98
__ptext95                                   text95       00D5E
__ptext96                                   text96       00D70
__ptext97                                   text97       00002
__ptext98                                   text98       00D62
__ptext99                                   text99       00D60
__size_of_INTERRUPT_InterruptManager        (abs)        00000
__size_of_IOCCF4_DefaultInterruptHandler    (abs)        00000
__size_of_IOCCF4_ISR                        (abs)        00000
__size_of_IOCCF4_SetInterruptHandler        (abs)        00000
__size_of_OSCILLATOR_Initialize             (abs)        00000
__size_of_PIN_MANAGER_IOC                   (abs)        00000
__size_of_PIN_MANAGER_Initialize            (abs)        00000
__size_of_SYSTEM_Initialize                 (abs)        00000
__size_of___awdiv                           (abs)        00000
__size_of___awmod                           (abs)        00000
__size_of___lmul                            (abs)        00000
__size_of_buttonInterrupt                   (abs)        00000
__size_of_clearPixels                       (abs)        00000
__size_of_do_I2C_DO_ACK                     (abs)        00000
__size_of_do_I2C_DO_ADDRESS_NACK            (abs)        00000
__size_of_do_I2C_DO_NACK_RESTART            (abs)        00000
__size_of_do_I2C_DO_NACK_STOP               (abs)        00000
__size_of_do_I2C_IDLE                       (abs)        00000
__size_of_do_I2C_RCEN                       (abs)        00000
__size_of_do_I2C_RESET                      (abs)        00000
__size_of_do_I2C_RX                         (abs)        00000
__size_of_do_I2C_SEND_ADR_READ              (abs)        00000
__size_of_do_I2C_SEND_ADR_WRITE             (abs)        00000
__size_of_do_I2C_SEND_RESTART               (abs)        00000
__size_of_do_I2C_SEND_RESTART_READ          (abs)        00000
__size_of_do_I2C_SEND_RESTART_WRITE         (abs)        00000
__size_of_do_I2C_SEND_STOP                  (abs)        00000
__size_of_do_I2C_TX                         (abs)        00000
__size_of_do_I2C_TX_EMPTY                   (abs)        00000
__size_of_drawPixel                         (abs)        00000
__size_of_drawWalls                         (abs)        00000
__size_of_endGame                           (abs)        00000
__size_of_i2c_ISR                           (abs)        00000
__size_of_i2c_busCollisionISR               (abs)        00000
__size_of_i2c_close                         (abs)        00000
__size_of_i2c_driver_TXData                 (abs)        00000
__size_of_i2c_driver_clearBusCollision      (abs)        00000
__size_of_i2c_driver_getRXData              (abs)        00000
__size_of_i2c_driver_isNACK                 (abs)        00000
__size_of_i2c_driver_open                   (abs)        00000
__size_of_i2c_driver_resetBus               (abs)        00000
__size_of_i2c_driver_restart                (abs)        00000
__size_of_i2c_driver_sendACK                (abs)        00000
__size_of_i2c_driver_sendNACK               (abs)        00000
__size_of_i2c_driver_setBusCollisionISR     (abs)        00000
__size_of_i2c_driver_setI2cISR              (abs)        00000
__size_of_i2c_driver_start                  (abs)        00000
__size_of_i2c_driver_startRX                (abs)        00000
__size_of_i2c_driver_stop                   (abs)        00000
__size_of_i2c_masterOperation               (abs)        00000
__size_of_i2c_masterWrite                   (abs)        00000
__size_of_i2c_open                          (abs)        00000
__size_of_i2c_poller                        (abs)        00000
__size_of_i2c_restartWrite                  (abs)        00000
__size_of_i2c_setAddressNACKCallback        (abs)        00000
__size_of_i2c_setBuffer                     (abs)        00000
__size_of_i2c_setDataCompleteCallback       (abs)        00000
__size_of_i2c_writeNBytes                   (abs)        00000
[...]
		wreg
 Tracked objects:
		On entry : 
		On exit  : 
		Unchanged: 
 Data sizes:     COMMON   BANK0   BANK1   BANK2   BANK3   BANK4   BANK5   BANK6   BANK7   BANK8   BANK9  BANK10  BANK11  BANK12
      Params:         2       0       0       0       0       0       0       0       0       0       0       0       0       0
      Locals:         1       0       0       0       0       0       0       0       0       0       0       0       0       0
      Temps:          1       0       0       0       0       0       0       0       0       0       0       0       0       0
      Totals:         4       0       0       0       0       0       0       0       0       0       0       0       0       0
Total ram usage:        4 bytes
 Hardware stack levels used:    1
 This function calls:
		Nothing
 This function is called by:
		i1_wr1RegCompleteHandler
		i1_rd1RegCompleteHandler
		i1_rd2RegCompleteHandler
		i1_wr2RegCompleteHandler
		i1_rdBlkRegCompleteHandler
 This function uses a non-reentrant model


 *************** function i1_i2c_driver_stop *****************
 Defined at:
		line 156 in file "mcc_generated_files/i2c_driver.c"
 Parameters:    Size  Location     Type
		None
 Auto vars:     Size  Location     Type
		None
 Return value:  Size  Location     Type
                  1    wreg      void 
 Registers used:
		None
 Tracked objects:
		On entry : 
		On exit  : 
		Unchanged: 
 Data sizes:     COMMON   BANK0   BANK1   BANK2   BANK3   BANK4   BANK5   BANK6   BANK7   BANK8   BANK9  BANK10  BANK11  BANK12
      Params:         0       0       0       0       0       0       0       0       0       0       0       0       0       0
      Locals:         0       0       0       0       0       0       0       0       0       0       0       0       0       0
      Temps:          0       0       0       0       0       0       0       0       0       0       0       0       0       0
      Totals:         0       0       0       0       0       0       0       0       0       0       0       0       0       0
Total ram usage:        0 bytes
 Hardware stack levels used:    1
 This function calls:
		Nothing
 This function is called by:
		i1_do_I2C_SEND_STOP
 This function uses a non-reentrant model


 *************** function i1_i2c_driver_restart *****************
 Defined at:
		line 151 in file "mcc_generated_files/i2c_driver.c"
 Parameters:    Size  Location     Type
		None
 Auto vars:     Size  Location     Type
		None
 Return value:  Size  Location     Type
                  1    wreg      void 
 Registers used:
		None
 Tracked objects:
		On entry : 
		On exit  : 
		Unchanged: 
 Data sizes:     COMMON   BANK0   BANK1   BANK2   BANK3   BANK4   BANK5   BANK6   BANK7   BANK8   BANK9  BANK10  BANK11  BANK12
      Params:         0       0       0       0       0       0       0       0       0       0       0       0       0       0
      Locals:         0       0       0       0       0       0       0       0       0       0       0       0       0       0
      Temps:          0       0       0       0       0       0       0       0       0       0       0       0       0       0
      Totals:         0       0       0       0       0       0       0       0       0       0       0       0       0       0
Total ram usage:        0 bytes
 Hardware stack levels used:    1
 This function calls:
		Nothing
 This function is called by:
		i1_do_I2C_SEND_RESTART_READ
		i1_do_I2C_SEND_RESTART_WRITE
		i1_do_I2C_SEND_RESTART
 This function uses a non-reentrant model


 *************** function i1_i2c_driver_sendACK *****************
 Defined at:
		line 196 in file "mcc_generated_files/i2c_driver.c"
 Parameters:    Size  Location     Type
		None
 Auto vars:     Size  Location     Type
		None
 Return value:  Size  Location     Type
                  1    wreg      void 
 Registers used:
		None
 Tracked objects:
		On entry : 
		On exit  : 
		Unchanged: 
 Data sizes:     COMMON   BANK0   BANK1   BANK2   BANK3   BANK4   BANK5   BANK6   BANK7   BANK8   BANK9  BANK10  BANK11  BANK12
      Params:         0       0       0       0       0       0       0       0       0       0       0       0       0       0
      Locals:         0       0       0       0       0       0       0       0       0       0       0       0       0       0
      Temps:          0       0       0       0       0       0       0       0       0       0       0       0       0       0
      Totals:         0       0       0       0       0       0       0       0       0       0       0       0       0       0
Total ram usage:        0 bytes
 Hardware stack levels used:    1
 This function calls:
		Nothing
 This function is called by:
		i1_do_I2C_DO_ACK
		i1_do_I2C_RX
 This function uses a non-reentrant model


 *************** function _i2c_busCollisionISR *****************
 Defined at:
		line 435 in file "mcc_generated_files/drivers/i2c_master.c"
 Parameters:    Size  Location     Type
		None
 Auto vars:     Size  Location     Type
		None
 Return value:  Size  Location     Type
                  1    wreg      void 
 Registers used:
		status,2, status,0, pclath, cstack
 Tracked objects:
		On entry : 
		On exit  : 
		Unchanged: 
 Data sizes:     COMMON   BANK0   BANK1   BANK2   BANK3   BANK4   BANK5   BANK6   BANK7   BANK8   BANK9  BANK10  BANK11  BANK12
      Params:         0       0       0       0       0       0       0       0       0       0       0       0       0       0
      Locals:         0       0       0       0       0       0       0       0       0       0       0       0       0       0
      Temps:          0       0       0       0       0       0       0       0       0       0       0       0       0       0
      Totals:         0       0       0       0       0       0       0       0       0       0       0       0       0       0
Total ram usage:        0 bytes
 Hardware stack levels used:    1
 Hardware stack levels required when called:    1
 This function calls:
		_i2c_driver_clearBusCollision
 This function is called by:
		_i2c_open
		_INTERRUPT_InterruptManager
 This function uses a non-reentrant model


 *************** function _i2c_driver_clearBusCollision *****************
 Defined at:
		line 253 in file "mcc_generated_files/i2c_driver.c"
 Parameters:    Size  Location     Type
		None
 Auto vars:     Size  Location     Type
		None
 Return value:  Size  Location     Type
                  1    wreg      void 
 Registers used:
		None
 Tracked objects:
		On entry : 
		On exit  : 
		Unchanged: 
 Data sizes:     COMMON   BANK0   BANK1   BANK2   BANK3   BANK4   BANK5   BANK6   BANK7   BANK8   BANK9  BANK10  BANK11  BANK12
      Params:         0       0       0       0       0       0       0       0       0       0       0       0       0       0
      Locals:         0       0       0       0       0       0       0       0       0       0       0       0       0       0
      Temps:          0       0       0       0       0       0       0       0       0       0       0       0       0       0
      Totals:         0       0       0       0       0       0       0       0       0       0       0       0       0       0
Total ram usage:        0 bytes
 Hardware stack levels used:    1
 This function calls:
		Nothing
 This function is called by:
		_i2c_busCollisionISR
 This function uses a non-reentrant model


 *************** function _PIN_MANAGER_IOC *****************
 Defined at:
		line 117 in file "mcc_generated_files/pin_manager.c"
 Parameters:    Size  Location     Type
		None
 Auto vars:     Size  Location     Type
		None
 Return value:  Size  Location     Type
                  1    wreg      void 
 Registers used:
		wreg, status,2, status,0, pclath, cstack
 Tracked objects:
		On entry : 
		On exit  : 
		Unchanged: 
 Data sizes:     COMMON   BANK0   BANK1   BANK2   BANK3   BANK4   BANK5   BANK6   BANK7   BANK8   BANK9  BANK10  BANK11  BANK12
      Params:         0       0       0       0       0       0       0       0       0       0       0       0       0       0
      Locals:         0       0       0       0       0       0       0       0       0       0       0       0       0       0
      Temps:          0       0       0       0       0       0       0       0       0       0       0       0       0       0
      Totals:         0       0       0       0       0       0       0       0       0       0       0       0       0       0
Total ram usage:        0 bytes
 Hardware stack levels used:    1
 Hardware stack levels required when called:    2
 This function calls:
		_IOCCF4_ISR
 This function is called by:
		_INTERRUPT_InterruptManager
 This function uses a non-reentrant model


 *************** function _IOCCF4_ISR *****************
 Defined at:
		line 131 in file "mcc_generated_files/pin_manager.c"
 Parameters:    Size  Location     Type
		None
 Auto vars:     Size  Location     Type
		None
 Return value:  Size  Location     Type
                  1    wreg      void 
 Registers used:
		wreg, status,2, status,0, pclath, cstack
 Tracked objects:
		On entry : 
		On exit  : 
		Unchanged: 
 Data sizes:     COMMON   BANK0   BANK1   BANK2   BANK3   BANK4   BANK5   BANK6   BANK7   BANK8   BANK9  BANK10  BANK11  BANK12
      Params:         0       0       0       0       0       0       0       0       0       0       0       0       0       0
      Locals:         0       0       0       0       0       0       0       0       0       0       0       0       0       0
      Temps:          0       0       0       0       0       0       0       0       0       0       0       0       0       0
      Totals:         0       0       0       0       0       0       0       0       0       0       0       0       0       0
Total ram usage:        0 bytes
 Hardware stack levels used:    1
 Hardware stack levels required when called:    1
 This function calls:
		Absolute function
		_IOCCF4_DefaultInterruptHandler
		_buttonInterrupt
 This function is called by:
		_PIN_MANAGER_IOC
 This function uses a non-reentrant model


 *************** function _IOCCF4_DefaultInterruptHandler *****************
 Defined at:
		line 153 in file "mcc_generated_files/pin_manager.c"
 Parameters:    Size  Location     Type
		None
 Auto vars:     Size  Location     Type
		None
 Return value:  Size  Location     Type
                  1    wreg      void 
 Registers used:
		None
 Tracked objects:
		On entry : 
		On exit  : 
		Unchanged: 
 Data sizes:     COMMON   BANK0   BANK1   BANK2   BANK3   BANK4   BANK5   BANK6   BANK7   BANK8   BANK9  BANK10  BANK11  BANK12
      Params:         0       0       0       0       0       0       0       0       0       0       0       0       0       0
      Locals:         0       0       0       0       0       0       0       0       0       0       0       0       0       0
      Temps:          0       0       0       0       0       0       0       0       0       0       0       0       0       0
      Totals:         0       0       0       0       0       0       0       0       0       0       0       0       0       0
Total ram usage:        0 bytes
 Hardware stack levels used:    1
 This function calls:
		Nothing
 This function is called by:
		_PIN_MANAGER_Initialize
		_IOCCF4_ISR
 This function uses a non-reentrant model


 *************** function _buttonInterrupt *****************
 Defined at:
		line 158 in file "main.c"
 Parameters:    Size  Location     Type
		None
 Auto vars:     Size  Location     Type
		None
 Return value:  Size  Location     Type
                  1    wreg      void 
 Registers used:
		wreg, status,2, status,0
 Tracked objects:
		On entry : 
		On exit  : 
		Unchanged: 
 Data sizes:     COMMON   BANK0   BANK1   BANK2   BANK3   BANK4   BANK5   BANK6   BANK7   BANK8   BANK9  BANK10  BANK11  BANK12
      Params:         0       0       0       0       0       0       0       0       0       0       0       0       0       0
      Locals:         0       0       0       0       0       0       0       0       0       0       0       0       0       0
      Temps:          1       0       0       0       0       0       0       0       0       0       0       0       0       0
      Totals:         1       0       0       0       0       0       0       0       0       0       0       0       0       0
Total ram usage:        1 bytes
 Hardware stack levels used:    1
 This function calls:
		Nothing
 This function is called by:
		_main
		_IOCCF4_ISR
 This function uses a non-reentrant model



MODULE INFORMATION

Module		Function		Class		Link	Load	Size
mcc_generated_files/interrupt_manager.c
		_INTERRUPT_InterruptManager		CODE           	0004	0000	43

mcc_generated_files/interrupt_manager.c estimated size: 43

mcc_generated_files/pin_manager.c
		_PIN_MANAGER_Initialize		CODE           	057B	0000	53
		_IOCCF4_DefaultInterruptHandler		CODE           	0D5D	0000	2
		_IOCCF4_ISR    		CODE           	0EF6	0000	14
		_PIN_MANAGER_IOC		CODE           	0DD3	0000	7
		_IOCCF4_SetInterruptHandler		CODE           	0DDF	0000	7

mcc_generated_files/pin_manager.c estimated size: 83

C:\Program Files (x86)\Microchip\xc8\v1.45\sources\common\awmod.c
		___awmod       		CODE           	043E	0000	71

C:\Program Files (x86)\Microchip\xc8\v1.45\sources\common\awmod.c estimated size: 71

mcc_generated_files/i2c_driver.c
		_i2c_driver_clearBusCollision		CODE           	0D64	0000	4
		_mssp_clearIRQ 		CODE           	0D7C	0000	4
		_i2c_driver_setBusCollisionISR		CODE           	0E03	0000	7
		_i2c_driver_restart		CODE           	0D85	0000	4
		_mssp_IRQisEnabled		CODE           	0E86	0000	11
		_i2c_driver_startRX		CODE           	0D8B	0000	4
		_i2c_driver_setI2cISR		CODE           	0E09	0000	7
		_i2c_driver_getRXData		CODE           	0D8E	0000	4
		_i2c_driver_TXData		CODE           	0DFD	0000	7
		_i2c_driver_start		CODE           	0D82	0000	4
		_i2c_driver_sendACK		CODE           	0DB8	0000	5
		_mssp_waitForEvent		CODE           	0EB0	0000	12
		_i2c_driver_sendNACK		CODE           	0DBC	0000	5
		_mssp_setIRQ   		CODE           	0D91	0000	4
		_i2c_driver_resetBus		CODE           	0D5F	0000	2
		_mssp_disableIRQ		CODE           	0D7F	0000	4
		_i2c_driver_open		CODE           	0E90	0000	11
		_i2c_driver_isNACK		CODE           	0F10	0000	14
		_i2c_driver_stop		CODE           	0D88	0000	4

mcc_generated_files/i2c_driver.c estimated size: 117

mcc_generated_files/drivers/i2c_simple_master.c
		_wr1RegCompleteHandler		CODE           	0FA7	0000	23
		_wr2RegCompleteHandler		CODE           	0F91	0000	23
		_i2c_writeNBytes		CODE           	0660	0000	39
		_rdBlkRegCompleteHandler		CODE           	07BA	0000	30
		_rd1RegCompleteHandler		CODE           	0FBD	0000	23
		_rd2RegCompleteHandler		CODE           	0FD3	0000	23

mcc_generated_files/drivers/i2c_simple_master.c estimated size: 161

C:\Program Files (x86)\Microchip\xc8\v1.45\sources\common\Umul32.c
		___lmul        		CODE           	05AF	0000	49

C:\Program Files (x86)\Microchip\xc8\v1.45\sources\common\Umul32.c estimated size: 49

C:\Program Files (x86)\Microchip\xc8\v1.45\sources\common\rand.c
		_rand          		CODE           	0508	0000	61

C:\Program Files (x86)\Microchip\xc8\v1.45\sources\common\rand.c estimated size: 61

shared
		i1_mssp_setIRQ 		CODE           	0D76	0000	4
		i1_returnReset 		CODE           	0D62	0000	3
		i1_do_I2C_SEND_ADR_READ		CODE           	0E29	0000	9
		i1_do_I2C_DO_NACK_STOP		CODE           	0DB0	0000	5
		i1_setCallBack 		CODE           	06F5	0000	37
		i1_do_I2C_SEND_RESTART		CODE           	0DA4	0000	5
		i1_i2c_restartWrite		CODE           	0002	0000	3
		i1_do_I2C_TX_EMPTY		CODE           	0637	0000	42
		i1_do_I2C_DO_NACK_RESTART		CODE           	0DB4	0000	5
		i1_do_I2C_SEND_RESTART_READ		CODE           	0D9C	0000	5
		i1_do_I2C_DO_ADDRESS_NACK		CODE           	0719	0000	36
		i1_i2c_driver_sendNACK		CODE           	0D98	0000	5
		i1_mssp_clearIRQ		CODE           	0D79	0000	4
		i1_i2c_driver_isNACK		CODE           	0EDE	0000	13
		i1_rd1RegCompleteHandler		CODE           	0F4A	0000	17
		i1_i2c_driver_restart		CODE           	0D6A	0000	4
		i1_i2c_driver_stop		CODE           	0D6D	0000	4
		i1_do_I2C_RX   		CODE           	04CA	0000	63
		i1_do_I2C_TX   		CODE           	03F4	0000	75
		i1_i2c_ISR     		CODE           	075C	0000	33
		i1_i2c_driver_resetBus		CODE           	0D5E	0000	2
		i1_do_I2C_IDLE 		CODE           	0DC9	0000	6
		i1_do_I2C_RCEN 		CODE           	0DD9	0000	7
		__initialization		CODE           	0030	0000	40
		i1_i2c_driver_getRXData		CODE           	0D73	0000	4
		i1_rd2RegCompleteHandler		CODE           	0F5A	0000	17
		i1_i2c_driver_TXData		CODE           	0DC4	0000	6
		i1_i2c_setDataCompleteCallback		CODE           	0ED2	0000	13
		i1_do_I2C_RESET		CODE           	0E1B	0000	8
		i1_do_I2C_SEND_RESTART_WRITE		CODE           	0DA0	0000	5
		i1_do_I2C_DO_ACK		CODE           	0DAC	0000	5
		i1_do_I2C_SEND_ADR_WRITE		CODE           	0E22	0000	8
		i1_wr1RegCompleteHandler		CODE           	0F3A	0000	17
		i1_do_I2C_SEND_STOP		CODE           	0DA8	0000	5
		i1_i2c_setBuffer		CODE           	07F2	0000	15
		i1_rdBlkRegCompleteHandler		CODE           	0FE9	0000	24
		i1_i2c_driver_startRX		CODE           	0D70	0000	4
		i1_i2c_driver_sendACK		CODE           	0D94	0000	5
		i1_wr2RegCompleteHandler		CODE           	0F2A	0000	17
		i1_returnStop  		CODE           	0D60	0000	3

shared estimated size: 583

mcc_generated_files/mcc.c
		_OSCILLATOR_Initialize		CODE           	0E72	0000	11
		_SYSTEM_Initialize		CODE           	0DE5	0000	7

mcc_generated_files/mcc.c estimated size: 18

mcc_generated_files/drivers/i2c_master.c
		_i2c_setDataCompleteCallback		CODE           	0F03	0000	14
		_returnStop    		CODE           	0DF1	0000	7
		_i2c_setBuffer 		CODE           	0F7C	0000	22
		_i2c_busCollisionISR		CODE           	0D67	0000	4
		_i2c_ISR       		CODE           	0686	0000	39
		_i2c_close     		CODE           	07D7	0000	28
		_i2c_masterOperation		CODE           	06D1	0000	37
		_do_I2C_TX_EMPTY		CODE           	05DF	0000	47
		_setCallBack   		CODE           	06AC	0000	38
		_returnReset   		CODE           	0DF7	0000	7
		_do_I2C_SEND_RESTART_WRITE		CODE           	0E39	0000	9
		_i2c_poller    		CODE           	0EBB	0000	12
		_i2c_masterWrite		CODE           	0DC0	0000	5
		_do_I2C_DO_NACK_RESTART		CODE           	0E61	0000	9
		_do_I2C_SEND_RESTART_READ		CODE           	0E31	0000	9
		_i2c_setAddressNACKCallback		CODE           	0F1D	0000	14
		_do_I2C_SEND_ADR_WRITE		CODE           	0EA5	0000	12
		_do_I2C_SEND_STOP		CODE           	0E49	0000	9
		_i2c_open      		CODE           	03A6	0000	79
		_do_I2C_SEND_ADR_READ		CODE           	0EEA	0000	13
		_do_I2C_DO_NACK_STOP		CODE           	0E59	0000	9
		_do_I2C_SEND_RESTART		CODE           	0E41	0000	9
		_do_I2C_RX     		CODE           	0484	0000	71
		_do_I2C_TX     		CODE           	0356	0000	81
		_do_I2C_IDLE   		CODE           	0E69	0000	10
		_do_I2C_RCEN   		CODE           	0E7C	0000	11
		_do_I2C_DO_ADDRESS_NACK		CODE           	060D	0000	43
		_do_I2C_RESET  		CODE           	0E9A	0000	12
		_do_I2C_DO_ACK 		CODE           	0E51	0000	9

mcc_generated_files/drivers/i2c_master.c estimated size: 669

mcc_generated_files/drivers/i2c_types.c
		_i2c_restartWrite		CODE           	0DEB	0000	7

mcc_generated_files/drivers/i2c_types.c estimated size: 7

C:\Program Files (x86)\Microchip\xc8\v1.45\sources\common\awdiv.c
		___awdiv       		CODE           	02B3	0000	83

C:\Program Files (x86)\Microchip\xc8\v1.45\sources\common\awdiv.c estimated size: 83

main.c
		_initializeDisplay		CODE           	01FB	0000	95
		_random        		CODE           	077C	0000	32
		_main          		CODE           	0192	0000	106
		_writeDisplay  		CODE           	0259	0000	91
		_buttonInterrupt		CODE           	0EC6	0000	13
		_drawPixel     		CODE           	005B	0000	183
		_shiftWalls    		CODE           	0111	0000	130
		_clearPixels   		CODE           	0F6A	0000	19
		_endGame       		CODE           	0305	0000	82
		_drawWalls     		CODE           	079B	0000	32
		_reverse       		CODE           	0544	0000	56

main.c estimated size: 839

