Microchip MPLAB XC8 Compiler V1.45 ()

Linker command line:

-W-3 --edf=C:\Program Files (x86)\Microchip\xc8\v1.45\dat\en_msgs.txt -cs \
  -h+dist/default/production\flappy-box-v3.X.production.sym \
  --cmf=dist/default/production\flappy-box-v3.X.production.cmf -z -Q16F1619 \
  -oC:\Users\Zach\AppData\Local\Temp\s874.2 \
  -Mdist/default/production/flappy-box-v3.X.production.map -E1 -ver=XC8 \
  -ASTACK=02121h-023efh -pstack=STACK -ACODE=00h-07FFhx4 \
  -ASTRCODE=00h-01FFFh -ASTRING=00h-0FFhx32 -ACONST=00h-0FFhx32 \
  -AENTRY=00h-0FFhx32 -ACOMMON=070h-07Fh -ABANK0=020h-06Fh \
  -ABANK1=0A0h-0EFh -ABANK2=0120h-016Fh -ABANK3=01A0h-01EFh \
  -ABANK4=0220h-026Fh -ABANK5=02A0h-02EFh -ABANK6=0320h-036Fh \
  -ABANK7=03A0h-03EFh -ABANK8=0420h-046Fh -ABANK9=04A0h-04EFh \
  -ABANK10=0520h-056Fh -ABANK11=05A0h-05EFh -ABANK12=0620h-064Fh \
  -ABIGRAM=02000h-023EFh \
  -ARAM=020h-06Fh,0A0h-0EFh,0120h-016Fh,01A0h-01EFh,0220h-026Fh,02A0h-02EFh,0320h-036Fh,03A0h-03EFh,0420h-046Fh,04A0h-04EFh,0520h-056Fh,05A0h-05EFh,0620h-064Fh \
  -AABS1=020h-07Fh,0A0h-0EFh,0120h-016Fh,01A0h-01EFh,0220h-026Fh,02A0h-02EFh,0320h-036Fh,03A0h-03EFh,0420h-046Fh,04A0h-04EFh,0520h-056Fh,05A0h-05EFh,0620h-064Fh \
  -ASFR0=00h-01Fh -ASFR1=080h-09Fh -ASFR2=0100h-011Fh -ASFR3=0180h-019Fh \
  -ASFR4=0200h-021Fh -ASFR5=0280h-029Fh -ASFR6=0300h-031Fh \
  -ASFR7=0380h-039Fh -ASFR8=0400h-041Fh -ASFR9=0480h-049Fh \
  -ASFR10=0500h-051Fh -ASFR11=0580h-059Fh -ASFR12=0600h-061Fh \
  -ASFR13=0680h-06EFh -ASFR14=0700h-076Fh -ASFR15=0780h-07EFh \
  -ASFR16=0800h-086Fh -ASFR17=0880h-08EFh -ASFR18=0900h-096Fh \
  -ASFR19=0980h-09EFh -ASFR20=0A00h-0A6Fh -ASFR21=0A80h-0AEFh \
  -ASFR22=0B00h-0B6Fh -ASFR23=0B80h-0BEFh -ASFR24=0C00h-0C6Fh \
  -ASFR25=0C80h-0CEFh -ASFR26=0D00h-0D6Fh -ASFR27=0D80h-0DEFh \
  -ASFR28=0E00h-0E6Fh -ASFR29=0E80h-0EEFh -ASFR30=0F00h-0F6Fh \
  -ASFR31=0F80h-0FEFh -preset_vec=00h,intentry=04h,init,end_init \
  -ppowerup=CODE -pcinit=CODE -pfunctab=ENTRY -ACONFIG=08007h-08009h \
  -pconfig=CONFIG -DCONFIG=2 -AIDLOC=08000h-08003h -pidloc=IDLOC -DIDLOC=2 \
  -DCODE=2 -DSTRCODE=2 -DSTRING=2 -DCONST=2 -DENTRY=2 -k \
  C:\Users\Zach\AppData\Local\Temp\s874.obj \
  dist/default/production\flappy-box-v3.X.production.obj 

Object code version is 3.11

Machine type is 16F1619



                Name                               Link     Load   Length Selector   Space Scale
C:\Users\Zach\AppData\Local\Temp\s874.obj
                end_init                             30       30        2        8       0
                reset_vec                             0        0        2        0       0
                config                             8007     8007        3    1000E       0
dist/default/production\flappy-box-v3.X.production.obj
                cinit                                32       32       44        8       0
                intentry                              4        4       2C        8       0
                text118                             D14      D14        D     1A28       0
                text117                             B7E      B7E        1     16FC       0
                text116                             D21      D21        D     1A42       0
                text115                             BF4      BF4        6     17E8       0
                text114                             B85      B85        3     170A       0
                text113                             B88      B88        3     1710       0
                text112                             BB5      BB5        4     176A       0
                text111                             B8B      B8B        3     1716       0
                text110                             B8E      B8E        3     171C       0
                text109                             D2E      D2E        D     1A5C       0
                text108                             F41      F41       24     1E82       0
                text107                             CF0      CF0        C     19E0       0
                text106                             D74      D74       15     1AE8       0
                text105                             D89      D89       15     1B12       0
                text104                             D9E      D9E       15     1B3C       0
                text103                             DB3      DB3       15     1B66       0
                text102                             DDD      DDD       1A     1BBA       0
                text101                             B81      B81        2     1702       0
                text100                             B83      B83        2     1706       0
                text99                                2        2        2        0       0
                text98                              B91      B91        3     1722       0
                text97                              B7F      B7F        1     16FE       0
                text96                              BB9      BB9        4     1772       0
                text95                              B94      B94        3     1728       0
                text94                              BE5      BE5        5     17CA       0
                text93                              CFC      CFC        C     19F8       0
                text92                              B97      B97        3     172E       0
                text91                              FAE      FAE       29     1F5C       0
                text90                              C2A      C2A        7     1854       0
                text89                              BEA      BEA        5     17D4       0
                text88                              BBD      BBD        4     177A       0
                text87                              BC1      BC1        4     1782       0
                text86                              BC5      BC5        4     178A       0
                text85                              BC9      BC9        4     1792       0
                text84                              C38      C38        8     1870       0
                text83                              C31      C31        7     1862       0
                text82                              BFA      BFA        6     17F4       0
                text81                              BCD      BCD        4     179A       0
                text80                              BD1      BD1        4     17A2       0
                text79                              BD5      BD5        4     17AA       0
                text78                              F1E      F1E       23     1E3C       0
                text77                              58E      58E       4D        8       0
                text76                              6A8      6A8       3F        8       0
                text75                              B9A      B9A        3     1734       0
                text74                              EFC      EFC       22     1DF8       0
                text72                              C9C      C9C        A     1938       0
                text71                              C78      C78        9     18F0       0
                text70                              71E      71E       34        8       0
                text69                              C00      C00        6     1800       0
                text68                               76       76       B6        8       0
                text67                              D62      D62       12     1AC4       0
                text66                              6E7      6E7       37        8       0
                text65                              E7E      E7E       1F     1CFC       0
                text64                              49D      49D       52        8       0
                text63                              B9D      B9D        3     173A       0
                text62                              BA0      BA0        3     1740       0
                text61                              DF7      DF7       1B     1BEE       0
                text60                              BA3      BA3        3     1746       0
                text59                              BD9      BD9        4     17B2       0
                text58                              BA6      BA6        3     174C       0
                text57                              BA9      BA9        3     1752       0
                text56                              DC8      DC8       15     1B90       0
                text55                              F89      F89       25     1F12       0
                text54                              D3B      D3B        D     1A76       0
                text53                              E12      E12       1B     1C24       0
                text52                              C06      C06        6     180C       0
                text51                              E2D      E2D       1B     1C5A       0
                text50                              E48      E48       1B     1C90       0
                text49                              E63      E63       1B     1CC6       0
                text48                              EBC      EBC       20     1D78       0
                text47                              C0C      C0C        6     1818       0
                text46                              C12      C12        6     1824       0
                text45                              BAC      BAC        3     1758       0
                text44                              B80      B80        1     1700       0
                text43                              BDD      BDD        4     17BA       0
                text42                              BAF      BAF        3     175E       0
                text41                              C18      C18        6     1830       0
                text40                              D48      D48        D     1A90       0
                text39                              BB2      BB2        3     1764       0
                text38                              782      782       2E        8       0
                text37                              CC4      CC4        B     1988       0
                text36                              C81      C81        9     1902       0
                text35                              C40      C40        8     1880       0
                text34                              C48      C48        8     1890       0
                text33                              C50      C50        8     18A0       0
                text32                              C58      C58        8     18B0       0
                text31                              D08      D08        C     1A10       0
                text30                              CCF      CCF        B     199E       0
                text29                              CA6      CA6        A     194C       0
                text28                              C60      C60        8     18C0       0
                text27                              C68      C68        8     18D0       0
                text26                              C70      C70        8     18E0       0
                text25                              7B0      7B0       2A        8       0
                text24                              445      445       58        8       0
                text23                              5DB      5DB       47        8       0
                text22                              7DA      7DA       26        8       0
                text21                              CDA      CDA        B     19B4       0
                text20                              CE5      CE5        B     19CA       0
                text19                              CB0      CB0        A     1960       0
                text18                              F65      F65       24     1ECA       0
                text17                              BE1      BE1        4     17C2       0
                text16                              CBA      CBA        A     1974       0
                text15                              C8A      C8A        9     1914       0
                text14                              C93      C93        9     1926       0
                text13                              540      540       4E        8       0
                text12                              D55      D55        D     1AAA       0
                text11                              FD7      FD7       29     1FAE       0
                text10                              3E9      3E9       5C        8       0
                text9                               12C      12C       88        8       0
                text8                               239      239       7C        8       0
                text7                               2B5      2B5       6C        8       0
                text6                               38A      38A       5F        8       0
                text5                               622      622       46        8       0
                text4                               752      752       30        8       0
                text3                               4EF      4EF       51        8       0
                text2                               E9D      E9D       1F     1D3A       0
                text1                               1B4      1B4       85        8       0
                maintext                            321      321       69        8       0
                cstackBANK0                          20       20       48       20       1
                cstackCOMMON                         70       70        E       70       1
                clrtext                             C1E      C1E        6     183C       0
                inittext                            C24      C24        6     1848       0
                dataBANK3                           1A0      1A0       20      1A0       1
                bssBANK3                            1C0      1C0       11      1A0       1
                dataBANK2                           120      120       40      120       1
                bssBANK2                            160      160        8      120       1
                dataBANK1                            E2       E2        5       A0       1
                bssBANK1                             A0       A0       42       A0       1
                bssBANK0                             68       68        5       20       1
                nvBANK1                              E7       E7        2       A0       1
                idataBANK3                          EDC      EDC       20     1DB8       0
                idataBANK2                          668      668       40        8       0
                idataBANK1                          BEF      BEF        5     17DE       0

TOTAL           Name                               Link     Load   Length     Space
        CLASS   STACK          

        CLASS   CODE           
                end_init                             30       30        2         0
                cinit                                32       32       44         0
                intentry                              4        4       2C         0
                reset_vec                             0        0        2         0
                text118                             D14      D14        D         0
                text117                             B7E      B7E        1         0
                text116                             D21      D21        D         0
                text115                             BF4      BF4        6         0
                text114                             B85      B85        3         0
                text113                             B88      B88        3         0
                text112                             BB5      BB5        4         0
                text111                             B8B      B8B        3         0
                text110                             B8E      B8E        3         0
                text109                             D2E      D2E        D         0
                text108                             F41      F41       24         0
                text107                             CF0      CF0        C         0
                text106                             D74      D74       15         0
                text105                             D89      D89       15         0
                text104                             D9E      D9E       15         0
                text103                             DB3      DB3       15         0
                text102                             DDD      DDD       1A         0
                text101                             B81      B81        2         0
                text100                             B83      B83        2         0
                text99                                2        2        2         0
                text98                              B91      B91        3         0
                text97                              B7F      B7F        1         0
                text96                              BB9      BB9        4         0
                text95                              B94      B94        3         0
                text94                              BE5      BE5        5         0
                text93                              CFC      CFC        C         0
                text92                              B97      B97        3         0
                text91                              FAE      FAE       29         0
                text90                              C2A      C2A        7         0
                text89                              BEA      BEA        5         0
                text88                              BBD      BBD        4         0
                text87                              BC1      BC1        4         0
                text86                              BC5      BC5        4         0
                text85                              BC9      BC9        4         0
                text84                              C38      C38        8         0
                text83                              C31      C31        7         0
                text82                              BFA      BFA        6         0
                text81                              BCD      BCD        4         0
                text80                              BD1      BD1        4         0
                text79                              BD5      BD5        4         0
                text78                              F1E      F1E       23         0
                text77                              58E      58E       4D         0
                text76                              6A8      6A8       3F         0
                text75                              B9A      B9A        3         0
                text74                              EFC      EFC       22         0
                text72                              C9C      C9C        A         0
                text71                              C78      C78        9         0
                text70                              71E      71E       34         0
                text69                              C00      C00        6         0
                text68                               76       76       B6         0
                text67                              D62      D62       12         0
                text66                              6E7      6E7       37         0
                text65                              E7E      E7E       1F         0
                text64                              49D      49D       52         0
                text63                              B9D      B9D        3         0
                text62                              BA0      BA0        3         0
                text61                              DF7      DF7       1B         0
                text60                              BA3      BA3        3         0
                text59                              BD9      BD9        4         0
                text58                              BA6      BA6        3         0
                text57                              BA9      BA9        3         0
                text56                              DC8      DC8       15         0
                text55                              F89      F89       25         0
                text54                              D3B      D3B        D         0
                text53                              E12      E12       1B         0
                text52                              C06      C06        6         0
                text51                              E2D      E2D       1B         0
                text50                              E48      E48       1B         0
                text49                              E63      E63       1B         0
                text48                              EBC      EBC       20         0
                text47                              C0C      C0C        6         0
                text46                              C12      C12        6         0
                text45                              BAC      BAC        3         0
                text44                              B80      B80        1         0
                text43                              BDD      BDD        4         0
                text42                              BAF      BAF        3         0
                text41                              C18      C18        6         0
                text40                              D48      D48        D         0
                text39                              BB2      BB2        3         0
                text38                              782      782       2E         0
                text37                              CC4      CC4        B         0
                text36                              C81      C81        9         0
                text35                              C40      C40        8         0
                text34                              C48      C48        8         0
                text33                              C50      C50        8         0
                text32                              C58      C58        8         0
                text31                              D08      D08        C         0
                text30                              CCF      CCF        B         0
                text29                              CA6      CA6        A         0
                text28                              C60      C60        8         0
                text27                              C68      C68        8         0
                text26                              C70      C70        8         0
                text25                              7B0      7B0       2A         0
                text24                              445      445       58         0
                text23                              5DB      5DB       47         0
                text22                              7DA      7DA       26         0
                text21                              CDA      CDA        B         0
                text20                              CE5      CE5        B         0
                text19                              CB0      CB0        A         0
                text18                              F65      F65       24         0
                text17                              BE1      BE1        4         0
                text16                              CBA      CBA        A         0
                text15                              C8A      C8A        9         0
                text14                              C93      C93        9         0
                text13                              540      540       4E         0
                text12                              D55      D55        D         0
                text11                              FD7      FD7       29         0
                text10                              3E9      3E9       5C         0
                text9                               12C      12C       88         0
                text8                               239      239       7C         0
                text7                               2B5      2B5       6C         0
                text6                               38A      38A       5F         0
                text5                               622      622       46         0
                text4                               752      752       30         0
                text3                               4EF      4EF       51         0
                text2                               E9D      E9D       1F         0
                text1                               1B4      1B4       85         0
                maintext                            321      321       69         0
                clrtext                             C1E      C1E        6         0
                inittext                            C24      C24        6         0
                idataBANK3                          EDC      EDC       20         0
                idataBANK2                          668      668       40         0
                idataBANK1                          BEF      BEF        5         0

        CLASS   STRCODE        

        CLASS   STRING         

        CLASS   CONST          

        CLASS   ENTRY          

        CLASS   COMMON         
                cstackCOMMON                         70       70        E         1

        CLASS   BANK0          
                cstackBANK0                          20       20       48         1
                bssBANK0                             68       68        5         1

        CLASS   BANK1          
                dataBANK1                            E2       E2        5         1
                bssBANK1                             A0       A0       42         1
                nvBANK1                              E7       E7        2         1

        CLASS   BANK2          
                dataBANK2                           120      120       40         1
                bssBANK2                            160      160        8         1

        CLASS   BANK3          
                dataBANK3                           1A0      1A0       20         1
                bssBANK3                            1C0      1C0       11         1

        CLASS   BANK4          

        CLASS   BANK5          

        CLASS   BANK6          

        CLASS   BANK7          

        CLASS   BANK8          

        CLASS   BANK9          

        CLASS   BANK10         

        CLASS   BANK11         

        CLASS   BANK12         

        CLASS   BIGRAM         

        CLASS   RAM            

        CLASS   ABS1           
                abs_s1                               7E       7E        2         1

        CLASS   SFR0           

        CLASS   SFR1           

        CLASS   SFR2           

        CLASS   SFR3           

        CLASS   SFR4           

        CLASS   SFR5           

        CLASS   SFR6           

        CLASS   SFR7           

        CLASS   SFR8           

        CLASS   SFR9           

        CLASS   SFR10          

        CLASS   SFR11          

        CLASS   SFR12          

        CLASS   SFR13          

        CLASS   SFR14          

        CLASS   SFR15          

        CLASS   SFR16          

        CLASS   SFR17          

        CLASS   SFR18          

        CLASS   SFR19          

        CLASS   SFR20          

        CLASS   SFR21          

        CLASS   SFR22          

        CLASS   SFR23          

        CLASS   SFR24          

        CLASS   SFR25          

        CLASS   SFR26          

        CLASS   SFR27          

        CLASS   SFR28          

        CLASS   SFR29          

        CLASS   SFR30          

        CLASS   SFR31          

        CLASS   CONFIG         
                config                             8007     8007        3         0

        CLASS   IDLOC          

        CLASS   BANK31         

        CLASS   BANK30         

        CLASS   BANK29         

        CLASS   BANK28         

        CLASS   BANK27         

        CLASS   BANK26         

        CLASS   BANK25         

        CLASS   BANK24         

        CLASS   BANK23         

        CLASS   BANK22         

        CLASS   BANK21         

        CLASS   BANK20         

        CLASS   BANK19         

        CLASS   BANK18         

        CLASS   BANK17         

        CLASS   BANK16         

        CLASS   BANK15         

        CLASS   BANK14         

        CLASS   BANK13         

        CLASS   EEDATA         



SEGMENTS        Name                           Load    Length   Top    Selector   Space  Class     Delta

                reset_vec                      000000  000004  000004         0       0  CODE        2
                intentry                       000004  0007FC  000800         8       0  CODE        2
                cstackBANK0                    000020  00004D  00006D        20       1  BANK0       1
                cstackCOMMON                   000070  00000E  00007E        70       1  COMMON      1
                bssBANK1                       0000A0  000049  0000E9        A0       1  BANK1       1
                dataBANK2                      000120  000048  000168       120       1  BANK2       1
                dataBANK3                      0001A0  000031  0001D1       1A0       1  BANK3       1
                text117                        000B7E  000001  000B7F      16FC       0  CODE        2
                text97                         000B7F  000001  000B80      16FE       0  CODE        2
                text44                         000B80  000001  000B81      1700       0  CODE        2
                text101                        000B81  000002  000B83      1702       0  CODE        2
                text100                        000B83  000002  000B85      1706       0  CODE        2
                text114                        000B85  000003  000B88      170A       0  CODE        2
                text113                        000B88  000003  000B8B      1710       0  CODE        2
                text111                        000B8B  000003  000B8E      1716       0  CODE        2
                text110                        000B8E  000003  000B91      171C       0  CODE        2
                text98                         000B91  000003  000B94      1722       0  CODE        2
                text95                         000B94  000003  000B97      1728       0  CODE        2
                text92                         000B97  000003  000B9A      172E       0  CODE        2
                text75                         000B9A  000003  000B9D      1734       0  CODE        2
                text63                         000B9D  000003  000BA0      173A       0  CODE        2
                text62                         000BA0  000003  000BA3      1740       0  CODE        2
                text60                         000BA3  000003  000BA6      1746       0  CODE        2
                text58                         000BA6  000003  000BA9      174C       0  CODE        2
                text57                         000BA9  000003  000BAC      1752       0  CODE        2
                text45                         000BAC  000003  000BAF      1758       0  CODE        2
                text42                         000BAF  000003  000BB2      175E       0  CODE        2
                text39                         000BB2  000003  000BB5      1764       0  CODE        2
                text112                        000BB5  000004  000BB9      176A       0  CODE        2
                text96                         000BB9  000004  000BBD      1772       0  CODE        2
                text88                         000BBD  000004  000BC1      177A       0  CODE        2
                text87                         000BC1  000004  000BC5      1782       0  CODE        2
                text86                         000BC5  000004  000BC9      178A       0  CODE        2
                text85                         000BC9  000004  000BCD      1792       0  CODE        2
                text81                         000BCD  000004  000BD1      179A       0  CODE        2
                text80                         000BD1  000004  000BD5      17A2       0  CODE        2
                text79                         000BD5  000004  000BD9      17AA       0  CODE        2
                text59                         000BD9  000004  000BDD      17B2       0  CODE        2
                text43                         000BDD  000004  000BE1      17BA       0  CODE        2
                text17                         000BE1  000004  000BE5      17C2       0  CODE        2
                text94                         000BE5  000005  000BEA      17CA       0  CODE        2
                text89                         000BEA  000005  000BEF      17D4       0  CODE        2
                idataBANK1                     000BEF  000005  000BF4      17DE       0  CODE        2
                text115                        000BF4  000006  000BFA      17E8       0  CODE        2
                text82                         000BFA  000006  000C00      17F4       0  CODE        2
                text69                         000C00  000006  000C06      1800       0  CODE        2
                text52                         000C06  000006  000C0C      180C       0  CODE        2
                text47                         000C0C  000006  000C12      1818       0  CODE        2
                text46                         000C12  000006  000C18      1824       0  CODE        2
                text41                         000C18  000006  000C1E      1830       0  CODE        2
                clrtext                        000C1E  000006  000C24      183C       0  CODE        2
                inittext                       000C24  000006  000C2A      1848       0  CODE        2
                text90                         000C2A  000007  000C31      1854       0  CODE        2
                text83                         000C31  000007  000C38      1862       0  CODE        2
                text84                         000C38  000008  000C40      1870       0  CODE        2
                text35                         000C40  000008  000C48      1880       0  CODE        2
                text34                         000C48  000008  000C50      1890       0  CODE        2
                text33                         000C50  000008  000C58      18A0       0  CODE        2
                text32                         000C58  000008  000C60      18B0       0  CODE        2
                text28                         000C60  000008  000C68      18C0       0  CODE        2
                text27                         000C68  000008  000C70      18D0       0  CODE        2
                text26                         000C70  000008  000C78      18E0       0  CODE        2
                text71                         000C78  000009  000C81      18F0       0  CODE        2
                text36                         000C81  000009  000C8A      1902       0  CODE        2
                text15                         000C8A  000009  000C93      1914       0  CODE        2
                text14                         000C93  000009  000C9C      1926       0  CODE        2
                text72                         000C9C  00000A  000CA6      1938       0  CODE        2
                text29                         000CA6  00000A  000CB0      194C       0  CODE        2
                text19                         000CB0  00000A  000CBA      1960       0  CODE        2
                text16                         000CBA  00000A  000CC4      1974       0  CODE        2
                text37                         000CC4  00000B  000CCF      1988       0  CODE        2
                text30                         000CCF  00000B  000CDA      199E       0  CODE        2
                text21                         000CDA  00000B  000CE5      19B4       0  CODE        2
                text20                         000CE5  00000B  000CF0      19CA       0  CODE        2
                text107                        000CF0  00000C  000CFC      19E0       0  CODE        2
                text93                         000CFC  00000C  000D08      19F8       0  CODE        2
                text31                         000D08  00000C  000D14      1A10       0  CODE        2
                text118                        000D14  00000D  000D21      1A28       0  CODE        2
                text116                        000D21  00000D  000D2E      1A42       0  CODE        2
                text109                        000D2E  00000D  000D3B      1A5C       0  CODE        2
                text54                         000D3B  00000D  000D48      1A76       0  CODE        2
                text40                         000D48  00000D  000D55      1A90       0  CODE        2
                text12                         000D55  00000D  000D62      1AAA       0  CODE        2
                text67                         000D62  000012  000D74      1AC4       0  CODE        2
                text106                        000D74  000015  000D89      1AE8       0  CODE        2
                text105                        000D89  000015  000D9E      1B12       0  CODE        2
                text104                        000D9E  000015  000DB3      1B3C       0  CODE        2
                text103                        000DB3  000015  000DC8      1B66       0  CODE        2
                text56                         000DC8  000015  000DDD      1B90       0  CODE        2
                text102                        000DDD  00001A  000DF7      1BBA       0  CODE        2
                text61                         000DF7  00001B  000E12      1BEE       0  CODE        2
                text53                         000E12  00001B  000E2D      1C24       0  CODE        2
                text51                         000E2D  00001B  000E48      1C5A       0  CODE        2
                text50                         000E48  00001B  000E63      1C90       0  CODE        2
                text49                         000E63  00001B  000E7E      1CC6       0  CODE        2
                text65                         000E7E  00001F  000E9D      1CFC       0  CODE        2
                text2                          000E9D  00001F  000EBC      1D3A       0  CODE        2
                text48                         000EBC  000020  000EDC      1D78       0  CODE        2
                idataBANK3                     000EDC  000020  000EFC      1DB8       0  CODE        2
                text74                         000EFC  000022  000F1E      1DF8       0  CODE        2
                text78                         000F1E  000023  000F41      1E3C       0  CODE        2
                text108                        000F41  000024  000F65      1E82       0  CODE        2
                text18                         000F65  000024  000F89      1ECA       0  CODE        2
                text55                         000F89  000025  000FAE      1F12       0  CODE        2
                text91                         000FAE  000029  000FD7      1F5C       0  CODE        2
                text11                         000FD7  000029  001000      1FAE       0  CODE        2
                config                         008007  000003  00800A     1000E       0  CONFIG      2


UNUSED ADDRESS RANGES

        Name                Unused          Largest block    Delta
        BANK0            0006D-0006F               3           1
        BANK1            000E9-000EF               7           1
        BANK10           00520-0056F              50           1
        BANK11           005A0-005EF              50           1
        BANK12           00620-0064F              30           1
        BANK2            00168-0016F               8           1
        BANK3            001D1-001EF              1F           1
        BANK4            00220-0026F              50           1
        BANK5            002A0-002EF              50           1
        BANK6            00320-0036F              50           1
        BANK7            003A0-003EF              50           1
        BANK8            00420-0046F              50           1
        BANK9            004A0-004EF              50           1
        BIGRAM           02000-023EF             3F0           1
        CODE             00800-00B7D             37E           2
                         01000-01FFF             800
        CONST            00800-00B7D             100           2
                         01000-01FFF             100
        ENTRY            00800-00B7D             100           2
                         01000-01FFF             100
        IDLOC            08000-08003               4           2
        RAM              0006D-0006F               3           1
                         000E9-000EF               7
                         00168-0016F               8
                         001D1-001EF              1F
                         00220-0026F              50
                         002A0-002EF              50
                         00320-0036F              50
                         003A0-003EF              50
                         00420-0046F              50
                         004A0-004EF              50
                         00520-0056F              50
                         005A0-005EF              50
                         00620-0064F              30
        SFR0             00000-0001F              20           1
        SFR1             00080-0009F              20           1
        SFR10            00500-0051F              20           1
        SFR11            00580-0059F              20           1
        SFR12            00600-0061F              20           1
        SFR13            00680-006EF              70           1
        SFR14            00700-0076F              70           1
        SFR15            00780-007EF              70           1
        SFR16            00800-0086F              70           1
        SFR17            00880-008EF              70           1
        SFR18            00900-0096F              70           1
        SFR19            00980-009EF              70           1
        SFR2             00100-0011F              20           1
        SFR20            00A00-00A6F              70           1
        SFR21            00A80-00AEF              70           1
        SFR22            00B00-00B6F              70           1
        SFR23            00B80-00BEF              70           1
        SFR24            00C00-00C6F              70           1
        SFR25            00C80-00CEF              70           1
        SFR26            00D00-00D6F              70           1
        SFR27            00D80-00DEF              70           1
        SFR28            00E00-00E6F              70           1
        SFR29            00E80-00EEF              70           1
        SFR3             00180-0019F              20           1
        SFR30            00F00-00F6F              70           1
        SFR31            00F80-00FEF              70           1
        SFR4             00200-0021F              20           1
        SFR5             00280-0029F              20           1
        SFR6             00300-0031F              20           1
        SFR7             00380-0039F              20           1
        SFR8             00400-0041F              20           1
        SFR9             00480-0049F              20           1
        STACK            02121-023EF             2CF           1
        STRCODE          00800-00B7D             37E           2
                         01000-01FFF            1000
        STRING           00800-00B7D             100           2
                         01000-01FFF             100

                                  Symbol Table

?___awdiv                                   cstackBANK0  00022
?___awmod                                   cstackBANK0  00035
?___lmul                                    cstackBANK0  00022
?_rand                                      cstackBANK0  0002E
IOCCF4_SetInterruptHandler@InterruptHandler cstackBANK0  00022
_ANSELA                                     (abs)        0018C
_ANSELB                                     (abs)        0018D
_ANSELC                                     (abs)        0018E
_BORCON                                     (abs)        00116
_INTCONbits                                 (abs)        0000B
_INTERRUPT_InterruptManager                 intentry     00004
_IOCCF4_DefaultInterruptHandler             text117      00B7E
_IOCCF4_ISR                                 text116      00D21
_IOCCF4_InterruptHandler                    nvBANK1      000E7
_IOCCF4_SetInterruptHandler                 text71       00C78
_IOCCFbits                                  (abs)        00399
_IOCCNbits                                  (abs)        00398
_IOCCPbits                                  (abs)        00397
_LATA                                       (abs)        0010C
_LATB                                       (abs)        0010D
_LATC                                       (abs)        0010E
_ODCONA                                     (abs)        0028C
_ODCONB                                     (abs)        0028D
_ODCONC                                     (abs)        0028E
_OPTION_REGbits                             (abs)        00095
_OSCCON                                     (abs)        00099
_OSCILLATOR_Initialize                      text72       00C9C
_OSCTUNE                                    (abs)        00098
_PIE1bits                                   (abs)        00090
_PIE2bits                                   (abs)        00091
_PIN_MANAGER_IOC                            text115      00BF4
_PIN_MANAGER_Initialize                     text70       0071E
_PIR1bits                                   (abs)        00010
_PIR2bits                                   (abs)        00011
_PLLR                                       (abs)        004D6
_RB4PPS                                     (abs)        00E9C
_RB6PPS                                     (abs)        00E9E
_SSP1ADD                                    (abs)        00212
_SSP1BUF                                    (abs)        00211
_SSP1CON1                                   (abs)        00215
_SSP1CON1bits                               (abs)        00215
_SSP1CON2                                   (abs)        00216
_SSP1CON2bits                               (abs)        00216
_SSP1MSK                                    (abs)        00213
_SSP1STAT                                   (abs)        00214
_SSP1STATbits                               (abs)        00214
_SSPCLKPPS                                  (abs)        00E20
_SSPDATPPS                                  (abs)        00E21
_SYSTEM_Initialize                          text69       00C00
_TRISA                                      (abs)        0008C
_TRISB                                      (abs)        0008D
_TRISC                                      (abs)        0008E
_WPUA                                       (abs)        0020C
_WPUB                                       (abs)        0020D
_WPUC                                       (abs)        0020E
__CFG_BOREN$ON                              (abs)        00000
__CFG_BORV$LO                               (abs)        00000
__CFG_CLKOUTEN$OFF                          (abs)        00000
__CFG_CP$OFF                                (abs)        00000
__CFG_FCMEN$ON                              (abs)        00000
__CFG_FOSC$INTOSC                           (abs)        00000
__CFG_IESO$ON                               (abs)        00000
__CFG_LPBOR$OFF                             (abs)        00000
__CFG_LVP$ON                                (abs)        00000
__CFG_MCLRE$ON                              (abs)        00000
__CFG_PLLEN$ON                              (abs)        00000
__CFG_PPS1WAY$ON                            (abs)        00000
__CFG_PWRTE$OFF                             (abs)        00000
__CFG_STVREN$ON                             (abs)        00000
__CFG_WDTCCS$SWC                            (abs)        00000
__CFG_WDTCPS$WDTCPS1F                       (abs)        00000
__CFG_WDTCWS$WDTCWSSW                       (abs)        00000
__CFG_WDTE$OFF                              (abs)        00000
__CFG_WRT$OFF                               (abs)        00000
__CFG_ZCD$OFF                               (abs)        00000
__Habs1                                     abs1         00000
__Hbank0                                    bank0        00000
__Hbank1                                    bank1        00000
__Hbank10                                   bank10       00000
__Hbank11                                   bank11       00000
__Hbank12                                   bank12       00000
__Hbank13                                   bank13       00000
__Hbank14                                   bank14       00000
__Hbank15                                   bank15       00000
__Hbank16                                   bank16       00000
__Hbank17                                   bank17       00000
__Hbank18                                   bank18       00000
__Hbank19                                   bank19       00000
__Hbank2                                    bank2        00000
__Hbank20                                   bank20       00000
__Hbank21                                   bank21       00000
__Hbank22                                   bank22       00000
__Hbank23                                   bank23       00000
__Hbank24                                   bank24       00000
__Hbank25                                   bank25       00000
__Hbank26                                   bank26       00000
__Hbank27                                   bank27       00000
__Hbank28                                   bank28       00000
__Hbank29                                   bank29       00000
__Hbank3                                    bank3        00000
__Hbank30                                   bank30       00000
__Hbank31                                   bank31       00000
__Hbank4                                    bank4        00000
__Hbank5                                    bank5        00000
__Hbank6                                    bank6        00000
__Hbank7                                    bank7        00000
__Hbank8                                    bank8        00000
__Hbank9                                    bank9        00000
__Hbigram                                   bigram       00000
__HbssBANK0                                 bssBANK0     00000
__HbssBANK1                                 bssBANK1     00000
__HbssBANK2                                 bssBANK2     00000
__HbssBANK3                                 bssBANK3     00000
__Hcinit                                    cinit        00076
__Hclrtext                                  clrtext      00000
__Hcode                                     code         00000
__Hcommon                                   common       00000
__Hconfig                                   config       0800A
__HcstackBANK0                              cstackBANK0  00000
__HcstackCOMMON                             cstackCOMMON 00000
__HdataBANK1                                dataBANK1    00000
__HdataBANK2                                dataBANK2    00000
__HdataBANK3                                dataBANK3    00000
__Heeprom_data                              eeprom_data  00000
__Hend_init                                 end_init     00032
__Hfunctab                                  functab      00000
__HidataBANK1                               idataBANK1   00000
__HidataBANK2                               idataBANK2   00000
__HidataBANK3                               idataBANK3   00000
__Hidloc                                    idloc        00000
__Hinit                                     init         00030
__Hinittext                                 inittext     00000
__Hintentry                                 intentry     00030
__Hmaintext                                 maintext     00000
__HnvBANK1                                  nvBANK1      00000
__Hpowerup                                  powerup      00000
__Hram                                      ram          00000
__Hreset_vec                                reset_vec    00002
__Hsfr0                                     sfr0         00000
__Hsfr1                                     sfr1         00000
__Hsfr10                                    sfr10        00000
__Hsfr11                                    sfr11        00000
__Hsfr12                                    sfr12        00000
__Hsfr13                                    sfr13        00000
__Hsfr14                                    sfr14        00000
__Hsfr15                                    sfr15        00000
__Hsfr16                                    sfr16        00000
__Hsfr17                                    sfr17        00000
__Hsfr18                                    sfr18        00000
__Hsfr19                                    sfr19        00000
__Hsfr2                                     sfr2         00000
__Hsfr20                                    sfr20        00000
__Hsfr21                                    sfr21        00000
__Hsfr22                                    sfr22        00000
__Hsfr23                                    sfr23        00000
__Hsfr24                                    sfr24        00000
__Hsfr25                                    sfr25        00000
__Hsfr26                                    sfr26        00000
__Hsfr27                                    sfr27        00000
__Hsfr28                                    sfr28        00000
__Hsfr29                                    sfr29        00000
__Hsfr3                                     sfr3         00000
__Hsfr30                                    sfr30        00000
__Hsfr31                                    sfr31        00000
__Hsfr4                                     sfr4         00000
__Hsfr5                                     sfr5         00000
__Hsfr6                                     sfr6         00000
__Hsfr7                                     sfr7         00000
__Hsfr8                                     sfr8         00000
__Hsfr9                                     sfr9         00000
__Hspace_0                                  (abs)        0800A
__Hspace_1                                  (abs)        001D1
__Hspace_2                                  (abs)        00000
__Hspace_3                                  (abs)        00000
__Hstack                                    stack        00000
__Hstrings                                  strings      00000
__Htext                                     text         00000
__Labs1                                     abs1         00000
__Lbank0                                    bank0        00000
__Lbank1                                    bank1        00000
__Lbank10                                   bank10       00000
__Lbank11                                   bank11       00000
__Lbank12                                   bank12       00000
__Lbank13                                   bank13       00000
__Lbank14                                   bank14       00000
__Lbank15                                   bank15       00000
__Lbank16                                   bank16       00000
__Lbank17                                   bank17       00000
__Lbank18                                   bank18       00000
__Lbank19                                   bank19       00000
__Lbank2                                    bank2        00000
__Lbank20                                   bank20       00000
__Lbank21                                   bank21       00000
__Lbank22                                   bank22       00000
__Lbank23                                   bank23       00000
__Lbank24                                   bank24       00000
__Lbank25                                   bank25       00000
__Lbank26                                   bank26       00000
__Lbank27                                   bank27       00000
__Lbank28                                   bank28       00000
__Lbank29                                   bank29       00000
__Lbank3                                    bank3        00000
__Lbank30                                   bank30       00000
__Lbank31                                   bank31       00000
__Lbank4                                    bank4        00000
__Lbank5                                    bank5        00000
__Lbank6                                    bank6        00000
__Lbank7                                    bank7        00000
__Lbank8                                    bank8        00000
__Lbank9                                    bank9        00000
__Lbigram                                   bigram       00000
__LbssBANK0                                 bssBANK0     00000
__LbssBANK1                                 bssBANK1     00000
__LbssBANK2                                 bssBANK2     00000
__LbssBANK3                                 bssBANK3     00000
__Lcinit                                    cinit        00032
__Lclrtext                                  clrtext      00000
__Lcode                                     code         00000
__Lcommon                                   common       00000
__Lconfig                                   config       08007
__LcstackBANK0                              cstackBANK0  00000
__LcstackCOMMON                             cstackCOMMON 00000
__LdataBANK1                                dataBANK1    00000
__LdataBANK2                                dataBANK2    00000
__LdataBANK3                                dataBANK3    00000
__Leeprom_data                              eeprom_data  00000
__Lend_init                                 end_init     00030
__Lfunctab                                  functab      00000
__LidataBANK1                               idataBANK1   00000
__LidataBANK2                               idataBANK2   00000
__LidataBANK3                               idataBANK3   00000
__Lidloc                                    idloc        00000
__Linit                                     init         00030
__Linittext                                 inittext     00000
__Lintentry                                 intentry     00004
__Lmaintext                                 maintext     00000
__LnvBANK1                                  nvBANK1      00000
__Lpowerup                                  powerup      00000
__Lram                                      ram          00000
__Lreset_vec                                reset_vec    00000
__Lsfr0                                     sfr0         00000
__Lsfr1                                     sfr1         00000
__Lsfr10                                    sfr10        00000
__Lsfr11                                    sfr11        00000
__Lsfr12                                    sfr12        00000
__Lsfr13                                    sfr13        00000
__Lsfr14                                    sfr14        00000
__Lsfr15                                    sfr15        00000
__Lsfr16                                    sfr16        00000
__Lsfr17                                    sfr17        00000
__Lsfr18                                    sfr18        00000
__Lsfr19                                    sfr19        00000
__Lsfr2                                     sfr2         00000
__Lsfr20                                    sfr20        00000
__Lsfr21                                    sfr21        00000
__Lsfr22                                    sfr22        00000
__Lsfr23                                    sfr23        00000
__Lsfr24                                    sfr24        00000
__Lsfr25                                    sfr25        00000
__Lsfr26                                    sfr26        00000
__Lsfr27                                    sfr27        00000
__Lsfr28                                    sfr28        00000
__Lsfr29                                    sfr29        00000
__Lsfr3                                     sfr3         00000
__Lsfr30                                    sfr30        00000
__Lsfr31                                    sfr31        00000
__Lsfr4                                     sfr4         00000
__Lsfr5                                     sfr5         00000
__Lsfr6                                     sfr6         00000
__Lsfr7                                     sfr7         00000
__Lsfr8                                     sfr8         00000
__Lsfr9                                     sfr9         00000
__Lspace_0                                  (abs)        00000
__Lspace_1                                  (abs)        00000
__Lspace_2                                  (abs)        00000
__Lspace_3                                  (abs)        00000
__Lstack                                    stack        00000
__Lstrings                                  strings      00000
__Ltext                                     text         00000
__S0                                        (abs)        0800A
__S1                                        (abs)        001D1
__S2                                        (abs)        00000
___awdiv                                    text64       0049D
___awdiv@counter                            cstackBANK0  00027
___awdiv@dividend                           cstackBANK0  00024
___awdiv@divisor                            cstackBANK0  00022
___awdiv@quotient                           cstackBANK0  00029
___awdiv@sign                               cstackBANK0  00028
___awmod                                    text5        00622
___awmod@counter                            cstackBANK0  0003A
___awmod@dividend                           cstackBANK0  00037
___awmod@divisor                            cstackBANK0  00035
___awmod@sign                               cstackBANK0  0003B
___int_sp                                   stack        00000
___latbits                                  (abs)        00002
___lmul                                     text4        00752
___lmul@multiplicand                        cstackBANK0  00026
___lmul@multiplier                          cstackBANK0  00022
___lmul@product                             cstackBANK0  0002A
___sp                                       stack        00000
__end_of_INTERRUPT_InterruptManager         intentry     00030
__end_of_IOCCF4_DefaultInterruptHandler     text117      00B7F
__end_of_IOCCF4_ISR                         text116      00D2E
__end_of_IOCCF4_SetInterruptHandler         text71       00C81
__end_of_OSCILLATOR_Initialize              text72       00CA6
__end_of_PIN_MANAGER_IOC                    text115      00BFA
__end_of_PIN_MANAGER_Initialize             text70       00752
__end_of_SYSTEM_Initialize                  text69       00C06
__end_of___awdiv                            text64       004EF
__end_of___awmod                            text5        00668
__end_of___lmul                             text4        00782
__end_of__initialization                    cinit        00072
__end_of_buttonInterrupt                    text118      00D21
__end_of_clearPixels                        text67       00D74
__end_of_do_I2C_DO_ACK                      text28       00C68
__end_of_do_I2C_DO_ADDRESS_NACK             text25       007DA
__end_of_do_I2C_DO_NACK_RESTART             text26       00C78
__end_of_do_I2C_DO_NACK_STOP                text27       00C70
__end_of_do_I2C_IDLE                        text36       00C8A
__end_of_do_I2C_RCEN                        text29       00CB0
__end_of_do_I2C_RESET                       text37       00CCF
__end_of_do_I2C_RX                          text23       00622
__end_of_do_I2C_SEND_ADR_READ               text31       00D14
__end_of_do_I2C_SEND_ADR_WRITE              text30       00CDA
__end_of_do_I2C_SEND_RESTART                text33       00C58
__end_of_do_I2C_SEND_RESTART_READ           text35       00C48
__end_of_do_I2C_SEND_RESTART_WRITE          text34       00C50
__end_of_do_I2C_SEND_STOP                   text32       00C60
__end_of_do_I2C_TX                          text24       0049D
__end_of_do_I2C_TX_EMPTY                    text38       007B0
__end_of_drawPixel                          text68       0012C
__end_of_drawWalls                          text65       00E9D
__end_of_endGame                            text7        00321
__end_of_i2c_ISR                            text22       00800
__end_of_i2c_busCollisionISR                text113      00B8B
__end_of_i2c_close                          text61       00E12
__end_of_i2c_driver_TXData                  text41       00C1E
__end_of_i2c_driver_clearBusCollision       text114      00B88
__end_of_i2c_driver_getRXData               text42       00BB2
__end_of_i2c_driver_isNACK                  text40       00D55
__end_of_i2c_driver_open                    text16       00CC4
__end_of_i2c_driver_resetBus                text44       00B81
__end_of_i2c_driver_restart                 text58       00BA9
__end_of_i2c_driver_sendACK                 text59       00BDD
__end_of_i2c_driver_sendNACK                text43       00BE1
__end_of_i2c_driver_setBusCollisionISR      text15       00C93
__end_of_i2c_driver_setI2cISR               text14       00C9C
__end_of_i2c_driver_start                   text60       00BA6
__end_of_i2c_driver_startRX                 text45       00BAF
__end_of_i2c_driver_stop                    text57       00BAC
__end_of_i2c_masterOperation                text18       00F89
__end_of_i2c_masterWrite                    text17       00BE5
__end_of_i2c_open                           text13       0058E
__end_of_i2c_poller                         text20       00CF0
__end_of_i2c_restartWrite                   text52       00C0C
__end_of_i2c_setAddressNACKCallback         text12       00D62
__end_of_i2c_setBuffer                      text56       00DDD
__end_of_i2c_setDataCompleteCallback        text54       00D48
__end_of_i2c_writeNBytes                    text11       01000
__end_of_initializeDisplay                  text6        003E9
__end_of_main                               maintext     0038A
__end_of_mssp_IRQisEnabled                  text19       00CBA
__end_of_mssp_clearIRQ                      text63       00BA0
__end_of_mssp_disableIRQ                    text62       00BA3
__end_of_mssp_setIRQ                        text39       00BB5
__end_of_mssp_waitForEvent                  text21       00CE5
__end_of_rand                               text3        00540
__end_of_random                             text2        00EBC
__end_of_rd1RegCompleteHandler              text50       00E63
__end_of_rd2RegCompleteHandler              text49       00E7E
__end_of_rdBlkRegCompleteHandler            text48       00EDC
__end_of_returnReset                        text46       00C18
__end_of_returnStop                         text47       00C12
__end_of_reverse                            text66       0071E
__end_of_setCallBack                        text55       00FAE
__end_of_shiftWalls                         text1        00239
__end_of_wr1RegCompleteHandler              text51       00E48
__end_of_wr2RegCompleteHandler              text53       00E2D
__end_of_write                              text8        002B5
__end_of_writeDisplay                       text10       00445
__end_of_writeWord                          text9        001B4
__end_ofi1_do_I2C_DO_ACK                    text81       00BD1
__end_ofi1_do_I2C_DO_ADDRESS_NACK           text78       00F41
__end_ofi1_do_I2C_DO_NACK_RESTART           text79       00BD9
__end_ofi1_do_I2C_DO_NACK_STOP              text80       00BD5
__end_ofi1_do_I2C_IDLE                      text89       00BEF
__end_ofi1_do_I2C_RCEN                      text82       00C00
__end_ofi1_do_I2C_RESET                     text90       00C31
__end_ofi1_do_I2C_RX                        text76       006E7
__end_ofi1_do_I2C_SEND_ADR_READ             text84       00C40
__end_ofi1_do_I2C_SEND_ADR_WRITE            text83       00C38
__end_ofi1_do_I2C_SEND_RESTART              text86       00BC9
__end_ofi1_do_I2C_SEND_RESTART_READ         text88       00BC1
__end_ofi1_do_I2C_SEND_RESTART_WRITE        text87       00BC5
__end_ofi1_do_I2C_SEND_STOP                 text85       00BCD
__end_ofi1_do_I2C_TX                        text77       005DB
__end_ofi1_do_I2C_TX_EMPTY                  text91       00FD7
__end_ofi1_i2c_ISR                          text74       00F1E
__end_ofi1_i2c_driver_TXData                text94       00BEA
__end_ofi1_i2c_driver_getRXData             text95       00B97
__end_ofi1_i2c_driver_isNACK                text93       00D08
__end_ofi1_i2c_driver_resetBus              text97       00B80
__end_ofi1_i2c_driver_restart               text111      00B8E
__end_ofi1_i2c_driver_sendACK               text112      00BB9
__end_ofi1_i2c_driver_sendNACK              text96       00BBD
__end_ofi1_i2c_driver_startRX               text98       00B94
__end_ofi1_i2c_driver_stop                  text110      00B91
__end_ofi1_i2c_restartWrite                 text99       00004
__end_ofi1_i2c_setBuffer                    text109      00D3B
__end_ofi1_i2c_setDataCompleteCallback      text107      00CFC
__end_ofi1_mssp_clearIRQ                    text75       00B9D
__end_ofi1_mssp_setIRQ                      text92       00B9A
__end_ofi1_rd1RegCompleteHandler            text104      00DB3
__end_ofi1_rd2RegCompleteHandler            text103      00DC8
__end_ofi1_rdBlkRegCompleteHandler          text102      00DF7
__end_ofi1_returnReset                      text100      00B85
__end_ofi1_returnStop                       text101      00B83
__end_ofi1_setCallBack                      text108      00F65
__end_ofi1_wr1RegCompleteHandler            text105      00D9E
__end_ofi1_wr2RegCompleteHandler            text106      00D89
__initialization                            cinit        00032
__pbssBANK0                                 bssBANK0     00068
__pbssBANK1                                 bssBANK1     000A0
__pbssBANK2                                 bssBANK2     00160
__pbssBANK3                                 bssBANK3     001C0
__pcstackBANK0                              cstackBANK0  00020
__pcstackCOMMON                             cstackCOMMON 00070
__pdataBANK1                                dataBANK1    000E2
__pdataBANK2                                dataBANK2    00120
__pdataBANK3                                dataBANK3    001A0
__pidataBANK1                               idataBANK1   00BEF
__pidataBANK2                               idataBANK2   00668
__pidataBANK3                               idataBANK3   00EDC
__pintentry                                 intentry     00004
__pmaintext                                 maintext     00321
__pnvBANK1                                  nvBANK1      000E7
__ptext1                                    text1        001B4
__ptext10                                   text10       003E9
__ptext100                                  text100      00B83
__ptext101                                  text101      00B81
__ptext102                                  text102      00DDD
__ptext103                                  text103      00DB3
__ptext104                                  text104      00D9E
__ptext105                                  text105      00D89
__ptext106                                  text106      00D74
__ptext107                                  text107      00CF0
__ptext108                                  text108      00F41
__ptext109                                  text109      00D2E
__ptext11                                   text11       00FD7
__ptext110                                  text110      00B8E
__ptext111                                  text111      00B8B
__ptext112                                  text112      00BB5
__ptext113                                  text113      00B88
__ptext114                                  text114      00B85
__ptext115                                  text115      00BF4
__ptext116                                  text116      00D21
__ptext117                                  text117      00B7E
__ptext118                                  text118      00D14
__ptext12                                   text12       00D55
__ptext13                                   text13       00540
__ptext14                                   text14       00C93
__ptext15                                   text15       00C8A
__ptext16                                   text16       00CBA
__ptext17                                   text17       00BE1
__ptext18                                   text18       00F65
__ptext19                                   text19       00CB0
__ptext2                                    text2        00E9D
__ptext20                                   text20       00CE5
__ptext21                                   text21       00CDA
__ptext22                                   text22       007DA
__ptext23                                   text23       005DB
__ptext24                                   text24       00445
__ptext25                                   text25       007B0
__ptext26                                   text26       00C70
__ptext27                                   text27       00C68
__ptext28                                   text28       00C60
__ptext29                                   text29       00CA6
__ptext3                                    text3        004EF
__ptext30                                   text30       00CCF
__ptext31                                   text31       00D08
__ptext32                                   text32       00C58
__ptext33                                   text33       00C50
__ptext34                                   text34       00C48
__ptext35                                   text35       00C40
__ptext36                                   text36       00C81
__ptext37                                   text37       00CC4
__ptext38                                   text38       00782
__ptext39                                   text39       00BB2
__ptext4                                    text4        00752
__ptext40                                   text40       00D48
__ptext41                                   text41       00C18
__ptext42                                   text42       00BAF
__ptext43                                   text43       00BDD
__ptext44                                   text44       00B80
__ptext45                                   text45       00BAC
__ptext46                                   text46       00C12
__ptext47                                   text47       00C0C
__ptext48                                   text48       00EBC
__ptext49                                   text49       00E63
__ptext5                                    text5        00622
__ptext50                                   text50       00E48
__ptext51                                   text51       00E2D
__ptext52                                   text52       00C06
__ptext53                                   text53       00E12
__ptext54                                   text54       00D3B
__ptext55                                   text55       00F89
__ptext56                                   text56       00DC8
__ptext57                                   text57       00BA9
__ptext58                                   text58       00BA6
__ptext59                                   text59       00BD9
__ptext6                                    text6        0038A
__ptext60                                   text60       00BA3
__ptext61                                   text61       00DF7
__ptext62                                   text62       00BA0
__ptext63                                   text63       00B9D
__ptext64                                   text64       0049D
__ptext65                                   text65       00E7E
__ptext66                                   text66       006E7
__ptext67                                   text67       00D62
__ptext68                                   text68       00076
__ptext69                                   text69       00C00
__ptext7                                    text7        002B5
__ptext70                                   text70       0071E
__ptext71                                   text71       00C78
__ptext72                                   text72       00C9C
__ptext74                                   text74       00EFC
__ptext75                                   text75       00B9A
__ptext76                                   text76       006A8
__ptext77                                   text77       0058E
__ptext78                                   text78       00F1E
__ptext79                                   text79       00BD5
__ptext8                                    text8        00239
__ptext80                                   text80       00BD1
__ptext81                                   text81       00BCD
__ptext82                                   text82       00BFA
__ptext83                                   text83       00C31
__ptext84                                   text84       00C38
__ptext85                                   text85       00BC9
__ptext86                                   text86       00BC5
__ptext87                                   text87       00BC1
__ptext88                                   text88       00BBD
__ptext89                                   text89       00BEA
__ptext9                                    text9        0012C
__ptext90                                   text90       00C2A
__ptext91                                   text91       00FAE
__ptext92                                   text92       00B97
__ptext93                                   text93       00CFC
__ptext94                                   text94       00BE5
__ptext95                                   text95       00B94
__ptext96                                   text96       00BB9
__ptext97                                   text97       00B7F
__ptext98                                   text98       00B91
__ptext99                                   text99       00002
__size_of_INTERRUPT_InterruptManager        (abs)        00000
__size_of_IOCCF4_DefaultInterruptHandler    (abs)        00000
[...]
      Params:         4       0       0       0       0       0       0       0       0       0       0       0       0       0
      Locals:         0       0       0       0       0       0       0       0       0       0       0       0       0       0
      Temps:          0       0       0       0       0       0       0       0       0       0       0       0       0       0
      Totals:         4       0       0       0       0       0       0       0       0       0       0       0       0       0
Total ram usage:        4 bytes
 Hardware stack levels used:    1
 This function calls:
		Nothing
 This function is called by:
		i1_wr1RegCompleteHandler
		i1_rd1RegCompleteHandler
		i1_rd2RegCompleteHandler
		i1_wr2RegCompleteHandler
		i1_rdBlkRegCompleteHandler
 This function uses a non-reentrant model


 *************** function i1_i2c_driver_stop *****************
 Defined at:
		line 156 in file "mcc_generated_files/i2c_driver.c"
 Parameters:    Size  Location     Type
		None
 Auto vars:     Size  Location     Type
		None
 Return value:  Size  Location     Type
                  1    wreg      void 
 Registers used:
		None
 Tracked objects:
		On entry : 
		On exit  : 
		Unchanged: 
 Data sizes:     COMMON   BANK0   BANK1   BANK2   BANK3   BANK4   BANK5   BANK6   BANK7   BANK8   BANK9  BANK10  BANK11  BANK12
      Params:         0       0       0       0       0       0       0       0       0       0       0       0       0       0
      Locals:         0       0       0       0       0       0       0       0       0       0       0       0       0       0
      Temps:          0       0       0       0       0       0       0       0       0       0       0       0       0       0
      Totals:         0       0       0       0       0       0       0       0       0       0       0       0       0       0
Total ram usage:        0 bytes
 Hardware stack levels used:    1
 This function calls:
		Nothing
 This function is called by:
		i1_do_I2C_SEND_STOP
 This function uses a non-reentrant model


 *************** function i1_i2c_driver_restart *****************
 Defined at:
		line 151 in file "mcc_generated_files/i2c_driver.c"
 Parameters:    Size  Location     Type
		None
 Auto vars:     Size  Location     Type
		None
 Return value:  Size  Location     Type
                  1    wreg      void 
 Registers used:
		None
 Tracked objects:
		On entry : 
		On exit  : 
		Unchanged: 
 Data sizes:     COMMON   BANK0   BANK1   BANK2   BANK3   BANK4   BANK5   BANK6   BANK7   BANK8   BANK9  BANK10  BANK11  BANK12
      Params:         0       0       0       0       0       0       0       0       0       0       0       0       0       0
      Locals:         0       0       0       0       0       0       0       0       0       0       0       0       0       0
      Temps:          0       0       0       0       0       0       0       0       0       0       0       0       0       0
      Totals:         0       0       0       0       0       0       0       0       0       0       0       0       0       0
Total ram usage:        0 bytes
 Hardware stack levels used:    1
 This function calls:
		Nothing
 This function is called by:
		i1_do_I2C_SEND_RESTART_READ
		i1_do_I2C_SEND_RESTART_WRITE
		i1_do_I2C_SEND_RESTART
 This function uses a non-reentrant model


 *************** function i1_i2c_driver_sendACK *****************
 Defined at:
		line 196 in file "mcc_generated_files/i2c_driver.c"
 Parameters:    Size  Location     Type
		None
 Auto vars:     Size  Location     Type
		None
 Return value:  Size  Location     Type
                  1    wreg      void 
 Registers used:
		None
 Tracked objects:
		On entry : 
		On exit  : 
		Unchanged: 
 Data sizes:     COMMON   BANK0   BANK1   BANK2   BANK3   BANK4   BANK5   BANK6   BANK7   BANK8   BANK9  BANK10  BANK11  BANK12
      Params:         0       0       0       0       0       0       0       0       0       0       0       0       0       0
      Locals:         0       0       0       0       0       0       0       0       0       0       0       0       0       0
      Temps:          0       0       0       0       0       0       0       0       0       0       0       0       0       0
      Totals:         0       0       0       0       0       0       0       0       0       0       0       0       0       0
Total ram usage:        0 bytes
 Hardware stack levels used:    1
 This function calls:
		Nothing
 This function is called by:
		i1_do_I2C_DO_ACK
		i1_do_I2C_RX
 This function uses a non-reentrant model


 *************** function _i2c_busCollisionISR *****************
 Defined at:
		line 435 in file "mcc_generated_files/drivers/i2c_master.c"
 Parameters:    Size  Location     Type
		None
 Auto vars:     Size  Location     Type
		None
 Return value:  Size  Location     Type
                  1    wreg      void 
 Registers used:
		status,2, status,0, pclath, cstack
 Tracked objects:
		On entry : 
		On exit  : 
		Unchanged: 
 Data sizes:     COMMON   BANK0   BANK1   BANK2   BANK3   BANK4   BANK5   BANK6   BANK7   BANK8   BANK9  BANK10  BANK11  BANK12
      Params:         0       0       0       0       0       0       0       0       0       0       0       0       0       0
      Locals:         0       0       0       0       0       0       0       0       0       0       0       0       0       0
      Temps:          0       0       0       0       0       0       0       0       0       0       0       0       0       0
      Totals:         0       0       0       0       0       0       0       0       0       0       0       0       0       0
Total ram usage:        0 bytes
 Hardware stack levels used:    1
 Hardware stack levels required when called:    1
 This function calls:
		_i2c_driver_clearBusCollision
 This function is called by:
		_i2c_open
		_INTERRUPT_InterruptManager
 This function uses a non-reentrant model


 *************** function _i2c_driver_clearBusCollision *****************
 Defined at:
		line 253 in file "mcc_generated_files/i2c_driver.c"
 Parameters:    Size  Location     Type
		None
 Auto vars:     Size  Location     Type
		None
 Return value:  Size  Location     Type
                  1    wreg      void 
 Registers used:
		None
 Tracked objects:
		On entry : 
		On exit  : 
		Unchanged: 
 Data sizes:     COMMON   BANK0   BANK1   BANK2   BANK3   BANK4   BANK5   BANK6   BANK7   BANK8   BANK9  BANK10  BANK11  BANK12
      Params:         0       0       0       0       0       0       0       0       0       0       0       0       0       0
      Locals:         0       0       0       0       0       0       0       0       0       0       0       0       0       0
      Temps:          0       0       0       0       0       0       0       0       0       0       0       0       0       0
      Totals:         0       0       0       0       0       0       0       0       0       0       0       0       0       0
Total ram usage:        0 bytes
 Hardware stack levels used:    1
 This function calls:
		Nothing
 This function is called by:
		_i2c_busCollisionISR
 This function uses a non-reentrant model


 *************** function _PIN_MANAGER_IOC *****************
 Defined at:
		line 117 in file "mcc_generated_files/pin_manager.c"
 Parameters:    Size  Location     Type
		None
 Auto vars:     Size  Location     Type
		None
 Return value:  Size  Location     Type
                  1    wreg      void 
 Registers used:
		wreg, status,2, status,0, pclath, cstack
 Tracked objects:
		On entry : 
		On exit  : 
		Unchanged: 
 Data sizes:     COMMON   BANK0   BANK1   BANK2   BANK3   BANK4   BANK5   BANK6   BANK7   BANK8   BANK9  BANK10  BANK11  BANK12
      Params:         0       0       0       0       0       0       0       0       0       0       0       0       0       0
      Locals:         0       0       0       0       0       0       0       0       0       0       0       0       0       0
      Temps:          0       0       0       0       0       0       0       0       0       0       0       0       0       0
      Totals:         0       0       0       0       0       0       0       0       0       0       0       0       0       0
Total ram usage:        0 bytes
 Hardware stack levels used:    1
 Hardware stack levels required when called:    2
 This function calls:
		_IOCCF4_ISR
 This function is called by:
		_INTERRUPT_InterruptManager
 This function uses a non-reentrant model


 *************** function _IOCCF4_ISR *****************
 Defined at:
		line 131 in file "mcc_generated_files/pin_manager.c"
 Parameters:    Size  Location     Type
		None
 Auto vars:     Size  Location     Type
		None
 Return value:  Size  Location     Type
                  1    wreg      void 
 Registers used:
		wreg, status,2, status,0, pclath, cstack
 Tracked objects:
		On entry : 
		On exit  : 
		Unchanged: 
 Data sizes:     COMMON   BANK0   BANK1   BANK2   BANK3   BANK4   BANK5   BANK6   BANK7   BANK8   BANK9  BANK10  BANK11  BANK12
      Params:         0       0       0       0       0       0       0       0       0       0       0       0       0       0
      Locals:         0       0       0       0       0       0       0       0       0       0       0       0       0       0
      Temps:          0       0       0       0       0       0       0       0       0       0       0       0       0       0
      Totals:         0       0       0       0       0       0       0       0       0       0       0       0       0       0
Total ram usage:        0 bytes
 Hardware stack levels used:    1
 Hardware stack levels required when called:    1
 This function calls:
		Absolute function
		_IOCCF4_DefaultInterruptHandler
		_buttonInterrupt
 This function is called by:
		_PIN_MANAGER_IOC
 This function uses a non-reentrant model


 *************** function _IOCCF4_DefaultInterruptHandler *****************
 Defined at:
		line 153 in file "mcc_generated_files/pin_manager.c"
 Parameters:    Size  Location     Type
		None
 Auto vars:     Size  Location     Type
		None
 Return value:  Size  Location     Type
                  1    wreg      void 
 Registers used:
		None
 Tracked objects:
		On entry : 
		On exit  : 
		Unchanged: 
 Data sizes:     COMMON   BANK0   BANK1   BANK2   BANK3   BANK4   BANK5   BANK6   BANK7   BANK8   BANK9  BANK10  BANK11  BANK12
      Params:         0       0       0       0       0       0       0       0       0       0       0       0       0       0
      Locals:         0       0       0       0       0       0       0       0       0       0       0       0       0       0
      Temps:          0       0       0       0       0       0       0       0       0       0       0       0       0       0
      Totals:         0       0       0       0       0       0       0       0       0       0       0       0       0       0
Total ram usage:        0 bytes
 Hardware stack levels used:    1
 This function calls:
		Nothing
 This function is called by:
		_PIN_MANAGER_Initialize
		_IOCCF4_ISR
 This function uses a non-reentrant model


 *************** function _buttonInterrupt *****************
 Defined at:
		line 261 in file "main.c"
 Parameters:    Size  Location     Type
		None
 Auto vars:     Size  Location     Type
		None
 Return value:  Size  Location     Type
                  1    wreg      void 
 Registers used:
		wreg, status,2, status,0
 Tracked objects:
		On entry : 
		On exit  : 
		Unchanged: 
 Data sizes:     COMMON   BANK0   BANK1   BANK2   BANK3   BANK4   BANK5   BANK6   BANK7   BANK8   BANK9  BANK10  BANK11  BANK12
      Params:         0       0       0       0       0       0       0       0       0       0       0       0       0       0
      Locals:         0       0       0       0       0       0       0       0       0       0       0       0       0       0
      Temps:          1       0       0       0       0       0       0       0       0       0       0       0       0       0
      Totals:         1       0       0       0       0       0       0       0       0       0       0       0       0       0
Total ram usage:        1 bytes
 Hardware stack levels used:    1
 This function calls:
		Nothing
 This function is called by:
		_main
		_IOCCF4_ISR
 This function uses a non-reentrant model



MODULE INFORMATION

Module		Function		Class		Link	Load	Size
mcc_generated_files/interrupt_manager.c
		_INTERRUPT_InterruptManager		CODE           	0004	0000	45

mcc_generated_files/interrupt_manager.c estimated size: 45

mcc_generated_files/pin_manager.c
		_PIN_MANAGER_Initialize		CODE           	071E	0000	53
		_IOCCF4_DefaultInterruptHandler		CODE           	0B7E	0000	2
		_IOCCF4_ISR    		CODE           	0D21	0000	14
		_PIN_MANAGER_IOC		CODE           	0BF4	0000	7
		_IOCCF4_SetInterruptHandler		CODE           	0C78	0000	10

mcc_generated_files/pin_manager.c estimated size: 86

C:\Program Files (x86)\Microchip\xc8\v1.45\sources\common\awmod.c
		___awmod       		CODE           	0622	0000	71

C:\Program Files (x86)\Microchip\xc8\v1.45\sources\common\awmod.c estimated size: 71

mcc_generated_files/i2c_driver.c
		_i2c_driver_clearBusCollision		CODE           	0B85	0000	4
		_mssp_clearIRQ 		CODE           	0B9D	0000	4
		_i2c_driver_setBusCollisionISR		CODE           	0C8A	0000	10
		_i2c_driver_restart		CODE           	0BA6	0000	4
		_mssp_IRQisEnabled		CODE           	0CB0	0000	11
		_i2c_driver_startRX		CODE           	0BAC	0000	4
		_i2c_driver_setI2cISR		CODE           	0C93	0000	10
		_i2c_driver_getRXData		CODE           	0BAF	0000	4
		_i2c_driver_TXData		CODE           	0C18	0000	7
		_i2c_driver_start		CODE           	0BA3	0000	4
		_i2c_driver_sendACK		CODE           	0BD9	0000	5
		_mssp_waitForEvent		CODE           	0CDA	0000	12
		_i2c_driver_sendNACK		CODE           	0BDD	0000	5
		_mssp_setIRQ   		CODE           	0BB2	0000	4
		_i2c_driver_resetBus		CODE           	0B80	0000	2
		_mssp_disableIRQ		CODE           	0BA0	0000	4
		_i2c_driver_open		CODE           	0CBA	0000	11
		_i2c_driver_isNACK		CODE           	0D48	0000	14
		_i2c_driver_stop		CODE           	0BA9	0000	4

mcc_generated_files/i2c_driver.c estimated size: 123

mcc_generated_files/drivers/i2c_simple_master.c
		_wr1RegCompleteHandler		CODE           	0E2D	0000	28
		_wr2RegCompleteHandler		CODE           	0E12	0000	28
		_i2c_writeNBytes		CODE           	0FD7	0000	42
		_rdBlkRegCompleteHandler		CODE           	0EBC	0000	33
		_rd1RegCompleteHandler		CODE           	0E48	0000	28
		_rd2RegCompleteHandler		CODE           	0E63	0000	28

mcc_generated_files/drivers/i2c_simple_master.c estimated size: 187

C:\Program Files (x86)\Microchip\xc8\v1.45\sources\common\Umul32.c
		___lmul        		CODE           	0752	0000	49

C:\Program Files (x86)\Microchip\xc8\v1.45\sources\common\Umul32.c estimated size: 49

C:\Program Files (x86)\Microchip\xc8\v1.45\sources\common\rand.c
		_rand          		CODE           	04EF	0000	82

C:\Program Files (x86)\Microchip\xc8\v1.45\sources\common\rand.c estimated size: 82

shared
		i1_mssp_setIRQ 		CODE           	0B97	0000	4
		i1_returnReset 		CODE           	0B83	0000	3
		i1_do_I2C_SEND_ADR_READ		CODE           	0C38	0000	9
		i1_do_I2C_DO_NACK_STOP		CODE           	0BD1	0000	5
		i1_setCallBack 		CODE           	0F41	0000	37
		i1_do_I2C_SEND_RESTART		CODE           	0BC5	0000	5
		i1_i2c_restartWrite		CODE           	0002	0000	3
		i1_do_I2C_TX_EMPTY		CODE           	0FAE	0000	42
		i1_do_I2C_DO_NACK_RESTART		CODE           	0BD5	0000	5
		i1_do_I2C_SEND_RESTART_READ		CODE           	0BBD	0000	5
		i1_do_I2C_DO_ADDRESS_NACK		CODE           	0F1E	0000	36
		i1_i2c_driver_sendNACK		CODE           	0BB9	0000	5
		i1_mssp_clearIRQ		CODE           	0B9A	0000	4
		i1_i2c_driver_isNACK		CODE           	0CFC	0000	13
		i1_rd1RegCompleteHandler		CODE           	0D9E	0000	22
		i1_i2c_driver_restart		CODE           	0B8B	0000	4
		i1_i2c_driver_stop		CODE           	0B8E	0000	4
		i1_do_I2C_RX   		CODE           	06A8	0000	64
		i1_do_I2C_TX   		CODE           	058E	0000	78
		i1_i2c_ISR     		CODE           	0EFC	0000	35
		i1_i2c_driver_resetBus		CODE           	0B7F	0000	2
		i1_do_I2C_IDLE 		CODE           	0BEA	0000	6
		i1_do_I2C_RCEN 		CODE           	0BFA	0000	7
		__initialization		CODE           	0032	0000	65
		i1_i2c_driver_getRXData		CODE           	0B94	0000	4
		i1_rd2RegCompleteHandler		CODE           	0DB3	0000	22
		i1_i2c_driver_TXData		CODE           	0BE5	0000	6
		i1_i2c_setDataCompleteCallback		CODE           	0CF0	0000	13
		i1_do_I2C_RESET		CODE           	0C2A	0000	8
		i1_do_I2C_SEND_RESTART_WRITE		CODE           	0BC1	0000	5
		i1_do_I2C_DO_ACK		CODE           	0BCD	0000	5
		i1_do_I2C_SEND_ADR_WRITE		CODE           	0C31	0000	8
		i1_wr1RegCompleteHandler		CODE           	0D89	0000	22
		i1_do_I2C_SEND_STOP		CODE           	0BC9	0000	5
		i1_i2c_setBuffer		CODE           	0D2E	0000	14
		i1_rdBlkRegCompleteHandler		CODE           	0DDD	0000	27
		i1_i2c_driver_startRX		CODE           	0B91	0000	4
		i1_i2c_driver_sendACK		CODE           	0BB5	0000	5
		i1_wr2RegCompleteHandler		CODE           	0D74	0000	22
		i1_returnStop  		CODE           	0B81	0000	3

shared estimated size: 636

mcc_generated_files/mcc.c
		_OSCILLATOR_Initialize		CODE           	0C9C	0000	11
		_SYSTEM_Initialize		CODE           	0C00	0000	7

mcc_generated_files/mcc.c estimated size: 18

mcc_generated_files/drivers/i2c_master.c
		_i2c_setDataCompleteCallback		CODE           	0D3B	0000	14
		_returnStop    		CODE           	0C0C	0000	7
		_i2c_setBuffer 		CODE           	0DC8	0000	22
		_i2c_busCollisionISR		CODE           	0B88	0000	4
		_i2c_ISR       		CODE           	07DA	0000	39
		_i2c_close     		CODE           	0DF7	0000	28
		_i2c_masterOperation		CODE           	0F65	0000	37
		_do_I2C_TX_EMPTY		CODE           	0782	0000	47
		_setCallBack   		CODE           	0F89	0000	38
		_returnReset   		CODE           	0C12	0000	7
		_do_I2C_SEND_RESTART_WRITE		CODE           	0C48	0000	9
		_i2c_poller    		CODE           	0CE5	0000	12
		_i2c_masterWrite		CODE           	0BE1	0000	5
		_do_I2C_DO_NACK_RESTART		CODE           	0C70	0000	9
		_do_I2C_SEND_RESTART_READ		CODE           	0C40	0000	9
		_i2c_setAddressNACKCallback		CODE           	0D55	0000	14
		_do_I2C_SEND_ADR_WRITE		CODE           	0CCF	0000	12
		_do_I2C_SEND_STOP		CODE           	0C58	0000	9
		_i2c_open      		CODE           	0540	0000	79
		_do_I2C_SEND_ADR_READ		CODE           	0D08	0000	13
		_do_I2C_DO_NACK_STOP		CODE           	0C68	0000	9
		_do_I2C_SEND_RESTART		CODE           	0C50	0000	9
		_do_I2C_RX     		CODE           	05DB	0000	72
		_do_I2C_TX     		CODE           	0445	0000	89
		_do_I2C_IDLE   		CODE           	0C81	0000	10
		_do_I2C_RCEN   		CODE           	0CA6	0000	11
		_do_I2C_DO_ADDRESS_NACK		CODE           	07B0	0000	43
		_do_I2C_RESET  		CODE           	0CC4	0000	12
		_do_I2C_DO_ACK 		CODE           	0C60	0000	9

mcc_generated_files/drivers/i2c_master.c estimated size: 678

mcc_generated_files/drivers/i2c_types.c
		_i2c_restartWrite		CODE           	0C06	0000	7

mcc_generated_files/drivers/i2c_types.c estimated size: 7

C:\Program Files (x86)\Microchip\xc8\v1.45\sources\common\awdiv.c
		___awdiv       		CODE           	049D	0000	83

C:\Program Files (x86)\Microchip\xc8\v1.45\sources\common\awdiv.c estimated size: 83

main.c
		_initializeDisplay		CODE           	038A	0000	96
		_random        		CODE           	0E9D	0000	32
		_main          		CODE           	0321	0000	106
		_writeDisplay  		CODE           	03E9	0000	93
		_buttonInterrupt		CODE           	0D14	0000	14
		_drawPixel     		CODE           	0076	0000	183
		_shiftWalls    		CODE           	01B4	0000	134
		_clearPixels   		CODE           	0D62	0000	19
		_endGame       		CODE           	02B5	0000	109
		_drawWalls     		CODE           	0E7E	0000	32
		_write         		CODE           	0239	0000	125
		_reverse       		CODE           	06E7	0000	56
		_writeWord     		CODE           	012C	0000	137

main.c estimated size: 1136

