Microchip MPLAB XC8 Compiler V1.45 ()

Linker command line:

-W-3 --edf=C:\Program Files (x86)\Microchip\xc8\v1.45\dat\en_msgs.txt -cs \
  -h+dist/default/production\flappy-box-v3.X.production.sym \
  --cmf=dist/default/production\flappy-box-v3.X.production.cmf -z -Q16F1619 \
  -oC:\Users\Zach\AppData\Local\Temp\s3ao.2 \
  -Mdist/default/production/flappy-box-v3.X.production.map -E1 -ver=XC8 \
  -ASTACK=02226h-023efh -pstack=STACK -ACODE=00h-07FFhx4 \
  -ASTRCODE=00h-01FFFh -ASTRING=00h-0FFhx32 -ACONST=00h-0FFhx32 \
  -AENTRY=00h-0FFhx32 -ACOMMON=070h-07Fh -ABANK0=020h-06Fh \
  -ABANK1=0A0h-0EFh -ABANK2=0120h-016Fh -ABANK3=01A0h-01EFh \
  -ABANK4=0220h-026Fh -ABANK5=02A0h-02EFh -ABANK6=0320h-036Fh \
  -ABANK7=03A0h-03EFh -ABANK8=0420h-046Fh -ABANK9=04A0h-04EFh \
  -ABANK10=0520h-056Fh -ABANK11=05A0h-05EFh -ABANK12=0620h-064Fh \
  -ABIGRAM=02000h-023EFh \
  -ARAM=020h-06Fh,0A0h-0EFh,0120h-016Fh,01A0h-01EFh,0220h-026Fh,02A0h-02EFh,0320h-036Fh,03A0h-03EFh,0420h-046Fh,04A0h-04EFh,0520h-056Fh,05A0h-05EFh,0620h-064Fh \
  -AABS1=020h-07Fh,0A0h-0EFh,0120h-016Fh,01A0h-01EFh,0220h-026Fh,02A0h-02EFh,0320h-036Fh,03A0h-03EFh,0420h-046Fh,04A0h-04EFh,0520h-056Fh,05A0h-05EFh,0620h-064Fh \
  -ASFR0=00h-01Fh -ASFR1=080h-09Fh -ASFR2=0100h-011Fh -ASFR3=0180h-019Fh \
  -ASFR4=0200h-021Fh -ASFR5=0280h-029Fh -ASFR6=0300h-031Fh \
  -ASFR7=0380h-039Fh -ASFR8=0400h-041Fh -ASFR9=0480h-049Fh \
  -ASFR10=0500h-051Fh -ASFR11=0580h-059Fh -ASFR12=0600h-061Fh \
  -ASFR13=0680h-06EFh -ASFR14=0700h-076Fh -ASFR15=0780h-07EFh \
  -ASFR16=0800h-086Fh -ASFR17=0880h-08EFh -ASFR18=0900h-096Fh \
  -ASFR19=0980h-09EFh -ASFR20=0A00h-0A6Fh -ASFR21=0A80h-0AEFh \
  -ASFR22=0B00h-0B6Fh -ASFR23=0B80h-0BEFh -ASFR24=0C00h-0C6Fh \
  -ASFR25=0C80h-0CEFh -ASFR26=0D00h-0D6Fh -ASFR27=0D80h-0DEFh \
  -ASFR28=0E00h-0E6Fh -ASFR29=0E80h-0EEFh -ASFR30=0F00h-0F6Fh \
  -ASFR31=0F80h-0FEFh -preset_vec=00h,intentry=04h,init,end_init \
  -ppowerup=CODE -pcinit=CODE -pfunctab=ENTRY -ACONFIG=08007h-08009h \
  -pconfig=CONFIG -DCONFIG=2 -AIDLOC=08000h-08003h -pidloc=IDLOC -DIDLOC=2 \
  -DCODE=2 -DSTRCODE=2 -DSTRING=2 -DCONST=2 -DENTRY=2 -k \
  C:\Users\Zach\AppData\Local\Temp\s3ao.obj \
  dist/default/production\flappy-box-v3.X.production.obj 

Object code version is 3.11

Machine type is 16F1619



                Name                               Link     Load   Length Selector   Space Scale
C:\Users\Zach\AppData\Local\Temp\s3ao.obj
                end_init                             2E       2E        2        8       0
                reset_vec                             0        0        2        0       0
                config                             8007     8007        3    1000E       0
dist/default/production\flappy-box-v3.X.production.obj
                cinit                                30       30       64        8       0
                intentry                              4        4       2A        8       0
                text120                             AD6      AD6        D     15AC       0
                text119                             94A      94A        1     1294       0
                text118                             AE3      AE3        D     15C6       0
                text117                             9BF      9BF        6     137E       0
                text116                             950      950        3     12A0       0
                text115                             953      953        3     12A6       0
                text114                             980      980        4     1300       0
                text113                             956      956        3     12AC       0
                text112                             959      959        3     12B2       0
                text111                             AF0      AF0        D     15E0       0
                text110                             D05      D05       24     1A0A       0
                text109                             AB2      AB2        C     1564       0
                text108                             B37      B37       15     166E       0
                text107                             B4C      B4C       15     1698       0
                text106                             B61      B61       15     16C2       0
                text105                             B76      B76       15     16EC       0
                text104                             BA0      BA0       1A     1740       0
                text103                             94E      94E        2     129C       0
                text102                               2        2        2        0       0
                text101                             7FE      7FE        2        8       0
                text100                             95C      95C        3     12B8       0
                text99                              94B      94B        1     1296       0
                text98                              984      984        4     1308       0
                text97                              95F      95F        3     12BE       0
                text96                              9B0      9B0        5     1360       0
                text95                              ABE      ABE        C     157C       0
                text94                              962      962        3     12C4       0
                text93                              D98      D98       29     1B30       0
                text92                              A07      A07        7     140E       0
                text91                              9B5      9B5        5     136A       0
                text90                              988      988        4     1310       0
                text89                              98C      98C        4     1318       0
                text88                              990      990        4     1320       0
                text87                              994      994        4     1328       0
                text86                              A15      A15        8     142A       0
                text85                              A0E      A0E        7     141C       0
                text84                              9C5      9C5        6     138A       0
                text83                              998      998        4     1330       0
                text82                              99C      99C        4     1338       0
                text81                              9A0      9A0        4     1340       0
                text80                              CE2      CE2       23     19C4       0
                text79                              740      740       4D        8       0
                text78                              F7B      F7B       3F     1EF6       0
                text77                              965      965        3     12CA       0
                text76                              CC0      CC0       22     1980       0
                text74                              A5E      A5E        A     14BC       0
                text73                              9CB      9CB        6     1396       0
                text72                              E9F      E9F       34     1D3E       0
                text71                              9D1      9D1        6     13A2       0
                text70                              221      221       BC        8       0
                text69                              ED3      ED3       35     1DA6       0
                text68                              E14      E14       2D     1C28       0
                text67                              B24      B24       13     1648       0
                text66                              F08      F08       37     1E10       0
                text65                              5FC      5FC       54        8       0
                text64                              650      650       52        8       0
                text63                              968      968        3     12D0       0
                text62                              96B      96B        3     12D6       0
                text61                              BBA      BBA       1B     1774       0
                text60                              96E      96E        3     12DC       0
                text59                              9A4      9A4        4     1348       0
                text58                              971      971        3     12E2       0
                text57                              974      974        3     12E8       0
                text56                              B8B      B8B       15     1716       0
                text55                              D4D      D4D       25     1A9A       0
                text54                              AFD      AFD        D     15FA       0
                text53                              BD5      BD5       1B     17AA       0
                text52                              9D7      9D7        6     13AE       0
                text51                              BF0      BF0       1B     17E0       0
                text50                              C0B      C0B       1B     1816       0
                text49                              C26      C26       1B     184C       0
                text48                              C60      C60       20     18C0       0
                text47                              9DD      9DD        6     13BA       0
                text46                              9E3      9E3        6     13C6       0
                text45                              977      977        3     12EE       0
                text44                              94C      94C        1     1298       0
                text43                              9A8      9A8        4     1350       0
                text42                              97A      97A        3     12F4       0
                text41                              9E9      9E9        6     13D2       0
                text40                              B0A      B0A        D     1614       0
                text39                              97D      97D        3     12FA       0
                text38                              E41      E41       2E     1C82       0
                text37                              A86      A86        B     150C       0
                text36                              A55      A55        9     14AA       0
                text35                              A1D      A1D        8     143A       0
                text34                              A25      A25        8     144A       0
                text33                              A2D      A2D        8     145A       0
                text32                              A35      A35        8     146A       0
                text31                              ACA      ACA        C     1594       0
                text30                              A91      A91        B     1522       0
                text29                              A68      A68        A     14D0       0
                text28                              A3D      A3D        8     147A       0
                text27                              A45      A45        8     148A       0
                text26                              A4D      A4D        8     149A       0
                text25                              DEA      DEA       2A     1BD4       0
                text24                              5A4      5A4       58        8       0
                text23                              78D      78D       47        8       0
                text22                              D72      D72       26     1AE4       0
                text21                              A9C      A9C        B     1538       0
                text20                              AA7      AA7        B     154E       0
                text19                              A72      A72        A     14E4       0
                text18                              D29      D29       24     1A52       0
                text17                              9AC      9AC        4     1358       0
                text16                              A7C      A7C        A     14F8       0
                text15                              9EF      9EF        6     13DE       0
                text14                              9F5      9F5        6     13EA       0
                text13                              6F2      6F2       4E        8       0
                text12                              B17      B17        D     162E       0
                text11                              DC1      DC1       29     1B82       0
                text10                              546      546       5E        8       0
                text9                               2DD      2DD       AC        8       0
                text8                                94       94      18D        8       0
                text7                               410      410       71        8       0
                text6                               4E5      4E5       61        8       0
                text5                               FBA      FBA       46     1F74       0
                text4                               E6F      E6F       30     1CDE       0
                text3                               F3F      F3F       3C     1E7E       0
                text2                               C41      C41       1F     1882       0
                text1                               389      389       87        8       0
                maintext                            481      481       64        8       0
                cstackBANK0                          20       20       39       20       1
                cstackCOMMON                         70       70        E       70       1
                cstackBANK6                         320      320       46      320       1
                clrtext                             9FB      9FB        6     13F6       0
                inittext                            A01      A01        6     1402       0
                dataBANK5                           2A0      2A0       20      2A0       1
                dataBANK4                           220      220       50      220       1
                dataBANK3                           1A0      1A0       2A      1A0       1
                bssBANK3                            1CA      1CA       19      1A0       1
                dataBANK2                           140      140       20      120       1
                bssBANK2                            120      120       20      120       1
                dataBANK1                            C3       C3        1       A0       1
                bssBANK1                             A0       A0       23       A0       1
                dataBANK0                            65       65        5       20       1
                bssBANK0                             59       59        C       20       1
                nvBANK0                              6A       6A        2       20       1
                idataBANK5                          C80      C80       20     1900       0
                idataBANK4                          6A2      6A2       50        8       0
                idataBANK3                          7D4      7D4       2A        8       0
                idataBANK2                          CA0      CA0       20     1940       0
                idataBANK1                          94D      94D        1     129A       0
                idataBANK0                          9BA      9BA        5     1374       0

TOTAL           Name                               Link     Load   Length     Space
        CLASS   STACK          

        CLASS   CODE           
                end_init                             2E       2E        2         0
                cinit                                30       30       64         0
                intentry                              4        4       2A         0
                reset_vec                             0        0        2         0
                text120                             AD6      AD6        D         0
                text119                             94A      94A        1         0
                text118                             AE3      AE3        D         0
                text117                             9BF      9BF        6         0
                text116                             950      950        3         0
                text115                             953      953        3         0
                text114                             980      980        4         0
                text113                             956      956        3         0
                text112                             959      959        3         0
                text111                             AF0      AF0        D         0
                text110                             D05      D05       24         0
                text109                             AB2      AB2        C         0
                text108                             B37      B37       15         0
                text107                             B4C      B4C       15         0
                text106                             B61      B61       15         0
                text105                             B76      B76       15         0
                text104                             BA0      BA0       1A         0
                text103                             94E      94E        2         0
                text102                               2        2        2         0
                text101                             7FE      7FE        2         0
                text100                             95C      95C        3         0
                text99                              94B      94B        1         0
                text98                              984      984        4         0
                text97                              95F      95F        3         0
                text96                              9B0      9B0        5         0
                text95                              ABE      ABE        C         0
                text94                              962      962        3         0
                text93                              D98      D98       29         0
                text92                              A07      A07        7         0
                text91                              9B5      9B5        5         0
                text90                              988      988        4         0
                text89                              98C      98C        4         0
                text88                              990      990        4         0
                text87                              994      994        4         0
                text86                              A15      A15        8         0
                text85                              A0E      A0E        7         0
                text84                              9C5      9C5        6         0
                text83                              998      998        4         0
                text82                              99C      99C        4         0
                text81                              9A0      9A0        4         0
                text80                              CE2      CE2       23         0
                text79                              740      740       4D         0
                text78                              F7B      F7B       3F         0
                text77                              965      965        3         0
                text76                              CC0      CC0       22         0
                text74                              A5E      A5E        A         0
                text73                              9CB      9CB        6         0
                text72                              E9F      E9F       34         0
                text71                              9D1      9D1        6         0
                text70                              221      221       BC         0
                text69                              ED3      ED3       35         0
                text68                              E14      E14       2D         0
                text67                              B24      B24       13         0
                text66                              F08      F08       37         0
                text65                              5FC      5FC       54         0
                text64                              650      650       52         0
                text63                              968      968        3         0
                text62                              96B      96B        3         0
                text61                              BBA      BBA       1B         0
                text60                              96E      96E        3         0
                text59                              9A4      9A4        4         0
                text58                              971      971        3         0
                text57                              974      974        3         0
                text56                              B8B      B8B       15         0
                text55                              D4D      D4D       25         0
                text54                              AFD      AFD        D         0
                text53                              BD5      BD5       1B         0
                text52                              9D7      9D7        6         0
                text51                              BF0      BF0       1B         0
                text50                              C0B      C0B       1B         0
                text49                              C26      C26       1B         0
                text48                              C60      C60       20         0
                text47                              9DD      9DD        6         0
                text46                              9E3      9E3        6         0
                text45                              977      977        3         0
                text44                              94C      94C        1         0
                text43                              9A8      9A8        4         0
                text42                              97A      97A        3         0
                text41                              9E9      9E9        6         0
                text40                              B0A      B0A        D         0
                text39                              97D      97D        3         0
                text38                              E41      E41       2E         0
                text37                              A86      A86        B         0
                text36                              A55      A55        9         0
                text35                              A1D      A1D        8         0
                text34                              A25      A25        8         0
                text33                              A2D      A2D        8         0
                text32                              A35      A35        8         0
                text31                              ACA      ACA        C         0
                text30                              A91      A91        B         0
                text29                              A68      A68        A         0
                text28                              A3D      A3D        8         0
                text27                              A45      A45        8         0
                text26                              A4D      A4D        8         0
                text25                              DEA      DEA       2A         0
                text24                              5A4      5A4       58         0
                text23                              78D      78D       47         0
                text22                              D72      D72       26         0
                text21                              A9C      A9C        B         0
                text20                              AA7      AA7        B         0
                text19                              A72      A72        A         0
                text18                              D29      D29       24         0
                text17                              9AC      9AC        4         0
                text16                              A7C      A7C        A         0
                text15                              9EF      9EF        6         0
                text14                              9F5      9F5        6         0
                text13                              6F2      6F2       4E         0
                text12                              B17      B17        D         0
                text11                              DC1      DC1       29         0
                text10                              546      546       5E         0
                text9                               2DD      2DD       AC         0
                text8                                94       94      18D         0
                text7                               410      410       71         0
                text6                               4E5      4E5       61         0
                text5                               FBA      FBA       46         0
                text4                               E6F      E6F       30         0
                text3                               F3F      F3F       3C         0
                text2                               C41      C41       1F         0
                text1                               389      389       87         0
                maintext                            481      481       64         0
                clrtext                             9FB      9FB        6         0
                inittext                            A01      A01        6         0
                idataBANK5                          C80      C80       20         0
                idataBANK4                          6A2      6A2       50         0
                idataBANK3                          7D4      7D4       2A         0
                idataBANK2                          CA0      CA0       20         0
                idataBANK1                          94D      94D        1         0
                idataBANK0                          9BA      9BA        5         0

        CLASS   STRCODE        

        CLASS   STRING         

        CLASS   CONST          

        CLASS   ENTRY          

        CLASS   COMMON         
                cstackCOMMON                         70       70        E         1

        CLASS   BANK0          
                cstackBANK0                          20       20       39         1
                dataBANK0                            65       65        5         1
                bssBANK0                             59       59        C         1
                nvBANK0                              6A       6A        2         1

        CLASS   BANK1          
                dataBANK1                            C3       C3        1         1
                bssBANK1                             A0       A0       23         1

        CLASS   BANK2          
                dataBANK2                           140      140       20         1
                bssBANK2                            120      120       20         1

        CLASS   BANK3          
                dataBANK3                           1A0      1A0       2A         1
                bssBANK3                            1CA      1CA       19         1

        CLASS   BANK4          
                dataBANK4                           220      220       50         1

        CLASS   BANK5          
                dataBANK5                           2A0      2A0       20         1

        CLASS   BANK6          
                cstackBANK6                         320      320       46         1

        CLASS   BANK7          

        CLASS   BANK8          

        CLASS   BANK9          

        CLASS   BANK10         

        CLASS   BANK11         

        CLASS   BANK12         

        CLASS   BIGRAM         

        CLASS   RAM            

        CLASS   ABS1           
                abs_s1                               7E       7E        2         1

        CLASS   SFR0           

        CLASS   SFR1           

        CLASS   SFR2           

        CLASS   SFR3           

        CLASS   SFR4           

        CLASS   SFR5           

        CLASS   SFR6           

        CLASS   SFR7           

        CLASS   SFR8           

        CLASS   SFR9           

        CLASS   SFR10          

        CLASS   SFR11          

        CLASS   SFR12          

        CLASS   SFR13          

        CLASS   SFR14          

        CLASS   SFR15          

        CLASS   SFR16          

        CLASS   SFR17          

        CLASS   SFR18          

        CLASS   SFR19          

        CLASS   SFR20          

        CLASS   SFR21          

        CLASS   SFR22          

        CLASS   SFR23          

        CLASS   SFR24          

        CLASS   SFR25          

        CLASS   SFR26          

        CLASS   SFR27          

        CLASS   SFR28          

        CLASS   SFR29          

        CLASS   SFR30          

        CLASS   SFR31          

        CLASS   CONFIG         
                config                             8007     8007        3         0

        CLASS   IDLOC          

        CLASS   BANK31         

        CLASS   BANK30         

        CLASS   BANK29         

        CLASS   BANK28         

        CLASS   BANK27         

        CLASS   BANK26         

        CLASS   BANK25         

        CLASS   BANK24         

        CLASS   BANK23         

        CLASS   BANK22         

        CLASS   BANK21         

        CLASS   BANK20         

        CLASS   BANK19         

        CLASS   BANK18         

        CLASS   BANK17         

        CLASS   BANK16         

        CLASS   BANK15         

        CLASS   BANK14         

        CLASS   BANK13         

        CLASS   EEDATA         



SEGMENTS        Name                           Load    Length   Top    Selector   Space  Class     Delta

                reset_vec                      000000  000004  000004         0       0  CODE        2
                intentry                       000004  0007FC  000800         8       0  CODE        2
                cstackBANK0                    000020  00004C  00006C        20       1  BANK0       1
                cstackCOMMON                   000070  00000E  00007E        70       1  COMMON      1
                bssBANK1                       0000A0  000024  0000C4        A0       1  BANK1       1
                bssBANK2                       000120  000040  000160       120       1  BANK2       1
                dataBANK3                      0001A0  000043  0001E3       1A0       1  BANK3       1
                dataBANK4                      000220  000050  000270       220       1  BANK4       1
                dataBANK5                      0002A0  000020  0002C0       2A0       1  BANK5       1
                cstackBANK6                    000320  000046  000366       320       1  BANK6       1
                text119                        00094A  000001  00094B      1294       0  CODE        2
                text99                         00094B  000001  00094C      1296       0  CODE        2
                text44                         00094C  000001  00094D      1298       0  CODE        2
                idataBANK1                     00094D  000001  00094E      129A       0  CODE        2
                text103                        00094E  000002  000950      129C       0  CODE        2
                text116                        000950  000003  000953      12A0       0  CODE        2
                text115                        000953  000003  000956      12A6       0  CODE        2
                text113                        000956  000003  000959      12AC       0  CODE        2
                text112                        000959  000003  00095C      12B2       0  CODE        2
                text100                        00095C  000003  00095F      12B8       0  CODE        2
                text97                         00095F  000003  000962      12BE       0  CODE        2
                text94                         000962  000003  000965      12C4       0  CODE        2
                text77                         000965  000003  000968      12CA       0  CODE        2
                text63                         000968  000003  00096B      12D0       0  CODE        2
                text62                         00096B  000003  00096E      12D6       0  CODE        2
                text60                         00096E  000003  000971      12DC       0  CODE        2
                text58                         000971  000003  000974      12E2       0  CODE        2
                text57                         000974  000003  000977      12E8       0  CODE        2
                text45                         000977  000003  00097A      12EE       0  CODE        2
                text42                         00097A  000003  00097D      12F4       0  CODE        2
                text39                         00097D  000003  000980      12FA       0  CODE        2
                text114                        000980  000004  000984      1300       0  CODE        2
                text98                         000984  000004  000988      1308       0  CODE        2
                text90                         000988  000004  00098C      1310       0  CODE        2
                text89                         00098C  000004  000990      1318       0  CODE        2
                text88                         000990  000004  000994      1320       0  CODE        2
                text87                         000994  000004  000998      1328       0  CODE        2
                text83                         000998  000004  00099C      1330       0  CODE        2
                text82                         00099C  000004  0009A0      1338       0  CODE        2
                text81                         0009A0  000004  0009A4      1340       0  CODE        2
                text59                         0009A4  000004  0009A8      1348       0  CODE        2
                text43                         0009A8  000004  0009AC      1350       0  CODE        2
                text17                         0009AC  000004  0009B0      1358       0  CODE        2
                text96                         0009B0  000005  0009B5      1360       0  CODE        2
                text91                         0009B5  000005  0009BA      136A       0  CODE        2
                idataBANK0                     0009BA  000005  0009BF      1374       0  CODE        2
                text117                        0009BF  000006  0009C5      137E       0  CODE        2
                text84                         0009C5  000006  0009CB      138A       0  CODE        2
                text73                         0009CB  000006  0009D1      1396       0  CODE        2
                text71                         0009D1  000006  0009D7      13A2       0  CODE        2
                text52                         0009D7  000006  0009DD      13AE       0  CODE        2
                text47                         0009DD  000006  0009E3      13BA       0  CODE        2
                text46                         0009E3  000006  0009E9      13C6       0  CODE        2
                text41                         0009E9  000006  0009EF      13D2       0  CODE        2
                text15                         0009EF  000006  0009F5      13DE       0  CODE        2
                text14                         0009F5  000006  0009FB      13EA       0  CODE        2
                clrtext                        0009FB  000006  000A01      13F6       0  CODE        2
                inittext                       000A01  000006  000A07      1402       0  CODE        2
                text92                         000A07  000007  000A0E      140E       0  CODE        2
                text85                         000A0E  000007  000A15      141C       0  CODE        2
                text86                         000A15  000008  000A1D      142A       0  CODE        2
                text35                         000A1D  000008  000A25      143A       0  CODE        2
                text34                         000A25  000008  000A2D      144A       0  CODE        2
                text33                         000A2D  000008  000A35      145A       0  CODE        2
                text32                         000A35  000008  000A3D      146A       0  CODE        2
                text28                         000A3D  000008  000A45      147A       0  CODE        2
                text27                         000A45  000008  000A4D      148A       0  CODE        2
                text26                         000A4D  000008  000A55      149A       0  CODE        2
                text36                         000A55  000009  000A5E      14AA       0  CODE        2
                text74                         000A5E  00000A  000A68      14BC       0  CODE        2
                text29                         000A68  00000A  000A72      14D0       0  CODE        2
                text19                         000A72  00000A  000A7C      14E4       0  CODE        2
                text16                         000A7C  00000A  000A86      14F8       0  CODE        2
                text37                         000A86  00000B  000A91      150C       0  CODE        2
                text30                         000A91  00000B  000A9C      1522       0  CODE        2
                text21                         000A9C  00000B  000AA7      1538       0  CODE        2
                text20                         000AA7  00000B  000AB2      154E       0  CODE        2
                text109                        000AB2  00000C  000ABE      1564       0  CODE        2
                text95                         000ABE  00000C  000ACA      157C       0  CODE        2
                text31                         000ACA  00000C  000AD6      1594       0  CODE        2
                text120                        000AD6  00000D  000AE3      15AC       0  CODE        2
                text118                        000AE3  00000D  000AF0      15C6       0  CODE        2
                text111                        000AF0  00000D  000AFD      15E0       0  CODE        2
                text54                         000AFD  00000D  000B0A      15FA       0  CODE        2
                text40                         000B0A  00000D  000B17      1614       0  CODE        2
                text12                         000B17  00000D  000B24      162E       0  CODE        2
                text67                         000B24  000013  000B37      1648       0  CODE        2
                text108                        000B37  000015  000B4C      166E       0  CODE        2
                text107                        000B4C  000015  000B61      1698       0  CODE        2
                text106                        000B61  000015  000B76      16C2       0  CODE        2
                text105                        000B76  000015  000B8B      16EC       0  CODE        2
                text56                         000B8B  000015  000BA0      1716       0  CODE        2
                text104                        000BA0  00001A  000BBA      1740       0  CODE        2
                text61                         000BBA  00001B  000BD5      1774       0  CODE        2
                text53                         000BD5  00001B  000BF0      17AA       0  CODE        2
                text51                         000BF0  00001B  000C0B      17E0       0  CODE        2
                text50                         000C0B  00001B  000C26      1816       0  CODE        2
                text49                         000C26  00001B  000C41      184C       0  CODE        2
                text2                          000C41  00001F  000C60      1882       0  CODE        2
                text48                         000C60  000020  000C80      18C0       0  CODE        2
                idataBANK5                     000C80  000020  000CA0      1900       0  CODE        2
                idataBANK2                     000CA0  000020  000CC0      1940       0  CODE        2
                text76                         000CC0  000022  000CE2      1980       0  CODE        2
                text80                         000CE2  000023  000D05      19C4       0  CODE        2
                text110                        000D05  000024  000D29      1A0A       0  CODE        2
                text18                         000D29  000024  000D4D      1A52       0  CODE        2
                text55                         000D4D  000025  000D72      1A9A       0  CODE        2
                text22                         000D72  000026  000D98      1AE4       0  CODE        2
                text93                         000D98  000029  000DC1      1B30       0  CODE        2
                text11                         000DC1  000029  000DEA      1B82       0  CODE        2
                text25                         000DEA  00002A  000E14      1BD4       0  CODE        2
                text68                         000E14  00002D  000E41      1C28       0  CODE        2
                text38                         000E41  00002E  000E6F      1C82       0  CODE        2
                text4                          000E6F  000030  000E9F      1CDE       0  CODE        2
                text72                         000E9F  000034  000ED3      1D3E       0  CODE        2
                text69                         000ED3  000035  000F08      1DA6       0  CODE        2
                text66                         000F08  000037  000F3F      1E10       0  CODE        2
                text3                          000F3F  00003C  000F7B      1E7E       0  CODE        2
                text78                         000F7B  00003F  000FBA      1EF6       0  CODE        2
                text5                          000FBA  000046  001000      1F74       0  CODE        2
                config                         008007  000003  00800A     1000E       0  CONFIG      2


UNUSED ADDRESS RANGES

        Name                Unused          Largest block    Delta
        BANK0            0006C-0006F               4           1
        BANK1            000C4-000EF              2C           1
        BANK10           00520-0056F              50           1
        BANK11           005A0-005EF              50           1
        BANK12           00620-0064F              30           1
        BANK2            00160-0016F              10           1
        BANK3            001E3-001EF               D           1
        BANK5            002C0-002EF              30           1
        BANK6            00366-0036F               A           1
        BANK7            003A0-003EF              50           1
        BANK8            00420-0046F              50           1
        BANK9            004A0-004EF              50           1
        BIGRAM           02000-023EF             3F0           1
        CODE             00800-00949             14A           2
                         01000-01FFF             800
        CONST            00800-00949             100           2
                         01000-01FFF             100
        ENTRY            00800-00949             100           2
                         01000-01FFF             100
        IDLOC            08000-08003               4           2
        RAM              0006C-0006F               4           1
                         000C4-000EF              2C
                         00160-0016F              10
                         001E3-001EF               D
                         002C0-002EF              30
                         00366-0036F               A
                         003A0-003EF              50
                         00420-0046F              50
                         004A0-004EF              50
                         00520-0056F              50
                         005A0-005EF              50
                         00620-0064F              30
        SFR0             00000-0001F              20           1
        SFR1             00080-0009F              20           1
        SFR10            00500-0051F              20           1
        SFR11            00580-0059F              20           1
        SFR12            00600-0061F              20           1
        SFR13            00680-006EF              70           1
        SFR14            00700-0076F              70           1
        SFR15            00780-007EF              70           1
        SFR16            00800-0086F              70           1
        SFR17            00880-008EF              70           1
        SFR18            00900-0096F              70           1
        SFR19            00980-009EF              70           1
        SFR2             00100-0011F              20           1
        SFR20            00A00-00A6F              70           1
        SFR21            00A80-00AEF              70           1
        SFR22            00B00-00B6F              70           1
        SFR23            00B80-00BEF              70           1
        SFR24            00C00-00C6F              70           1
        SFR25            00C80-00CEF              70           1
        SFR26            00D00-00D6F              70           1
        SFR27            00D80-00DEF              70           1
        SFR28            00E00-00E6F              70           1
        SFR29            00E80-00EEF              70           1
        SFR3             00180-0019F              20           1
        SFR30            00F00-00F6F              70           1
        SFR31            00F80-00FEF              70           1
        SFR4             00200-0021F              20           1
        SFR5             00280-0029F              20           1
        SFR6             00300-0031F              20           1
        SFR7             00380-0039F              20           1
        SFR8             00400-0041F              20           1
        SFR9             00480-0049F              20           1
        STACK            02226-023EF             1CA           1
        STRCODE          00800-00949             14A           2
                         01000-01FFF            1000
        STRING           00800-00949             100           2
                         01000-01FFF             100

                                  Symbol Table

?___awdiv                                   cstackBANK0  00022
?___awmod                                   cstackBANK0  00035
?___lmul                                    cstackBANK0  00022
?___lwdiv                                   cstackBANK0  00022
?___lwmod                                   cstackBANK0  0002A
?_rand                                      cstackBANK0  0002E
IOCCF4_SetInterruptHandler@InterruptHandler cstackBANK0  00022
_ANSELA                                     (abs)        0018C
_ANSELB                                     (abs)        0018D
_ANSELC                                     (abs)        0018E
_BORCON                                     (abs)        00116
_INTCONbits                                 (abs)        0000B
_INTERRUPT_InterruptManager                 intentry     00004
_IOCCF4_DefaultInterruptHandler             text119      0094A
_IOCCF4_ISR                                 text118      00AE3
_IOCCF4_InterruptHandler                    nvBANK0      0006A
_IOCCF4_SetInterruptHandler                 text73       009CB
_IOCCFbits                                  (abs)        00399
_IOCCNbits                                  (abs)        00398
_IOCCPbits                                  (abs)        00397
_LATA                                       (abs)        0010C
_LATB                                       (abs)        0010D
_LATC                                       (abs)        0010E
_ODCONA                                     (abs)        0028C
_ODCONB                                     (abs)        0028D
_ODCONC                                     (abs)        0028E
_OPTION_REGbits                             (abs)        00095
_OSCCON                                     (abs)        00099
_OSCILLATOR_Initialize                      text74       00A5E
_OSCTUNE                                    (abs)        00098
_PIE1bits                                   (abs)        00090
_PIE2bits                                   (abs)        00091
_PIN_MANAGER_IOC                            text117      009BF
_PIN_MANAGER_Initialize                     text72       00E9F
_PIR1bits                                   (abs)        00010
_PIR2bits                                   (abs)        00011
_PLLR                                       (abs)        004D6
_RB4PPS                                     (abs)        00E9C
_RB6PPS                                     (abs)        00E9E
_SSP1ADD                                    (abs)        00212
_SSP1BUF                                    (abs)        00211
_SSP1CON1                                   (abs)        00215
_SSP1CON1bits                               (abs)        00215
_SSP1CON2                                   (abs)        00216
_SSP1CON2bits                               (abs)        00216
_SSP1MSK                                    (abs)        00213
_SSP1STAT                                   (abs)        00214
_SSP1STATbits                               (abs)        00214
_SSPCLKPPS                                  (abs)        00E20
_SSPDATPPS                                  (abs)        00E21
_SYSTEM_Initialize                          text71       009D1
_TRISA                                      (abs)        0008C
_TRISB                                      (abs)        0008D
_TRISC                                      (abs)        0008E
_WPUA                                       (abs)        0020C
_WPUB                                       (abs)        0020D
_WPUC                                       (abs)        0020E
__CFG_BOREN$ON                              (abs)        00000
__CFG_BORV$LO                               (abs)        00000
__CFG_CLKOUTEN$OFF                          (abs)        00000
__CFG_CP$OFF                                (abs)        00000
__CFG_FCMEN$ON                              (abs)        00000
__CFG_FOSC$INTOSC                           (abs)        00000
__CFG_IESO$ON                               (abs)        00000
__CFG_LPBOR$OFF                             (abs)        00000
__CFG_LVP$ON                                (abs)        00000
__CFG_MCLRE$ON                              (abs)        00000
__CFG_PLLEN$ON                              (abs)        00000
__CFG_PPS1WAY$ON                            (abs)        00000
__CFG_PWRTE$OFF                             (abs)        00000
__CFG_STVREN$ON                             (abs)        00000
__CFG_WDTCCS$SWC                            (abs)        00000
__CFG_WDTCPS$WDTCPS1F                       (abs)        00000
__CFG_WDTCWS$WDTCWSSW                       (abs)        00000
__CFG_WDTE$OFF                              (abs)        00000
__CFG_WRT$OFF                               (abs)        00000
__CFG_ZCD$OFF                               (abs)        00000
__Habs1                                     abs1         00000
__Hbank0                                    bank0        00000
__Hbank1                                    bank1        00000
__Hbank10                                   bank10       00000
__Hbank11                                   bank11       00000
__Hbank12                                   bank12       00000
__Hbank13                                   bank13       00000
__Hbank14                                   bank14       00000
__Hbank15                                   bank15       00000
__Hbank16                                   bank16       00000
__Hbank17                                   bank17       00000
__Hbank18                                   bank18       00000
__Hbank19                                   bank19       00000
__Hbank2                                    bank2        00000
__Hbank20                                   bank20       00000
__Hbank21                                   bank21       00000
__Hbank22                                   bank22       00000
__Hbank23                                   bank23       00000
__Hbank24                                   bank24       00000
__Hbank25                                   bank25       00000
__Hbank26                                   bank26       00000
__Hbank27                                   bank27       00000
__Hbank28                                   bank28       00000
__Hbank29                                   bank29       00000
__Hbank3                                    bank3        00000
__Hbank30                                   bank30       00000
__Hbank31                                   bank31       00000
__Hbank4                                    bank4        00000
__Hbank5                                    bank5        00000
__Hbank6                                    bank6        00000
__Hbank7                                    bank7        00000
__Hbank8                                    bank8        00000
__Hbank9                                    bank9        00000
__Hbigram                                   bigram       00000
__HbssBANK0                                 bssBANK0     00000
__HbssBANK1                                 bssBANK1     00000
__HbssBANK2                                 bssBANK2     00000
__HbssBANK3                                 bssBANK3     00000
__Hcinit                                    cinit        00094
__Hclrtext                                  clrtext      00000
__Hcode                                     code         00000
__Hcommon                                   common       00000
__Hconfig                                   config       0800A
__HcstackBANK0                              cstackBANK0  00000
__HcstackBANK6                              cstackBANK6  00000
__HcstackCOMMON                             cstackCOMMON 00000
__HdataBANK0                                dataBANK0    00000
__HdataBANK1                                dataBANK1    00000
__HdataBANK2                                dataBANK2    00000
__HdataBANK3                                dataBANK3    00000
__HdataBANK4                                dataBANK4    00000
__HdataBANK5                                dataBANK5    00000
__Heeprom_data                              eeprom_data  00000
__Hend_init                                 end_init     00030
__Hfunctab                                  functab      00000
__HidataBANK0                               idataBANK0   00000
__HidataBANK1                               idataBANK1   00000
__HidataBANK2                               idataBANK2   00000
__HidataBANK3                               idataBANK3   00000
__HidataBANK4                               idataBANK4   00000
__HidataBANK5                               idataBANK5   00000
__Hidloc                                    idloc        00000
__Hinit                                     init         0002E
__Hinittext                                 inittext     00000
__Hintentry                                 intentry     0002E
__Hmaintext                                 maintext     00000
__HnvBANK0                                  nvBANK0      00000
__Hpowerup                                  powerup      00000
__Hram                                      ram          00000
__Hreset_vec                                reset_vec    00002
__Hsfr0                                     sfr0         00000
__Hsfr1                                     sfr1         00000
__Hsfr10                                    sfr10        00000
__Hsfr11                                    sfr11        00000
__Hsfr12                                    sfr12        00000
__Hsfr13                                    sfr13        00000
__Hsfr14                                    sfr14        00000
__Hsfr15                                    sfr15        00000
__Hsfr16                                    sfr16        00000
__Hsfr17                                    sfr17        00000
__Hsfr18                                    sfr18        00000
__Hsfr19                                    sfr19        00000
__Hsfr2                                     sfr2         00000
__Hsfr20                                    sfr20        00000
__Hsfr21                                    sfr21        00000
__Hsfr22                                    sfr22        00000
__Hsfr23                                    sfr23        00000
__Hsfr24                                    sfr24        00000
__Hsfr25                                    sfr25        00000
__Hsfr26                                    sfr26        00000
__Hsfr27                                    sfr27        00000
__Hsfr28                                    sfr28        00000
__Hsfr29                                    sfr29        00000
__Hsfr3                                     sfr3         00000
__Hsfr30                                    sfr30        00000
__Hsfr31                                    sfr31        00000
__Hsfr4                                     sfr4         00000
__Hsfr5                                     sfr5         00000
__Hsfr6                                     sfr6         00000
__Hsfr7                                     sfr7         00000
__Hsfr8                                     sfr8         00000
__Hsfr9                                     sfr9         00000
__Hspace_0                                  (abs)        0800A
__Hspace_1                                  (abs)        00366
__Hspace_2                                  (abs)        00000
__Hspace_3                                  (abs)        00000
__Hstack                                    stack        00000
__Hstrings                                  strings      00000
__Htext                                     text         00000
__Labs1                                     abs1         00000
__Lbank0                                    bank0        00000
__Lbank1                                    bank1        00000
__Lbank10                                   bank10       00000
__Lbank11                                   bank11       00000
__Lbank12                                   bank12       00000
__Lbank13                                   bank13       00000
__Lbank14                                   bank14       00000
__Lbank15                                   bank15       00000
__Lbank16                                   bank16       00000
__Lbank17                                   bank17       00000
__Lbank18                                   bank18       00000
__Lbank19                                   bank19       00000
__Lbank2                                    bank2        00000
__Lbank20                                   bank20       00000
__Lbank21                                   bank21       00000
__Lbank22                                   bank22       00000
__Lbank23                                   bank23       00000
__Lbank24                                   bank24       00000
__Lbank25                                   bank25       00000
__Lbank26                                   bank26       00000
__Lbank27                                   bank27       00000
__Lbank28                                   bank28       00000
__Lbank29                                   bank29       00000
__Lbank3                                    bank3        00000
__Lbank30                                   bank30       00000
__Lbank31                                   bank31       00000
__Lbank4                                    bank4        00000
__Lbank5                                    bank5        00000
__Lbank6                                    bank6        00000
__Lbank7                                    bank7        00000
__Lbank8                                    bank8        00000
__Lbank9                                    bank9        00000
__Lbigram                                   bigram       00000
__LbssBANK0                                 bssBANK0     00000
__LbssBANK1                                 bssBANK1     00000
__LbssBANK2                                 bssBANK2     00000
__LbssBANK3                                 bssBANK3     00000
__Lcinit                                    cinit        00030
__Lclrtext                                  clrtext      00000
__Lcode                                     code         00000
__Lcommon                                   common       00000
__Lconfig                                   config       08007
__LcstackBANK0                              cstackBANK0  00000
__LcstackBANK6                              cstackBANK6  00000
__LcstackCOMMON                             cstackCOMMON 00000
__LdataBANK0                                dataBANK0    00000
__LdataBANK1                                dataBANK1    00000
__LdataBANK2                                dataBANK2    00000
__LdataBANK3                                dataBANK3    00000
__LdataBANK4                                dataBANK4    00000
__LdataBANK5                                dataBANK5    00000
__Leeprom_data                              eeprom_data  00000
__Lend_init                                 end_init     0002E
__Lfunctab                                  functab      00000
__LidataBANK0                               idataBANK0   00000
__LidataBANK1                               idataBANK1   00000
__LidataBANK2                               idataBANK2   00000
__LidataBANK3                               idataBANK3   00000
__LidataBANK4                               idataBANK4   00000
__LidataBANK5                               idataBANK5   00000
__Lidloc                                    idloc        00000
__Linit                                     init         0002E
__Linittext                                 inittext     00000
__Lintentry                                 intentry     00004
__Lmaintext                                 maintext     00000
__LnvBANK0                                  nvBANK0      00000
__Lpowerup                                  powerup      00000
__Lram                                      ram          00000
__Lreset_vec                                reset_vec    00000
__Lsfr0                                     sfr0         00000
__Lsfr1                                     sfr1         00000
__Lsfr10                                    sfr10        00000
__Lsfr11                                    sfr11        00000
__Lsfr12                                    sfr12        00000
__Lsfr13                                    sfr13        00000
__Lsfr14                                    sfr14        00000
__Lsfr15                                    sfr15        00000
__Lsfr16                                    sfr16        00000
__Lsfr17                                    sfr17        00000
__Lsfr18                                    sfr18        00000
__Lsfr19                                    sfr19        00000
__Lsfr2                                     sfr2         00000
__Lsfr20                                    sfr20        00000
__Lsfr21                                    sfr21        00000
__Lsfr22                                    sfr22        00000
__Lsfr23                                    sfr23        00000
__Lsfr24                                    sfr24        00000
__Lsfr25                                    sfr25        00000
__Lsfr26                                    sfr26        00000
__Lsfr27                                    sfr27        00000
__Lsfr28                                    sfr28        00000
__Lsfr29                                    sfr29        00000
__Lsfr3                                     sfr3         00000
__Lsfr30                                    sfr30        00000
__Lsfr31                                    sfr31        00000
__Lsfr4                                     sfr4         00000
__Lsfr5                                     sfr5         00000
__Lsfr6                                     sfr6         00000
__Lsfr7                                     sfr7         00000
__Lsfr8                                     sfr8         00000
__Lsfr9                                     sfr9         00000
__Lspace_0                                  (abs)        00000
__Lspace_1                                  (abs)        00000
__Lspace_2                                  (abs)        00000
__Lspace_3                                  (abs)        00000
__Lstack                                    stack        00000
__Lstrings                                  strings      00000
__Ltext                                     text         00000
__S0                                        (abs)        0800A
__S1                                        (abs)        00366
__S2                                        (abs)        00000
___awdiv                                    text64       00650
___awdiv@counter                            cstackBANK0  00027
___awdiv@dividend                           cstackBANK0  00024
___awdiv@divisor                            cstackBANK0  00022
___awdiv@quotient                           cstackBANK0  00029
___awdiv@sign                               cstackBANK0  00028
___awmod                                    text5        00FBA
___awmod@counter                            cstackBANK0  0003A
___awmod@dividend                           cstackBANK0  00037
___awmod@divisor                            cstackBANK0  00035
___awmod@sign                               cstackBANK0  0003B
___int_sp                                   stack        00000
___latbits                                  (abs)        00002
___lmul                                     text4        00E6F
___lmul@multiplicand                        cstackBANK0  00026
___lmul@multiplier                          cstackBANK0  00022
___lmul@product                             cstackBANK0  0002A
___lwdiv                                    text69       00ED3
___lwdiv@counter                            cstackBANK0  00027
___lwdiv@dividend                           cstackBANK0  00024
___lwdiv@divisor                            cstackBANK0  00022
___lwdiv@quotient                           cstackBANK0  00028
___lwmod                                    text68       00E14
___lwmod@counter                            cstackBANK0  0002F
___lwmod@dividend                           cstackBANK0  0002C
___lwmod@divisor                            cstackBANK0  0002A
___sp                                       stack        00000
__end_of_INTERRUPT_InterruptManager         intentry     0002E
__end_of_IOCCF4_DefaultInterruptHandler     text119      0094B
__end_of_IOCCF4_ISR                         text118      00AF0
__end_of_IOCCF4_SetInterruptHandler         text73       009D1
__end_of_OSCILLATOR_Initialize              text74       00A68
__end_of_PIN_MANAGER_IOC                    text117      009C5
__end_of_PIN_MANAGER_Initialize             text72       00ED3
__end_of_SYSTEM_Initialize                  text71       009D7
__end_of___awdiv                            text64       006A2
__end_of___awmod                            text5        01000
__end_of___lmul                             text4        00E9F
__end_of___lwdiv                            text69       00F08
__end_of___lwmod                            text68       00E41
__end_of__initialization                    cinit        00090
__end_of_buttonInterrupt                    text120      00AE3
__end_of_clearPixels                        text67       00B37
__end_of_do_I2C_DO_ACK                      text28       00A45
__end_of_do_I2C_DO_ADDRESS_NACK             text25       00E14
__end_of_do_I2C_DO_NACK_RESTART             text26       00A55
__end_of_do_I2C_DO_NACK_STOP                text27       00A4D
__end_of_do_I2C_IDLE                        text36       00A5E
__end_of_do_I2C_RCEN                        text29       00A72
__end_of_do_I2C_RESET                       text37       00A91
__end_of_do_I2C_RX                          text23       007D4
__end_of_do_I2C_SEND_ADR_READ               text31       00AD6
__end_of_do_I2C_SEND_ADR_WRITE              text30       00A9C
__end_of_do_I2C_SEND_RESTART                text33       00A35
__end_of_do_I2C_SEND_RESTART_READ           text35       00A25
__end_of_do_I2C_SEND_RESTART_WRITE          text34       00A2D
__end_of_do_I2C_SEND_STOP                   text32       00A3D
__end_of_do_I2C_TX                          text24       005FC
__end_of_do_I2C_TX_EMPTY                    text38       00E6F
__end_of_drawPixel                          text70       002DD
__end_of_drawWalls                          text65       00650
__end_of_endGame                            text7        00481
__end_of_i2c_ISR                            text22       00D98
__end_of_i2c_busCollisionISR                text115      00956
__end_of_i2c_close                          text61       00BD5
__end_of_i2c_driver_TXData                  text41       009EF
__end_of_i2c_driver_clearBusCollision       text116      00953
__end_of_i2c_driver_getRXData               text42       0097D
__end_of_i2c_driver_isNACK                  text40       00B17
__end_of_i2c_driver_open                    text16       00A86
__end_of_i2c_driver_resetBus                text44       0094D
__end_of_i2c_driver_restart                 text58       00974
__end_of_i2c_driver_sendACK                 text59       009A8
__end_of_i2c_driver_sendNACK                text43       009AC
__end_of_i2c_driver_setBusCollisionISR      text15       009F5
__end_of_i2c_driver_setI2cISR               text14       009FB
__end_of_i2c_driver_start                   text60       00971
__end_of_i2c_driver_startRX                 text45       0097A
__end_of_i2c_driver_stop                    text57       00977
__end_of_i2c_masterOperation                text18       00D4D
__end_of_i2c_masterWrite                    text17       009B0
__end_of_i2c_open                           text13       00740
__end_of_i2c_poller                         text20       00AB2
__end_of_i2c_restartWrite                   text52       009DD
__end_of_i2c_setAddressNACKCallback         text12       00B24
__end_of_i2c_setBuffer                      text56       00BA0
__end_of_i2c_setDataCompleteCallback        text54       00B0A
__end_of_i2c_writeNBytes                    text11       00DEA
__end_of_initializeDisplay                  text6        00546
__end_of_main                               maintext     004E5
__end_of_mssp_IRQisEnabled                  text19       00A7C
__end_of_mssp_clearIRQ                      text63       0096B
__end_of_mssp_disableIRQ                    text62       0096E
__end_of_mssp_setIRQ                        text39       00980
__end_of_mssp_waitForEvent                  text21       00AA7
__end_of_rand                               text3        00F7B
__end_of_random                             text2        00C60
__end_of_rd1RegCompleteHandler              text50       00C26
__end_of_rd2RegCompleteHandler              text49       00C41
__end_of_rdBlkRegCompleteHandler            text48       00C80
__end_of_returnReset                        text46       009E9
__end_of_returnStop                         text47       009E3
__end_of_reverse                            text66       00F3F
__end_of_setCallBack                        text55       00D72
__end_of_shiftWalls                         text1        00410
__end_of_wr1RegCompleteHandler              text51       00C0B
__end_of_wr2RegCompleteHandler              text53       00BF0
__end_of_write                              text8        00221
__end_of_writeDisplay                       text10       005A4
__end_of_writeWord                          text9        00389
__end_ofi1_do_I2C_DO_ACK                    text83       0099C
__end_ofi1_do_I2C_DO_ADDRESS_NACK           text80       00D05
__end_ofi1_do_I2C_DO_NACK_RESTART           text81       009A4
__end_ofi1_do_I2C_DO_NACK_STOP              text82       009A0
__end_ofi1_do_I2C_IDLE                      text91       009BA
__end_ofi1_do_I2C_RCEN                      text84       009CB
__end_ofi1_do_I2C_RESET                     text92       00A0E
__end_ofi1_do_I2C_RX                        text78       00FBA
__end_ofi1_do_I2C_SEND_ADR_READ             text86       00A1D
__end_ofi1_do_I2C_SEND_ADR_WRITE            text85       00A15
__end_ofi1_do_I2C_SEND_RESTART              text88       00994
__end_ofi1_do_I2C_SEND_RESTART_READ         text90       0098C
__end_ofi1_do_I2C_SEND_RESTART_WRITE        text89       00990
__end_ofi1_do_I2C_SEND_STOP                 text87       00998
__end_ofi1_do_I2C_TX                        text79       0078D
__end_ofi1_do_I2C_TX_EMPTY                  text93       00DC1
__end_ofi1_i2c_ISR                          text76       00CE2
__end_ofi1_i2c_driver_TXData                text96       009B5
__end_ofi1_i2c_driver_getRXData             text97       00962
__end_ofi1_i2c_driver_isNACK                text95       00ACA
__end_ofi1_i2c_driver_resetBus              text99       0094C
__end_ofi1_i2c_driver_restart               text113      00959
__end_ofi1_i2c_driver_sendACK               text114      00984
__end_ofi1_i2c_driver_sendNACK              text98       00988
__end_ofi1_i2c_driver_startRX               text100      0095F
__end_ofi1_i2c_driver_stop                  text112      0095C
__end_ofi1_i2c_restartWrite                 text101      00800
__end_ofi1_i2c_setBuffer                    text111      00AFD
__end_ofi1_i2c_setDataCompleteCallback      text109      00ABE
__end_ofi1_mssp_clearIRQ                    text77       00968
__end_ofi1_mssp_setIRQ                      text94       00965
__end_ofi1_rd1RegCompleteHandler            text106      00B76
__end_ofi1_rd2RegCompleteHandler            text105      00B8B
__end_ofi1_rdBlkRegCompleteHandler          text104      00BBA
__end_ofi1_returnReset                      text102      00004
__end_ofi1_returnStop                       text103      00950
__end_ofi1_setCallBack                      text110      00D29
__end_ofi1_wr1RegCompleteHandler            text107      00B61
__end_ofi1_wr2RegCompleteHandler            text108      00B4C
__initialization                            cinit        00030
__pbssBANK0                                 bssBANK0     00059
__pbssBANK1                                 bssBANK1     000A0
__pbssBANK2                                 bssBANK2     00120
__pbssBANK3                                 bssBANK3     001CA
__pcstackBANK0                              cstackBANK0  00020
__pcstackBANK6                              cstackBANK6  00320
__pcstackCOMMON                             cstackCOMMON 00070
__pdataBANK0                                dataBANK0    00065
__pdataBANK1                                dataBANK1    000C3
__pdataBANK2                                dataBANK2    00140
__pdataBANK3                                dataBANK3    001A0
__pdataBANK4                                dataBANK4    00220
__pdataBANK5                                dataBANK5    002A0
__pidataBANK0                               idataBANK0   009BA
__pidataBANK1                               idataBANK1   0094D
__pidataBANK2                               idataBANK2   00CA0
__pidataBANK3                               idataBANK3   007D4
__pidataBANK4                               idataBANK4   006A2
__pidataBANK5                               idataBANK5   00C80
__pintentry                                 intentry     00004
__pmaintext                                 maintext     00481
__pnvBANK0                                  nvBANK0      0006A
__ptext1                                    text1        00389
__ptext10                                   text10       00546
__ptext100                                  text100      0095C
__ptext101                                  text101      007FE
__ptext102                                  text102      00002
__ptext103                                  text103      0094E
__ptext104                                  text104      00BA0
__ptext105                                  text105      00B76
__ptext106                                  text106      00B61
__ptext107                                  text107      00B4C
__ptext108                                  text108      00B37
__ptext109                                  text109      00AB2
__ptext11                                   text11       00DC1
__ptext110                                  text110      00D05
__ptext111                                  text111      00AF0
__ptext112                                  text112      00959
__ptext113                                  text113      00956
__ptext114                                  text114      00980
__ptext115                                  text115      00953
__ptext116                                  text116      00950
__ptext117                                  text117      009BF
__ptext118                                  text118      00AE3
__ptext119                                  text119      0094A
__ptext12                                   text12       00B17
__ptext120                                  text120      00AD6
__ptext13                                   text13       006F2
__ptext14                                   text14       009F5
__ptext15                                   text15       009EF
__ptext16                                   text16       00A7C
__ptext17                                   text17       009AC
__ptext18                                   text18       00D29
__ptext19                                   text19       00A72
__ptext2                                    text2        00C41
__ptext20                                   text20       00AA7
__ptext21                                   text21       00A9C
__ptext22                                   text22       00D72
__ptext23                                   text23       0078D
__ptext24                                   text24       005A4
__ptext25                                   text25       00DEA
[...]
      Totals:         4       0       0       0       0       0       0       0       0       0       0       0       0       0
Total ram usage:        4 bytes
 Hardware stack levels used:    1
 This function calls:
		Nothing
 This function is called by:
		i1_wr1RegCompleteHandler
		i1_rd1RegCompleteHandler
		i1_rd2RegCompleteHandler
		i1_wr2RegCompleteHandler
		i1_rdBlkRegCompleteHandler
 This function uses a non-reentrant model


 *************** function i1_i2c_driver_stop *****************
 Defined at:
		line 156 in file "mcc_generated_files/i2c_driver.c"
 Parameters:    Size  Location     Type
		None
 Auto vars:     Size  Location     Type
		None
 Return value:  Size  Location     Type
                  1    wreg      void 
 Registers used:
		None
 Tracked objects:
		On entry : 
		On exit  : 
		Unchanged: 
 Data sizes:     COMMON   BANK0   BANK1   BANK2   BANK3   BANK4   BANK5   BANK6   BANK7   BANK8   BANK9  BANK10  BANK11  BANK12
      Params:         0       0       0       0       0       0       0       0       0       0       0       0       0       0
      Locals:         0       0       0       0       0       0       0       0       0       0       0       0       0       0
      Temps:          0       0       0       0       0       0       0       0       0       0       0       0       0       0
      Totals:         0       0       0       0       0       0       0       0       0       0       0       0       0       0
Total ram usage:        0 bytes
 Hardware stack levels used:    1
 This function calls:
		Nothing
 This function is called by:
		i1_do_I2C_SEND_STOP
 This function uses a non-reentrant model


 *************** function i1_i2c_driver_restart *****************
 Defined at:
		line 151 in file "mcc_generated_files/i2c_driver.c"
 Parameters:    Size  Location     Type
		None
 Auto vars:     Size  Location     Type
		None
 Return value:  Size  Location     Type
                  1    wreg      void 
 Registers used:
		None
 Tracked objects:
		On entry : 
		On exit  : 
		Unchanged: 
 Data sizes:     COMMON   BANK0   BANK1   BANK2   BANK3   BANK4   BANK5   BANK6   BANK7   BANK8   BANK9  BANK10  BANK11  BANK12
      Params:         0       0       0       0       0       0       0       0       0       0       0       0       0       0
      Locals:         0       0       0       0       0       0       0       0       0       0       0       0       0       0
      Temps:          0       0       0       0       0       0       0       0       0       0       0       0       0       0
      Totals:         0       0       0       0       0       0       0       0       0       0       0       0       0       0
Total ram usage:        0 bytes
 Hardware stack levels used:    1
 This function calls:
		Nothing
 This function is called by:
		i1_do_I2C_SEND_RESTART_READ
		i1_do_I2C_SEND_RESTART_WRITE
		i1_do_I2C_SEND_RESTART
 This function uses a non-reentrant model


 *************** function i1_i2c_driver_sendACK *****************
 Defined at:
		line 196 in file "mcc_generated_files/i2c_driver.c"
 Parameters:    Size  Location     Type
		None
 Auto vars:     Size  Location     Type
		None
 Return value:  Size  Location     Type
                  1    wreg      void 
 Registers used:
		None
 Tracked objects:
		On entry : 
		On exit  : 
		Unchanged: 
 Data sizes:     COMMON   BANK0   BANK1   BANK2   BANK3   BANK4   BANK5   BANK6   BANK7   BANK8   BANK9  BANK10  BANK11  BANK12
      Params:         0       0       0       0       0       0       0       0       0       0       0       0       0       0
      Locals:         0       0       0       0       0       0       0       0       0       0       0       0       0       0
      Temps:          0       0       0       0       0       0       0       0       0       0       0       0       0       0
      Totals:         0       0       0       0       0       0       0       0       0       0       0       0       0       0
Total ram usage:        0 bytes
 Hardware stack levels used:    1
 This function calls:
		Nothing
 This function is called by:
		i1_do_I2C_DO_ACK
		i1_do_I2C_RX
 This function uses a non-reentrant model


 *************** function _i2c_busCollisionISR *****************
 Defined at:
		line 435 in file "mcc_generated_files/drivers/i2c_master.c"
 Parameters:    Size  Location     Type
		None
 Auto vars:     Size  Location     Type
		None
 Return value:  Size  Location     Type
                  1    wreg      void 
 Registers used:
		status,2, status,0, pclath, cstack
 Tracked objects:
		On entry : 
		On exit  : 
		Unchanged: 
 Data sizes:     COMMON   BANK0   BANK1   BANK2   BANK3   BANK4   BANK5   BANK6   BANK7   BANK8   BANK9  BANK10  BANK11  BANK12
      Params:         0       0       0       0       0       0       0       0       0       0       0       0       0       0
      Locals:         0       0       0       0       0       0       0       0       0       0       0       0       0       0
      Temps:          0       0       0       0       0       0       0       0       0       0       0       0       0       0
      Totals:         0       0       0       0       0       0       0       0       0       0       0       0       0       0
Total ram usage:        0 bytes
 Hardware stack levels used:    1
 Hardware stack levels required when called:    1
 This function calls:
		_i2c_driver_clearBusCollision
 This function is called by:
		_i2c_open
		_INTERRUPT_InterruptManager
 This function uses a non-reentrant model


 *************** function _i2c_driver_clearBusCollision *****************
 Defined at:
		line 253 in file "mcc_generated_files/i2c_driver.c"
 Parameters:    Size  Location     Type
		None
 Auto vars:     Size  Location     Type
		None
 Return value:  Size  Location     Type
                  1    wreg      void 
 Registers used:
		None
 Tracked objects:
		On entry : 
		On exit  : 
		Unchanged: 
 Data sizes:     COMMON   BANK0   BANK1   BANK2   BANK3   BANK4   BANK5   BANK6   BANK7   BANK8   BANK9  BANK10  BANK11  BANK12
      Params:         0       0       0       0       0       0       0       0       0       0       0       0       0       0
      Locals:         0       0       0       0       0       0       0       0       0       0       0       0       0       0
      Temps:          0       0       0       0       0       0       0       0       0       0       0       0       0       0
      Totals:         0       0       0       0       0       0       0       0       0       0       0       0       0       0
Total ram usage:        0 bytes
 Hardware stack levels used:    1
 This function calls:
		Nothing
 This function is called by:
		_i2c_busCollisionISR
 This function uses a non-reentrant model


 *************** function _PIN_MANAGER_IOC *****************
 Defined at:
		line 117 in file "mcc_generated_files/pin_manager.c"
 Parameters:    Size  Location     Type
		None
 Auto vars:     Size  Location     Type
		None
 Return value:  Size  Location     Type
                  1    wreg      void 
 Registers used:
		wreg, status,2, status,0, pclath, cstack
 Tracked objects:
		On entry : 
		On exit  : 
		Unchanged: 
 Data sizes:     COMMON   BANK0   BANK1   BANK2   BANK3   BANK4   BANK5   BANK6   BANK7   BANK8   BANK9  BANK10  BANK11  BANK12
      Params:         0       0       0       0       0       0       0       0       0       0       0       0       0       0
      Locals:         0       0       0       0       0       0       0       0       0       0       0       0       0       0
      Temps:          0       0       0       0       0       0       0       0       0       0       0       0       0       0
      Totals:         0       0       0       0       0       0       0       0       0       0       0       0       0       0
Total ram usage:        0 bytes
 Hardware stack levels used:    1
 Hardware stack levels required when called:    2
 This function calls:
		_IOCCF4_ISR
 This function is called by:
		_INTERRUPT_InterruptManager
 This function uses a non-reentrant model


 *************** function _IOCCF4_ISR *****************
 Defined at:
		line 131 in file "mcc_generated_files/pin_manager.c"
 Parameters:    Size  Location     Type
		None
 Auto vars:     Size  Location     Type
		None
 Return value:  Size  Location     Type
                  1    wreg      void 
 Registers used:
		wreg, status,2, status,0, pclath, cstack
 Tracked objects:
		On entry : 
		On exit  : 
		Unchanged: 
 Data sizes:     COMMON   BANK0   BANK1   BANK2   BANK3   BANK4   BANK5   BANK6   BANK7   BANK8   BANK9  BANK10  BANK11  BANK12
      Params:         0       0       0       0       0       0       0       0       0       0       0       0       0       0
      Locals:         0       0       0       0       0       0       0       0       0       0       0       0       0       0
      Temps:          0       0       0       0       0       0       0       0       0       0       0       0       0       0
      Totals:         0       0       0       0       0       0       0       0       0       0       0       0       0       0
Total ram usage:        0 bytes
 Hardware stack levels used:    1
 Hardware stack levels required when called:    1
 This function calls:
		Absolute function
		_IOCCF4_DefaultInterruptHandler
		_buttonInterrupt
 This function is called by:
		_PIN_MANAGER_IOC
 This function uses a non-reentrant model


 *************** function _IOCCF4_DefaultInterruptHandler *****************
 Defined at:
		line 153 in file "mcc_generated_files/pin_manager.c"
 Parameters:    Size  Location     Type
		None
 Auto vars:     Size  Location     Type
		None
 Return value:  Size  Location     Type
                  1    wreg      void 
 Registers used:
		None
 Tracked objects:
		On entry : 
		On exit  : 
		Unchanged: 
 Data sizes:     COMMON   BANK0   BANK1   BANK2   BANK3   BANK4   BANK5   BANK6   BANK7   BANK8   BANK9  BANK10  BANK11  BANK12
      Params:         0       0       0       0       0       0       0       0       0       0       0       0       0       0
      Locals:         0       0       0       0       0       0       0       0       0       0       0       0       0       0
      Temps:          0       0       0       0       0       0       0       0       0       0       0       0       0       0
      Totals:         0       0       0       0       0       0       0       0       0       0       0       0       0       0
Total ram usage:        0 bytes
 Hardware stack levels used:    1
 This function calls:
		Nothing
 This function is called by:
		_PIN_MANAGER_Initialize
		_IOCCF4_ISR
 This function uses a non-reentrant model


 *************** function _buttonInterrupt *****************
 Defined at:
		line 392 in file "main.c"
 Parameters:    Size  Location     Type
		None
 Auto vars:     Size  Location     Type
		None
 Return value:  Size  Location     Type
                  1    wreg      void 
 Registers used:
		wreg, status,2, status,0
 Tracked objects:
		On entry : 
		On exit  : 
		Unchanged: 
 Data sizes:     COMMON   BANK0   BANK1   BANK2   BANK3   BANK4   BANK5   BANK6   BANK7   BANK8   BANK9  BANK10  BANK11  BANK12
      Params:         0       0       0       0       0       0       0       0       0       0       0       0       0       0
      Locals:         0       0       0       0       0       0       0       0       0       0       0       0       0       0
      Temps:          1       0       0       0       0       0       0       0       0       0       0       0       0       0
      Totals:         1       0       0       0       0       0       0       0       0       0       0       0       0       0
Total ram usage:        1 bytes
 Hardware stack levels used:    1
 This function calls:
		Nothing
 This function is called by:
		_main
		_IOCCF4_ISR
 This function uses a non-reentrant model



MODULE INFORMATION

Module		Function		Class		Link	Load	Size
mcc_generated_files/interrupt_manager.c
		_INTERRUPT_InterruptManager		CODE           	0004	0000	43

mcc_generated_files/interrupt_manager.c estimated size: 43

mcc_generated_files/pin_manager.c
		_PIN_MANAGER_Initialize		CODE           	0E9F	0000	53
		_IOCCF4_DefaultInterruptHandler		CODE           	094A	0000	2
		_IOCCF4_ISR    		CODE           	0AE3	0000	14
		_PIN_MANAGER_IOC		CODE           	09BF	0000	7
		_IOCCF4_SetInterruptHandler		CODE           	09CB	0000	7

mcc_generated_files/pin_manager.c estimated size: 83

C:\Program Files (x86)\Microchip\xc8\v1.45\sources\common\lwmod.c
		___lwmod       		CODE           	0E14	0000	46

C:\Program Files (x86)\Microchip\xc8\v1.45\sources\common\lwmod.c estimated size: 46

C:\Program Files (x86)\Microchip\xc8\v1.45\sources\common\awmod.c
		___awmod       		CODE           	0FBA	0000	71

C:\Program Files (x86)\Microchip\xc8\v1.45\sources\common\awmod.c estimated size: 71

mcc_generated_files/i2c_driver.c
		_i2c_driver_clearBusCollision		CODE           	0950	0000	4
		_mssp_clearIRQ 		CODE           	0968	0000	4
		_i2c_driver_setBusCollisionISR		CODE           	09EF	0000	7
		_i2c_driver_restart		CODE           	0971	0000	4
		_mssp_IRQisEnabled		CODE           	0A72	0000	11
		_i2c_driver_startRX		CODE           	0977	0000	4
		_i2c_driver_setI2cISR		CODE           	09F5	0000	7
		_i2c_driver_getRXData		CODE           	097A	0000	4
		_i2c_driver_TXData		CODE           	09E9	0000	7
		_i2c_driver_start		CODE           	096E	0000	4
		_i2c_driver_sendACK		CODE           	09A4	0000	5
		_mssp_waitForEvent		CODE           	0A9C	0000	12
		_i2c_driver_sendNACK		CODE           	09A8	0000	5
		_mssp_setIRQ   		CODE           	097D	0000	4
		_i2c_driver_resetBus		CODE           	094C	0000	2
		_mssp_disableIRQ		CODE           	096B	0000	4
		_i2c_driver_open		CODE           	0A7C	0000	11
		_i2c_driver_isNACK		CODE           	0B0A	0000	14
		_i2c_driver_stop		CODE           	0974	0000	4

mcc_generated_files/i2c_driver.c estimated size: 117

mcc_generated_files/drivers/i2c_simple_master.c
		_wr1RegCompleteHandler		CODE           	0BF0	0000	28
		_wr2RegCompleteHandler		CODE           	0BD5	0000	28
		_i2c_writeNBytes		CODE           	0DC1	0000	42
		_rdBlkRegCompleteHandler		CODE           	0C60	0000	33
		_rd1RegCompleteHandler		CODE           	0C0B	0000	28
		_rd2RegCompleteHandler		CODE           	0C26	0000	28

mcc_generated_files/drivers/i2c_simple_master.c estimated size: 187

C:\Program Files (x86)\Microchip\xc8\v1.45\sources\common\Umul32.c
		___lmul        		CODE           	0E6F	0000	49

C:\Program Files (x86)\Microchip\xc8\v1.45\sources\common\Umul32.c estimated size: 49

C:\Program Files (x86)\Microchip\xc8\v1.45\sources\common\rand.c
		_rand          		CODE           	0F3F	0000	61

C:\Program Files (x86)\Microchip\xc8\v1.45\sources\common\rand.c estimated size: 61

shared
		i1_mssp_setIRQ 		CODE           	0962	0000	4
		i1_returnReset 		CODE           	0002	0000	3
		i1_do_I2C_SEND_ADR_READ		CODE           	0A15	0000	9
		i1_do_I2C_DO_NACK_STOP		CODE           	099C	0000	5
		i1_setCallBack 		CODE           	0D05	0000	37
		i1_do_I2C_SEND_RESTART		CODE           	0990	0000	5
		i1_i2c_restartWrite		CODE           	07FE	0000	3
		i1_do_I2C_TX_EMPTY		CODE           	0D98	0000	42
		i1_do_I2C_DO_NACK_RESTART		CODE           	09A0	0000	5
		i1_do_I2C_SEND_RESTART_READ		CODE           	0988	0000	5
		i1_do_I2C_DO_ADDRESS_NACK		CODE           	0CE2	0000	36
		i1_i2c_driver_sendNACK		CODE           	0984	0000	5
		i1_mssp_clearIRQ		CODE           	0965	0000	4
		i1_i2c_driver_isNACK		CODE           	0ABE	0000	13
		i1_rd1RegCompleteHandler		CODE           	0B61	0000	22
		i1_i2c_driver_restart		CODE           	0956	0000	4
		i1_i2c_driver_stop		CODE           	0959	0000	4
		i1_do_I2C_RX   		CODE           	0F7B	0000	64
		i1_do_I2C_TX   		CODE           	0740	0000	78
		i1_i2c_ISR     		CODE           	0CC0	0000	35
		i1_i2c_driver_resetBus		CODE           	094B	0000	2
		i1_do_I2C_IDLE 		CODE           	09B5	0000	6
		i1_do_I2C_RCEN 		CODE           	09C5	0000	7
		__initialization		CODE           	0030	0000	97
		i1_i2c_driver_getRXData		CODE           	095F	0000	4
		i1_rd2RegCompleteHandler		CODE           	0B76	0000	22
		i1_i2c_driver_TXData		CODE           	09B0	0000	6
		i1_i2c_setDataCompleteCallback		CODE           	0AB2	0000	13
		i1_do_I2C_RESET		CODE           	0A07	0000	8
		i1_do_I2C_SEND_RESTART_WRITE		CODE           	098C	0000	5
		i1_do_I2C_DO_ACK		CODE           	0998	0000	5
		i1_do_I2C_SEND_ADR_WRITE		CODE           	0A0E	0000	8
		i1_wr1RegCompleteHandler		CODE           	0B4C	0000	22
		i1_do_I2C_SEND_STOP		CODE           	0994	0000	5
		i1_i2c_setBuffer		CODE           	0AF0	0000	14
		i1_rdBlkRegCompleteHandler		CODE           	0BA0	0000	27
		i1_i2c_driver_startRX		CODE           	095C	0000	4
		i1_i2c_driver_sendACK		CODE           	0980	0000	5
		i1_wr2RegCompleteHandler		CODE           	0B37	0000	22
		i1_returnStop  		CODE           	094E	0000	3

shared estimated size: 668

mcc_generated_files/mcc.c
		_OSCILLATOR_Initialize		CODE           	0A5E	0000	11
		_SYSTEM_Initialize		CODE           	09D1	0000	7

mcc_generated_files/mcc.c estimated size: 18

mcc_generated_files/drivers/i2c_master.c
		_i2c_setDataCompleteCallback		CODE           	0AFD	0000	14
		_returnStop    		CODE           	09DD	0000	7
		_i2c_setBuffer 		CODE           	0B8B	0000	22
		_i2c_busCollisionISR		CODE           	0953	0000	4
		_i2c_ISR       		CODE           	0D72	0000	39
		_i2c_close     		CODE           	0BBA	0000	28
		_i2c_masterOperation		CODE           	0D29	0000	37
		_do_I2C_TX_EMPTY		CODE           	0E41	0000	47
		_setCallBack   		CODE           	0D4D	0000	38
		_returnReset   		CODE           	09E3	0000	7
		_do_I2C_SEND_RESTART_WRITE		CODE           	0A25	0000	9
		_i2c_poller    		CODE           	0AA7	0000	12
		_i2c_masterWrite		CODE           	09AC	0000	5
		_do_I2C_DO_NACK_RESTART		CODE           	0A4D	0000	9
		_do_I2C_SEND_RESTART_READ		CODE           	0A1D	0000	9
		_i2c_setAddressNACKCallback		CODE           	0B17	0000	14
		_do_I2C_SEND_ADR_WRITE		CODE           	0A91	0000	12
		_do_I2C_SEND_STOP		CODE           	0A35	0000	9
		_i2c_open      		CODE           	06F2	0000	79
		_do_I2C_SEND_ADR_READ		CODE           	0ACA	0000	13
		_do_I2C_DO_NACK_STOP		CODE           	0A45	0000	9
		_do_I2C_SEND_RESTART		CODE           	0A2D	0000	9
		_do_I2C_RX     		CODE           	078D	0000	72
		_do_I2C_TX     		CODE           	05A4	0000	89
		_do_I2C_IDLE   		CODE           	0A55	0000	10
		_do_I2C_RCEN   		CODE           	0A68	0000	11
		_do_I2C_DO_ADDRESS_NACK		CODE           	0DEA	0000	43
		_do_I2C_RESET  		CODE           	0A86	0000	12
		_do_I2C_DO_ACK 		CODE           	0A3D	0000	9

mcc_generated_files/drivers/i2c_master.c estimated size: 678

C:\Program Files (x86)\Microchip\xc8\v1.45\sources\common\lwdiv.c
		___lwdiv       		CODE           	0ED3	0000	54

C:\Program Files (x86)\Microchip\xc8\v1.45\sources\common\lwdiv.c estimated size: 54

mcc_generated_files/drivers/i2c_types.c
		_i2c_restartWrite		CODE           	09D7	0000	7

mcc_generated_files/drivers/i2c_types.c estimated size: 7

C:\Program Files (x86)\Microchip\xc8\v1.45\sources\common\awdiv.c
		___awdiv       		CODE           	0650	0000	83

C:\Program Files (x86)\Microchip\xc8\v1.45\sources\common\awdiv.c estimated size: 83

main.c
		_initializeDisplay		CODE           	04E5	0000	98
		_random        		CODE           	0C41	0000	32
		_main          		CODE           	0481	0000	101
		_writeDisplay  		CODE           	0546	0000	95
		_buttonInterrupt		CODE           	0AD6	0000	14
		_drawPixel     		CODE           	0221	0000	189
		_shiftWalls    		CODE           	0389	0000	136
		_clearPixels   		CODE           	0B24	0000	20
		_endGame       		CODE           	0410	0000	114
		_drawWalls     		CODE           	05FC	0000	85
		_write         		CODE           	0094	0000	398
		_reverse       		CODE           	0F08	0000	56
		_writeWord     		CODE           	02DD	0000	173

main.c estimated size: 1511

