Microchip MPLAB XC8 Compiler V1.45 ()

Linker command line:

-W-3 --edf=C:\Program Files (x86)\Microchip\xc8\v1.45\dat\en_msgs.txt -cs \
  -h+dist/default/production\flappy-box-v3.X.production.sym \
  --cmf=dist/default/production\flappy-box-v3.X.production.cmf -z -Q16F1619 \
  -oC:\Users\Zach\AppData\Local\Temp\s4ik.2 \
  -Mdist/default/production/flappy-box-v3.X.production.map -E1 -ver=XC8 \
  -ASTACK=02276h-023efh -pstack=STACK -ACODE=00h-07FFhx4 \
  -ASTRCODE=00h-01FFFh -ASTRING=00h-0FFhx32 -ACONST=00h-0FFhx32 \
  -AENTRY=00h-0FFhx32 -ACOMMON=070h-07Fh -ABANK0=020h-06Fh \
  -ABANK1=0A0h-0EFh -ABANK2=0120h-016Fh -ABANK3=01A0h-01EFh \
  -ABANK4=0220h-026Fh -ABANK5=02A0h-02EFh -ABANK6=0320h-036Fh \
  -ABANK7=03A0h-03EFh -ABANK8=0420h-046Fh -ABANK9=04A0h-04EFh \
  -ABANK10=0520h-056Fh -ABANK11=05A0h-05EFh -ABANK12=0620h-064Fh \
  -ABIGRAM=02000h-023EFh \
  -ARAM=020h-06Fh,0A0h-0EFh,0120h-016Fh,01A0h-01EFh,0220h-026Fh,02A0h-02EFh,0320h-036Fh,03A0h-03EFh,0420h-046Fh,04A0h-04EFh,0520h-056Fh,05A0h-05EFh,0620h-064Fh \
  -AABS1=020h-07Fh,0A0h-0EFh,0120h-016Fh,01A0h-01EFh,0220h-026Fh,02A0h-02EFh,0320h-036Fh,03A0h-03EFh,0420h-046Fh,04A0h-04EFh,0520h-056Fh,05A0h-05EFh,0620h-064Fh \
  -ASFR0=00h-01Fh -ASFR1=080h-09Fh -ASFR2=0100h-011Fh -ASFR3=0180h-019Fh \
  -ASFR4=0200h-021Fh -ASFR5=0280h-029Fh -ASFR6=0300h-031Fh \
  -ASFR7=0380h-039Fh -ASFR8=0400h-041Fh -ASFR9=0480h-049Fh \
  -ASFR10=0500h-051Fh -ASFR11=0580h-059Fh -ASFR12=0600h-061Fh \
  -ASFR13=0680h-06EFh -ASFR14=0700h-076Fh -ASFR15=0780h-07EFh \
  -ASFR16=0800h-086Fh -ASFR17=0880h-08EFh -ASFR18=0900h-096Fh \
  -ASFR19=0980h-09EFh -ASFR20=0A00h-0A6Fh -ASFR21=0A80h-0AEFh \
  -ASFR22=0B00h-0B6Fh -ASFR23=0B80h-0BEFh -ASFR24=0C00h-0C6Fh \
  -ASFR25=0C80h-0CEFh -ASFR26=0D00h-0D6Fh -ASFR27=0D80h-0DEFh \
  -ASFR28=0E00h-0E6Fh -ASFR29=0E80h-0EEFh -ASFR30=0F00h-0F6Fh \
  -ASFR31=0F80h-0FEFh -preset_vec=00h,intentry=04h,init,end_init \
  -ppowerup=CODE -pcinit=CODE -pfunctab=ENTRY -ACONFIG=08007h-08009h \
  -pconfig=CONFIG -DCONFIG=2 -AIDLOC=08000h-08003h -pidloc=IDLOC -DIDLOC=2 \
  -DCODE=2 -DSTRCODE=2 -DSTRING=2 -DCONST=2 -DENTRY=2 -k \
  C:\Users\Zach\AppData\Local\Temp\s4ik.obj \
  dist/default/production\flappy-box-v3.X.production.obj 

Object code version is 3.11

Machine type is 16F1619



                Name                               Link     Load   Length Selector   Space Scale
C:\Users\Zach\AppData\Local\Temp\s4ik.obj
                end_init                             2E       2E        2        8       0
                reset_vec                             0        0        2        0       0
                config                             8007     8007        3    1000E       0
dist/default/production\flappy-box-v3.X.production.obj
                cinit                                30       30       73        8       0
                intentry                              4        4       2A        8       0
                text124                             992      992        D     1324       0
                text123                             802      802        1     1004       0
                text122                             99F      99F        D     133E       0
                text121                             87B      87B        6     10F6       0
                text120                             809      809        3     1012       0
                text119                             80C      80C        3     1018       0
                text118                             83C      83C        4     1078       0
                text117                             80F      80F        3     101E       0
                text116                             812      812        3     1024       0
                text115                             9AC      9AC        D     1358       0
                text114                             C01      C01       24     1802       0
                text113                             96E      96E        C     12DC       0
                text112                             9F3      9F3       15     13E6       0
                text111                             A08      A08       15     1410       0
                text110                             A1D      A1D       15     143A       0
                text109                             A32      A32       15     1464       0
                text108                             A5C      A5C       1A     14B8       0
                text107                             805      805        2     100A       0
                text106                             807      807        2     100E       0
                text105                               2        2        2        0       0
                text104                             815      815        3     102A       0
                text103                             803      803        1     1006       0
                text102                             840      840        4     1080       0
                text101                             818      818        3     1030       0
                text100                             86C      86C        5     10D8       0
                text99                              97A      97A        C     12F4       0
                text98                              81B      81B        3     1036       0
                text97                              C94      C94       29     1928       0
                text96                              8C3      8C3        7     1186       0
                text95                              871      871        5     10E2       0
                text94                              844      844        4     1088       0
                text93                              848      848        4     1090       0
                text92                              84C      84C        4     1098       0
                text91                              850      850        4     10A0       0
                text90                              8D1      8D1        8     11A2       0
                text89                              8CA      8CA        7     1194       0
                text88                              881      881        6     1102       0
                text87                              854      854        4     10A8       0
                text86                              858      858        4     10B0       0
                text85                              85C      85C        4     10B8       0
                text84                              BDE      BDE       23     17BC       0
                text83                              7B3      7B3       4D        8       0
                text82                              EA1      EA1       3F     1D42       0
                text81                              81E      81E        3     103C       0
                text80                              BBC      BBC       22     1778       0
                text78                              91A      91A        A     1234       0
                text77                              887      887        6     110E       0
                text76                              DC5      DC5       34     1B8A       0
                text75                              88D      88D        6     111A       0
                text74                              230      230       BC        8       0
                text73                              B1C      B1C       20     1638       0
                text72                              B3C      B3C       20     1678       0
                text71                              53B      53B       6B        8       0
                text70                              EE0      EE0       45     1DC0       0
                text69                              DF9      DF9       35     1BF2       0
                text68                              D3A      D3A       2D     1A74       0
                text67                              9E0      9E0       13     13C0       0
                text66                              E2E      E2E       37     1C5C       0
                text65                              6BD      6BD       54        8       0
                text64                              711      711       52        8       0
                text63                              821      821        3     1042       0
                text62                              824      824        3     1048       0
                text61                              A76      A76       1B     14EC       0
                text60                              827      827        3     104E       0
                text59                              860      860        4     10C0       0
                text58                              82A      82A        3     1054       0
                text57                              82D      82D        3     105A       0
                text56                              A47      A47       15     148E       0
                text55                              C49      C49       25     1892       0
                text54                              9B9      9B9        D     1372       0
                text53                              A91      A91       1B     1522       0
                text52                              893      893        6     1126       0
                text51                              AAC      AAC       1B     1558       0
                text50                              AC7      AC7       1B     158E       0
                text49                              AE2      AE2       1B     15C4       0
                text48                              B5C      B5C       20     16B8       0
                text47                              899      899        6     1132       0
                text46                              89F      89F        6     113E       0
                text45                              830      830        3     1060       0
                text44                              804      804        1     1008       0
                text43                              864      864        4     10C8       0
                text42                              833      833        3     1066       0
                text41                              8A5      8A5        6     114A       0
                text40                              9C6      9C6        D     138C       0
                text39                              836      836        3     106C       0
                text38                              D67      D67       2E     1ACE       0
                text37                              942      942        B     1284       0
                text36                              911      911        9     1222       0
                text35                              8D9      8D9        8     11B2       0
                text34                              8E1      8E1        8     11C2       0
                text33                              8E9      8E9        8     11D2       0
                text32                              8F1      8F1        8     11E2       0
                text31                              986      986        C     130C       0
                text30                              94D      94D        B     129A       0
                text29                              924      924        A     1248       0
                text28                              8F9      8F9        8     11F2       0
                text27                              901      901        8     1202       0
                text26                              909      909        8     1212       0
                text25                              CE6      CE6       2A     19CC       0
                text24                              665      665       58        8       0
                text23                              F6B      F6B       47     1ED6       0
                text22                              C6E      C6E       26     18DC       0
                text21                              958      958        B     12B0       0
                text20                              963      963        B     12C6       0
                text19                              92E      92E        A     125C       0
                text18                              C25      C25       24     184A       0
                text17                              868      868        4     10D0       0
                text16                              938      938        A     1270       0
                text15                              8AB      8AB        6     1156       0
                text14                              8B1      8B1        6     1162       0
                text13                              FB2      FB2       4E     1F64       0
                text12                              9D3      9D3        D     13A6       0
                text11                              CBD      CBD       29     197A       0
                text10                              607      607       5E        8       0
                text9                               2EC      2EC       AC        8       0
                text8                                A3       A3      18D        8       0
                text7                               4B4      4B4       87        8       0
                text6                               5A6      5A6       61        8       0
                text5                               F25      F25       46     1E4A       0
                text4                               D95      D95       30     1B2A       0
                text3                               E65      E65       3C     1CCA       0
                text2                               AFD      AFD       1F     15FA       0
                text1                               42D      42D       87        8       0
                maintext                            398      398       95        8       0
                cstackBANK0                          20       20       39       20       1
                cstackCOMMON                         70       70        E       70       1
                cstackBANK7                         3A0      3A0       46      3A0       1
                clrtext                             8B7      8B7        6     116E       0
                inittext                            8BD      8BD        6     117A       0
                bssBANK6                            320      320       40      320       1
                dataBANK5                           2A0      2A0       20      2A0       1
                dataBANK4                           220      220       50      220       1
                dataBANK3                           1A0      1A0       2A      1A0       1
                bssBANK3                            1CA      1CA       19      1A0       1
                dataBANK2                           140      140       20      120       1
                bssBANK2                            120      120       20      120       1
                dataBANK1                            C3       C3        3       A0       1
                bssBANK1                             A0       A0       23       A0       1
                dataBANK0                            65       65        5       20       1
                bssBANK0                             59       59        C       20       1
                nvBANK0                              6A       6A        2       20       1
                idataBANK5                          B7C      B7C       20     16F8       0
                idataBANK4                          763      763       50        8       0
                idataBANK3                          D10      D10       2A     1A20       0
                idataBANK2                          B9C      B9C       20     1738       0
                idataBANK1                          839      839        3     1072       0
                idataBANK0                          876      876        5     10EC       0

TOTAL           Name                               Link     Load   Length     Space
        CLASS   STACK          

        CLASS   CODE           
                end_init                             2E       2E        2         0
                cinit                                30       30       73         0
                intentry                              4        4       2A         0
                reset_vec                             0        0        2         0
                text124                             992      992        D         0
                text123                             802      802        1         0
                text122                             99F      99F        D         0
                text121                             87B      87B        6         0
                text120                             809      809        3         0
                text119                             80C      80C        3         0
                text118                             83C      83C        4         0
                text117                             80F      80F        3         0
                text116                             812      812        3         0
                text115                             9AC      9AC        D         0
                text114                             C01      C01       24         0
                text113                             96E      96E        C         0
                text112                             9F3      9F3       15         0
                text111                             A08      A08       15         0
                text110                             A1D      A1D       15         0
                text109                             A32      A32       15         0
                text108                             A5C      A5C       1A         0
                text107                             805      805        2         0
                text106                             807      807        2         0
                text105                               2        2        2         0
                text104                             815      815        3         0
                text103                             803      803        1         0
                text102                             840      840        4         0
                text101                             818      818        3         0
                text100                             86C      86C        5         0
                text99                              97A      97A        C         0
                text98                              81B      81B        3         0
                text97                              C94      C94       29         0
                text96                              8C3      8C3        7         0
                text95                              871      871        5         0
                text94                              844      844        4         0
                text93                              848      848        4         0
                text92                              84C      84C        4         0
                text91                              850      850        4         0
                text90                              8D1      8D1        8         0
                text89                              8CA      8CA        7         0
                text88                              881      881        6         0
                text87                              854      854        4         0
                text86                              858      858        4         0
                text85                              85C      85C        4         0
                text84                              BDE      BDE       23         0
                text83                              7B3      7B3       4D         0
                text82                              EA1      EA1       3F         0
                text81                              81E      81E        3         0
                text80                              BBC      BBC       22         0
                text78                              91A      91A        A         0
                text77                              887      887        6         0
                text76                              DC5      DC5       34         0
                text75                              88D      88D        6         0
                text74                              230      230       BC         0
                text73                              B1C      B1C       20         0
                text72                              B3C      B3C       20         0
                text71                              53B      53B       6B         0
                text70                              EE0      EE0       45         0
                text69                              DF9      DF9       35         0
                text68                              D3A      D3A       2D         0
                text67                              9E0      9E0       13         0
                text66                              E2E      E2E       37         0
                text65                              6BD      6BD       54         0
                text64                              711      711       52         0
                text63                              821      821        3         0
                text62                              824      824        3         0
                text61                              A76      A76       1B         0
                text60                              827      827        3         0
                text59                              860      860        4         0
                text58                              82A      82A        3         0
                text57                              82D      82D        3         0
                text56                              A47      A47       15         0
                text55                              C49      C49       25         0
                text54                              9B9      9B9        D         0
                text53                              A91      A91       1B         0
                text52                              893      893        6         0
                text51                              AAC      AAC       1B         0
                text50                              AC7      AC7       1B         0
                text49                              AE2      AE2       1B         0
                text48                              B5C      B5C       20         0
                text47                              899      899        6         0
                text46                              89F      89F        6         0
                text45                              830      830        3         0
                text44                              804      804        1         0
                text43                              864      864        4         0
                text42                              833      833        3         0
                text41                              8A5      8A5        6         0
                text40                              9C6      9C6        D         0
                text39                              836      836        3         0
                text38                              D67      D67       2E         0
                text37                              942      942        B         0
                text36                              911      911        9         0
                text35                              8D9      8D9        8         0
                text34                              8E1      8E1        8         0
                text33                              8E9      8E9        8         0
                text32                              8F1      8F1        8         0
                text31                              986      986        C         0
                text30                              94D      94D        B         0
                text29                              924      924        A         0
                text28                              8F9      8F9        8         0
                text27                              901      901        8         0
                text26                              909      909        8         0
                text25                              CE6      CE6       2A         0
                text24                              665      665       58         0
                text23                              F6B      F6B       47         0
                text22                              C6E      C6E       26         0
                text21                              958      958        B         0
                text20                              963      963        B         0
                text19                              92E      92E        A         0
                text18                              C25      C25       24         0
                text17                              868      868        4         0
                text16                              938      938        A         0
                text15                              8AB      8AB        6         0
                text14                              8B1      8B1        6         0
                text13                              FB2      FB2       4E         0
                text12                              9D3      9D3        D         0
                text11                              CBD      CBD       29         0
                text10                              607      607       5E         0
                text9                               2EC      2EC       AC         0
                text8                                A3       A3      18D         0
                text7                               4B4      4B4       87         0
                text6                               5A6      5A6       61         0
                text5                               F25      F25       46         0
                text4                               D95      D95       30         0
                text3                               E65      E65       3C         0
                text2                               AFD      AFD       1F         0
                text1                               42D      42D       87         0
                maintext                            398      398       95         0
                clrtext                             8B7      8B7        6         0
                inittext                            8BD      8BD        6         0
                idataBANK5                          B7C      B7C       20         0
                idataBANK4                          763      763       50         0
                idataBANK3                          D10      D10       2A         0
                idataBANK2                          B9C      B9C       20         0
                idataBANK1                          839      839        3         0
                idataBANK0                          876      876        5         0

        CLASS   STRCODE        

        CLASS   STRING         

        CLASS   CONST          

        CLASS   ENTRY          

        CLASS   COMMON         
                cstackCOMMON                         70       70        E         1

        CLASS   BANK0          
                cstackBANK0                          20       20       39         1
                dataBANK0                            65       65        5         1
                bssBANK0                             59       59        C         1
                nvBANK0                              6A       6A        2         1

        CLASS   BANK1          
                dataBANK1                            C3       C3        3         1
                bssBANK1                             A0       A0       23         1

        CLASS   BANK2          
                dataBANK2                           140      140       20         1
                bssBANK2                            120      120       20         1

        CLASS   BANK3          
                dataBANK3                           1A0      1A0       2A         1
                bssBANK3                            1CA      1CA       19         1

        CLASS   BANK4          
                dataBANK4                           220      220       50         1

        CLASS   BANK5          
                dataBANK5                           2A0      2A0       20         1

        CLASS   BANK6          
                bssBANK6                            320      320       40         1

        CLASS   BANK7          
                cstackBANK7                         3A0      3A0       46         1

        CLASS   BANK8          

        CLASS   BANK9          

        CLASS   BANK10         

        CLASS   BANK11         

        CLASS   BANK12         

        CLASS   BIGRAM         

        CLASS   RAM            

        CLASS   ABS1           
                abs_s1                               7E       7E        2         1

        CLASS   SFR0           

        CLASS   SFR1           

        CLASS   SFR2           

        CLASS   SFR3           

        CLASS   SFR4           

        CLASS   SFR5           

        CLASS   SFR6           

        CLASS   SFR7           

        CLASS   SFR8           

        CLASS   SFR9           

        CLASS   SFR10          

        CLASS   SFR11          

        CLASS   SFR12          

        CLASS   SFR13          

        CLASS   SFR14          

        CLASS   SFR15          

        CLASS   SFR16          

        CLASS   SFR17          

        CLASS   SFR18          

        CLASS   SFR19          

        CLASS   SFR20          

        CLASS   SFR21          

        CLASS   SFR22          

        CLASS   SFR23          

        CLASS   SFR24          

        CLASS   SFR25          

        CLASS   SFR26          

        CLASS   SFR27          

        CLASS   SFR28          

        CLASS   SFR29          

        CLASS   SFR30          

        CLASS   SFR31          

        CLASS   CONFIG         
                config                             8007     8007        3         0

        CLASS   IDLOC          

        CLASS   BANK31         

        CLASS   BANK30         

        CLASS   BANK29         

        CLASS   BANK28         

        CLASS   BANK27         

        CLASS   BANK26         

        CLASS   BANK25         

        CLASS   BANK24         

        CLASS   BANK23         

        CLASS   BANK22         

        CLASS   BANK21         

        CLASS   BANK20         

        CLASS   BANK19         

        CLASS   BANK18         

        CLASS   BANK17         

        CLASS   BANK16         

        CLASS   BANK15         

        CLASS   BANK14         

        CLASS   BANK13         

        CLASS   EEDATA         



SEGMENTS        Name                           Load    Length   Top    Selector   Space  Class     Delta

                reset_vec                      000000  000004  000004         0       0  CODE        2
                intentry                       000004  0007FC  000800         8       0  CODE        2
                cstackBANK0                    000020  00004C  00006C        20       1  BANK0       1
                cstackCOMMON                   000070  00000E  00007E        70       1  COMMON      1
                bssBANK1                       0000A0  000026  0000C6        A0       1  BANK1       1
                bssBANK2                       000120  000040  000160       120       1  BANK2       1
                dataBANK3                      0001A0  000043  0001E3       1A0       1  BANK3       1
                dataBANK4                      000220  000050  000270       220       1  BANK4       1
                dataBANK5                      0002A0  000020  0002C0       2A0       1  BANK5       1
                bssBANK6                       000320  000040  000360       320       1  BANK6       1
                cstackBANK7                    0003A0  000046  0003E6       3A0       1  BANK7       1
                text123                        000802  000001  000803      1004       0  CODE        2
                text103                        000803  000001  000804      1006       0  CODE        2
                text44                         000804  000001  000805      1008       0  CODE        2
                text107                        000805  000002  000807      100A       0  CODE        2
                text106                        000807  000002  000809      100E       0  CODE        2
                text120                        000809  000003  00080C      1012       0  CODE        2
                text119                        00080C  000003  00080F      1018       0  CODE        2
                text117                        00080F  000003  000812      101E       0  CODE        2
                text116                        000812  000003  000815      1024       0  CODE        2
                text104                        000815  000003  000818      102A       0  CODE        2
                text101                        000818  000003  00081B      1030       0  CODE        2
                text98                         00081B  000003  00081E      1036       0  CODE        2
                text81                         00081E  000003  000821      103C       0  CODE        2
                text63                         000821  000003  000824      1042       0  CODE        2
                text62                         000824  000003  000827      1048       0  CODE        2
                text60                         000827  000003  00082A      104E       0  CODE        2
                text58                         00082A  000003  00082D      1054       0  CODE        2
                text57                         00082D  000003  000830      105A       0  CODE        2
                text45                         000830  000003  000833      1060       0  CODE        2
                text42                         000833  000003  000836      1066       0  CODE        2
                text39                         000836  000003  000839      106C       0  CODE        2
                idataBANK1                     000839  000003  00083C      1072       0  CODE        2
                text118                        00083C  000004  000840      1078       0  CODE        2
                text102                        000840  000004  000844      1080       0  CODE        2
                text94                         000844  000004  000848      1088       0  CODE        2
                text93                         000848  000004  00084C      1090       0  CODE        2
                text92                         00084C  000004  000850      1098       0  CODE        2
                text91                         000850  000004  000854      10A0       0  CODE        2
                text87                         000854  000004  000858      10A8       0  CODE        2
                text86                         000858  000004  00085C      10B0       0  CODE        2
                text85                         00085C  000004  000860      10B8       0  CODE        2
                text59                         000860  000004  000864      10C0       0  CODE        2
                text43                         000864  000004  000868      10C8       0  CODE        2
                text17                         000868  000004  00086C      10D0       0  CODE        2
                text100                        00086C  000005  000871      10D8       0  CODE        2
                text95                         000871  000005  000876      10E2       0  CODE        2
                idataBANK0                     000876  000005  00087B      10EC       0  CODE        2
                text121                        00087B  000006  000881      10F6       0  CODE        2
                text88                         000881  000006  000887      1102       0  CODE        2
                text77                         000887  000006  00088D      110E       0  CODE        2
                text75                         00088D  000006  000893      111A       0  CODE        2
                text52                         000893  000006  000899      1126       0  CODE        2
                text47                         000899  000006  00089F      1132       0  CODE        2
                text46                         00089F  000006  0008A5      113E       0  CODE        2
                text41                         0008A5  000006  0008AB      114A       0  CODE        2
                text15                         0008AB  000006  0008B1      1156       0  CODE        2
                text14                         0008B1  000006  0008B7      1162       0  CODE        2
                clrtext                        0008B7  000006  0008BD      116E       0  CODE        2
                inittext                       0008BD  000006  0008C3      117A       0  CODE        2
                text96                         0008C3  000007  0008CA      1186       0  CODE        2
                text89                         0008CA  000007  0008D1      1194       0  CODE        2
                text90                         0008D1  000008  0008D9      11A2       0  CODE        2
                text35                         0008D9  000008  0008E1      11B2       0  CODE        2
                text34                         0008E1  000008  0008E9      11C2       0  CODE        2
                text33                         0008E9  000008  0008F1      11D2       0  CODE        2
                text32                         0008F1  000008  0008F9      11E2       0  CODE        2
                text28                         0008F9  000008  000901      11F2       0  CODE        2
                text27                         000901  000008  000909      1202       0  CODE        2
                text26                         000909  000008  000911      1212       0  CODE        2
                text36                         000911  000009  00091A      1222       0  CODE        2
                text78                         00091A  00000A  000924      1234       0  CODE        2
                text29                         000924  00000A  00092E      1248       0  CODE        2
                text19                         00092E  00000A  000938      125C       0  CODE        2
                text16                         000938  00000A  000942      1270       0  CODE        2
                text37                         000942  00000B  00094D      1284       0  CODE        2
                text30                         00094D  00000B  000958      129A       0  CODE        2
                text21                         000958  00000B  000963      12B0       0  CODE        2
                text20                         000963  00000B  00096E      12C6       0  CODE        2
                text113                        00096E  00000C  00097A      12DC       0  CODE        2
                text99                         00097A  00000C  000986      12F4       0  CODE        2
                text31                         000986  00000C  000992      130C       0  CODE        2
                text124                        000992  00000D  00099F      1324       0  CODE        2
                text122                        00099F  00000D  0009AC      133E       0  CODE        2
                text115                        0009AC  00000D  0009B9      1358       0  CODE        2
                text54                         0009B9  00000D  0009C6      1372       0  CODE        2
                text40                         0009C6  00000D  0009D3      138C       0  CODE        2
                text12                         0009D3  00000D  0009E0      13A6       0  CODE        2
                text67                         0009E0  000013  0009F3      13C0       0  CODE        2
                text112                        0009F3  000015  000A08      13E6       0  CODE        2
                text111                        000A08  000015  000A1D      1410       0  CODE        2
                text110                        000A1D  000015  000A32      143A       0  CODE        2
                text109                        000A32  000015  000A47      1464       0  CODE        2
                text56                         000A47  000015  000A5C      148E       0  CODE        2
                text108                        000A5C  00001A  000A76      14B8       0  CODE        2
                text61                         000A76  00001B  000A91      14EC       0  CODE        2
                text53                         000A91  00001B  000AAC      1522       0  CODE        2
                text51                         000AAC  00001B  000AC7      1558       0  CODE        2
                text50                         000AC7  00001B  000AE2      158E       0  CODE        2
                text49                         000AE2  00001B  000AFD      15C4       0  CODE        2
                text2                          000AFD  00001F  000B1C      15FA       0  CODE        2
                text73                         000B1C  000020  000B3C      1638       0  CODE        2
                text72                         000B3C  000020  000B5C      1678       0  CODE        2
                text48                         000B5C  000020  000B7C      16B8       0  CODE        2
                idataBANK5                     000B7C  000020  000B9C      16F8       0  CODE        2
                idataBANK2                     000B9C  000020  000BBC      1738       0  CODE        2
                text80                         000BBC  000022  000BDE      1778       0  CODE        2
                text84                         000BDE  000023  000C01      17BC       0  CODE        2
                text114                        000C01  000024  000C25      1802       0  CODE        2
                text18                         000C25  000024  000C49      184A       0  CODE        2
                text55                         000C49  000025  000C6E      1892       0  CODE        2
                text22                         000C6E  000026  000C94      18DC       0  CODE        2
                text97                         000C94  000029  000CBD      1928       0  CODE        2
                text11                         000CBD  000029  000CE6      197A       0  CODE        2
                text25                         000CE6  00002A  000D10      19CC       0  CODE        2
                idataBANK3                     000D10  00002A  000D3A      1A20       0  CODE        2
                text68                         000D3A  00002D  000D67      1A74       0  CODE        2
                text38                         000D67  00002E  000D95      1ACE       0  CODE        2
                text4                          000D95  000030  000DC5      1B2A       0  CODE        2
                text76                         000DC5  000034  000DF9      1B8A       0  CODE        2
                text69                         000DF9  000035  000E2E      1BF2       0  CODE        2
                text66                         000E2E  000037  000E65      1C5C       0  CODE        2
                text3                          000E65  00003C  000EA1      1CCA       0  CODE        2
                text82                         000EA1  00003F  000EE0      1D42       0  CODE        2
                text70                         000EE0  000045  000F25      1DC0       0  CODE        2
                text5                          000F25  000046  000F6B      1E4A       0  CODE        2
                text23                         000F6B  000047  000FB2      1ED6       0  CODE        2
                text13                         000FB2  00004E  001000      1F64       0  CODE        2
                config                         008007  000003  00800A     1000E       0  CONFIG      2


UNUSED ADDRESS RANGES

        Name                Unused          Largest block    Delta
        BANK0            0006C-0006F               4           1
        BANK1            000C6-000EF              2A           1
        BANK10           00520-0056F              50           1
        BANK11           005A0-005EF              50           1
        BANK12           00620-0064F              30           1
        BANK2            00160-0016F              10           1
        BANK3            001E3-001EF               D           1
        BANK5            002C0-002EF              30           1
        BANK6            00360-0036F              10           1
        BANK7            003E6-003EF               A           1
        BANK8            00420-0046F              50           1
        BANK9            004A0-004EF              50           1
        BIGRAM           02000-023EF             3F0           1
        CODE             00800-00801               2           2
                         01000-01FFF             800
        CONST            00800-00801               2           2
                         01000-01FFF             100
        ENTRY            00800-00801               2           2
                         01000-01FFF             100
        IDLOC            08000-08003               4           2
        RAM              0006C-0006F               4           1
                         000C6-000EF              2A
                         00160-0016F              10
                         001E3-001EF               D
                         002C0-002EF              30
                         00360-0036F              10
                         003E6-003EF               A
                         00420-0046F              50
                         004A0-004EF              50
                         00520-0056F              50
                         005A0-005EF              50
                         00620-0064F              30
        SFR0             00000-0001F              20           1
        SFR1             00080-0009F              20           1
        SFR10            00500-0051F              20           1
        SFR11            00580-0059F              20           1
        SFR12            00600-0061F              20           1
        SFR13            00680-006EF              70           1
        SFR14            00700-0076F              70           1
        SFR15            00780-007EF              70           1
        SFR16            00800-0086F              70           1
        SFR17            00880-008EF              70           1
        SFR18            00900-0096F              70           1
        SFR19            00980-009EF              70           1
        SFR2             00100-0011F              20           1
        SFR20            00A00-00A6F              70           1
        SFR21            00A80-00AEF              70           1
        SFR22            00B00-00B6F              70           1
        SFR23            00B80-00BEF              70           1
        SFR24            00C00-00C6F              70           1
        SFR25            00C80-00CEF              70           1
        SFR26            00D00-00D6F              70           1
        SFR27            00D80-00DEF              70           1
        SFR28            00E00-00E6F              70           1
        SFR29            00E80-00EEF              70           1
        SFR3             00180-0019F              20           1
        SFR30            00F00-00F6F              70           1
        SFR31            00F80-00FEF              70           1
        SFR4             00200-0021F              20           1
        SFR5             00280-0029F              20           1
        SFR6             00300-0031F              20           1
        SFR7             00380-0039F              20           1
        SFR8             00400-0041F              20           1
        SFR9             00480-0049F              20           1
        STACK            02276-023EF             17A           1
        STRCODE          00800-00801               2           2
                         01000-01FFF            1000
        STRING           00800-00801               2           2
                         01000-01FFF             100

                                  Symbol Table

?_FLASH_ReadWord                            cstackBANK0  00022
?___awdiv                                   cstackBANK0  00022
?___awmod                                   cstackBANK0  00035
?___lmul                                    cstackBANK0  00022
?___lwdiv                                   cstackBANK0  00022
?___lwmod                                   cstackBANK0  0002A
?_rand                                      cstackBANK0  0002E
FLASH_EraseBlock@GIEBitValue                cstackBANK0  00024
FLASH_EraseBlock@startAddr                  cstackBANK0  00022
FLASH_ReadWord@GIEBitValue                  cstackBANK0  00024
FLASH_ReadWord@flashAddr                    cstackBANK0  00022
FLASH_WriteBlock@GIEBitValue                cstackBANK0  0002D
FLASH_WriteBlock@blockStartAddr             cstackBANK0  0002B
FLASH_WriteBlock@flashWordArray             cstackBANK0  00027
FLASH_WriteBlock@i                          cstackBANK0  0002E
FLASH_WriteBlock@writeAddr                  cstackBANK0  00025
FLASH_WriteWord@blockStartAddr              cstackBANK0  00036
FLASH_WriteWord@flashAddr                   cstackBANK0  0002F
FLASH_WriteWord@i                           cstackBANK0  00038
FLASH_WriteWord@offset                      cstackBANK0  00035
FLASH_WriteWord@ramBuf                      cstackBANK0  00031
FLASH_WriteWord@word                        cstackBANK0  00032
IOCCF4_SetInterruptHandler@InterruptHandler cstackBANK0  00022
_ANSELA                                     (abs)        0018C
_ANSELB                                     (abs)        0018D
_ANSELC                                     (abs)        0018E
_BORCON                                     (abs)        00116
_FLASH_EraseBlock                           text72       00B3C
_FLASH_ReadWord                             text73       00B1C
_FLASH_WriteBlock                           text71       0053B
_FLASH_WriteWord                            text70       00EE0
_INTCONbits                                 (abs)        0000B
_INTERRUPT_InterruptManager                 intentry     00004
_IOCCF4_DefaultInterruptHandler             text123      00802
_IOCCF4_ISR                                 text122      0099F
_IOCCF4_InterruptHandler                    nvBANK0      0006A
_IOCCF4_SetInterruptHandler                 text77       00887
_IOCCFbits                                  (abs)        00399
_IOCCNbits                                  (abs)        00398
_IOCCPbits                                  (abs)        00397
_LATA                                       (abs)        0010C
_LATB                                       (abs)        0010D
_LATC                                       (abs)        0010E
_ODCONA                                     (abs)        0028C
_ODCONB                                     (abs)        0028D
_ODCONC                                     (abs)        0028E
_OPTION_REGbits                             (abs)        00095
_OSCCON                                     (abs)        00099
_OSCILLATOR_Initialize                      text78       0091A
_OSCTUNE                                    (abs)        00098
_PIE1bits                                   (abs)        00090
_PIE2bits                                   (abs)        00091
_PIN_MANAGER_IOC                            text121      0087B
_PIN_MANAGER_Initialize                     text76       00DC5
_PIR1bits                                   (abs)        00010
_PIR2bits                                   (abs)        00011
_PLLR                                       (abs)        004D6
_PMADRH                                     (abs)        00192
_PMADRL                                     (abs)        00191
_PMCON1bits                                 (abs)        00195
_PMCON2                                     (abs)        00196
_PMDATH                                     (abs)        00194
_PMDATL                                     (abs)        00193
_RB4PPS                                     (abs)        00E9C
_RB6PPS                                     (abs)        00E9E
_SSP1ADD                                    (abs)        00212
_SSP1BUF                                    (abs)        00211
_SSP1CON1                                   (abs)        00215
_SSP1CON1bits                               (abs)        00215
_SSP1CON2                                   (abs)        00216
_SSP1CON2bits                               (abs)        00216
_SSP1MSK                                    (abs)        00213
_SSP1STAT                                   (abs)        00214
_SSP1STATbits                               (abs)        00214
_SSPCLKPPS                                  (abs)        00E20
_SSPDATPPS                                  (abs)        00E21
_SYSTEM_Initialize                          text75       0088D
_TRISA                                      (abs)        0008C
_TRISB                                      (abs)        0008D
_TRISC                                      (abs)        0008E
_WPUA                                       (abs)        0020C
_WPUB                                       (abs)        0020D
_WPUC                                       (abs)        0020E
__CFG_BOREN$ON                              (abs)        00000
__CFG_BORV$LO                               (abs)        00000
__CFG_CLKOUTEN$OFF                          (abs)        00000
__CFG_CP$OFF                                (abs)        00000
__CFG_FCMEN$ON                              (abs)        00000
__CFG_FOSC$INTOSC                           (abs)        00000
__CFG_IESO$ON                               (abs)        00000
__CFG_LPBOR$OFF                             (abs)        00000
__CFG_LVP$ON                                (abs)        00000
__CFG_MCLRE$ON                              (abs)        00000
__CFG_PLLEN$ON                              (abs)        00000
__CFG_PPS1WAY$ON                            (abs)        00000
__CFG_PWRTE$OFF                             (abs)        00000
__CFG_STVREN$ON                             (abs)        00000
__CFG_WDTCCS$SWC                            (abs)        00000
__CFG_WDTCPS$WDTCPS1F                       (abs)        00000
__CFG_WDTCWS$WDTCWSSW                       (abs)        00000
__CFG_WDTE$OFF                              (abs)        00000
__CFG_WRT$OFF                               (abs)        00000
__CFG_ZCD$OFF                               (abs)        00000
__Habs1                                     abs1         00000
__Hbank0                                    bank0        00000
__Hbank1                                    bank1        00000
__Hbank10                                   bank10       00000
__Hbank11                                   bank11       00000
__Hbank12                                   bank12       00000
__Hbank13                                   bank13       00000
__Hbank14                                   bank14       00000
__Hbank15                                   bank15       00000
__Hbank16                                   bank16       00000
__Hbank17                                   bank17       00000
__Hbank18                                   bank18       00000
__Hbank19                                   bank19       00000
__Hbank2                                    bank2        00000
__Hbank20                                   bank20       00000
__Hbank21                                   bank21       00000
__Hbank22                                   bank22       00000
__Hbank23                                   bank23       00000
__Hbank24                                   bank24       00000
__Hbank25                                   bank25       00000
__Hbank26                                   bank26       00000
__Hbank27                                   bank27       00000
__Hbank28                                   bank28       00000
__Hbank29                                   bank29       00000
__Hbank3                                    bank3        00000
__Hbank30                                   bank30       00000
__Hbank31                                   bank31       00000
__Hbank4                                    bank4        00000
__Hbank5                                    bank5        00000
__Hbank6                                    bank6        00000
__Hbank7                                    bank7        00000
__Hbank8                                    bank8        00000
__Hbank9                                    bank9        00000
__Hbigram                                   bigram       00000
__HbssBANK0                                 bssBANK0     00000
__HbssBANK1                                 bssBANK1     00000
__HbssBANK2                                 bssBANK2     00000
__HbssBANK3                                 bssBANK3     00000
__HbssBANK6                                 bssBANK6     00000
__Hcinit                                    cinit        000A3
__Hclrtext                                  clrtext      00000
__Hcode                                     code         00000
__Hcommon                                   common       00000
__Hconfig                                   config       0800A
__HcstackBANK0                              cstackBANK0  00000
__HcstackBANK7                              cstackBANK7  00000
__HcstackCOMMON                             cstackCOMMON 00000
__HdataBANK0                                dataBANK0    00000
__HdataBANK1                                dataBANK1    00000
__HdataBANK2                                dataBANK2    00000
__HdataBANK3                                dataBANK3    00000
__HdataBANK4                                dataBANK4    00000
__HdataBANK5                                dataBANK5    00000
__Heeprom_data                              eeprom_data  00000
__Hend_init                                 end_init     00030
__Hfunctab                                  functab      00000
__HidataBANK0                               idataBANK0   00000
__HidataBANK1                               idataBANK1   00000
__HidataBANK2                               idataBANK2   00000
__HidataBANK3                               idataBANK3   00000
__HidataBANK4                               idataBANK4   00000
__HidataBANK5                               idataBANK5   00000
__Hidloc                                    idloc        00000
__Hinit                                     init         0002E
__Hinittext                                 inittext     00000
__Hintentry                                 intentry     0002E
__Hmaintext                                 maintext     00000
__HnvBANK0                                  nvBANK0      00000
__Hpowerup                                  powerup      00000
__Hram                                      ram          00000
__Hreset_vec                                reset_vec    00002
__Hsfr0                                     sfr0         00000
__Hsfr1                                     sfr1         00000
__Hsfr10                                    sfr10        00000
__Hsfr11                                    sfr11        00000
__Hsfr12                                    sfr12        00000
__Hsfr13                                    sfr13        00000
__Hsfr14                                    sfr14        00000
__Hsfr15                                    sfr15        00000
__Hsfr16                                    sfr16        00000
__Hsfr17                                    sfr17        00000
__Hsfr18                                    sfr18        00000
__Hsfr19                                    sfr19        00000
__Hsfr2                                     sfr2         00000
__Hsfr20                                    sfr20        00000
__Hsfr21                                    sfr21        00000
__Hsfr22                                    sfr22        00000
__Hsfr23                                    sfr23        00000
__Hsfr24                                    sfr24        00000
__Hsfr25                                    sfr25        00000
__Hsfr26                                    sfr26        00000
__Hsfr27                                    sfr27        00000
__Hsfr28                                    sfr28        00000
__Hsfr29                                    sfr29        00000
__Hsfr3                                     sfr3         00000
__Hsfr30                                    sfr30        00000
__Hsfr31                                    sfr31        00000
__Hsfr4                                     sfr4         00000
__Hsfr5                                     sfr5         00000
__Hsfr6                                     sfr6         00000
__Hsfr7                                     sfr7         00000
__Hsfr8                                     sfr8         00000
__Hsfr9                                     sfr9         00000
__Hspace_0                                  (abs)        0800A
__Hspace_1                                  (abs)        003E6
__Hspace_2                                  (abs)        00000
__Hspace_3                                  (abs)        00000
__Hstack                                    stack        00000
__Hstrings                                  strings      00000
__Htext                                     text         00000
__Labs1                                     abs1         00000
__Lbank0                                    bank0        00000
__Lbank1                                    bank1        00000
__Lbank10                                   bank10       00000
__Lbank11                                   bank11       00000
__Lbank12                                   bank12       00000
__Lbank13                                   bank13       00000
__Lbank14                                   bank14       00000
__Lbank15                                   bank15       00000
__Lbank16                                   bank16       00000
__Lbank17                                   bank17       00000
__Lbank18                                   bank18       00000
__Lbank19                                   bank19       00000
__Lbank2                                    bank2        00000
__Lbank20                                   bank20       00000
__Lbank21                                   bank21       00000
__Lbank22                                   bank22       00000
__Lbank23                                   bank23       00000
__Lbank24                                   bank24       00000
__Lbank25                                   bank25       00000
__Lbank26                                   bank26       00000
__Lbank27                                   bank27       00000
__Lbank28                                   bank28       00000
__Lbank29                                   bank29       00000
__Lbank3                                    bank3        00000
__Lbank30                                   bank30       00000
__Lbank31                                   bank31       00000
__Lbank4                                    bank4        00000
__Lbank5                                    bank5        00000
__Lbank6                                    bank6        00000
__Lbank7                                    bank7        00000
__Lbank8                                    bank8        00000
__Lbank9                                    bank9        00000
__Lbigram                                   bigram       00000
__LbssBANK0                                 bssBANK0     00000
__LbssBANK1                                 bssBANK1     00000
__LbssBANK2                                 bssBANK2     00000
__LbssBANK3                                 bssBANK3     00000
__LbssBANK6                                 bssBANK6     00000
__Lcinit                                    cinit        00030
__Lclrtext                                  clrtext      00000
__Lcode                                     code         00000
__Lcommon                                   common       00000
__Lconfig                                   config       08007
__LcstackBANK0                              cstackBANK0  00000
__LcstackBANK7                              cstackBANK7  00000
__LcstackCOMMON                             cstackCOMMON 00000
__LdataBANK0                                dataBANK0    00000
__LdataBANK1                                dataBANK1    00000
__LdataBANK2                                dataBANK2    00000
__LdataBANK3                                dataBANK3    00000
__LdataBANK4                                dataBANK4    00000
__LdataBANK5                                dataBANK5    00000
__Leeprom_data                              eeprom_data  00000
__Lend_init                                 end_init     0002E
__Lfunctab                                  functab      00000
__LidataBANK0                               idataBANK0   00000
__LidataBANK1                               idataBANK1   00000
__LidataBANK2                               idataBANK2   00000
__LidataBANK3                               idataBANK3   00000
__LidataBANK4                               idataBANK4   00000
__LidataBANK5                               idataBANK5   00000
__Lidloc                                    idloc        00000
__Linit                                     init         0002E
__Linittext                                 inittext     00000
__Lintentry                                 intentry     00004
__Lmaintext                                 maintext     00000
__LnvBANK0                                  nvBANK0      00000
__Lpowerup                                  powerup      00000
__Lram                                      ram          00000
__Lreset_vec                                reset_vec    00000
__Lsfr0                                     sfr0         00000
__Lsfr1                                     sfr1         00000
__Lsfr10                                    sfr10        00000
__Lsfr11                                    sfr11        00000
__Lsfr12                                    sfr12        00000
__Lsfr13                                    sfr13        00000
__Lsfr14                                    sfr14        00000
__Lsfr15                                    sfr15        00000
__Lsfr16                                    sfr16        00000
__Lsfr17                                    sfr17        00000
__Lsfr18                                    sfr18        00000
__Lsfr19                                    sfr19        00000
__Lsfr2                                     sfr2         00000
__Lsfr20                                    sfr20        00000
__Lsfr21                                    sfr21        00000
__Lsfr22                                    sfr22        00000
__Lsfr23                                    sfr23        00000
__Lsfr24                                    sfr24        00000
__Lsfr25                                    sfr25        00000
__Lsfr26                                    sfr26        00000
__Lsfr27                                    sfr27        00000
__Lsfr28                                    sfr28        00000
__Lsfr29                                    sfr29        00000
__Lsfr3                                     sfr3         00000
__Lsfr30                                    sfr30        00000
__Lsfr31                                    sfr31        00000
__Lsfr4                                     sfr4         00000
__Lsfr5                                     sfr5         00000
__Lsfr6                                     sfr6         00000
__Lsfr7                                     sfr7         00000
__Lsfr8                                     sfr8         00000
__Lsfr9                                     sfr9         00000
__Lspace_0                                  (abs)        00000
__Lspace_1                                  (abs)        00000
__Lspace_2                                  (abs)        00000
__Lspace_3                                  (abs)        00000
__Lstack                                    stack        00000
__Lstrings                                  strings      00000
__Ltext                                     text         00000
__S0                                        (abs)        0800A
__S1                                        (abs)        003E6
__S2                                        (abs)        00000
___awdiv                                    text64       00711
___awdiv@counter                            cstackBANK0  00027
___awdiv@dividend                           cstackBANK0  00024
___awdiv@divisor                            cstackBANK0  00022
___awdiv@quotient                           cstackBANK0  00029
___awdiv@sign                               cstackBANK0  00028
___awmod                                    text5        00F25
___awmod@counter                            cstackBANK0  0003A
___awmod@dividend                           cstackBANK0  00037
___awmod@divisor                            cstackBANK0  00035
___awmod@sign                               cstackBANK0  0003B
___int_sp                                   stack        00000
___latbits                                  (abs)        00002
___lmul                                     text4        00D95
___lmul@multiplicand                        cstackBANK0  00026
___lmul@multiplier                          cstackBANK0  00022
___lmul@product                             cstackBANK0  0002A
___lwdiv                                    text69       00DF9
___lwdiv@counter                            cstackBANK0  00027
___lwdiv@dividend                           cstackBANK0  00024
___lwdiv@divisor                            cstackBANK0  00022
___lwdiv@quotient                           cstackBANK0  00028
___lwmod                                    text68       00D3A
___lwmod@counter                            cstackBANK0  0002F
___lwmod@dividend                           cstackBANK0  0002C
___lwmod@divisor                            cstackBANK0  0002A
___sp                                       stack        00000
__end_of_FLASH_EraseBlock                   text72       00B5C
__end_of_FLASH_ReadWord                     text73       00B3C
__end_of_FLASH_WriteBlock                   text71       005A6
__end_of_FLASH_WriteWord                    text70       00F25
__end_of_INTERRUPT_InterruptManager         intentry     0002E
__end_of_IOCCF4_DefaultInterruptHandler     text123      00803
__end_of_IOCCF4_ISR                         text122      009AC
__end_of_IOCCF4_SetInterruptHandler         text77       0088D
__end_of_OSCILLATOR_Initialize              text78       00924
__end_of_PIN_MANAGER_IOC                    text121      00881
__end_of_PIN_MANAGER_Initialize             text76       00DF9
__end_of_SYSTEM_Initialize                  text75       00893
__end_of___awdiv                            text64       00763
__end_of___awmod                            text5        00F6B
__end_of___lmul                             text4        00DC5
__end_of___lwdiv                            text69       00E2E
__end_of___lwmod                            text68       00D67
__end_of__initialization                    cinit        0009F
__end_of_buttonInterrupt                    text124      0099F
__end_of_clearPixels                        text67       009F3
__end_of_do_I2C_DO_ACK                      text28       00901
__end_of_do_I2C_DO_ADDRESS_NACK             text25       00D10
__end_of_do_I2C_DO_NACK_RESTART             text26       00911
__end_of_do_I2C_DO_NACK_STOP                text27       00909
__end_of_do_I2C_IDLE                        text36       0091A
__end_of_do_I2C_RCEN                        text29       0092E
__end_of_do_I2C_RESET                       text37       0094D
__end_of_do_I2C_RX                          text23       00FB2
__end_of_do_I2C_SEND_ADR_READ               text31       00992
__end_of_do_I2C_SEND_ADR_WRITE              text30       00958
__end_of_do_I2C_SEND_RESTART                text33       008F1
__end_of_do_I2C_SEND_RESTART_READ           text35       008E1
__end_of_do_I2C_SEND_RESTART_WRITE          text34       008E9
__end_of_do_I2C_SEND_STOP                   text32       008F9
__end_of_do_I2C_TX                          text24       006BD
__end_of_do_I2C_TX_EMPTY                    text38       00D95
__end_of_drawPixel                          text74       002EC
__end_of_drawWalls                          text65       00711
__end_of_endGame                            text7        0053B
__end_of_i2c_ISR                            text22       00C94
__end_of_i2c_busCollisionISR                text119      0080F
__end_of_i2c_close                          text61       00A91
__end_of_i2c_driver_TXData                  text41       008AB
__end_of_i2c_driver_clearBusCollision       text120      0080C
__end_of_i2c_driver_getRXData               text42       00836
__end_of_i2c_driver_isNACK                  text40       009D3
__end_of_i2c_driver_open                    text16       00942
__end_of_i2c_driver_resetBus                text44       00805
__end_of_i2c_driver_restart                 text58       0082D
__end_of_i2c_driver_sendACK                 text59       00864
__end_of_i2c_driver_sendNACK                text43       00868
__end_of_i2c_driver_setBusCollisionISR      text15       008B1
__end_of_i2c_driver_setI2cISR               text14       008B7
__end_of_i2c_driver_start                   text60       0082A
__end_of_i2c_driver_startRX                 text45       00833
__end_of_i2c_driver_stop                    text57       00830
__end_of_i2c_masterOperation                text18       00C49
__end_of_i2c_masterWrite                    text17       0086C
__end_of_i2c_open                           text13       01000
__end_of_i2c_poller                         text20       0096E
__end_of_i2c_restartWrite                   text52       00899
__end_of_i2c_setAddressNACKCallback         text12       009E0
__end_of_i2c_setBuffer                      text56       00A5C
__end_of_i2c_setDataCompleteCallback        text54       009C6
__end_of_i2c_writeNBytes                    text11       00CE6
__end_of_initializeDisplay                  text6        00607
__end_of_main                               maintext     0042D
__end_of_mssp_IRQisEnabled                  text19       00938
__end_of_mssp_clearIRQ                      text63       00824
__end_of_mssp_disableIRQ                    text62       00827
__end_of_mssp_setIRQ                        text39       00839
__end_of_mssp_waitForEvent                  text21       00963
__end_of_rand                               text3        00EA1
__end_of_random                             text2        00B1C
__end_of_rd1RegCompleteHandler              text50       00AE2
__end_of_rd2RegCompleteHandler              text49       00AFD
__end_of_rdBlkRegCompleteHandler            text48       00B7C
__end_of_returnReset                        text46       008A5
__end_of_returnStop                         text47       0089F
__end_of_reverse                            text66       00E65
__end_of_setCallBack                        text55       00C6E
__end_of_shiftWalls                         text1        004B4
__end_of_wr1RegCompleteHandler              text51       00AC7
__end_of_wr2RegCompleteHandler              text53       00AAC
__end_of_write                              text8        00230
__end_of_writeDisplay                       text10       00665
__end_of_writeWord                          text9        00398
__end_ofi1_do_I2C_DO_ACK                    text87       00858
__end_ofi1_do_I2C_DO_ADDRESS_NACK           text84       00C01
__end_ofi1_do_I2C_DO_NACK_RESTART           text85       00860
__end_ofi1_do_I2C_DO_NACK_STOP              text86       0085C
__end_ofi1_do_I2C_IDLE                      text95       00876
__end_ofi1_do_I2C_RCEN                      text88       00887
__end_ofi1_do_I2C_RESET                     text96       008CA
__end_ofi1_do_I2C_RX                        text82       00EE0
__end_ofi1_do_I2C_SEND_ADR_READ             text90       008D9
__end_ofi1_do_I2C_SEND_ADR_WRITE            text89       008D1
__end_ofi1_do_I2C_SEND_RESTART              text92       00850
__end_ofi1_do_I2C_SEND_RESTART_READ         text94       00848
__end_ofi1_do_I2C_SEND_RESTART_WRITE        text93       0084C
__end_ofi1_do_I2C_SEND_STOP                 text91       00854
__end_ofi1_do_I2C_TX                        text83       00800
__end_ofi1_do_I2C_TX_EMPTY                  text97       00CBD
__end_ofi1_i2c_ISR                          text80       00BDE
__end_ofi1_i2c_driver_TXData                text100      00871
__end_ofi1_i2c_driver_getRXData             text101      0081B
__end_ofi1_i2c_driver_isNACK                text99       00986
__end_ofi1_i2c_driver_resetBus              text103      00804
__end_ofi1_i2c_driver_restart               text117      00812
__end_ofi1_i2c_driver_sendACK               text118      00840
__end_ofi1_i2c_driver_sendNACK              text102      00844
__end_ofi1_i2c_driver_startRX               text104      00818
__end_ofi1_i2c_driver_stop                  text116      00815
__end_ofi1_i2c_restartWrite                 text105      00004
__end_ofi1_i2c_setBuffer                    text115      009B9
__end_ofi1_i2c_setDataCompleteCallback      text113      0097A
__end_ofi1_mssp_clearIRQ                    text81       00821
__end_ofi1_mssp_setIRQ                      text98       0081E
__end_ofi1_rd1RegCompleteHandler            text110      00A32
__end_ofi1_rd2RegCompleteHandler            text109      00A47
__end_ofi1_rdBlkRegCompleteHandler          text108      00A76
__end_ofi1_returnReset                      text106      00809
__end_ofi1_returnStop                       text107      00807
__end_ofi1_setCallBack                      text114      00C25
__end_ofi1_wr1RegCompleteHandler            text111      00A1D
__end_ofi1_wr2RegCompleteHandler            text112      00A08
__initialization                            cinit        00030
__pbssBANK0                                 bssBANK0     00059
__pbssBANK1                                 bssBANK1     000A0
[...]
		Nothing
 This function is called by:
		i1_wr1RegCompleteHandler
		i1_rd1RegCompleteHandler
		i1_rd2RegCompleteHandler
		i1_wr2RegCompleteHandler
		i1_rdBlkRegCompleteHandler
 This function uses a non-reentrant model


 *************** function i1_i2c_driver_stop *****************
 Defined at:
		line 156 in file "mcc_generated_files/i2c_driver.c"
 Parameters:    Size  Location     Type
		None
 Auto vars:     Size  Location     Type
		None
 Return value:  Size  Location     Type
                  1    wreg      void 
 Registers used:
		None
 Tracked objects:
		On entry : 
		On exit  : 
		Unchanged: 
 Data sizes:     COMMON   BANK0   BANK1   BANK2   BANK3   BANK4   BANK5   BANK6   BANK7   BANK8   BANK9  BANK10  BANK11  BANK12
      Params:         0       0       0       0       0       0       0       0       0       0       0       0       0       0
      Locals:         0       0       0       0       0       0       0       0       0       0       0       0       0       0
      Temps:          0       0       0       0       0       0       0       0       0       0       0       0       0       0
      Totals:         0       0       0       0       0       0       0       0       0       0       0       0       0       0
Total ram usage:        0 bytes
 Hardware stack levels used:    1
 This function calls:
		Nothing
 This function is called by:
		i1_do_I2C_SEND_STOP
 This function uses a non-reentrant model


 *************** function i1_i2c_driver_restart *****************
 Defined at:
		line 151 in file "mcc_generated_files/i2c_driver.c"
 Parameters:    Size  Location     Type
		None
 Auto vars:     Size  Location     Type
		None
 Return value:  Size  Location     Type
                  1    wreg      void 
 Registers used:
		None
 Tracked objects:
		On entry : 
		On exit  : 
		Unchanged: 
 Data sizes:     COMMON   BANK0   BANK1   BANK2   BANK3   BANK4   BANK5   BANK6   BANK7   BANK8   BANK9  BANK10  BANK11  BANK12
      Params:         0       0       0       0       0       0       0       0       0       0       0       0       0       0
      Locals:         0       0       0       0       0       0       0       0       0       0       0       0       0       0
      Temps:          0       0       0       0       0       0       0       0       0       0       0       0       0       0
      Totals:         0       0       0       0       0       0       0       0       0       0       0       0       0       0
Total ram usage:        0 bytes
 Hardware stack levels used:    1
 This function calls:
		Nothing
 This function is called by:
		i1_do_I2C_SEND_RESTART_READ
		i1_do_I2C_SEND_RESTART_WRITE
		i1_do_I2C_SEND_RESTART
 This function uses a non-reentrant model


 *************** function i1_i2c_driver_sendACK *****************
 Defined at:
		line 196 in file "mcc_generated_files/i2c_driver.c"
 Parameters:    Size  Location     Type
		None
 Auto vars:     Size  Location     Type
		None
 Return value:  Size  Location     Type
                  1    wreg      void 
 Registers used:
		None
 Tracked objects:
		On entry : 
		On exit  : 
		Unchanged: 
 Data sizes:     COMMON   BANK0   BANK1   BANK2   BANK3   BANK4   BANK5   BANK6   BANK7   BANK8   BANK9  BANK10  BANK11  BANK12
      Params:         0       0       0       0       0       0       0       0       0       0       0       0       0       0
      Locals:         0       0       0       0       0       0       0       0       0       0       0       0       0       0
      Temps:          0       0       0       0       0       0       0       0       0       0       0       0       0       0
      Totals:         0       0       0       0       0       0       0       0       0       0       0       0       0       0
Total ram usage:        0 bytes
 Hardware stack levels used:    1
 This function calls:
		Nothing
 This function is called by:
		i1_do_I2C_DO_ACK
		i1_do_I2C_RX
 This function uses a non-reentrant model


 *************** function _i2c_busCollisionISR *****************
 Defined at:
		line 435 in file "mcc_generated_files/drivers/i2c_master.c"
 Parameters:    Size  Location     Type
		None
 Auto vars:     Size  Location     Type
		None
 Return value:  Size  Location     Type
                  1    wreg      void 
 Registers used:
		status,2, status,0, pclath, cstack
 Tracked objects:
		On entry : 
		On exit  : 
		Unchanged: 
 Data sizes:     COMMON   BANK0   BANK1   BANK2   BANK3   BANK4   BANK5   BANK6   BANK7   BANK8   BANK9  BANK10  BANK11  BANK12
      Params:         0       0       0       0       0       0       0       0       0       0       0       0       0       0
      Locals:         0       0       0       0       0       0       0       0       0       0       0       0       0       0
      Temps:          0       0       0       0       0       0       0       0       0       0       0       0       0       0
      Totals:         0       0       0       0       0       0       0       0       0       0       0       0       0       0
Total ram usage:        0 bytes
 Hardware stack levels used:    1
 Hardware stack levels required when called:    1
 This function calls:
		_i2c_driver_clearBusCollision
 This function is called by:
		_i2c_open
		_INTERRUPT_InterruptManager
 This function uses a non-reentrant model


 *************** function _i2c_driver_clearBusCollision *****************
 Defined at:
		line 253 in file "mcc_generated_files/i2c_driver.c"
 Parameters:    Size  Location     Type
		None
 Auto vars:     Size  Location     Type
		None
 Return value:  Size  Location     Type
                  1    wreg      void 
 Registers used:
		None
 Tracked objects:
		On entry : 
		On exit  : 
		Unchanged: 
 Data sizes:     COMMON   BANK0   BANK1   BANK2   BANK3   BANK4   BANK5   BANK6   BANK7   BANK8   BANK9  BANK10  BANK11  BANK12
      Params:         0       0       0       0       0       0       0       0       0       0       0       0       0       0
      Locals:         0       0       0       0       0       0       0       0       0       0       0       0       0       0
      Temps:          0       0       0       0       0       0       0       0       0       0       0       0       0       0
      Totals:         0       0       0       0       0       0       0       0       0       0       0       0       0       0
Total ram usage:        0 bytes
 Hardware stack levels used:    1
 This function calls:
		Nothing
 This function is called by:
		_i2c_busCollisionISR
 This function uses a non-reentrant model


 *************** function _PIN_MANAGER_IOC *****************
 Defined at:
		line 117 in file "mcc_generated_files/pin_manager.c"
 Parameters:    Size  Location     Type
		None
 Auto vars:     Size  Location     Type
		None
 Return value:  Size  Location     Type
                  1    wreg      void 
 Registers used:
		wreg, status,2, status,0, pclath, cstack
 Tracked objects:
		On entry : 
		On exit  : 
		Unchanged: 
 Data sizes:     COMMON   BANK0   BANK1   BANK2   BANK3   BANK4   BANK5   BANK6   BANK7   BANK8   BANK9  BANK10  BANK11  BANK12
      Params:         0       0       0       0       0       0       0       0       0       0       0       0       0       0
      Locals:         0       0       0       0       0       0       0       0       0       0       0       0       0       0
      Temps:          0       0       0       0       0       0       0       0       0       0       0       0       0       0
      Totals:         0       0       0       0       0       0       0       0       0       0       0       0       0       0
Total ram usage:        0 bytes
 Hardware stack levels used:    1
 Hardware stack levels required when called:    2
 This function calls:
		_IOCCF4_ISR
 This function is called by:
		_INTERRUPT_InterruptManager
 This function uses a non-reentrant model


 *************** function _IOCCF4_ISR *****************
 Defined at:
		line 131 in file "mcc_generated_files/pin_manager.c"
 Parameters:    Size  Location     Type
		None
 Auto vars:     Size  Location     Type
		None
 Return value:  Size  Location     Type
                  1    wreg      void 
 Registers used:
		wreg, status,2, status,0, pclath, cstack
 Tracked objects:
		On entry : 
		On exit  : 
		Unchanged: 
 Data sizes:     COMMON   BANK0   BANK1   BANK2   BANK3   BANK4   BANK5   BANK6   BANK7   BANK8   BANK9  BANK10  BANK11  BANK12
      Params:         0       0       0       0       0       0       0       0       0       0       0       0       0       0
      Locals:         0       0       0       0       0       0       0       0       0       0       0       0       0       0
      Temps:          0       0       0       0       0       0       0       0       0       0       0       0       0       0
      Totals:         0       0       0       0       0       0       0       0       0       0       0       0       0       0
Total ram usage:        0 bytes
 Hardware stack levels used:    1
 Hardware stack levels required when called:    1
 This function calls:
		Absolute function
		_IOCCF4_DefaultInterruptHandler
		_buttonInterrupt
 This function is called by:
		_PIN_MANAGER_IOC
 This function uses a non-reentrant model


 *************** function _IOCCF4_DefaultInterruptHandler *****************
 Defined at:
		line 153 in file "mcc_generated_files/pin_manager.c"
 Parameters:    Size  Location     Type
		None
 Auto vars:     Size  Location     Type
		None
 Return value:  Size  Location     Type
                  1    wreg      void 
 Registers used:
		None
 Tracked objects:
		On entry : 
		On exit  : 
		Unchanged: 
 Data sizes:     COMMON   BANK0   BANK1   BANK2   BANK3   BANK4   BANK5   BANK6   BANK7   BANK8   BANK9  BANK10  BANK11  BANK12
      Params:         0       0       0       0       0       0       0       0       0       0       0       0       0       0
      Locals:         0       0       0       0       0       0       0       0       0       0       0       0       0       0
      Temps:          0       0       0       0       0       0       0       0       0       0       0       0       0       0
      Totals:         0       0       0       0       0       0       0       0       0       0       0       0       0       0
Total ram usage:        0 bytes
 Hardware stack levels used:    1
 This function calls:
		Nothing
 This function is called by:
		_PIN_MANAGER_Initialize
		_IOCCF4_ISR
 This function uses a non-reentrant model


 *************** function _buttonInterrupt *****************
 Defined at:
		line 395 in file "main.c"
 Parameters:    Size  Location     Type
		None
 Auto vars:     Size  Location     Type
		None
 Return value:  Size  Location     Type
                  1    wreg      void 
 Registers used:
		wreg, status,2, status,0
 Tracked objects:
		On entry : 
		On exit  : 
		Unchanged: 
 Data sizes:     COMMON   BANK0   BANK1   BANK2   BANK3   BANK4   BANK5   BANK6   BANK7   BANK8   BANK9  BANK10  BANK11  BANK12
      Params:         0       0       0       0       0       0       0       0       0       0       0       0       0       0
      Locals:         0       0       0       0       0       0       0       0       0       0       0       0       0       0
      Temps:          1       0       0       0       0       0       0       0       0       0       0       0       0       0
      Totals:         1       0       0       0       0       0       0       0       0       0       0       0       0       0
Total ram usage:        1 bytes
 Hardware stack levels used:    1
 This function calls:
		Nothing
 This function is called by:
		_main
		_IOCCF4_ISR
 This function uses a non-reentrant model



MODULE INFORMATION

Module		Function		Class		Link	Load	Size
mcc_generated_files/interrupt_manager.c
		_INTERRUPT_InterruptManager		CODE           	0004	0000	43

mcc_generated_files/interrupt_manager.c estimated size: 43

mcc_generated_files/pin_manager.c
		_PIN_MANAGER_Initialize		CODE           	0DC5	0000	53
		_IOCCF4_DefaultInterruptHandler		CODE           	0802	0000	2
		_IOCCF4_ISR    		CODE           	099F	0000	14
		_PIN_MANAGER_IOC		CODE           	087B	0000	7
		_IOCCF4_SetInterruptHandler		CODE           	0887	0000	7

mcc_generated_files/pin_manager.c estimated size: 83

C:\Program Files (x86)\Microchip\xc8\v1.45\sources\common\lwmod.c
		___lwmod       		CODE           	0D3A	0000	46

C:\Program Files (x86)\Microchip\xc8\v1.45\sources\common\lwmod.c estimated size: 46

C:\Program Files (x86)\Microchip\xc8\v1.45\sources\common\awmod.c
		___awmod       		CODE           	0F25	0000	71

C:\Program Files (x86)\Microchip\xc8\v1.45\sources\common\awmod.c estimated size: 71

mcc_generated_files/i2c_driver.c
		_i2c_driver_clearBusCollision		CODE           	0809	0000	4
		_mssp_clearIRQ 		CODE           	0821	0000	4
		_i2c_driver_setBusCollisionISR		CODE           	08AB	0000	7
		_i2c_driver_restart		CODE           	082A	0000	4
		_mssp_IRQisEnabled		CODE           	092E	0000	11
		_i2c_driver_startRX		CODE           	0830	0000	4
		_i2c_driver_setI2cISR		CODE           	08B1	0000	7
		_i2c_driver_getRXData		CODE           	0833	0000	4
		_i2c_driver_TXData		CODE           	08A5	0000	7
		_i2c_driver_start		CODE           	0827	0000	4
		_i2c_driver_sendACK		CODE           	0860	0000	5
		_mssp_waitForEvent		CODE           	0958	0000	12
		_i2c_driver_sendNACK		CODE           	0864	0000	5
		_mssp_setIRQ   		CODE           	0836	0000	4
		_i2c_driver_resetBus		CODE           	0804	0000	2
		_mssp_disableIRQ		CODE           	0824	0000	4
		_i2c_driver_open		CODE           	0938	0000	11
		_i2c_driver_isNACK		CODE           	09C6	0000	14
		_i2c_driver_stop		CODE           	082D	0000	4

mcc_generated_files/i2c_driver.c estimated size: 117

mcc_generated_files/drivers/i2c_simple_master.c
		_wr1RegCompleteHandler		CODE           	0AAC	0000	28
		_wr2RegCompleteHandler		CODE           	0A91	0000	28
		_i2c_writeNBytes		CODE           	0CBD	0000	42
		_rdBlkRegCompleteHandler		CODE           	0B5C	0000	33
		_rd1RegCompleteHandler		CODE           	0AC7	0000	28
		_rd2RegCompleteHandler		CODE           	0AE2	0000	28

mcc_generated_files/drivers/i2c_simple_master.c estimated size: 187

C:\Program Files (x86)\Microchip\xc8\v1.45\sources\common\Umul32.c
		___lmul        		CODE           	0D95	0000	49

C:\Program Files (x86)\Microchip\xc8\v1.45\sources\common\Umul32.c estimated size: 49

C:\Program Files (x86)\Microchip\xc8\v1.45\sources\common\rand.c
		_rand          		CODE           	0E65	0000	61

C:\Program Files (x86)\Microchip\xc8\v1.45\sources\common\rand.c estimated size: 61

shared
		i1_mssp_setIRQ 		CODE           	081B	0000	4
		i1_returnReset 		CODE           	0807	0000	3
		i1_do_I2C_SEND_ADR_READ		CODE           	08D1	0000	9
		i1_do_I2C_DO_NACK_STOP		CODE           	0858	0000	5
		i1_setCallBack 		CODE           	0C01	0000	37
		i1_do_I2C_SEND_RESTART		CODE           	084C	0000	5
		i1_i2c_restartWrite		CODE           	0002	0000	3
		i1_do_I2C_TX_EMPTY		CODE           	0C94	0000	42
		i1_do_I2C_DO_NACK_RESTART		CODE           	085C	0000	5
		i1_do_I2C_SEND_RESTART_READ		CODE           	0844	0000	5
		i1_do_I2C_DO_ADDRESS_NACK		CODE           	0BDE	0000	36
		i1_i2c_driver_sendNACK		CODE           	0840	0000	5
		i1_mssp_clearIRQ		CODE           	081E	0000	4
		i1_i2c_driver_isNACK		CODE           	097A	0000	13
		i1_rd1RegCompleteHandler		CODE           	0A1D	0000	22
		i1_i2c_driver_restart		CODE           	080F	0000	4
		i1_i2c_driver_stop		CODE           	0812	0000	4
		i1_do_I2C_RX   		CODE           	0EA1	0000	64
		i1_do_I2C_TX   		CODE           	07B3	0000	78
		i1_i2c_ISR     		CODE           	0BBC	0000	35
		i1_i2c_driver_resetBus		CODE           	0803	0000	2
		i1_do_I2C_IDLE 		CODE           	0871	0000	6
		i1_do_I2C_RCEN 		CODE           	0881	0000	7
		__initialization		CODE           	0030	0000	112
		i1_i2c_driver_getRXData		CODE           	0818	0000	4
		i1_rd2RegCompleteHandler		CODE           	0A32	0000	22
		i1_i2c_driver_TXData		CODE           	086C	0000	6
		i1_i2c_setDataCompleteCallback		CODE           	096E	0000	13
		i1_do_I2C_RESET		CODE           	08C3	0000	8
		i1_do_I2C_SEND_RESTART_WRITE		CODE           	0848	0000	5
		i1_do_I2C_DO_ACK		CODE           	0854	0000	5
		i1_do_I2C_SEND_ADR_WRITE		CODE           	08CA	0000	8
		i1_wr1RegCompleteHandler		CODE           	0A08	0000	22
		i1_do_I2C_SEND_STOP		CODE           	0850	0000	5
		i1_i2c_setBuffer		CODE           	09AC	0000	14
		i1_rdBlkRegCompleteHandler		CODE           	0A5C	0000	27
		i1_i2c_driver_startRX		CODE           	0815	0000	4
		i1_i2c_driver_sendACK		CODE           	083C	0000	5
		i1_wr2RegCompleteHandler		CODE           	09F3	0000	22
		i1_returnStop  		CODE           	0805	0000	3

shared estimated size: 683

mcc_generated_files/mcc.c
		_OSCILLATOR_Initialize		CODE           	091A	0000	11
		_SYSTEM_Initialize		CODE           	088D	0000	7

mcc_generated_files/mcc.c estimated size: 18

mcc_generated_files/drivers/i2c_master.c
		_i2c_setDataCompleteCallback		CODE           	09B9	0000	14
		_returnStop    		CODE           	0899	0000	7
		_i2c_setBuffer 		CODE           	0A47	0000	22
		_i2c_busCollisionISR		CODE           	080C	0000	4
		_i2c_ISR       		CODE           	0C6E	0000	39
		_i2c_close     		CODE           	0A76	0000	28
		_i2c_masterOperation		CODE           	0C25	0000	37
		_do_I2C_TX_EMPTY		CODE           	0D67	0000	47
		_setCallBack   		CODE           	0C49	0000	38
		_returnReset   		CODE           	089F	0000	7
		_do_I2C_SEND_RESTART_WRITE		CODE           	08E1	0000	9
		_i2c_poller    		CODE           	0963	0000	12
		_i2c_masterWrite		CODE           	0868	0000	5
		_do_I2C_DO_NACK_RESTART		CODE           	0909	0000	9
		_do_I2C_SEND_RESTART_READ		CODE           	08D9	0000	9
		_i2c_setAddressNACKCallback		CODE           	09D3	0000	14
		_do_I2C_SEND_ADR_WRITE		CODE           	094D	0000	12
		_do_I2C_SEND_STOP		CODE           	08F1	0000	9
		_i2c_open      		CODE           	0FB2	0000	79
		_do_I2C_SEND_ADR_READ		CODE           	0986	0000	13
		_do_I2C_DO_NACK_STOP		CODE           	0901	0000	9
		_do_I2C_SEND_RESTART		CODE           	08E9	0000	9
		_do_I2C_RX     		CODE           	0F6B	0000	72
		_do_I2C_TX     		CODE           	0665	0000	89
		_do_I2C_IDLE   		CODE           	0911	0000	10
		_do_I2C_RCEN   		CODE           	0924	0000	11
		_do_I2C_DO_ADDRESS_NACK		CODE           	0CE6	0000	43
		_do_I2C_RESET  		CODE           	0942	0000	12
		_do_I2C_DO_ACK 		CODE           	08F9	0000	9

mcc_generated_files/drivers/i2c_master.c estimated size: 678

C:\Program Files (x86)\Microchip\xc8\v1.45\sources\common\lwdiv.c
		___lwdiv       		CODE           	0DF9	0000	54

C:\Program Files (x86)\Microchip\xc8\v1.45\sources\common\lwdiv.c estimated size: 54

mcc_generated_files/drivers/i2c_types.c
		_i2c_restartWrite		CODE           	0893	0000	7

mcc_generated_files/drivers/i2c_types.c estimated size: 7

C:\Program Files (x86)\Microchip\xc8\v1.45\sources\common\awdiv.c
		___awdiv       		CODE           	0711	0000	83

C:\Program Files (x86)\Microchip\xc8\v1.45\sources\common\awdiv.c estimated size: 83

mcc_generated_files/memory.c
		_FLASH_EraseBlock		CODE           	0B3C	0000	33
		_FLASH_ReadWord		CODE           	0B1C	0000	33
		_FLASH_WriteBlock		CODE           	053B	0000	108
		_FLASH_WriteWord		CODE           	0EE0	0000	70

mcc_generated_files/memory.c estimated size: 244

main.c
		_initializeDisplay		CODE           	05A6	0000	98
		_random        		CODE           	0AFD	0000	32
		_main          		CODE           	0398	0000	150
		_writeDisplay  		CODE           	0607	0000	95
		_buttonInterrupt		CODE           	0992	0000	14
		_drawPixel     		CODE           	0230	0000	189
		_shiftWalls    		CODE           	042D	0000	136
		_clearPixels   		CODE           	09E0	0000	20
		_endGame       		CODE           	04B4	0000	136
		_drawWalls     		CODE           	06BD	0000	85
		_write         		CODE           	00A3	0000	398
		_reverse       		CODE           	0E2E	0000	56
		_writeWord     		CODE           	02EC	0000	173

main.c estimated size: 1582

